34
 energy: -55.912728838151 gnorm: 1.106832731069 xtb: 6.7.1-6.fc44.fc44
O           -4.54237136251741        0.81136534770195        0.63164900960587
C           -4.42426966669541        1.64950218702414       -0.43084266759907
O           -5.14800096449093        2.56766097998657        0.03614815400042
H           -3.86741822864666       -0.10871120502104        0.50955317719551
C           -3.90022969171838        1.37776876390608       -1.45934851291889
H           -4.10992201296374        2.08060982141332       -2.41750886046568
H           -4.18090567970668        0.33393514715353       -2.00456975587972
N           -2.66311052364756        0.95611290193233       -1.22954009972282
H           -1.72735774111657        1.66239916103161       -1.89659819190503
C           -1.91791284301258       -0.03940691791198       -0.84049020461634
O           -2.48478336617184       -0.82563309783456       -0.04852135572677
C           -0.48376276839694       -0.01513055824789       -0.69174100835394
H           -0.19913755227867       -1.07751804783958       -1.05544741440973
N            0.11793707881034        0.54837900795582       -1.96783353546176
H            0.02298580239474        0.00664049016951       -3.02965415854127
H            1.13991124771654        0.91668680682686       -1.89571434320038
C            0.28786134061903        0.51157821643569        0.31325768515691
H           -0.20418910166042       -0.04070505667636        1.26679155860027
H            0.02566003544872        1.62535549701242        0.34463338563152
C            1.84229161718924        0.39178142966897        0.45720137997400
C            2.48505798217240        1.37712873856348        0.44750294621336
H            2.54674244888160        2.29069949489376       -0.12915654139104
N            3.89925887768410        0.77452187018163        0.54688715346457
H            4.69275353592493        1.18459830594339        0.32355976719397
C            3.54677223710465       -0.60054420777808        0.76422432882017
C            4.69070526136952       -1.43745458773179        0.93706881222939
H            5.83305806585249       -1.29553360017788        0.88154374456435
C            4.36055767498703       -2.87071167970115        1.11093879057866
H            5.02355209110456       -3.71749858220212        1.35666569155772
C            3.03415957090017       -3.20103793474634        1.22185283380061
H            2.48015055511627       -4.15667893398062        1.56470164301610
C            2.04536978902851       -2.12764888754754        1.03679566850882
H            0.86493023810315       -2.45935996831388        1.22375914588248
C            2.39624147887183       -0.81971315178033        0.77741111517870
34
 energy: -56.272729295206 gnorm: 0.486832959144 xtb: 6.7.1-6.fc44.fc44
O           -4.52027690369801        0.77570459466859        0.64682606873466
C           -4.48258875465119        1.66088672237375       -0.36793684110590
O           -5.16300297479045        2.60322359889676        0.02836180909655
H           -3.87318026031325       -0.09950827646050        0.51034794492528
C           -3.89047409090021        1.35401101897491       -1.53593400666951
H           -4.09718971325886        2.07858537492172       -2.40898689021549
H           -4.20838968712177        0.33736511417913       -2.00568516045056
N           -2.59357998177969        0.98527634645556       -1.27005482639590
H           -1.73960341885953        1.64877420682446       -1.88102015127218
C           -1.91423422007879       -0.03265230422078       -0.80602847648147
O           -2.49713102677810       -0.84086220664466       -0.05077660611152
C           -0.45321248394221       -0.04514191739540       -0.75741105745573
H           -0.20160158986949       -1.09913041330814       -1.03197673911070
N            0.11723660020529        0.58034289812310       -2.01000684149328
H            0.02808786492062        0.01970701547005       -2.98772802814700
H            1.11682867624179        0.90458479378182       -1.89930431552844
C            0.26580080595704        0.51907339342299        0.34907287452678
H           -0.19581778913490       -0.02280398937767        1.26309829741799
H            0.02694111486632        1.61669613820009        0.35390078469400
C            1.76794248119200        0.36489270004214        0.46185474497617
C            2.53879984151838        1.40008050590761        0.42066983464961
H            2.55030591980443        2.31024926210120       -0.12190453205181
N            3.88372348969142        0.77390386108153        0.55453603138991
H            4.71756400829749        1.20222492174455        0.31979659484460
C            3.63711634160217       -0.59265208755901        0.76252553732328
C            4.71364863777560       -1.47591800199142        0.93696458263407
H            5.81391394976193       -1.29097070254436        0.88269224019836
C            4.35016323861782       -2.86014319304066        1.12306134197472
H            5.02520968465458       -3.70042079380100        1.34835996714620
C            3.00186198129805       -3.18341199368804        1.22796819970905
H            2.50164602726216       -4.14344794041773        1.55345955845705
C            2.01300695136431       -2.16498992263885        1.04857755494004
H            0.89158815187710       -2.45337529508459        1.21725690852931
C            2.35148255452399       -0.85671567868725        0.78060293730282
34
 energy: -56.433027161521 gnorm: 0.184525279377 xtb: 6.7.1-6.fc44.fc44
O           -4.48653718690723        0.73395547548694        0.64248825756531
C           -4.52209541183406        1.65368879650004       -0.32743926335971
O           -5.15850701866609        2.62792194455658       -0.00981568852171
H           -3.87975906336263       -0.07987275825110        0.50320561628840
C           -3.89096327784542        1.32541916614378       -1.58007896147535
H           -4.07708003913138        2.06841760768691       -2.37522528131726
H           -4.24357227872488        0.35536332631257       -1.99154531978720
N           -2.51074474508188        1.04162227119343       -1.32154046621082
H           -1.78923474463374        1.60978919496994       -1.84401315294714
C           -1.91099018945913       -0.01163479585199       -0.76465375528043
O           -2.51124836522922       -0.84044565387423       -0.06061856889557
C           -0.41316863562362       -0.07240855627611       -0.83367231445160
H           -0.19515434520121       -1.12640403093479       -1.00043232845913
N            0.11040708047296        0.60960610306691       -2.05204953959517
H            0.03677016224018        0.04640313944430       -2.92362350363590
H            1.08702741947262        0.88586896788986       -1.90773110772618
C            0.24385353633313        0.52301598283853        0.38030751179384
H           -0.19617278776237        0.00659078539659        1.25151052239014
H            0.01984337883459        1.60024278254488        0.36807294000130
C            1.71609615200058        0.35370925118252        0.46737273103315
C            2.59595612130300        1.37239226533688        0.38774001800617
H            2.54511431530092        2.31777294203251       -0.10518524865166
N            3.86184032919880        0.77081319768675        0.55351515636200
H            4.72494794570590        1.21007553647079        0.32112917533187
C            3.70059739763473       -0.58172955275465        0.75885914834684
C            4.71636399104402       -1.51936997426849        0.93535648063642
H            5.78228354614741       -1.28670390270475        0.88524136408790
C            4.32865879356506       -2.85018515022853        1.13958459753074
H            5.02388688258734       -3.67447209130144        1.33648109664773
C            2.96385122054288       -3.16183375916248        1.23775631256707
H            2.53553988735348       -4.13025031651681        1.53846840386468
C            1.99064447349805       -2.18470855763484        1.06096575821931
H            0.93443669827299       -2.44547202547103        1.20524515110766
C            2.34969418421024       -0.87373986119958        0.77950359951526
34
 energy: -56.465977860954 gnorm: 0.090045011524 xtb: 6.7.1-6.fc44.fc44
O           -4.47567349161569        0.71344419759709        0.65579087674366
C           -4.54570763781055        1.63891330136283       -0.29211768139176
O           -5.15203875823309        2.65226836837369       -0.04790289614570
H           -3.88704084813294       -0.05887503750102        0.48039858857767
C           -3.88653868284396        1.28958412238920       -1.59232699602485
H           -4.04029747543946        2.07028496285620       -2.34115309674149
H           -4.28561904867607        0.34768653177057       -1.97425990358476
N           -2.45744956023375        1.06780935713509       -1.35989591305858
H           -1.82176093498203        1.60905365281352       -1.83571829533511
C           -1.90748963294543       -0.00069813026541       -0.75208716220796
O           -2.51573608879873       -0.82990085605918       -0.08169200306237
C           -0.39284702813913       -0.08396303187696       -0.88412941520999
H           -0.17567897685966       -1.15925612693729       -0.95669246108650
N            0.09675973269401        0.63682420828490       -2.06728401735764
H            0.04057459562859        0.05809589401986       -2.88385707805465
H            1.07005996627932        0.87481910972591       -1.91452698393156
C            0.22169817698845        0.52404297887815        0.39178977142958
H           -0.22981233150218        0.03527719804007        1.24847581702958
H           -0.00498015428434        1.58893018328485        0.38768572549081
C            1.69315171304982        0.34142546978578        0.46346062230725
C            2.64071606856910        1.33206186517604        0.35200551387258
H            2.53768519003244        2.32440489370988       -0.07052791961016
N            3.86800995535533        0.76873334207801        0.53512507144982
H            4.74394308351971        1.21843077445027        0.32304078063538
C            3.74128519105513       -0.57415211776647        0.75217512774778
C            4.72026701149610       -1.54706214030351        0.93684035201846
H            5.76883854656028       -1.28927846773960        0.89034017183699
C            4.30721204745978       -2.84156303196797        1.16247689440347
H            5.02028736634132       -3.64707280486526        1.32130734897502
C            2.93915555647425       -3.14468518851469        1.25792543857330
H            2.58143583736782       -4.13709285882605        1.51936363768312
C            1.97421504585396       -2.18631204320409        1.07063101622462
H            0.93676166906118       -2.43985602567909        1.18709776600269
C            2.35919932296653       -0.87888479991537        0.77342064278224
34
 energy: -56.472216108222 gnorm: 0.066837278934 xtb: 6.7.1-6.fc44.fc44
O           -4.47954521321954        0.71116045010621        0.67909049563063
C           -4.56046796583225        1.62832638714878       -0.26676478822056
O           -5.14734729398398        2.66746249237604       -0.07249662817962
H           -3.88881569674612       -0.05153829564056        0.45675877437619
C           -3.88858072177970        1.26054953830234       -1.58127710576208
H           -4.01455118748894        2.06289478147896       -2.30906289014988
H           -4.33673521229101        0.33358720635725       -1.95602247755320
N           -2.44653055840338        1.05810237541511       -1.37184393772532
H           -1.76300139143235        1.68597141017182       -1.89006266188147
C           -1.90564650120316       -0.00580598980461       -0.75434211415826
O           -2.52406239141394       -0.84251844178095       -0.11042456918778
C           -0.38704298601196       -0.09090281808892       -0.89916621986890
H           -0.14840402722464       -1.17332571304227       -0.92155062041393
N            0.07922099706119        0.65710441305527       -2.06487883486936
H            0.03593774188579        0.04988719247694       -2.87123190223450
H            1.05633652229255        0.87747128780676       -1.91892598360410
C            0.20762075278091        0.52423211963576        0.39671864765143
H           -0.26527824071957        0.05623652702608        1.25497236991296
H           -0.02947848724208        1.58524762229132        0.40446955465985
C            1.68604641633201        0.33503312816458        0.45863796333191
C            2.65620922135442        1.30618934650106        0.32300035022821
H            2.52982373788384        2.32596109661230       -0.04199573661664
N            3.88490518141146        0.76330302705210        0.51135966813286
H            4.76441556366057        1.22117010571079        0.32038365935888
C            3.75919999417702       -0.57356579878791        0.74683569950481
C            4.72377159737070       -1.55735794432835        0.94075066566875
H            5.76775235204294       -1.29773860540696        0.89601814305151
C            4.29328137256010       -2.83616845758355        1.18809686954647
H            5.01734618524227       -3.62927263128106        1.31701491034025
C            2.92837098194376       -3.13642674830136        1.27795312996385
H            2.61981427624761       -4.15092204031702        1.50499593574294
C            1.96605405630845       -2.18112329641651        1.07855562570968
H            0.92245830918560       -2.43112842687570        1.15947898164623
C            2.36950804150756       -0.87865754972380        0.77013436694918
34
 energy: -56.476272828973 gnorm: 0.033972537768 xtb: 6.7.1-6.fc44.fc44
O           -4.47832770599764        0.71572673079405        0.69092973480990
C           -4.55355990418532        1.63629164337869       -0.25084123598331
O           -5.13966283821300        2.67238312089990       -0.07381022095770
H           -3.88859817271901       -0.05321993982647        0.43930343714510
C           -3.87626396946141        1.26718146841368       -1.57018368201095
H           -4.01327572169335        2.06330327397469       -2.29624463008128
H           -4.34408986776710        0.34463128637078       -1.94780379565874
N           -2.44004576007077        1.05461766782920       -1.37867082962527
H           -1.76503532091431        1.63447738287954       -1.89153313900834
C           -1.90366027053356       -0.01203767226501       -0.77285099981170
O           -2.53864509973703       -0.85142979611282       -0.14316028737947
C           -0.38857516573113       -0.09438342138962       -0.89321018988953
H           -0.12685478197822       -1.16523532059003       -0.91567652685749
N            0.08026741398777        0.64795094699950       -2.05778699949009
H            0.01959688892455        0.06692031334959       -2.88795629188553
H            1.05411165683748        0.89065241659706       -1.91967187507338
C            0.20246016493642        0.52417698254081        0.40036432865555
H           -0.27694356163034        0.05213975288307        1.26026613488733
H           -0.03771566395979        1.58837351750249        0.40717910876317
C            1.68281900440414        0.33599379928387        0.46313696470036
C            2.65094452572303        1.30214122584464        0.31350175606796
H            2.52389946184747        2.32253338058605       -0.02704484684606
N            3.89190935753857        0.76093994412763        0.49088178087912
H            4.77010901332420        1.22300476463877        0.30884259705459
C            3.76181811142438       -0.57302452485784        0.74700954436935
C            4.72630062107773       -1.55443060249714        0.94599462840305
H            5.77435407973314       -1.30485611099986        0.89941525759613
C            4.29155745604147       -2.83468634310041        1.20116315694249
H            5.01539136838577       -3.62300513720521        1.33557941389794
C            2.92810076079536       -3.13645102035911        1.28139331361538
H            2.63303112036393       -4.15235235412266        1.50719029005991
C            1.96429967823003       -2.17703078561441        1.07817551123627
H            0.91054071113563       -2.42193729472143        1.13784424630483
C            2.37232783613710       -0.87592154492197        0.77345368615153
34
 energy: -56.477875105293 gnorm: 0.020319864369 xtb: 6.7.1-6.fc44.fc44
O           -4.47570641052026        0.71395865269994        0.70087234574236
C           -4.54650108051223        1.63691138887687       -0.23685015501643
O           -5.13000092833479        2.67359398626861       -0.08410107451179
H           -3.88170177520913       -0.05034991613858        0.44339333264810
C           -3.85784382527872        1.26836029945520       -1.56239500016021
H           -4.00064817224919        2.07925512019440       -2.27903029728564
H           -4.33515884239042        0.35425784054014       -1.94307896556860
N           -2.43039683207809        1.04302458489733       -1.39274562477523
H           -1.77526407395783        1.61635264708359       -1.88994714758088
C           -1.90200492092984       -0.02713641257134       -0.79145474066546
O           -2.55679638410829       -0.85570860541623       -0.16676464902802
C           -0.38851511806499       -0.10393735181780       -0.88857545458447
H           -0.10565406631399       -1.16599449733662       -0.90649109720601
N            0.07431552837148        0.64504388076766       -2.05048847604257
H            0.00372637108634        0.08813285998350       -2.89598239870263
H            1.05242417853517        0.89064854558202       -1.92593615926026
C            0.19854225121904        0.52287250014492        0.39893437436022
H           -0.27421761289969        0.04258681947612        1.25839772384218
H           -0.04472799993982        1.58831759673274        0.40810348498597
C            1.67693347358201        0.33822731024666        0.46949511320093
C            2.64163094579728        1.29728115116623        0.30083736076457
H            2.51403442477366        2.32376538825211       -0.00020525460650
N            3.88956643066396        0.75817748304042        0.46128308226557
H            4.76418112146410        1.23011580062109        0.29624690814276
C            3.76066409868641       -0.57326252627666        0.74138843684836
C            4.72471448584315       -1.55056409732979        0.94959977810722
H            5.77761645561615       -1.31246828493061        0.90372716646504
C            4.28762141397442       -2.83184349050096        1.21274293664366
H            5.01110354011406       -3.61496350770277        1.36567076075950
C            2.92494373643364       -3.13600810964113        1.27915592835633
H            2.63661695746368       -4.14886557846039        1.50617997663726
C            1.96183655396607       -2.17514889856643        1.06576377688092
H            0.91433972673697       -2.41678787325378        1.13489969762949
C            2.37291177471596       -0.87440695577634        0.77253365169553
34
 energy: -56.478434939744 gnorm: 0.012442150298 xtb: 6.7.1-6.fc44.fc44
O           -4.46873971400880        0.71703230439727        0.71130478594131
C           -4.54182264869740        1.63778073689800       -0.22756113233734
O           -5.12434906354514        2.67624263655234       -0.09005024183249
H           -3.87847223895190       -0.04823402503307        0.44765535379012
C           -3.84806689499860        1.26744838220906       -1.55689143111713
H           -4.00215489093827        2.07480576684093       -2.26924463723283
H           -4.33148717954146        0.35803522716246       -1.93733727657608
N           -2.42459619719659        1.03549841422385       -1.40289791143465
H           -1.76541776783381        1.61835755110502       -1.89178203014004
C           -1.89919864959511       -0.03425038259241       -0.79852549232719
O           -2.56639636572137       -0.85875311816164       -0.17926865632989
C           -0.38504674741713       -0.10881889722702       -0.88656791558815
H           -0.09486844810283       -1.16895399408677       -0.90200653582877
N            0.07613808176835        0.64448683164009       -2.04616083540586
H           -0.00859322389095        0.09546569310492       -2.89488377475110
H            1.05689415406876        0.88509885257098       -1.92951878316120
C            0.19687120586088        0.52112164491011        0.39966254601007
H           -0.27860479928249        0.04189457242779        1.25838569112960
H           -0.04791331501124        1.58571392703693        0.40903626678906
C            1.67493207503501        0.34020567271839        0.47181167683807
C            2.63677218989024        1.29473537477544        0.28738601024064
H            2.50924013362795        2.32757328958532        0.01430620965539
N            3.88545340430397        0.75639737711643        0.44491030011577
H            4.75758943233998        1.23674107478560        0.29614805241476
C            3.75849510109557       -0.57347727278727        0.73524554933040
C            4.72253566834706       -1.54778182865817        0.95187424286988
H            5.77685921082887       -1.31316233427634        0.90965996963181
C            4.28575072826849       -2.82838096514623        1.21903196068214
H            5.01021165533199       -3.60969062449357        1.38405836844341
C            2.92366054286211       -3.13406389482590        1.28114888782268
H            2.63524146329842       -4.15015289182063        1.50014937103109
C            1.96065634065385       -2.17346569084748        1.06356546778295
H            0.90807811193806       -2.41873484188121        1.11053980592916
C            2.37293407146987       -0.87327681791308        0.77199547859573
34
 energy: -56.478729521555 gnorm: 0.008035976007 xtb: 6.7.1-6.fc44.fc44
O           -4.45999214405489        0.71937815823005        0.72153179316153
C           -4.53796998416437        1.63597179441719       -0.22045087718155
O           -5.12036929076707        2.67526570467679       -0.09402382884557
H           -3.87466851122376       -0.04787897561977        0.45358800337879
C           -3.84093844065459        1.26419804959466       -1.55306208499737
H           -3.99892327564394        2.08106931276461       -2.25813426114525
H           -4.32816767921376        0.35397342243825       -1.92862022090677
N           -2.42047245726939        1.02739872030232       -1.41340548806054
H           -1.75393965053274        1.62667567742161       -1.88764342085996
C           -1.89541343407070       -0.03998845592850       -0.80471628308976
O           -2.56877963216872       -0.86020346632322       -0.18722398625308
C           -0.37991973937401       -0.11055045345971       -0.88699969893774
H           -0.08729465833096       -1.17054357487633       -0.90369966419143
N            0.08297372136649        0.64499175189019       -2.04426908811419
H           -0.01508883352560        0.09658477621179       -2.89297920764198
H            1.06802066191860        0.86985100487538       -1.93210312144093
C            0.19426391325608        0.52045251764224        0.40036999651080
H           -0.28280379114046        0.04013323893224        1.25748481345706
H           -0.05318638194470        1.58368795713001        0.40911339598455
C            1.67274799512914        0.34362121116853        0.47410447959015
C            2.63103298145123        1.29423409462057        0.27396389017262
H            2.50636163060665        2.33413009302408        0.03062182708394
N            3.87878057036084        0.75394249860685        0.42836460814437
H            4.74854457402952        1.24441315230377        0.30200304229857
C            3.75302377733377       -0.57433489828719        0.72277212741527
C            4.71821212384508       -1.54533324905385        0.95060392185945
H            5.77257580194462       -1.30993803921783        0.91354453841028
C            4.28259720817454       -2.82456316199199        1.22582360295006
H            5.00695543376455       -3.60518179729244        1.40561236150159
C            2.92037443166394       -3.13344460963059        1.27571773996848
H            2.62558530726365       -4.14754578709459        1.49516341067052
C            1.95833730709552       -2.17399543855077        1.05149681290946
H            0.90977332898048       -2.42018552710249        1.10527469100101
C            2.37035256215135       -0.87284795151166        0.76535551617903
34
 energy: -56.478819242693 gnorm: 0.005823441459 xtb: 6.7.1-6.fc44.fc44
O           -4.45493584147003        0.72203491156300        0.72496416908728
C           -4.53655219463858        1.63554622775060       -0.21974977392344
O           -5.12298243649123        2.67297674406380       -0.09475913460629
H           -3.86974602066442       -0.04488539245895        0.46069026899768
C           -3.83925102661659        1.26317160663231       -1.55231058338638
H           -4.00133303165364        2.07457213721750       -2.25902101374968
H           -4.32384662325581        0.35201168302638       -1.92599886772122
N           -2.41829425733409        1.02739198017035       -1.41491174119385
H           -1.75493441455508        1.63126783001938       -1.88797369933929
C           -1.89263672397164       -0.03923022816681       -0.80455761420662
O           -2.56407048080638       -0.86030752600761       -0.18689817683140
C           -0.37653840684304       -0.10978178783847       -0.88779260893396
H           -0.08716115856418       -1.17133594329752       -0.90687591673555
N            0.08910206670772        0.64608680137588       -2.04433168175366
H           -0.01212269254083        0.09981596419122       -2.89286102877732
H            1.07611197655288        0.85966371084612       -1.93174236219147
C            0.19303791319667        0.52012155615428        0.40209710426423
H           -0.28352004641390        0.03816869060257        1.25777517124959
H           -0.05636255285095        1.58269003711517        0.41015438969345
C            1.67177879901996        0.34537379013410        0.47792887068308
C            2.62916006874581        1.29560582061795        0.27148315769834
H            2.50717448506202        2.33600579593869        0.03509747769945
N            3.87593700423809        0.75257790564621        0.42142367520297
H            4.74484804238086        1.24589977579065        0.30370145701416
C            3.74956868658909       -0.57462234646542        0.71827546046482
C            4.71568913557914       -1.54499383971940        0.94933492081905
H            5.76887506585997       -1.30615090652600        0.91353658241555
C            4.28084273370534       -2.82347187396658        1.22373000240322
H            5.00468061494216       -3.60395957291106        1.40848653826813
C            2.91875381543426       -3.13280952006645        1.27510945558880
H            2.62122414631968       -4.14734536152324        1.49601183430429
C            1.95643603882226       -2.17417601085416        1.05153729970997
H            0.90604210125694       -2.42192658963742        1.09883246070677
C            2.36761064051393       -0.87254831910690        0.76479324806070
34
 energy: -56.478881141752 gnorm: 0.003535561214 xtb: 6.7.1-6.fc44.fc44
O           -4.44748725302114        0.72556117991427        0.72810817916624
C           -4.53435311273758        1.63517576268216       -0.22025599812024
O           -5.12590874231380        2.66988230757948       -0.09413257358850
H           -3.86435477311915       -0.04264768989271        0.46528935515619
C           -3.83892203704907        1.26167914063335       -1.55252679358366
H           -4.00300731236826        2.07050959349642       -2.26173023936428
H           -4.32219937283940        0.34789378132604       -1.92294314547004
N           -2.41620060796550        1.02843640738978       -1.41647661726181
H           -1.75586090639336        1.63363916425333       -1.88881200638837
C           -1.88920175289134       -0.03728018346392       -0.80488992413383
O           -2.55669376638882       -0.86081661455353       -0.18679855187016
C           -0.37288171636269       -0.10835077940394       -0.88884924036735
H           -0.08705922163159       -1.17163856278609       -0.91046569267415
N            0.09814916446076        0.64763967164426       -2.04351850406808
H           -0.00926166262834        0.10349022573806       -2.89298512611937
H            1.08650857927875        0.85071368065021       -1.92980289753206
C            0.19088060631658        0.51902659501307        0.40503596330674
H           -0.28669797607336        0.03434581085912        1.25825744433416
H           -0.06130751931499        1.58086989549718        0.41387033237540
C            1.67028791225327        0.34674699368037        0.48201656772131
C            2.62674948991590        1.29712370545040        0.27055297056969
H            2.50609505744195        2.33999001630950        0.04189513960650
N            3.87363885623405        0.75100906845937        0.41238572115006
H            4.74199375831538        1.24717399268371        0.30531500383806
C            3.74606678311046       -0.57525499807521        0.71111421880160
C            4.71323577350531       -1.54535858291436        0.94425223673188
H            5.76504781000859       -1.30270151322620        0.90908686556540
C            4.27860992390986       -2.82266292181407        1.22364368396334
H            5.00190732700716       -3.60331061142510        1.40968615807082
C            2.91637568521139       -3.13217309419464        1.27559331930608
H            2.61700152238819       -4.14641070295002        1.49905138480868
C            1.95382046014044       -2.17459377472630        1.05101279160696
H            0.90329860503902       -2.42162317267081        1.10082556346166
C            2.36431584481771       -0.87264604085302        0.76237375198255
34
 energy: -56.478906579216 gnorm: 0.002396764774 xtb: 6.7.1-6.fc44.fc44
O           -4.44133101507362        0.72810134402819        0.72922294968363
C           -4.53255188678362        1.63503158070269       -0.22169128127669
O           -5.12828300076577        2.66732177634882       -0.09406166666031
H           -3.85950553375008       -0.04087554779937        0.46683123359323
C           -3.83921501789108        1.26052527161730       -1.55345795328420
H           -4.00343520559704        2.06806636565999       -2.26511251797675
H           -4.32169653208015        0.34524493691067       -1.92177158384285
N           -2.41515762037712        1.02931100394088       -1.41731107729151
H           -1.75547755564444        1.63506515878828       -1.88839367443103
C           -1.88730489856714       -0.03633743792546       -0.80640596667454
O           -2.55192434850926       -0.86124246826666       -0.18738915204400
C           -0.37133097875395       -0.10748731442651       -0.88919703950812
H           -0.08616463721702       -1.17084357164010       -0.91220413094672
N            0.10317406683501        0.65001305637217       -2.04150184582344
H           -0.00676889483274        0.10949734333164       -2.89272186720262
H            1.09275159069294        0.84630743658365       -1.92707942991339
C            0.18866529746786        0.51773080292110        0.40748742978163
H           -0.28915102344840        0.02949547467087        1.25856800021570
H           -0.06557531298433        1.57920390603922        0.41846063256023
C            1.66831008514011        0.34699730925048        0.48525313229733
C            2.62436117729601        1.29763362110778        0.27032660964703
H            2.50503763667725        2.33982127756179        0.04354463378724
N            3.87196194077878        0.75011493529677        0.40622243181258
H            4.74019749479283        1.24774249893114        0.30654839716181
C            3.74401195810238       -0.57572937517107        0.70682627756019
C            4.71148693526547       -1.54601535637787        0.93892750598021
H            5.76284128925386       -1.30275357908185        0.90134863886905
C            4.27704940066160       -2.82254136917585        1.22108564620814
H            5.00036583098546       -3.60228236263103        1.40836675637671
C            2.91481457703460       -3.13157573805743        1.27667207707478
H            2.61683505891274       -4.14434944964496        1.50540456597105
C            1.95181772304232       -2.17436221684817        1.05340247191538
H            0.90183758370042       -2.42058764744909        1.10710069739411
C            2.36193924189252       -0.87280391525789        0.76187843996753
34
 energy: -56.478922428017 gnorm: 0.001830799283 xtb: 6.7.1-6.fc44.fc44
O           -4.43497400027280        0.73137901827084        0.72961916795938
C           -4.53045162399653        1.63569730047053       -0.22360855732761
O           -5.12990165243515        2.66605920656213       -0.09570243741719
H           -3.85418304865307       -0.03824809097610        0.46741412861697
C           -3.83905944171222        1.25967403532595       -1.55482923871559
H           -4.00335786121383        2.06528591848301       -2.26895181505374
H           -4.32110413027150        0.34343922783770       -1.92118727871204
N           -2.41437933173830        1.02962842054550       -1.41841257185707
H           -1.75503540218562        1.63607926786269       -1.88821621433168
C           -1.88621179714238       -0.03627333100791       -0.80834861414996
O           -2.55005474081829       -0.86229366734552       -0.18949137701640
C           -0.37067968758954       -0.10709907300246       -0.88883628276217
H           -0.08455887790837       -1.16994167635030       -0.91223298967628
N            0.10610559835510        0.65274200167196       -2.03841975328917
H           -0.00625017622535        0.11532919988852       -2.89185502485491
H            1.09636389082761        0.84534400775058       -1.92394182429418
C            0.18655476975588        0.51587879651837        0.41001772657707
H           -0.29118510407162        0.02393644801571        1.25910114767572
H           -0.06932141395669        1.57700141052897        0.42418361202976
C            1.66624287163545        0.34639936764640        0.48734941705329
C            2.62165655496320        1.29721292826754        0.27011959198859
H            2.50142038002397        2.34073153997737        0.04636074888248
N            3.87008273995147        0.74939948543504        0.40007121183847
H            4.73817511566624        1.24861696324798        0.30747379049147
C            3.74302253879687       -0.57625040206828        0.70282209838031
C            4.71059761785008       -1.54653597130727        0.93304950839328
H            5.76215780761668       -1.30441937807471        0.89143306052643
C            4.27627164149647       -2.82232110739887        1.22019844101700
H            5.00023393877741       -3.60174615721323        1.40548074493775
C            2.91406629297286       -3.13082860697307        1.28037069098925
H            2.61831732813281       -4.14396416972045        1.51035589676469
C            1.95057532289829       -2.17398936671841        1.05684796169559
H            0.90089548934845       -2.41918967185245        1.11548916263789
C            2.36055381737880       -0.87329612398764        0.76145521198398
34
 energy: -56.478934386779 gnorm: 0.002095075563 xtb: 6.7.1-6.fc44.fc44
O           -4.42606415610602        0.73598653759454        0.72919520324495
C           -4.52745156684278        1.63707027704026       -0.22669243506402
O           -5.13062099348006        2.66540333792556       -0.09939141392413
H           -3.84768499373013       -0.03528904698780        0.46540401884434
C           -3.83882557904330        1.25851105233081       -1.55733110958660
H           -4.00256203787320        2.06299618570142       -2.27382641032269
H           -4.32111810691272        0.34111578613756       -1.92086945184667
N           -2.41416031034655        1.02876201591510       -1.42047201193439
H           -1.75414200574379        1.63738428330734       -1.88735412317842
C           -1.88590260383075       -0.03748409295336       -0.81109286318667
O           -2.55077158440435       -0.86409185700754       -0.19343659805031
C           -0.37077347268070       -0.10687270302470       -0.88772661004520
H           -0.08204928393077       -1.16878500687569       -0.91085042538517
N            0.10739424765731        0.65689835024207       -2.03355592013745
H           -0.00645019670585        0.12438515363626       -2.88996225648876
H            1.09778483737747        0.84844939179991       -1.91907270052345
C            0.18393296267655        0.51303019571610        0.41359949020372
H           -0.29381010094569        0.01698047877709        1.26043950299670
H           -0.07355321548098        1.57361957420843        0.43253011505595
C            1.66352497982547        0.34504558949069        0.49016168323351
C            2.61814878375030        1.29596651304521        0.26946954186828
H            2.49676459070751        2.33858920614889        0.04578923034019
N            3.86727064671191        0.74885463225388        0.39420408217432
H            4.73499843152589        1.24977124140095        0.30944340025687
C            3.74266416996337       -0.57661861261588        0.69977257079512
C            4.71011391029190       -1.54730378292623        0.92506536793111
H            5.76244985564721       -1.30826212855017        0.87614379250021
C            4.27630777011679       -2.82249552406646        1.21620015396981
H            5.00125812067117       -3.60141923938094        1.39915160336721
C            2.91426423566331       -3.13009360519046        1.28498958878569
H            2.62130212823300       -4.14174926640710        1.52022755915002
C            1.95020158562562       -2.17304529906074        1.06450537234128
H            0.90037288786007       -2.41804955158602        1.12699949462101
C            2.35977149000918       -0.87382233572888        0.76352189897500
34
 energy: -56.478939049358 gnorm: 0.001452305026 xtb: 6.7.1-6.fc44.fc44
O           -4.42467271418631        0.73753062611345        0.72899059671724
C           -4.52723399198448        1.63777954949806       -0.22743406019148
O           -5.13056630621986        2.66617012012894       -0.10128978105150
H           -3.84654346778412       -0.03399308459532        0.46521558299496
C           -3.83880962197100        1.25835584949414       -1.55795748383342
H           -4.00307067609441        2.06150818460969       -2.27488388510888
H           -4.32106813757032        0.34108679689497       -1.92113729375334
N           -2.41454384161734        1.02817962786828       -1.42090697138318
H           -1.75412548867848        1.63726017278092       -1.88700175676457
C           -1.88642087551017       -0.03801690282715       -0.81133830523019
O           -2.55227851318662       -0.86445253256871       -0.19461297329872
C           -0.37112208774621       -0.10669318889854       -0.88747465393093
H           -0.08194026763582       -1.16833679526308       -0.91137910683533
N            0.10641469090580        0.65817407684135       -2.03273819843087
H           -0.00610694239721        0.12563016730383       -2.88911641026173
H            1.09688273193336        0.85029935899329       -1.91773397797307
C            0.18367218787281        0.51237136665122        0.41428184404279
H           -0.29374461225439        0.01562894883163        1.26085229452401
H           -0.07379620196424        1.57292454758273        0.43391585893408
C            1.66327135259032        0.34457103012090        0.49045709352961
C            2.61762570042688        1.29549033611928        0.26954607042240
H            2.49535355502077        2.33825277103561        0.04540372877793
N            3.86675105234367        0.74876717049318        0.39396823914360
H            4.73425181183437        1.24994997342268        0.30963101791899
C            3.74283696535796       -0.57661597904828        0.69982586403111
C            4.71043529068971       -1.54741645965793        0.92384575179919
H            5.76284112120617       -1.30883207217532        0.87344786087252
C            4.27699902669070       -2.82257798812889        1.21558116998323
H            5.00211291660511       -3.60194589755711        1.39680156378980
C            2.91507735609804       -3.13014115124220        1.28635075490633
H            2.62182798736787       -4.14237587662736        1.52104359891032
C            1.95081998543269       -2.17311945164787        1.06596931673805
H            0.90135325832117       -2.41795487562032        1.13064339026954
C            2.36010218235997       -0.87402066861595        0.76441260072287
34
 energy: -56.478942984375 gnorm: 0.001111024520 xtb: 6.7.1-6.fc44.fc44
O           -4.42177062062910        0.74111658605552        0.72870189940326
C           -4.52695594668535        1.63914895653142       -0.22920336500755
O           -5.13025953036168        2.66785190246349       -0.10578970987929
H           -3.84481492367505       -0.03132777625983        0.46503949889777
C           -3.83899953223290        1.25751728741560       -1.55955424643480
H           -4.00325506238239        2.06014271424945       -2.27690693756056
H           -4.32138806056915        0.33990871914842       -1.92132413709802
N           -2.41542272841752        1.02659570744031       -1.42199997700412
H           -1.75483250936295        1.63699430646072       -1.88636803397157
C           -1.88748004769415       -0.03917256590804       -0.81129880409283
O           -2.55514588993253       -0.86543471678866       -0.19669914196734
C           -0.37156546857783       -0.10625786742999       -0.88690553450308
H           -0.08194420714856       -1.16794715950742       -0.91314197369498
N            0.10494253280318        0.66065633965339       -2.03117027531543
H           -0.00485152033459        0.12782357792619       -2.88773106508060
H            1.09438375853702        0.85655855786473       -1.91462941893559
C            0.18322306838992        0.51077474185234        0.41614383167969
H           -0.29374302912946        0.01286945416091        1.26207287290514
H           -0.07446864635989        1.57119194961557        0.43684964462388
C            1.66296409534449        0.34354734726446        0.49181111431095
C            2.61676394888517        1.29452284246646        0.26978731370091
H            2.49275056666880        2.33709874324646        0.04349204157871
N            3.86591128392329        0.74843529502306        0.39350549145720
H            4.73282246726040        1.25015886483132        0.30906035063759
C            3.74300381342192       -0.57660908064003        0.70039457986223
C            4.71123809644251       -1.54778563048886        0.92135194172554
H            5.76342149950564       -1.30902390956372        0.86810900082547
C            4.27878686528512       -2.82307604997947        1.21346689027864
H            5.00401420365607       -3.60332387522951        1.39154655399022
C            2.91712087982467       -3.13054020463471        1.28852668324956
H            2.62232184851465       -4.14270412528630        1.52426843480947
C            1.95241326170150       -2.17343339182021        1.07027746387614
H            0.90257659314894       -2.41843476292199        1.13604008481587
C            2.36082436643622       -0.87440502690093        0.76745626889887
34
 energy: -56.478944990105 gnorm: 0.000739036490 xtb: 6.7.1-6.fc44.fc44
O           -4.42036645467461        0.74284958167018        0.72910878061168
C           -4.52682885425157        1.63975772438581       -0.22979359949239
O           -5.13097839155701        2.66791190425207       -0.10692347112202
H           -3.84453842467409       -0.03036268205183        0.46505938952890
C           -3.83932272433494        1.25717441495281       -1.56002431449708
H           -4.00386804946721        2.05863475877100       -2.27837575615883
H           -4.32168474955639        0.33927054623676       -1.92119616331013
N           -2.41542946296010        1.02671269117753       -1.42222440736856
H           -1.75486229863484        1.63727049218160       -1.88625995650319
C           -1.88743230313798       -0.03899852061161       -0.81151562535075
O           -2.55453465868672       -0.86557970494878       -0.19691416509379
C           -0.37144065310982       -0.10592071117082       -0.88695098289557
H           -0.08190778269697       -1.16773138107202       -0.91451184060624
N            0.10552465345997        0.66210531113926       -2.03037040467232
H           -0.00299722994870        0.13003818438637       -2.88739916604799
H            1.09490755563178        0.85810066444396       -1.91269214124366
C            0.18272377628255        0.50983985292511        0.41703988811947
H           -0.29447053205542        0.01091612379808        1.26228592385599
H           -0.07560987849975        1.57011033123317        0.43880199376457
C            1.66254230972811        0.34310661427410        0.49265784315666
C            2.61617949605777        1.29419274786963        0.26961693003907
H            2.49245182218637        2.33600729257805        0.04196167892923
N            3.86557319851723        0.74811203579624        0.39246356303795
H            4.73241844637928        1.25021455320666        0.30852678663992
C            3.74253654988568       -0.57682969711677        0.69980397322011
C            4.71114404627215       -1.54797361501529        0.91997554680458
H            5.76310991151187       -1.30867393010082        0.86566686538178
C            4.27906269021326       -2.82322236988656        1.21287673383105
H            5.00442833144849       -3.60328654272420        1.39043631250125
C            2.91742450191428       -3.13070880935546        1.28901736507906
H            2.62280924739543       -4.14245119783706        1.52601460972998
C            1.95245544445456       -2.17377081784233        1.07154422746123
H            0.90306692584620       -2.41866805124787        1.13937920662340
C            2.36049896731758       -0.87471004398682        0.76809371702793
