37
 energy: -60.990115903089 gnorm: 0.907705380567 xtb: 6.7.1-6.fc44.fc44
O           -2.58086158825760        0.73525209141945       -0.09701943841556
C           -3.62754943597527        0.48875716486952       -0.49348504166642
O           -4.39405413091419        1.37231593715317       -0.58345101398017
H           -5.17741754229970        1.25910563945055       -1.00499552100015
C           -3.97336930252703       -0.77418995442946       -0.84033713090564
H           -4.19669843542981       -0.93359841289341       -2.05765380978686
H           -4.83238738939805       -1.24338300696481       -0.17127192438892
N           -2.74461092796967       -1.69824384223151       -0.67809969164625
H           -2.01980681284592       -1.63323538870792       -1.32382690623613
C           -2.77018323960250       -2.22575895286288        0.53261493273589
O           -3.57054384079574       -2.20885032584028        1.40966033133203
C           -1.41312340069385       -2.50606430262800        0.48568749451941
H           -1.04764594972904       -3.49299870256953       -0.35582348335033
H           -1.15601984140983       -3.43655265310713        1.53102088936514
N           -0.26379335626346       -1.83010476709171        0.64675240926265
H           -0.01610649740712       -1.24797467749847        1.53114788541848
C            0.25609168241342       -1.17594178519372       -0.42716723589241
O           -0.08522397425188       -1.41604244026229       -1.57197267273333
C            0.97152357819014       -0.01973489156427       -0.21540998324857
N            0.40315245807230        0.72861413498282        1.16407644895687
H           -0.46522801593926        0.89536807080902        0.99198755770697
H            1.25009745823453        1.54873108391539        1.27256591753099
H            0.68911105183472        0.97133651584147       -1.05201152438325
C            2.52888721740442       -0.53436696572724        0.19156503855959
H            2.40131074801809       -1.10681868093770        0.84001649631701
H            2.36764956130803       -0.94748367808466       -0.90432949382083
C            3.22942071816215        0.73068558835558        0.23581839159529
C            3.72931120194886        1.23994519046538        1.30872042047275
H            3.60585072838210        0.79185802104347        2.08112335388270
C            4.70686397940792        2.43333741991513        1.54051016433169
H            4.84645237465780        2.64514574289874        2.40555642695877
C            4.85680368009461        3.04176120417390        0.39781035383767
H            5.68587984069927        3.95493392555233        0.27908830987412
C            4.58311638967728        2.63377193899633       -1.00614626769383
H            4.75635368380987        3.10555047285792       -1.88633897010524
C            3.68420819319877        1.39333161095023       -1.05272077051484
H            3.29178684908982        1.12119480738992       -2.02545830321314
37
 energy: -61.342065865618 gnorm: 0.442402817297 xtb: 6.7.1-6.fc44.fc44
O           -2.52223268152127        0.73995037256982       -0.07439628563271
C           -3.60719566003520        0.48742228548844       -0.49062725715028
O           -4.42202601280508        1.42315047171115       -0.58263519127541
H           -5.22303208037037        1.26793364998517       -1.02093318540499
C           -3.98453441935962       -0.82444102295074       -0.87782416533690
H           -4.20739238329167       -0.92727370861508       -2.03394285089368
H           -4.81634566008419       -1.24093011856266       -0.19300882988365
N           -2.78373986175457       -1.69437781885343       -0.68481505719053
H           -2.02326137804701       -1.62829383605481       -1.33101449955883
C           -2.75479452414385       -2.22454882558281        0.53789384536138
O           -3.57664894275712       -2.21387247399537        1.41076871388708
C           -1.36310507490289       -2.60203595199268        0.52567732086476
H           -1.06664851601011       -3.46315692468210       -0.34504715613711
H           -1.16907545021854       -3.42717491525181        1.52260136957480
N           -0.24381824742106       -1.81621183153609        0.65596189600862
H           -0.02458788598701       -1.25168526185952        1.52207383043359
C            0.22376882078012       -1.15443782704237       -0.43330124269799
O           -0.09029151961637       -1.43376164545687       -1.58475555286191
C            0.96327293981581        0.03836398272952       -0.18280391390987
N            0.46227831957364        0.71528800288416        1.15619096573359
H           -0.48467065408466        0.91531128924604        0.98954458590319
H            1.21307680083050        1.53104204044871        1.27208483312161
H            0.71471746064663        0.92937141261380       -1.03333115202519
C            2.49423409357855       -0.48183912920899        0.11712949400062
H            2.39342305920731       -1.14372954005700        0.88374713963952
H            2.40845237747347       -0.95405865672290       -0.90446545326502
C            3.26587927140470        0.75037398245056        0.17895243224125
C            3.75561985332323        1.26513719193910        1.29879683867622
H            3.59347638091286        0.75943252045574        2.15317649448072
C            4.67165510121820        2.41897613564429        1.48959342104734
H            4.85758191919064        2.65321559239922        2.45657310090453
C            4.89690527540525        3.05622341777477        0.34728275666820
H            5.66828124904452        3.94397156430167        0.28824557586795
C            4.54125703085171        2.59972405676000       -0.97984021692125
H            4.75885664575789        3.10185374754151       -1.88480096377098
C            3.69086326751035        1.42426386774335       -1.05177215200088
H            3.29904879877941        1.12047703618358       -2.01877584882165
37
 energy: -61.511219355147 gnorm: 0.153901548933 xtb: 6.7.1-6.fc44.fc44
O           -2.49085054337965        0.74438967781911       -0.05880096260682
C           -3.58629025725751        0.49517634105712       -0.48847572907267
O           -4.44062672629609        1.46547645583335       -0.58018162629037
H           -5.25418816642843        1.26269746378737       -1.03205686723792
C           -3.98686164589977       -0.85994138517357       -0.91573337934793
H           -4.22293036593799       -0.91929959514372       -1.99588881413129
H           -4.79424499230805       -1.23360613950038       -0.22850774636496
N           -2.82776950362221       -1.69597293632457       -0.69202786482052
H           -2.03164196287901       -1.62614603302384       -1.32649405965892
C           -2.72401595646694       -2.22213090187376        0.53983026452343
O           -3.56947985462538       -2.21969689614519        1.40293875120716
C           -1.30915689958928       -2.73424802772549        0.58174336798140
H           -1.08867735547802       -3.41698968087100       -0.30687569531409
H           -1.18495452320058       -3.39412479613468        1.47704040209211
N           -0.23304851868831       -1.79847975806373        0.66186171487913
H           -0.03917673675075       -1.26064787202687        1.51045927596354
C            0.18044397849993       -1.12828567349103       -0.43952260287861
O           -0.09485057629568       -1.45041567039685       -1.59143193885419
C            0.94938504996167        0.09751322461597       -0.14218712580268
N            0.50910709081879        0.70691830414077        1.12610163548430
H           -0.47410627502370        0.94196022769745        0.99688029271897
H            1.15534749823961        1.50071169455745        1.27262310270874
H            0.75644552454201        0.86739067562599       -0.99267919714991
C            2.43382577526031       -0.43287304661321        0.05835803572339
H            2.39921647470191       -1.13094662575339        0.87774502390898
H            2.46279697240731       -0.96466710041352       -0.89702812526444
C            3.31188748234607        0.76449055442654        0.13605702079378
C            3.78493182966001        1.27760506496182        1.31056540991604
H            3.57893333809874        0.74243911229762        2.19278720919510
C            4.62027339574425        2.39986279627682        1.45297544367388
H            4.86602147233594        2.65159149481605        2.45781588672339
C            4.94012023099942        3.06708888322104        0.30247150393883
H            5.63989161358323        3.91854798241444        0.29254487816484
C            4.50118176477360        2.57044041537724       -0.95305543477244
H            4.76359302834302        3.09614833434619       -1.87038669398044
C            3.69730890813853        1.45608413698702       -1.03763301337339
H            3.31140714456723        1.12159243086079       -2.00362870299930
37
 energy: -61.545903385486 gnorm: 0.058390831140 xtb: 6.7.1-6.fc44.fc44
O           -2.47951623870096        0.76470234058731       -0.04717285047748
C           -3.57158021811434        0.51966720362435       -0.48858010920408
O           -4.45639878571075        1.49863780898398       -0.58304803674923
H           -5.27600532118323        1.25850272228518       -1.03533473689850
C           -3.97698050631092       -0.86307007095751       -0.93238254863198
H           -4.26313151570187       -0.90112215037407       -1.98111094948935
H           -4.78599476616125       -1.22108941841497       -0.27594499288469
N           -2.85041549008849       -1.71853458137774       -0.70242023819827
H           -2.04267135262954       -1.63643775617061       -1.32229398945696
C           -2.69103571223698       -2.23172223327763        0.53448683254189
O           -3.54184971799315       -2.23380009449386        1.39375177276398
C           -1.27623026396246       -2.81321010939566        0.61469662201737
H           -1.09736004161151       -3.40388591844317       -0.26888592768010
H           -1.18289069391754       -3.41310082967395        1.48891268493549
N           -0.24195127536387       -1.78816697918943        0.66081972385502
H           -0.06626355545640       -1.26954193767892        1.51218730076844
C            0.13023995843054       -1.10916743839133       -0.44353231391087
O           -0.11704910303433       -1.46182592129639       -1.59045951029241
C            0.93716236918422        0.11879759498817       -0.12464756486054
N            0.51441158950888        0.70162582279260        1.12303812328607
H           -0.47089291245840        0.97164562718710        1.02190169324760
H            1.10048428798837        1.50418292888242        1.30492403372170
H            0.83546151861120        0.81218729964734       -0.97504556210730
C            2.39087867634239       -0.39112137061880        0.01526492654941
H            2.40463656055516       -1.09933416315127        0.85933520975437
H            2.55307192124570       -0.97770621674002       -0.91309232066593
C            3.33447667653856        0.76933090826277        0.11450643642596
C            3.79503751564478        1.26197562865864        1.32415305437975
H            3.55071669982902        0.71936556396110        2.22056623219593
C            4.59655963627848        2.38591923689493        1.42735638909531
H            4.88274507100806        2.66273941003413        2.43798242303658
C            4.95938577274241        3.05828662935740        0.27484675353852
H            5.61369174185093        3.91148645980861        0.29637060788617
C            4.50268232824510        2.57587993524732       -0.94913218451668
H            4.77507890884078        3.10909977810052       -1.86082389746839
C            3.69611057530392        1.46584163870525       -1.03535842796718
H            3.32463337538177        1.12261578408153       -1.99763101886352
37
 energy: -61.549983572443 gnorm: 0.049829448831 xtb: 6.7.1-6.fc44.fc44
O           -2.47742867858412        0.78926776926844       -0.04562595071061
C           -3.56423435591795        0.54391848066869       -0.49321154656309
O           -4.46771378067252        1.51899338409060       -0.59671963636119
H           -5.29066693039251        1.25492945953527       -1.04007380919218
C           -3.96820010029896       -0.85355802230103       -0.93539732518398
H           -4.28984275327253       -0.87422382037662       -1.98119168952719
H           -4.79355897694029       -1.19963894125159       -0.30306094811774
N           -2.86106416467317       -1.74349991856103       -0.71136096422825
H           -2.05598042007655       -1.65402270358823       -1.32706704301834
C           -2.66890871346228       -2.25160562301538        0.52936598445921
O           -3.51295400915425       -2.25624316961972        1.39400875114896
C           -1.25892062702812       -2.85271103593892        0.62961100435874
H           -1.09178230626955       -3.40962748254417       -0.32554583256030
H           -1.18416003664272       -3.44003768914819        1.59977164943726
N           -0.25436572359103       -1.79010447463670        0.66657013626858
H           -0.09815441678708       -1.27905525159603        1.52761211760017
C            0.09905906797156       -1.10256611295760       -0.43693831720279
O           -0.15123989228393       -1.45999290640085       -1.57769768399934
C            0.94099385086504        0.11631341806167       -0.11641084127351
N            0.49590886883808        0.70114598724763        1.13551141118405
H           -0.47867577311124        0.99096043317372        1.03877053198381
H            1.04987229226737        1.52677388699787        1.36362599513968
H            0.89584415347137        0.78681703630361       -0.99755388052657
C            2.39943069831935       -0.38397177667280       -0.01418913497835
H            2.43524031576765       -1.08573572435897        0.83499257286470
H            2.60417500498407       -0.96367096244254       -0.92423018457810
C            3.34570579395752        0.76862994888664        0.10318687435730
C            3.79570805927090        1.24312482902241        1.33111337862769
H            3.52706503365844        0.70395734358506        2.23159966443266
C            4.59441831771625        2.37270728485755        1.41554982568921
H            4.89698330655308        2.67255114771280        2.41659402193308
C            4.96903562796927        3.04136108351090        0.26172125037989
H            5.58958663847878        3.92896861465757        0.31258241209677
C            4.50917679846571        2.58576555032917       -0.95954088462570
H            4.78487549858887        3.11604609434607       -1.86442746882046
C            3.70006119150639        1.47109936464153       -1.04113813759938
H            3.34395885340342        1.12658763095853       -2.00260266321861
37
 energy: -61.551741652518 gnorm: 0.047833152467 xtb: 6.7.1-6.fc44.fc44
O           -2.47807585305772        0.81211752278425       -0.04542386068477
C           -3.56175516679001        0.56913045746194       -0.49800846103448
O           -4.48052957782265        1.54092484330654       -0.61389008727285
H           -5.30647960220343        1.25449247901743       -1.04395292593670
C           -3.97040286525687       -0.83982889213900       -0.93648869433838
H           -4.30025407266042       -0.84839807100276       -1.98455553304560
H           -4.80854095198271       -1.17344661184662       -0.31636674492894
N           -2.88267822398383       -1.76159791197065       -0.72554272019065
H           -2.07890289788432       -1.66606447609729       -1.33764293941929
C           -2.66019226418510       -2.25629446845688        0.52301074982787
O           -3.49502251709193       -2.26177586986532        1.39611869104348
C           -1.25387381679750       -2.85062774302549        0.64529366371592
H           -1.06097863404793       -3.49551752139671       -0.18479102878883
H           -1.14183619064884       -3.53827567628397        1.49976075152598
N           -0.27349198110718       -1.77189671192700        0.67491151250902
H           -0.12758244397172       -1.27182816440202        1.54528869554932
C            0.07638316418132       -1.09572855878049       -0.43280247901802
O           -0.19344785303613       -1.45457084787197       -1.56494374103017
C            0.95306364599461        0.11382382379777       -0.12274526093460
N            0.48918588041381        0.69868326188387        1.13652531370918
H           -0.47481804404785        1.01143086770660        1.03958626220792
H            1.02964470915064        1.52954570420807        1.38294555754581
H            0.90519274811038        0.78872578501589       -0.99038253459222
C            2.41442845164575       -0.38131605707912       -0.03075760940521
H            2.46820219350220       -1.07168799053434        0.82760189057733
H            2.64411385613173       -0.94923572415535       -0.92392198337354
C            3.34988095419685        0.77181917503841        0.09682797042010
C            3.79296056699175        1.22999070877138        1.33749574809680
H            3.50583356629749        0.69402712345428        2.24237972868307
C            4.59397350340980        2.36208727106822        1.40874426270625
H            4.91431230811750        2.68497618638912        2.39932044159628
C            4.96890811706872        3.03155732487799        0.25618393217398
H            5.57690604627659        3.93198056382415        0.32802299723066
C            4.51382056108122        2.59667729455162       -0.96839291704038
H            4.79119913010543        3.12283915725309       -1.86804388485629
C            3.70805600103627        1.47262419413949       -1.04613319296484
H            3.36204526575837        1.13029068473019       -2.00702793058719
37
 energy: -61.555134703632 gnorm: 0.035303181348 xtb: 6.7.1-6.fc44.fc44
O           -2.47659450962465        0.81161880418062       -0.04268728533132
C           -3.56051357880102        0.56715833542898       -0.49292264104670
O           -4.47813288683998        1.53712859274864       -0.62020085706164
H           -5.30283059291931        1.24654340011266       -1.04414151835189
C           -3.97267890592999       -0.84119139412795       -0.92583266350450
H           -4.27400067005535       -0.85049426519433       -1.97647281344350
H           -4.81277642162206       -1.16723918476021       -0.29856479145488
N           -2.88620693148244       -1.76484815431964       -0.72392954514453
H           -2.08368624151711       -1.67006622366644       -1.34001177932103
C           -2.66287605718660       -2.27347649002064        0.51854119150828
O           -3.49110808587011       -2.27687906331635        1.39918539881841
C           -1.25575914255875       -2.86113283826887        0.63864343419157
H           -1.04623500693447       -3.47338857124049       -0.24706376077032
H           -1.15605263106114       -3.45216027626714        1.52423307420261
N           -0.27976814196921       -1.78337950854201        0.67202435685239
H           -0.13580108592789       -1.28427248825082        1.54326594256696
C            0.07578359380630       -1.10773313293592       -0.43548905301851
O           -0.20877672650392       -1.45729289779913       -1.56750131910970
C            0.94809047210110        0.10517202581151       -0.13186717746135
N            0.50159059657159        0.68926801281412        1.12650703260265
H           -0.46006676533544        1.01172533703856        1.02311074747441
H            1.06564033073772        1.49267559157131        1.34059547774431
H            0.85979560860764        0.80167579869425       -0.96377519479299
C            2.40821270576619       -0.37754261877725       -0.01352753717970
H            2.46817996991310       -1.06005867218062        0.84938617011905
H            2.64758193792163       -0.95678733365097       -0.91188541368914
C            3.33864708272599        0.78259520218566        0.10132424258990
C            3.78800297444466        1.24034680910791        1.33594811381896
H            3.50617905537282        0.70450085676859        2.23898664629961
C            4.59373827651757        2.36490196447538        1.41417938605144
H            4.92036477675091        2.68728400853888        2.40075573810390
C            4.95855613686081        3.04275994070491        0.26561244612502
H            5.59182742102587        3.90896722200323        0.32651636469689
C            4.51287376020687        2.59863532228065       -0.96504423103151
H            4.79117179041650        3.12379838584002       -1.86624303918261
C            3.71189442350545        1.47194784187386       -1.04532093066878
H            3.36498118178106        1.12889279358437       -2.00813057252565
37
 energy: -61.555678364888 gnorm: 0.025896891857 xtb: 6.7.1-6.fc44.fc44
O           -2.47218000780242        0.80826422434113       -0.04091688035808
C           -3.55749799047266        0.56389339492145       -0.48621017395641
O           -4.47356588873795        1.53106914303888       -0.61531487033037
H           -5.29846052312768        1.23965829845721       -1.03093798452698
C           -3.97395029611421       -0.83969881578394       -0.92234750614366
H           -4.27266986741416       -0.83955553720838       -1.97409355935281
H           -4.80922916509889       -1.16688818398598       -0.28947115598918
N           -2.88791810080548       -1.76315045187303       -0.73058276794364
H           -2.08560766446862       -1.66931824320893       -1.34966825398708
C           -2.66822811004614       -2.28537652196771        0.50372316810105
O           -3.49151232359079       -2.28616641076134        1.39035187187296
C           -1.25883146922522       -2.86365226684207        0.62335240710323
H           -1.03573748206860       -3.48641872002428       -0.23696982660976
H           -1.18609889066743       -3.41974729073904        1.57085677100806
N           -0.28659238043287       -1.78716362438835        0.66541512126806
H           -0.14532790189834       -1.28776926471485        1.53602061872243
C            0.07726649441172       -1.11103253171206       -0.43835231958671
O           -0.21148263179264       -1.45645984138453       -1.57365391804891
C            0.94031460808758        0.10462878227693       -0.13409374980763
N            0.50574567424205        0.68058270936309        1.13018403886250
H           -0.45526357916680        1.00013203560244        1.02317397273707
H            1.07768314931777        1.48805127682978        1.36300991365595
H            0.87741493787778        0.78516374755567       -1.01884806080909
C            2.40265959716113       -0.37480592614755       -0.01047153055621
H            2.46305355399620       -1.04751407274478        0.85449224238448
H            2.63526744360293       -0.95808594237696       -0.91042783308288
C            3.33356509479691        0.79065186212327        0.09856877000024
C            3.78608090892471        1.24686086411137        1.32934316880584
H            3.50739713310906        0.71150474875393        2.22859422797987
C            4.59802813820752        2.36333814415177        1.41900083758365
H            4.92371861911532        2.68504254957033        2.40121296377521
C            4.96397390478954        3.04528288304482        0.27287374345818
H            5.59535968081772        3.91790736513294        0.33781167136286
C            4.51893759425761        2.59800410208846       -0.96245123604921
H            4.79954309626546        3.12494087798668       -1.86336505697479
C            3.70871730930260        1.48219157237659       -1.04824137545561
H            3.36467504754159        1.13528819658235       -2.01336380943644
37
 energy: -61.556435809045 gnorm: 0.014131272097 xtb: 6.7.1-6.fc44.fc44
O           -2.46772277571946        0.81167618787425       -0.04293896710404
C           -3.55246352479009        0.56692642675096       -0.48801505884139
O           -4.47210976038726        1.53142917210209       -0.62337666472110
H           -5.29813842933333        1.23133802889129       -1.03111548835614
C           -3.97271062696583       -0.83800121766003       -0.92280848288922
H           -4.28244951825863       -0.83237233676575       -1.97346343957403
H           -4.80919539386769       -1.16141497008463       -0.29183502203784
N           -2.89120322556183       -1.76655275537192       -0.72975154511691
H           -2.08747350131812       -1.67498047005661       -1.34785060286175
C           -2.66851943623438       -2.28630198014451        0.50434509364885
O           -3.49101361375279       -2.28570634827959        1.39220961007434
C           -1.25887707990914       -2.86532361748946        0.63399770736385
H           -1.03737073948249       -3.49272919457768       -0.23565933277004
H           -1.18623384203222       -3.44809327977702        1.56046245660960
N           -0.29271872982617       -1.78401255077026        0.67047938374134
H           -0.15022373867585       -1.28591101310835        1.54024110077782
C            0.07202727409800       -1.11180040013848       -0.43457352254844
O           -0.22319365360782       -1.45622435341358       -1.56905282130017
C            0.94513549453765        0.09877574772682       -0.13222576817518
N            0.50122569946363        0.68529603298425        1.12135413391515
H           -0.45652651144722        1.01280014166935        1.01326916730693
H            1.07869716423078        1.48836255142269        1.36341065583069
H            0.86242049780460        0.78691340801361       -0.98802352193374
C            2.40988199332606       -0.37914574494860       -0.01815048395001
H            2.47531181216173       -1.04381756188276        0.85098648417331
H            2.63991344960390       -0.95937763174170       -0.91250105706524
C            3.33650392629523        0.79042114884158        0.09398897367292
C            3.78471169929820        1.24406937931371        1.32797496211730
H            3.50173513426583        0.71007612326604        2.22692406946678
C            4.59582299963844        2.36278166528878        1.41836230868507
H            4.92614396514421        2.69094934262770        2.39618378252549
C            4.96741079419893        3.04424339502315        0.27257685054990
H            5.59476042640594        3.92368622278418        0.34390571070108
C            4.52421467026514        2.60024974739928       -0.96285874269421
H            4.80979024032174        3.12643614425172       -1.86226094275717
C            3.71154464996173        1.48586648811785       -1.05030435647765
H            3.37013992304291        1.13912120430699       -2.01570299031001
37
 energy: -61.556550566152 gnorm: 0.015627104968 xtb: 6.7.1-6.fc44.fc44
O           -2.46221246608200        0.81448195728532       -0.04325613723636
C           -3.54637832847613        0.57044553429468       -0.48840158700091
O           -4.46956830200758        1.53170250209355       -0.63102614596338
H           -5.29761309643923        1.22075716540707       -1.02628254373182
C           -3.97367304683477       -0.83517189869957       -0.92070921848747
H           -4.28733262954731       -0.82805482508572       -1.96976896516523
H           -4.81157992877304       -1.15308968829073       -0.28890364594330
N           -2.89781172382136       -1.77114989405712       -0.73192653185810
H           -2.09254380482165       -1.68190296062876       -1.34933881173408
C           -2.67161013463561       -2.29021182778456        0.50106141058331
O           -3.49225734516747       -2.28973964674860        1.39145349673977
C           -1.26127380655768       -2.86718822056531        0.64103934826073
H           -1.03562777481390       -3.49911686554885       -0.22993121249082
H           -1.17718747287598       -3.46089660479637        1.54308724229721
N           -0.30378355175229       -1.77986446005432        0.67366289054887
H           -0.15899231606096       -1.28583489517924        1.54529479670245
C            0.06326175868602       -1.11033752599966       -0.43155517793651
O           -0.23721966929477       -1.45406225977782       -1.56532306351600
C            0.94277310298469        0.09774262577091       -0.13225847211285
N            0.50143073457293        0.68154444715812        1.12890855615690
H           -0.45099784617437        1.02569577447230        1.02054984339942
H            1.09459611554067        1.46789854149785        1.34481385536602
H            0.86902801611953        0.77699764375117       -1.00085672159732
C            2.40739609428465       -0.37719252903177       -0.01971724017665
H            2.48028190067322       -1.03009674107819        0.85572385895448
H            2.64763296206067       -0.96175939800743       -0.90989058526179
C            3.33337459285578        0.79516455774624        0.09212505775347
C            3.77987239847725        1.24402564946890        1.32872960075490
H            3.49292643278897        0.71133459891291        2.22682984347917
C            4.59127982944212        2.36420958525251        1.41928260187232
H            4.93083500194623        2.69847032322236        2.39129190167281
C            4.96497780755414        3.04728620772075        0.27510785644845
H            5.60217114957539        3.91485033760606        0.34505924135464
C            4.52558235334259        2.60695273585011       -0.96114948816181
H            4.81720906811182        3.13205673824727       -1.85882346169629
C            3.71717862623431        1.48778800661750       -1.05056375675321
H            3.37510301177936        1.14591844140369       -2.01613499584486
37
 energy: -61.556815069468 gnorm: 0.007249301622 xtb: 6.7.1-6.fc44.fc44
O           -2.45758675774197        0.81396640066363       -0.04360392740773
C           -3.54203140001114        0.57076833846996       -0.48780925465130
O           -4.46617155459525        1.53009733262184       -0.63323461413402
H           -5.29592136345878        1.21364970733510       -1.01883577437978
C           -3.97490604555091       -0.83368992043123       -0.91919359670152
H           -4.28845629560121       -0.82599941640099       -1.96693065431561
H           -4.81112155394837       -1.14902783284100       -0.28322984514611
N           -2.90165668085742       -1.77319228293378       -0.73665581041242
H           -2.09612164589329       -1.68619944885743       -1.35511390386502
C           -2.67434843000740       -2.29429302167192        0.49445305852667
O           -3.49259530124352       -2.29293702392531        1.38781570702972
C           -1.26304075423078       -2.86982907061634        0.63634122704894
H           -1.03283489574461       -3.50624264638119       -0.21998637606703
H           -1.18346328977434       -3.44431410997886        1.55617883836758
N           -0.30916235124174       -1.78121041635248        0.66843393923715
H           -0.16142903573708       -1.28831562382897        1.54045723012830
C            0.06166888157533       -1.11410668606505       -0.43663158259430
O           -0.24301151749631       -1.45567198898538       -1.57024472925274
C            0.94253168141495        0.09279776298961       -0.13925136581898
N            0.50737783320683        0.68117568244191        1.12110709205375
H           -0.44427548598981        1.02711923568038        1.01675618936449
H            1.09947198375621        1.47069873171618        1.35949046805489
H            0.85952319684135        0.77820220476017       -0.99483511599530
C            2.40642676888519       -0.37729521170794       -0.01986690155648
H            2.48399474463459       -1.02277705754359        0.85924292449530
H            2.65184345435384       -0.96544086132576       -0.90906026709966
C            3.33134309528929        0.79809812697460        0.09039466927469
C            3.77727542831833        1.24501692255014        1.32758572202239
H            3.48919054944708        0.71270057010158        2.22444694048887
C            4.59069830507177        2.36244425186530        1.42044885129226
H            4.93302184583497        2.69932703654796        2.38938045285846
C            4.96583994149036        3.04713530603345        0.27764357480886
H            5.60364446258819        3.91363899854752        0.34867327997242
C            4.52796140408973        2.60804513445215       -0.95999689375388
H            4.82166802701978        3.13440752981200       -1.85648199718684
C            3.71771195567819        1.49062161771498       -1.05157259332441
H            3.37618851252217        1.15028486101406       -2.01811132168542
37
 energy: -61.556872854902 gnorm: 0.005387000674 xtb: 6.7.1-6.fc44.fc44
O           -2.45380828070379        0.81223455727225       -0.04617090958320
C           -3.53857001843027        0.56892666715984       -0.48885947808465
O           -4.46254168025343        1.52662744279590       -0.63554152895770
H           -5.29379474914896        1.20673632509330       -1.01291032411258
C           -3.97473225631503       -0.83391411468260       -0.91919618156150
H           -4.29275740389161       -0.82417888521883       -1.96634977323101
H           -4.80781817953738       -1.14855641687278       -0.27867937513850
N           -2.90178726206997       -1.77388802645006       -0.73725657733106
H           -2.09567882599387       -1.68932300008225       -1.35609958325808
C           -2.67687258856087       -2.29563039983020        0.49298066762701
O           -3.49540844392945       -2.29442266797302        1.38629908920967
C           -1.26430982482208       -2.86956192973131        0.63563555537594
H           -1.03186917428033       -3.50562452618260       -0.22195074699993
H           -1.19572773763446       -3.43730476840574        1.56530760172613
N           -0.31156270714856       -1.78028754246876        0.66812436909580
H           -0.16013698834223       -1.28834039303404        1.54003350576349
C            0.06254043817493       -1.11225019382132       -0.43509360051092
O           -0.24079458213552       -1.45189579786520       -1.56995094356589
C            0.94257048404457        0.09331417800374       -0.13579017490240
N            0.50487361799561        0.68121467838258        1.12115981341025
H           -0.44471862386480        1.02887567070915        1.01422199358025
H            1.10182752614261        1.46788285500160        1.35830171689948
H            0.86123414249827        0.77802238527726       -0.99623867877327
C            2.40863045430186       -0.37975157232976       -0.02219292660981
H            2.48968859813085       -1.02137103901765        0.85779379860451
H            2.64437761344450       -0.96375272014758       -0.91026487222911
C            3.33100274478561        0.79884286421227        0.08828511397415
C            3.77689757656749        1.24496974375580        1.32543377293206
H            3.48868201059909        0.71254198018472        2.22073859387341
C            4.59240582685276        2.35912062521289        1.42146537297956
H            4.93260259767813        2.69686262044960        2.38906776806258
C            4.96992466140301        3.04419012794971        0.27936248136638
H            5.59977565630794        3.92126329175730        0.35547968192465
C            4.53160810682932        2.60581757119808       -0.95971126974345
H            4.82513961340930        3.13438440270715       -1.85515449903165
C            3.71363791110468        1.49497773273919       -1.05307284277798
H            3.37471745968632        1.15290140669666       -2.02100297032640
37
 energy: -61.556915461566 gnorm: 0.003452684947 xtb: 6.7.1-6.fc44.fc44
O           -2.45182844705484        0.81236943390549       -0.04789636926564
C           -3.53666932776838        0.56909446310527       -0.49001770014203
O           -4.46088028015082        1.52597825048489       -0.63775754075456
H           -5.29356532509485        1.20298801497489       -1.00894414060874
C           -3.97490739820809       -0.83334029907202       -0.91891327866795
H           -4.29579598297226       -0.82407007662327       -1.96528048840302
H           -4.80676174499457       -1.14710627839977       -0.27634211126498
N           -2.90265275872686       -1.77447412326399       -0.73732164147478
H           -2.09630579834605       -1.69104250664034       -1.35601656883201
C           -2.67851451719059       -2.29535615621342        0.49324749475714
O           -3.49757309034112       -2.29487296620749        1.38597429926090
C           -1.26542057246448       -2.86867858389895        0.63695174783526
H           -1.03356472354358       -3.50581370654479       -0.22278833471914
H           -1.19403845843660       -3.44027380754791        1.56276424265158
N           -0.31345777936789       -1.77851130215834        0.66749562472007
H           -0.15845330591013       -1.28703291181058        1.53899428933919
C            0.06149288834813       -1.11165578288301       -0.43621283142667
O           -0.24083060608946       -1.45253667739020       -1.57104739486514
C            0.94187704013071        0.09325355928196       -0.13782171272741
N            0.50660975856495        0.68095102040060        1.12067636686149
H           -0.44227825298994        1.02980122798907        1.01555164539596
H            1.10337479075271        1.46803177463962        1.36071372929172
H            0.86289917455328        0.77721823141882       -1.00050883309192
C            2.40667536781769       -0.37899992821140       -0.02115414756247
H            2.48940681520541       -1.01722933001187        0.86027261923958
H            2.64805625507886       -0.96639690524148       -0.90931943444283
C            3.33055757275066        0.79925911940961        0.08815642606759
C            3.77604349503374        1.24494769748139        1.32571527364769
H            3.48691065348922        0.71273538215638        2.22054952608797
C            4.59039920757936        2.36031562131042        1.42198050654376
H            4.93232879673667        2.69783079752203        2.38893026986263
C            4.96815496268447        3.04552018949212        0.28019027680061
H            5.60434819733506        3.91501877461960        0.35414730976774
C            4.52939740183484        2.60779066696731       -0.95892791665253
H            4.82421636397482        3.13592525505240       -1.85415308672527
C            3.71513491369331        1.49415568842776       -1.05290408952269
H            3.37486242698085        1.15385930592452       -2.02078038730491
37
 energy: -61.556930416489 gnorm: 0.003012817627 xtb: 6.7.1-6.fc44.fc44
O           -2.45004435314199        0.81320612834385       -0.05021942723548
C           -3.53492881903922        0.56989772599938       -0.49205292520321
O           -4.45957867486914        1.52622897576550       -0.64124297231242
H           -5.29419004281671        1.19919875969863       -1.00475818211155
C           -3.97515224429187       -0.83263120516602       -0.91881422209200
H           -4.29749564571391       -0.82559633938952       -1.96386331993016
H           -4.80612458114912       -1.14508391554120       -0.27438076245982
N           -2.90373398122595       -1.77511750248915       -0.73858090477527
H           -2.09726742195722       -1.69208100023149       -1.35690002279005
C           -2.67990900512372       -2.29550464891199        0.49246400164415
O           -3.49975723145704       -2.29660148211499        1.38427846266068
C           -1.26631891519110       -2.86823770878521        0.63687836026468
H           -1.03512376962132       -3.50697372306409       -0.21874267144241
H           -1.18976648050281       -3.43776549263143        1.56374535340455
N           -0.31538170068908       -1.77698512116692        0.66606918401284
H           -0.15662855293377       -1.28667439574391        1.53778432895427
C            0.06047131288847       -1.11084432468766       -0.43762683586530
O           -0.24062978529861       -1.45194426447257       -1.57238485067554
C            0.94158429414942        0.09322622397513       -0.13842626507745
N            0.50844893824786        0.68018478945766        1.12200911624341
H           -0.43942092935676        1.03250955780116        1.01851136978352
H            1.10717251441208        1.46410054935959        1.35634501973628
H            0.86223446769878        0.77788267180881       -0.99811325261780
C            2.40576507420006       -0.37891327957496       -0.02161161451651
H            2.49139273469921       -1.01471367280619        0.86096301433127
H            2.64921529524248       -0.96704663468228       -0.90906525340905
C            3.32986203077362        0.79932265908168        0.08769820947756
C            3.77503606756971        1.24396346507289        1.32620553310611
H            3.48461217577252        0.71138877250326        2.22058634763603
C            4.58927053135038        2.35963936628307        1.42203503406515
H            4.93210255169066        2.69717069502005        2.38892395679074
C            4.96726025463474        3.04506437584816        0.28052610625120
H            5.60479558851688        3.91275660554156        0.35460644946579
C            4.52874138647385        2.60882897501323       -0.95843015009589
H            4.82336148148758        3.13775875342310       -1.85301879848775
C            3.71533482936745        1.49423172643372       -1.05268209614212
H            3.37403831809776        1.15580706747448       -2.02051168091221
37
 energy: -61.556942503015 gnorm: 0.002226924150 xtb: 6.7.1-6.fc44.fc44
O           -2.44905544681960        0.81388005282209       -0.05276118391793
C           -3.53404700668954        0.57004594341834       -0.49402841510417
O           -4.45859518753778        1.52610115158655       -0.64479367328230
H           -5.29460842894631        1.19633744129227       -1.00226369532907
C           -3.97503223823010       -0.83261786838375       -0.91847405096196
H           -4.29848647909289       -0.82702538241425       -1.96308319037264
H           -4.80520796699430       -1.14420366050053       -0.27234349912485
N           -2.90349337399601       -1.77501946691458       -0.73784719014337
H           -2.09695354077049       -1.69208589374276       -1.35585713658206
C           -2.68089950432714       -2.29550199782128        0.49354338388701
O           -3.50191326648021       -2.29813336258559        1.38410933528282
C           -1.26690904829985       -2.86728195438015        0.63774538379042
H           -1.03601847924631       -3.50500559397750       -0.21947504735692
H           -1.18957222869883       -3.43594720673946        1.56238776404827
N           -0.31598372579955       -1.77603052723556        0.66586354797595
H           -0.15426684660603       -1.28605418340682        1.53731240487785
C            0.06074146517724       -1.11062888483885       -0.43797900720807
O           -0.23920920552851       -1.45208403391787       -1.57280358255484
C            0.94160868893400        0.09311232520590       -0.13812961974239
N            0.50863346435049        0.68026294740299        1.12233593824431
H           -0.43883586660750        1.03314273612189        1.01929741046181
H            1.10732056069280        1.46459317885533        1.36051265524357
H            0.86369355233371        0.77785496882370       -0.99906345220667
C            2.40592415356419       -0.37947385747719       -0.02211617126919
H            2.49317801268559       -1.01402052795010        0.86084076579826
H            2.64777038912464       -0.96721660944419       -0.90920167005233
C            3.32958388815125        0.79904270236069        0.08700370965702
C            3.77474386936158        1.24341434020368        1.32576150783648
H            3.48382809208135        0.71040500716906        2.21965653683999
C            4.58951937243291        2.35848583276586        1.42196023908604
H            4.93148246878927        2.69539128636968        2.38934323854702
C            4.96764180358659        3.04402419294087        0.28058811463207
H            5.60366158955693        3.91363792080021        0.35568894002536
C            4.52896722206928        2.60853566189369       -0.95853100891229
H            4.82290229254530        3.13829789777602       -1.85278764569379
C            3.71421125438615        1.49483369100838       -1.05310190268208
H            3.37292341374187        1.15658486535855       -2.02110609406107
37
 energy: -61.556951505838 gnorm: 0.001455306624 xtb: 6.7.1-6.fc44.fc44
O           -2.44858311783398        0.81518941910097       -0.05573967671232
C           -3.53372035645917        0.57041821346414       -0.49617289441307
O           -4.45815276052078        1.52631615561254       -0.64848157037715
H           -5.29564843707786        1.19396973654847       -0.99934257650358
C           -3.97450179418908       -0.83259859036443       -0.91832013126750
H           -4.30013404943738       -0.82732948448715       -1.96300646378450
H           -4.80360426338216       -1.14403688017811       -0.27082277546367
N           -2.90230179481117       -1.77418836585095       -0.73676821370960
H           -2.09573322513222       -1.69053692854499       -1.35432064499112
C           -2.68135293363995       -2.29588834379429        0.49459749529533
O           -3.50395218174798       -2.30064592317452        1.38351075645590
C           -1.26692472022068       -2.86632978263685        0.63817490381129
H           -1.03622340245493       -3.50416086655100       -0.21965846692110
H           -1.19250988711377       -3.43556058516212        1.56441406833602
N           -0.31587794279850       -1.77510333098736        0.66563095433226
H           -0.15198735140362       -1.28512863401399        1.53669832197533
C            0.06157442252624       -1.11014809617770       -0.43825109687513
O           -0.23703659771801       -1.45201094884460       -1.57323796544113
C            0.94195119497327        0.09341016504728       -0.13735169900308
N            0.50791945543118        0.67968738821176        1.12249825160286
H           -0.43900343189655        1.03335808757193        1.01876629877857
H            1.10784385201322        1.46323356786983        1.36228924210206
H            0.86370389319009        0.77907580912041       -0.99783267385604
C            2.40630350603341       -0.37983133910467       -0.02242065739078
H            2.49466638790948       -1.01369575831039        0.86051249222610
H            2.64734734439423       -0.96775208491689       -0.90967905067297
C            3.32975238828900        0.79871655900142        0.08630523706772
C            3.77502859047408        1.24307102511837        1.32506311019569
H            3.48402268227703        0.70934939705880        2.21838433077695
C            4.58963504829727        2.35800975030682        1.42205163502421
H            4.93069999526653        2.69321021183808        2.39040798559684
C            4.96762526437112        3.04389074181260        0.28083057161968
H            5.60394987664593        3.91317383282848        0.35606380102797
C            4.52784354192495        2.60903531092116       -0.95846529909138
H            4.82154499602276        3.13908718080838       -1.85270082248398
C            3.71317951125237        1.49539625620988       -1.05363274894482
H            3.37190400943978        1.15700026709401       -2.02179038864562
37
 energy: -61.556958289085 gnorm: 0.001187820926 xtb: 6.7.1-6.fc44.fc44
O           -2.44906964316933        0.81858813729418       -0.05958758706793
C           -3.53427817375579        0.57227528137811       -0.49918208343177
O           -4.45893088415412        1.52814377673976       -0.65440152838710
H           -5.29822181454255        1.19226724195269       -0.99715287312325
C           -3.97410034469548       -0.83208232650543       -0.91779215398319
H           -4.29958114415729       -0.82930241493868       -1.96218424296189
H           -4.80268597298964       -1.14328957894827       -0.26974881913102
N           -2.90118867609152       -1.77242292232366       -0.73532768936573
H           -2.09437653406035       -1.68694202438057       -1.35201596907285
C           -2.68190223297434       -2.29705653770104        0.49534425365522
O           -3.50658062019553       -2.30500174150501        1.38219167665696
C           -1.26708781612008       -2.86615201016590        0.63909260223452
H           -1.03647365008717       -3.50427542593718       -0.21881716261246
H           -1.19032704147216       -3.43546382806098        1.56574910967217
N           -0.31645234692295       -1.77461767109657        0.66593327700391
H           -0.15171029387904       -1.28427117598771        1.53660596558510
C            0.06158879252155       -1.11070980432815       -0.43837132790737
O           -0.23632806776773       -1.45337800330819       -1.57325250988647
C            0.94190532648680        0.09309615302125       -0.13684592507127
N            0.50880074327311        0.67831754513941        1.12372108980725
H           -0.43767346870514        1.03365327133225        1.01973939973192
H            1.10974434865023        1.46050635141698        1.36416230742430
H            0.86298381406891        0.77967436385608       -0.99608952808083
C            2.40630004253394       -0.37972806517762       -0.02289948517848
H            2.49574711986350       -1.01352328318229        0.85996533807268
H            2.64644389096742       -0.96753267011826       -0.91015996957982
C            3.32987221169581        0.79858957344974        0.08543719189564
C            3.77562029609198        1.24245959444203        1.32425187322444
H            3.48452981605399        0.70764928890786        2.21709710477974
C            4.59019984938723        2.35733884004266        1.42175115250234
H            4.93049801269606        2.69069174368517        2.39142758383171
C            4.96765689332501        3.04382399841630        0.28069690190352
H            5.60314856164767        3.91408478159117        0.35656717287296
C            4.52744450155801        2.60952282196351       -0.95854619473728
H            4.82023433856651        3.14025597214660       -1.85268238327528
C            3.71263106831386        1.49610551180226       -1.05416893091271
H            3.37086681093273        1.15835836753280       -2.02230399741149
37
 energy: -61.556961950058 gnorm: 0.001188665354 xtb: 6.7.1-6.fc44.fc44
O           -2.44967788619990        0.82264801873832       -0.06376248342238
C           -3.53508079716650        0.57456013590428       -0.50197634661009
O           -4.46025630436880        1.53014616162849       -0.66006724525571
H           -5.30112880004203        1.19135062473080       -0.99555191430260
C           -3.97376061257475       -0.83148163950992       -0.91696074069986
H           -4.29986869289525       -0.83033156467917       -1.96161487811286
H           -4.80230297832482       -1.14225634554976       -0.26845956799825
N           -2.89979963355777       -1.77036532641656       -0.73385128698988
H           -2.09255210311201       -1.68300030970331       -1.34979748580580
C           -2.68188494795517       -2.29908451472176        0.49530242554806
O           -3.50824604332050       -2.31040605628521        1.38067460155750
C           -1.26678397840442       -2.86680568770813        0.63980075613259
H           -1.03566535229047       -3.50533230355203       -0.21666424449423
H           -1.19034874369113       -3.43519707885380        1.56640820683028
N           -0.31706582412972       -1.77492796670244        0.66680761248603
H           -0.15390636592555       -1.28397698587639        1.53752773373421
C            0.06199475183668       -1.11180852704163       -0.43751722834059
O           -0.23599330573240       -1.45472690850334       -1.57232853342560
C            0.94235319542392        0.09253632631866       -0.13589490048570
N            0.50842349039688        0.67698252585088        1.12516766682026
H           -0.43757852260158        1.03369676865034        1.02043965183159
H            1.11025786784580        1.45812013430369        1.36640846642705
H            0.86149284233064        0.77931602839804       -0.99465028011521
C            2.40711052822113       -0.37993857529171       -0.02379707897810
H            2.49688456242175       -1.01434212493993        0.85878714711484
H            2.64689092903345       -0.96730936469706       -0.91143964678541
C            3.33022107292192        0.79867536692887        0.08458405950843
C            3.77653048469592        1.24188720810281        1.32332096779309
H            3.48617989462923        0.70588340828022        2.21579186551575
C            4.59067462047009        2.35738015995244        1.42148082980836
H            4.93115090786260        2.68911656208357        2.39196572396887
C            4.96721059315494        3.04482520692884        0.28078810768934
H            5.60368798581897        3.91371484310113        0.35606797449182
C            4.52691422325603        2.61098105153771       -0.95851545352694
H            4.81958204622207        3.14208213498860       -1.85257318325804
C            3.71283249028221        1.49697292791187       -1.05473348057685
H            3.37075611836266        1.16006881813792       -2.02296417839778
37
 energy: -61.556963631226 gnorm: 0.001011298503 xtb: 6.7.1-6.fc44.fc44
O           -2.45004288434549        0.82521685052214       -0.06653623301905
C           -3.53563784738437        0.57599402336374       -0.50357574146388
O           -4.46128619839440        1.53098253595376       -0.66278230740356
H           -5.30291259065479        1.19118668296723       -0.99490529579735
C           -3.97389135837910       -0.83098640351822       -0.91630379243776
H           -4.30027819713730       -0.83147110528022       -1.96071962271438
H           -4.80163072697470       -1.14189704739557       -0.26691801767129
N           -2.89933820554312       -1.76894763895538       -0.73291529306969
H           -2.09179877415247       -1.68125749597109       -1.34868426449182
C           -2.68226491476573       -2.30012826738276        0.49503930950340
O           -3.50924400584650       -2.31326016942483        1.37995014625864
C           -1.26697609580485       -2.86761356972079        0.64032024901059
H           -1.03497585785193       -3.50637618858313       -0.21636995398943
H           -1.19107416635555       -3.43672608475734        1.56662626414306
N           -0.31779171975644       -1.77540458078810        0.66738972757035
H           -0.15630241291518       -1.28386322821538        1.53805153827251
C            0.06189541669283       -1.11269947716549       -0.43698326309343
O           -0.23597254151590       -1.45613849872336       -1.57181744066427
C            0.94212953610691        0.09208108217337       -0.13630929236153
N            0.50956405496704        0.67626564267551        1.12538635873404
H           -0.43629463497663        1.03355712859642        1.02082244387762
H            1.11163694857960        1.45696959217866        1.36665288436428
H            0.86122286109782        0.77900587503191       -0.99503111692876
C            2.40674958603766       -0.37930903106327       -0.02376133176779
H            2.49626437774925       -1.01444610129125        0.85845852753161
H            2.64747560831048       -0.96676418552696       -0.91210536205789
C            3.33010618755107        0.79939374162650        0.08455233323919
C            3.77712005800308        1.24197616404823        1.32306777097079
H            3.48751068959831        0.70550190397079        2.21544658967936
C            4.59178800592259        2.35696759599221        1.42143421536615
H            4.93240056430112        2.68844153570581        2.39181884645233
C            4.96799445825860        3.04484051865521        0.28095229786039
H            5.60312250238174        3.91542175430827        0.35677446430416
C            4.52711504013011        2.61137999909299       -0.95847558185883
H            4.81959411824934        3.14290106556530       -1.85235500953188
C            3.71264563934506        1.49773249078726       -1.05479682447299
H            3.37062519236596        1.16112602299316       -2.02319458266669
37
 energy: -61.556964932510 gnorm: 0.000840329801 xtb: 6.7.1-6.fc44.fc44
O           -2.44991734405404        0.82690533539257       -0.06929180619659
C           -3.53577753461839        0.57681543149578       -0.50515291671871
O           -4.46184181718702        1.53107397701971       -0.66460623360532
H           -5.30413468273133        1.19076010246816       -0.99439586637563
C           -3.97412375351194       -0.83069228585055       -0.91591887727604
H           -4.30158970894589       -0.83272706893904       -1.95970994044105
H           -4.80069138016730       -1.14151097671817       -0.26508837007563
N           -2.89914145612797       -1.76807120960788       -0.73250226709660
H           -2.09153661673222       -1.68083022180524       -1.34832100703646
C           -2.68274915970064       -2.30049686140500        0.49480009175962
O           -3.51010577413925       -2.31503854680933        1.37937189712632
C           -1.26724002278738       -2.86801264844614        0.64052747975859
H           -1.03485953145768       -3.50672328850342       -0.21646271948703
H           -1.19077318548329       -3.43674016216690        1.56735599613514
N           -0.31819044256239       -1.77550848670687        0.66776479894357
H           -0.15733634486157       -1.28383100824000        1.53841708675408
C            0.06219855383491       -1.11286282321755       -0.43638917707743
O           -0.23473390584778       -1.45657537196291       -1.57142164549358
C            0.94219573278032        0.09198251000351       -0.13593046932023
N            0.50981082714065        0.67639419040862        1.12543634169445
H           -0.43590316506253        1.03382712544120        1.02084924719789
H            1.11180774670134        1.45718786223628        1.36745953728922
H            0.86132579059167        0.77837334996703       -0.99529066252719
C            2.40719759550623       -0.37943835166338       -0.02443352081388
H            2.49672395569668       -1.01561615727135        0.85714348216318
H            2.64624067490338       -0.96524436530629       -0.91311777262792
C            3.33050643465556        0.79938591785578        0.08452157535874
C            3.77787270254792        1.24147328453420        1.32309528321230
H            3.48889412023250        0.70466255294053        2.21545791244451
C            4.59191963056367        2.35686853996964        1.42161560745190
H            4.93316620256059        2.68806312604932        2.39176937293757
C            4.96781481568721        3.04515565934846        0.28132986851119
H            5.60396095190513        3.91441865706981        0.35686700171692
C            4.52668030130696        2.61196376671473       -0.95808956210607
H            4.81911602087479        3.14382717036227       -1.85177276427364
C            3.71238117223117        1.49833317577125       -1.05461853240820
H            3.37008030915203        1.16210123201647       -2.02306482982180
