34
 energy: -56.059324445965 gnorm: 1.001789626000 xtb: 6.7.1-6.fc44.fc44
O            0.16415156406129        3.16374697867366       -1.55334167681649
C           -0.47779649567330        2.15179421105313       -0.66719892543821
O           -0.55858632609879        2.35091095610370        0.38484695388431
H            0.55254782302845        2.74465490794795       -2.47354607290035
C           -1.26479202274719        0.94781288955797       -1.42628262454869
H           -0.55507247852014        0.67617101626998       -2.06174734101693
H           -2.03435437429503        1.42758619010801       -2.08103322326921
N           -1.66878270182980        0.21623795542940       -0.56996132074878
H           -1.63948798173647        0.63135489720662        0.59188691950895
C           -1.70774300277156       -1.14401118991395       -0.46303269233563
O           -1.60314237223625       -1.59587198955243       -1.79511941975932
C           -2.05840791018769       -1.92169011837330        0.66611286746465
H           -2.77118844901298       -1.31487738684495        1.27398478557065
N           -2.76042861157735       -3.19842374672028        0.35358176904020
H           -2.30059880118094       -3.80096849496860       -0.52040001041433
H           -3.67455607737819       -2.93505791395955        0.13095484393469
C           -0.72162336780873       -2.26506164526884        1.32298491442407
H           -0.24011135886935       -3.02478505344312        0.82060927397117
H           -0.85979556397275       -2.76324533050126        2.27180302812996
C            0.39602560239172       -1.09851845826985        1.47801131914545
C            0.09703877370988       -0.10416647065936        2.55791251433794
H           -0.31120344515610       -0.26550400829157        3.51439836684202
N            1.09334652565918        0.86442137339550        2.19221836613112
H            1.15693908823837        1.60793751131184        2.66641379684907
C            1.75657575891162        0.70881639819815        0.91249410421061
C            2.62160250809244        1.52875821475080        0.23058133069166
H            2.89167200083145        2.27606827547186        0.42321044597791
C            2.98730802381634        0.93414826546888       -0.92665918136444
H            3.71405927482891        1.44951585625196       -1.55686926847447
C            2.31520813498725       -0.29177309842499       -1.53905928284774
H            2.81692966304673       -0.43260559283831       -2.41924646812580
C            1.60045415779133       -1.09417526303369       -0.75831733814502
H            1.09353149009481       -1.82730699582789       -1.00061938773169
C            1.33801712249582       -0.53354275563397        0.60130019328773
34
 energy: -56.347267830532 gnorm: 0.375852693834 xtb: 6.7.1-6.fc44.fc44
O            0.17158830360400        3.13795431366942       -1.56571822170780
C           -0.48418661527794        2.17253992658635       -0.71894604498243
O           -0.55585040726676        2.36270274184960        0.43273446684824
H            0.53718885663391        2.75124830878004       -2.44987860287429
C           -1.25133251207601        0.99568836836095       -1.44007693725151
H           -0.52424731492821        0.65918310811786       -2.10088197266464
H           -2.03818742265659        1.44164431472344       -2.08327118197433
N           -1.68695791171602        0.19260693845120       -0.50330069033538
H           -1.64296918740652        0.62251684642763        0.57165344141016
C           -1.71921256700183       -1.14956828164638       -0.51339078614461
O           -1.60428554039342       -1.60145890784304       -1.75244196368166
C           -2.04983304838126       -1.93469756287727        0.65941468596878
H           -2.75702161049894       -1.32577505090078        1.27509736064011
N           -2.74400193688820       -3.20494991511900        0.34845613618874
H           -2.31226960666176       -3.77046712028146       -0.49440690225345
H           -3.68170198254647       -2.94172065720530        0.12136768788289
C           -0.70365378616460       -2.25939959186979        1.33269108083273
H           -0.22989202435192       -3.03829086247444        0.79691455573440
H           -0.86417448993363       -2.75233946711712        2.28511973841957
C            0.35084022659452       -1.09988621179453        1.49066502969710
C            0.13951867831223       -0.12116373068934        2.52389465817379
H           -0.30505000040071       -0.25628542602112        3.49687554532716
N            1.08912145207568        0.85300888576202        2.18733891391546
H            1.16042160476699        1.66188962768270        2.70034203715166
C            1.73097780574800        0.67955067150911        0.94415996567791
C            2.59837196859682        1.46770012544671        0.22108930377415
H            2.93240015272451        2.38478834720543        0.46176587104909
C            2.97870474282514        0.91983727358476       -0.95011485762411
H            3.70969477366510        1.44621203589067       -1.55950746335752
C            2.34978546250511       -0.27321479794672       -1.51978602181350
H            2.81475070398676       -0.44390421559923       -2.44374438194869
C            1.60753421629944       -1.06547443356073       -0.73918824608593
H            1.06814102845826       -1.87622603622944       -1.02082824229544
C            1.30352415868734       -0.56589918019869        0.58677359776840
34
 energy: -56.448994201649 gnorm: 0.117783025536 xtb: 6.7.1-6.fc44.fc44
O            0.17305103382797        3.09839109819871       -1.56067454404460
C           -0.49406835343231        2.20570769543441       -0.75410070640727
O           -0.54834311388353        2.37720249306742        0.42858931031587
H            0.50321591111508        2.74869812527173       -2.41023915666180
C           -1.22686042236904        1.04776157425081       -1.43178182649067
H           -0.50783208632809        0.62564117115337       -2.12246875340207
H           -2.03508933525673        1.45217813379068       -2.06947873744729
N           -1.68690501548380        0.19814741006793       -0.44353868050491
H           -1.64350488544902        0.60167910793943        0.51618416966451
C           -1.73384091358327       -1.14748554187725       -0.58051438961418
O           -1.60815123352051       -1.61235195113046       -1.69959267798222
C           -2.03186724156821       -1.94672334847026        0.64313138146103
H           -2.72388344126414       -1.34506264551859        1.27539558769119
N           -2.72887983204686       -3.20650990736315        0.34634162941150
H           -2.32335883825986       -3.71824409140422       -0.45332108153471
H           -3.68305059475353       -2.95626307618201        0.10902000339924
C           -0.67890202132431       -2.25837975767836        1.33860425573572
H           -0.21466737008646       -3.04961362429946        0.76632264290180
H           -0.87123947236280       -2.73262274645829        2.30188042240163
C            0.29132267753134       -1.09497268991771        1.49568778906140
C            0.19808923806330       -0.14046669823635        2.49099317568571
H           -0.29725658264025       -0.23695022487703        3.45913871105043
N            1.08947296045401        0.86266202020989        2.19914728410629
H            1.15963980644062        1.70037205605368        2.72606037157339
C            1.70746443190068        0.66285482377226        0.99237103192831
C            2.58422023633009        1.44138737949117        0.23391735966291
H            2.93691488824130        2.39602842030791        0.49218296915025
C            2.96724893634703        0.92043794508186       -0.96660213681735
H            3.70027509041904        1.44741584025279       -1.56417979413695
C            2.40160389859672       -0.26249604802256       -1.49387415932986
H            2.80101908112337       -0.47269813955383       -2.47053564245929
C            1.59562943008094       -1.04433837041078       -0.72741259704875
H            1.06564384135106       -1.90494668171175       -1.04763895081442
C            1.25062546272319       -0.58808936655845        0.56185729896020
34
 energy: -56.468683952268 gnorm: 0.051778825077 xtb: 6.7.1-6.fc44.fc44
O            0.18612276704074        3.08174590130154       -1.54183509971587
C           -0.49386514010554        2.23696314987341       -0.76027201951008
O           -0.55643809683521        2.41332842236791        0.42621145385980
H            0.44679217037894        2.72789349385892       -2.39876001563351
C           -1.19969322131763        1.07642346236167       -1.43170663323716
H           -0.49589810939037        0.59009319682943       -2.12911066096262
H           -2.01857432339383        1.46793747352176       -2.06076863268560
N           -1.68198563232283        0.20453895947479       -0.42204024308560
H           -1.64163047827470        0.58504202768886        0.49340673230432
C           -1.74360261319871       -1.14460676574755       -0.61816123305366
O           -1.60315783006633       -1.64681387182291       -1.71066353366609
C           -2.01825274982142       -1.94669784945425        0.64255122959485
H           -2.67666913291735       -1.35339613309005        1.29844631203768
N           -2.72098617599539       -3.19620870726650        0.36125032917082
H           -2.30350495321229       -3.66765927153629       -0.42813299499164
H           -3.68011043924726       -2.97011430464657        0.10727473347596
C           -0.66420782563088       -2.26507202447876        1.33733409960935
H           -0.19211374624875       -3.04965139254367        0.74325291257948
H           -0.87706328984540       -2.71040060288905        2.31363004482090
C            0.23954642134742       -1.07970755254390        1.47795793567922
C            0.22359201878825       -0.14883363427705        2.48378757535398
H           -0.30241874978637       -0.21208316013360        3.43200596945350
N            1.09309247194127        0.86801296761065        2.21590954458252
H            1.16853172114355        1.71510451965733        2.74981560054918
C            1.68672313866184        0.65046860091977        1.01356605685439
C            2.57420279998938        1.42066565072069        0.25872910560777
H            2.94155690285458        2.38680807998730        0.54363245241588
C            2.95540488884801        0.92301226707353       -0.96772738048016
H            3.67684383053605        1.46643673393020       -1.56244213902811
C            2.43854123510862       -0.27276355621905       -1.48645310101519
H            2.79211592684493       -0.52847528143632       -2.48196495037464
C            1.56860390729975       -1.03584387835712       -0.74458244496814
H            1.07679440997638       -1.93214101110064       -1.09557873469620
C            1.18944406778354       -0.58565552496094        0.52230928861975
34
 energy: -56.473529208183 gnorm: 0.031252758863 xtb: 6.7.1-6.fc44.fc44
O            0.22498777963931        3.07093715100147       -1.52782951521020
C           -0.49827270409585        2.25908895314167       -0.75282508026274
O           -0.58676319892020        2.45108866050169        0.42810819608588
H            0.38361877517826        2.70624118704156       -2.42214685926908
C           -1.17865826226898        1.08395141832213       -1.43916398735141
H           -0.47520898724089        0.57026888652895       -2.12153945493066
H           -1.99485171648141        1.47933685615118       -2.06557262976255
N           -1.67949434611636        0.20105729162694       -0.42921275534134
H           -1.64358078109735        0.58645132269002        0.51572899768421
C           -1.74085906854235       -1.14266054953732       -0.62704699872796
O           -1.60864138846652       -1.65921665605548       -1.71669230601725
C           -2.01174708064717       -1.94372993610559        0.64731056159228
H           -2.63550760464548       -1.34783350230627        1.32497707418735
N           -2.71486320586672       -3.18856930923354        0.37476838916151
H           -2.27279494414932       -3.63571891215184       -0.42462093178358
H           -3.67447519295535       -2.98234163619283        0.10751985392474
C           -0.65802292401765       -2.26881909084939        1.33284609028086
H           -0.16978036398361       -3.03966454972532        0.72973744458982
H           -0.87650083565596       -2.69702348004996        2.31462487312711
C            0.21227214489722       -1.06631302997990        1.46474872004674
C            0.21949452476791       -0.15250194142302        2.48242663952826
H           -0.31981936359984       -0.19623211174147        3.41500672911646
N            1.09580428847178        0.86133558557893        2.22572626844133
H            1.18444843808120        1.70511709807917        2.76805678596214
C            1.66778449831227        0.64450392329618        1.01083999946276
C            2.56698890311859        1.40649404118900        0.27205543146935
H            2.94804435190941        2.36694313771259        0.58375865048758
C            2.94577000729271        0.92299635809082       -0.96650820433128
H            3.65384940890507        1.48417758148254       -1.56084377210608
C            2.44881816640436       -0.28028575700256       -1.48524745976265
H            2.79119704860785       -0.57271803233290       -2.47350595641988
C            1.54603108838489       -1.03234634498309       -0.76349452721907
H            1.09339348104505       -1.94976988957078       -1.13465405975074
C            1.14507523466813       -0.57589433852005        0.49353535256310
34
 energy: -56.474907791936 gnorm: 0.023495865826 xtb: 6.7.1-6.fc44.fc44
O            0.20388962220961        3.07093801147897       -1.54167284509363
C           -0.48295117216209        2.26235706843116       -0.74459009610655
O           -0.62921276051310        2.49495737339183        0.42442280615523
H            0.37086025331786        2.71103755152085       -2.41741185031005
C           -1.15802542245179        1.08813399542759       -1.44020445281708
H           -0.44954933295706        0.55208145353078       -2.09816904776286
H           -1.96655939203728        1.48416284787827       -2.07387609125336
N           -1.68113728557106        0.19929365123605       -0.43354368386106
H           -1.64755760345793        0.57561414181174        0.50955437063937
C           -1.74174357205205       -1.13851746485372       -0.62569264335323
O           -1.61386145926185       -1.65991801188021       -1.71386896956089
C           -2.01285536405703       -1.94067952283962        0.65394249313859
H           -2.61249935794802       -1.33972965392911        1.34472816544577
N           -2.71058961058614       -3.18359340750716        0.37978855540336
H           -2.25746234473312       -3.62766189401323       -0.41726643974449
H           -3.67010846278586       -2.99388152706699        0.10268363752899
C           -0.65621069879965       -2.26665010671547        1.32954090101894
H           -0.15275858434364       -3.02256889199530        0.71989295059583
H           -0.87347362312453       -2.69377379982950        2.30869259931520
C            0.20267273861556       -1.05852231708731        1.46072463807853
C            0.21459177173932       -0.15704117849381        2.48355201589068
H           -0.33667315959484       -0.18274251144578        3.40525234384719
N            1.09856961369246        0.85285003119495        2.22683414346132
H            1.19970669934580        1.69251223357400        2.77546176762710
C            1.65545223708166        0.64104604077438        1.00125903124585
C            2.56261610813112        1.39563238459392        0.27307102688232
H            2.95544021770577        2.34993141260309        0.60894258116518
C            2.94111477041694        0.91951512566102       -0.96853301308643
H            3.63969376426105        1.49237782638841       -1.56226593368235
C            2.44561093170638       -0.28209833383886       -1.48171382040673
H            2.78013451911601       -0.60495490037963       -2.46113161207036
C            1.53368333070624       -1.03081909506583       -0.77077649314674
H            1.11333688010122       -1.96084039633737       -1.15620555647043
C            1.12359191922300       -0.57009775154451        0.47945008075181
34
 energy: -56.475482872991 gnorm: 0.022123455094 xtb: 6.7.1-6.fc44.fc44
O            0.25710066996114        3.06271426997345       -1.53118809736105
C           -0.49847609471798        2.28246115380999       -0.74316764558270
O           -0.65411739967652        2.51990805218875        0.42253201309748
H            0.34488574659853        2.69875854087614       -2.43361705009630
C           -1.15535561645334        1.09397803903246       -1.43642759248447
H           -0.44157544608898        0.55338855491549       -2.07568867670079
H           -1.96055125879526        1.48672213397338       -2.07509931526403
N           -1.68736532784702        0.19919286353168       -0.43600256727075
H           -1.66116256086156        0.56829961828156        0.50019482667508
C           -1.74256092255648       -1.13667765101297       -0.62199169708275
O           -1.61158385225015       -1.65793232024359       -1.71143704036616
C           -2.01543612963440       -1.94230057769112        0.65496443371522
H           -2.60791604275391       -1.33925968109095        1.34842525156914
N           -2.70830140017157       -3.18511678102182        0.37920763418305
H           -2.25113696359336       -3.63527947986757       -0.41022253039606
H           -3.66612096257006       -3.00359526607548        0.09523635181777
C           -0.65654346307238       -2.26662051453038        1.32478132611422
H           -0.14330596701657       -3.01154078779036        0.71254133179162
H           -0.86819880666495       -2.70100662311222        2.29948219017631
C            0.20077858578973       -1.05477089058707        1.46108333002722
C            0.21320663194597       -0.15704603396512        2.48752714341193
H           -0.34407823892347       -0.17091051597547        3.40416987509293
N            1.10046184446557        0.85108773736707        2.22318757995210
H            1.20995096252751        1.68704576979688        2.77397251169216
C            1.65110112142192        0.64182850003179        0.99264187797161
C            2.56192604114837        1.39327789285130        0.26882279660883
H            2.96095556476419        2.34041705156029        0.62151745008277
C            2.93993508223880        0.91919332538551       -0.97135247107092
H            3.63690767374716        1.49383821984707       -1.56374093731874
C            2.43906444601803       -0.28194232379737       -1.47775605413724
H            2.76902327463223       -0.62144888243513       -2.45055286659311
C            1.53051948599188       -1.03123882737393       -0.76883363683058
H            1.12640454080614       -1.96049629134406       -1.16170872107191
C            1.11930095252381       -0.56657789083468        0.47937053511307
34
 energy: -56.475874944572 gnorm: 0.011314987395 xtb: 6.7.1-6.fc44.fc44
O            0.24418993068337        3.06723828475032       -1.53439530453857
C           -0.49886739708865        2.28152060888908       -0.74555387914770
O           -0.65659074395665        2.52295848793307        0.41758719648422
H            0.35886853904824        2.70837908178037       -2.42306338463879
C           -1.15568178817058        1.09281966641604       -1.43395137349810
H           -0.44002411941120        0.55314032958021       -2.06803794576512
H           -1.95980238164641        1.48105510225043       -2.07746374456901
N           -1.68897046326665        0.19962484949168       -0.43584542690296
H           -1.67278896800769        0.57586605019910        0.50536463462839
C           -1.74460510615321       -1.13851202378247       -0.62131333494434
O           -1.60711575817505       -1.65902335329004       -1.71107023125074
C           -2.01795334831805       -1.94497581542293        0.65238238796127
H           -2.61770765358185       -1.34366563694331        1.34159704619486
N           -2.71083246752429       -3.18858465146547        0.37942510389607
H           -2.25112972563877       -3.64288011843183       -0.40569859570908
H           -3.66691493739736       -3.00490661678440        0.09285512953951
C           -0.65868672318845       -2.26793023681831        1.32243754862843
H           -0.14678651823592       -3.01193880176141        0.70997006139312
H           -0.86645830101068       -2.70854758831551        2.29606695947943
C            0.20042961572163       -1.05535275799956        1.46268519413677
C            0.21425746914840       -0.15199679285383        2.48778685049113
H           -0.34162205709061       -0.16414612645023        3.40584631113770
N            1.10118592971278        0.85519380312347        2.21958430960208
H            1.21298497034168        1.69003274134540        2.76948252271842
C            1.65499251258782        0.64259867244836        0.99204270424401
C            2.56617919489576        1.39478011540410        0.26598208687350
H            2.96450875655916        2.33855028751881        0.62170047460727
C            2.94232063107905        0.91957376362115       -0.97320770337226
H            3.64347397447508        1.48851701253718       -1.56527321424973
C            2.43819700719657       -0.28337011768736       -1.47799439500834
H            2.76822040918397       -0.62219150738662       -2.44999784407535
C            1.53199812477039       -1.03296227595802       -0.76549624405551
H            1.12513300674507       -1.95504563208054       -1.15854127020427
C            1.12333455664610       -0.56746841918340        0.48497892937864
34
 energy: -56.476022754783 gnorm: 0.007494769329 xtb: 6.7.1-6.fc44.fc44
O            0.24122343379270        3.06424946599097       -1.53109927141576
C           -0.49278397895779        2.27783377957925       -0.74257597563841
O           -0.65517952349773        2.52504370694547        0.41817050529306
H            0.34345771343556        2.71544251770232       -2.42836216942803
C           -1.15350407765345        1.09438044816307       -1.43033589789012
H           -0.43584806346220        0.54905476689805       -2.05650685245696
H           -1.95548617409399        1.47632698101737       -2.08093952247827
N           -1.69139016580548        0.20240841275442       -0.43389614288511
H           -1.68622375932408        0.58249011936880        0.50688798266599
C           -1.74648233450715       -1.13747587356190       -0.62053266513410
O           -1.60422910533716       -1.65596615861867       -1.70913221718863
C           -2.02010050567261       -1.94483516851016        0.65137068204561
H           -2.62540545987822       -1.34573042171275        1.33882723007643
N           -2.71162401353095       -3.18980118923229        0.37957713981506
H           -2.24763244552547       -3.65148452805302       -0.39878846758038
H           -3.66613331287224       -3.00645787456951        0.08755093037103
C           -0.65989070078732       -2.26584705526049        1.32089755488305
H           -0.14915795820703       -3.00707341633807        0.70468160089488
H           -0.86506384116306       -2.71463123993818        2.29259244008318
C            0.20089430061660       -1.05607240894919        1.46494540089542
C            0.21154799938663       -0.14767357642720        2.48401684228437
H           -0.34523275581852       -0.15553914599240        3.40205832396947
N            1.09990215853629        0.85782032599478        2.21581737018800
H            1.21611489596056        1.69066548170125        2.76694657337614
C            1.65801976679607        0.64184635967609        0.99203700465301
C            2.57081147348332        1.39413936598157        0.26464254330384
H            2.96889275039841        2.33342256686637        0.62824949918448
C            2.94586325809587        0.91902263685193       -0.97422859395133
H            3.65001588541118        1.48352406770125       -1.56682103545540
C            2.43760875011694       -0.28238166770113       -1.47888423821792
H            2.76618439340737       -0.62341863972652       -2.44994321117830
C            1.53283021859833       -1.03323168011894       -0.76400922790408
H            1.13052565982381       -1.95270179544649       -1.16034698206555
C            1.12521168916785       -0.56899877836255        0.48800440635027
34
 energy: -56.476116560060 gnorm: 0.005049345452 xtb: 6.7.1-6.fc44.fc44
O            0.24819120758900        3.05892262062602       -1.52800008427011
C           -0.49894572108017        2.28137882596545       -0.74094263462311
O           -0.66605233611528        2.53428152899841        0.41788155489947
H            0.34509988638267        2.71527199097621       -2.42473345596897
C           -1.15266359750555        1.09392669397304       -1.42769966886223
H           -0.43092372848586        0.54193926689142       -2.04308901093713
H           -1.95065109046519        1.47024090385305       -2.08614119634670
N           -1.69630009540404        0.20406699469464       -0.43225635575423
H           -1.70160982160181        0.58699489580918        0.50592673764121
C           -1.74802841578515       -1.13646948638240       -0.61825280848296
O           -1.59961163573438       -1.65440922181756       -1.70635368200946
C           -2.02250715560746       -1.94387834249585        0.65277987520198
H           -2.63090309299939       -1.34660227966006        1.34034214079947
N           -2.71211884972950       -3.19026445326300        0.38118004166417
H           -2.24216753137604       -3.65825636929270       -0.39052222745426
H           -3.66433793705915       -3.00780327031928        0.08089401693303
C           -0.66115500685805       -2.26399679373021        1.31968259296736
H           -0.15124052696901       -3.00147068977075        0.69806911742826
H           -0.86334542286896       -2.71972576333934        2.28977647026403
C            0.19836066083877       -1.05417798448381        1.46365582553961
C            0.20957128336686       -0.14406332730261        2.48184290234755
H           -0.34660207628479       -0.14851883739285        3.39968084785281
N            1.09805166525371        0.86051907957453        2.21175383752666
H            1.22120703423882        1.69028547908307        2.76562682606937
C            1.65891422141973        0.64125433075571        0.99006383677095
C            2.57413022269991        1.39302527990592        0.26322495973777
H            2.97217802537559        2.32640898273749        0.63774560583823
C            2.94891301876489        0.91876220551397       -0.97556274396659
H            3.65504921791460        1.48065366223109       -1.56878154026676
C            2.43708642053560       -0.28062008863379       -1.48106676771018
H            2.76326071964600       -0.62395433980395       -2.45160025592128
C            1.53353328744199       -1.03329476455024       -0.76490589807582
H            1.13900045757594       -1.95247073680595       -1.16624469386287
C            1.12435288381874       -0.56960560787138        0.48689739449565
34
 energy: -56.476156833218 gnorm: 0.002970859543 xtb: 6.7.1-6.fc44.fc44
O            0.25328523979766        3.05467882908721       -1.52452209852304
C           -0.49995584376495        2.28020623216088       -0.73975062882968
O           -0.66848871681694        2.53467685356320        0.41852048311271
H            0.34291802630982        2.71360997401538       -2.42413571987982
C           -1.15334080006663        1.09218541157250       -1.42650820835931
H           -0.42880588880048        0.53616656819928       -2.03578516565298
H           -1.94714513685623        1.46758614529718       -2.08955308322157
N           -1.70088154407638        0.20503699004199       -0.43088134224202
H           -1.71060141217282        0.58831308786206        0.50594730117050
C           -1.74962208063305       -1.13547988303449       -0.61642802372281
O           -1.59598232670426       -1.65317815571229       -1.70434192556956
C           -2.02416097200228       -1.94277814012269        0.65450508587195
H           -2.63261508306102       -1.34646826646929        1.34338942502314
N           -2.71381220175692       -3.18961768938319        0.38324926626269
H           -2.24020488657533       -3.65938530542990       -0.38463238100083
H           -3.66361703920064       -3.00629206594708        0.07579222940130
C           -0.66161457828947       -2.26278942614868        1.31841267381272
H           -0.15341526496429       -2.99924743059390        0.69377389352124
H           -0.86172192405110       -2.71943729613688        2.28869200927891
C            0.19722180496498       -1.05244779325403        1.46127828043609
C            0.20817651070816       -0.14219069997261        2.47956384532371
H           -0.34912879290524       -0.14589842553607        3.39699064972880
N            1.09666144714013        0.86216287018549        2.20933002124780
H            1.22457392770253        1.68966651600397        2.76562974273333
C            1.65913213724456        0.64090861435176        0.98851357243701
C            2.57545084741739        1.39264207679421        0.26313304640055
H            2.97219778237609        2.32208984019380        0.64510578449963
C            2.95080699544120        0.91947731473637       -0.97581765791055
H            3.65731165990012        1.48137328186809       -1.56930585341459
C            2.43825088085487       -0.27929151449807       -1.48246650314378
H            2.76232318038923       -0.62087622998002       -2.45450269066935
C            1.53536749913241       -1.03347738067470       -0.76610704709795
H            1.14443072536398       -1.95320927776013       -1.17084033594859
C            1.12474199888792       -0.57036524060587        0.48462291438923
34
 energy: -56.476177109544 gnorm: 0.002148164684 xtb: 6.7.1-6.fc44.fc44
O            0.25534106925312        3.05093822837570       -1.52321175957541
C           -0.50067753403432        2.27813675940792       -0.73885338837319
O           -0.66900090246117        2.53285406661128        0.41948116477686
H            0.34473314726311        2.70908908997430       -2.42246587364954
C           -1.15467555100313        1.08976036971706       -1.42566610605633
H           -0.42813331671650        0.53181559297259       -2.03137570107885
H           -1.94487366815718        1.46562582300166       -2.09217566830213
N           -1.70501722417873        0.20579377948463       -0.42931729238840
H           -1.71658704784837        0.58946278507576        0.50700991638566
C           -1.75055081204983       -1.13463558976026       -0.61427550198383
O           -1.59451463281849       -1.65204674855730       -1.70166953460812
C           -2.02528045553560       -1.94173226589473        0.65657385374613
H           -2.63202219661177       -1.34543049451627        1.34685403639470
N           -2.71630377829033       -3.18819206139182        0.38520402108516
H           -2.23995501566939       -3.65971962962671       -0.37969122543699
H           -3.66386224982823       -3.00306927953164        0.07179581448437
C           -0.66167853795713       -2.26230499111265        1.31772947853937
H           -0.15534817187606       -2.99904796192383        0.69175961085474
H           -0.86003019534234       -2.71736567983209        2.28880687898748
C            0.19775301234165       -1.05211464268068        1.45861991700524
C            0.20660017114876       -0.14175545255877        2.47602089763219
H           -0.35243976169525       -0.14625176451662        3.39275986123309
N            1.09517035450278        0.86273396101679        2.20699837038080
H            1.22615557508133        1.68840757954434        2.76534168244730
C            1.65945758277106        0.64059109153838        0.98717899080769
C            2.57663600446798        1.39251914082642        0.26370146235153
H            2.97164550409936        2.31915545934238        0.65120737742511
C            2.95262847884021        0.92059904399743       -0.97555064616394
H            3.65878518512795        1.48353914335520       -1.56872403817500
C            2.44015232026819       -0.27732100608792       -1.48391808618349
H            2.76377990451406       -0.61534616549121       -2.45755642423406
C            1.53721873518230       -1.03269014445789       -0.76836079025022
H            1.14674153935160       -1.95257616080509       -1.17536457501470
C            1.12588863879338       -0.57107149082293        0.48200483640170
34
 energy: -56.476187180052 gnorm: 0.001935404409 xtb: 6.7.1-6.fc44.fc44
O            0.25523617215128        3.04836559074739       -1.52344218884076
C           -0.49985016083856        2.27565919085947       -0.73831971169395
O           -0.66762392817190        2.53018951558114        0.42014647617797
H            0.34588653691281        2.70436144319438       -2.42215268482032
C           -1.15569381294923        1.08788396774247       -1.42509462339726
H           -0.42837248067300        0.52911151233444       -2.02915920619354
H           -1.94340869535579        1.46497200006444       -2.09379065921498
N           -1.70857496955400        0.20655211102480       -0.42841289847687
H           -1.71947669987216        0.59049154776958        0.50797765288460
C           -1.75203684703678       -1.13401037796364       -0.61264979417785
O           -1.59283998770750       -1.65216295924452       -1.69961979269762
C           -2.02656430175503       -1.94116149228035        0.65811167901439
H           -2.63106509335711       -1.34453723173205        1.34957264180401
N           -2.71919712223242       -3.18679187054101        0.38687306364662
H           -2.24110473018174       -3.66035660600786       -0.37571428973985
H           -3.66506442491920       -3.00000100095339        0.06943317086118
C           -0.66217580819349       -2.26290681088186        1.31693850894337
H           -0.15691687650879       -3.00017492075642        0.69081781861011
H           -0.85882926581988       -2.71599998567860        2.28888864823204
C            0.19751396429070       -1.05209744727265        1.45564592763770
C            0.20667405349383       -0.14231991542750        2.47440155478488
H           -0.35310621298764       -0.14818779322768        3.39050716618906
N            1.09430652396059        0.86289245343665        2.20540593808052
H            1.22715494128166        1.68727794201971        2.76506084212029
C            1.65945858115243        0.64067043397127        0.98599863657801
C            2.57762327176402        1.39285982091261        0.26440926862488
H            2.97157709458049        2.31762544158971        0.65596690174076
C            2.95423396305442        0.92209442345939       -0.97503194289027
H            3.66056204533202        1.48594532562900       -1.56696119225531
C            2.44194210511056       -0.27517563578588       -1.48499090510442
H            2.76636663686588       -0.61029054901548       -2.45952239348917
C            1.53836746221979       -1.03115107509701       -0.77089856263234
H            1.14647302434510       -1.95035329528230       -1.17920250935059
C            1.12626121253168       -0.57092336851483        0.47967901850963
34
 energy: -56.476180119144 gnorm: 0.003769105615 xtb: 6.7.1-6.fc44.fc44
O            0.25509117805022        3.04457521045401       -1.52376624249590
C           -0.49862021270966        2.27200273638096       -0.73752417694399
O           -0.66558728926397        2.52625588477634        0.42113567945041
H            0.34753943612740        2.69741432565506       -2.42170901032847
C           -1.15719083082139        1.08512031407978       -1.42425255742369
H           -0.42871402661572        0.52513163538546       -2.02589196063878
H           -1.94124186009118        1.46401455335447       -2.09616885212428
N           -1.71380363365060        0.20766618946057       -0.42707934011643
H           -1.72372986181611        0.59199629667234        0.50940447445642
C           -1.75422884624090       -1.13308756930192       -0.61025741692238
O           -1.59034219101775       -1.65234267697867       -1.69660670766158
C           -2.02846255954530       -1.94031684482062        0.66037388618567
H           -2.62967098861487       -1.34322108068182        1.35356911394506
N           -2.72344658805323       -3.18473549508867        0.38931510294452
H           -2.24277547248209       -3.66127597570525       -0.36988425740121
H           -3.66682524084381       -2.99549514903375        0.06593561654168
C           -0.66292269036185       -2.26379001177634        1.31578044399248
H           -0.15923776679338       -3.00183113541924        0.68944024529030
H           -0.85707647642197       -2.71397347686899        2.28901870032451
C            0.19713509758306       -1.05205221103477        1.45125622107080
C            0.20679462180594       -0.14314164003963        2.47204195179067
H           -0.35405626114324       -0.15103987271369        3.38722178067147
N            1.09303234798866        0.86314278333624        2.20306128151714
H            1.22862998673330        1.68563213228268        2.76464609235812
C            1.65945551964241        0.64079066711158        0.98425886868077
C            2.57907087644375        1.39335812284960        0.26544869879264
H            2.97146895514373        2.31536856301511        0.66296030905842
C            2.95658819395658        0.92428786963656       -0.97427203950564
H            3.66315759561205        1.48948525500560       -1.56437885415164
C            2.44457902089419       -0.27203037882007       -1.48656838129646
H            2.77016699637007       -0.60285034432910       -2.46241999978146
C            1.54006450536545       -1.02890015939236       -0.77462471004356
H            1.14609038632529       -1.94710161206513       -1.18484499831584
C            1.12680424937794       -0.57070652071291        0.47625259754519
34
 energy: -56.476192191496 gnorm: 0.001740192897 xtb: 6.7.1-6.fc44.fc44
O            0.25465146411004        3.04600823862080       -1.52463263958582
C           -0.49928419473062        2.27349010956866       -0.73838126379374
O           -0.66599781759890        2.52750224415327        0.42034336093062
H            0.34870150814904        2.69835038211175       -2.42156256162379
C           -1.15683893744577        1.08608473333081       -1.42460200429536
H           -0.42945786919584        0.52660226471101       -2.02771788348591
H           -1.94258467587018        1.46453932063269       -2.09506556955242
N           -1.71260013370624        0.20737344309821       -0.42767953601058
H           -1.72144390264833        0.59170795535717        0.50894060982838
C           -1.75348525622225       -1.13354503623108       -0.61109511788714
O           -1.59283394828824       -1.65208835701448       -1.69746202808002
C           -2.02747470392875       -1.94086816023141        0.65969610272235
H           -2.62891471969540       -1.34357051192969        1.35268842974810
N           -2.72280002882523       -3.18502082360757        0.38933224843763
H           -2.24371418643798       -3.66162686279964       -0.37065705138014
H           -3.66696092680375       -2.99619515651212        0.06829250195137
C           -0.66199866648466       -2.26391301332744        1.31574837712611
H           -0.15787542529056       -3.00190793645167        0.68975192767471
H           -0.85696474177762       -2.71509507535135        2.28857046162799
C            0.19845636625816       -1.05310298135659        1.45293690803833
C            0.20650918366265       -0.14368210655401        2.47188950694383
H           -0.35494519915971       -0.15061524021975        3.38696967862263
N            1.09369924989462        0.86202122649251        2.20400906014964
H            1.22785911479084        1.68516855826760        2.76494942693217
C            1.65954484989797        0.64066262069114        0.98491440893329
C            2.57875884869714        1.39345335172410        0.26539431614459
H            2.97178019450341        2.31659498946755        0.66130305031570
C            2.95625058700088        0.92417450028067       -0.97421064340053
H            3.66325660697194        1.48891874891978       -1.56414338073415
C            2.44382612157448       -0.27227425768201       -1.48607912822497
H            2.76978955708381       -0.60490547737837       -2.46120164604708
C            1.53914163606554       -1.02862618831934       -0.77415650044982
H            1.14491643045883       -1.94672779775275       -1.18349947826248
C            1.12676978592368       -0.57053732003497        0.47728761615147
34
 energy: -56.476196124846 gnorm: 0.000749772219 xtb: 6.7.1-6.fc44.fc44
O            0.25418990216851        3.04770471036119       -1.52593186974439
C           -0.49961585921434        2.27517633803928       -0.73963955230092
O           -0.66679321137508        2.52948180230293        0.41898330126341
H            0.34935391174976        2.70003850165796       -2.42252603806798
C           -1.15604384914931        1.08765653114383       -1.42556048520427
H           -0.43055662904284        0.52806588657358       -2.03055726131052
H           -1.94414703258262        1.46557198590358       -2.09398073562179
N           -1.71167438283978        0.20713872834978       -0.42935233577731
H           -1.71862439432941        0.59139551698862        0.50733201725708
C           -1.75337641078894       -1.13413431152418       -0.61254861244856
O           -1.59534699988305       -1.65260437214001       -1.69907206837900
C           -2.02672376554212       -1.94129169524000        0.65874435869515
H           -2.62854635790353       -1.34357942353256        1.35149656826267
N           -2.72225054213371       -3.18531616673783        0.39002323765475
H           -2.24534302920987       -3.66313547537495       -0.37066107120161
H           -3.66773306967740       -2.99741565041192        0.07242276596299
C           -0.66126863267060       -2.26420723168134        1.31507607055177
H           -0.15643855068363       -3.00141632845554        0.68852641622193
H           -0.85677140732928       -2.71830806612615        2.28692058097738
C            0.19864574724641       -1.05378971980810        1.45431823948190
C            0.20766130715479       -0.14506806358865        2.47372285860712
H           -0.35265348462870       -0.15118728167979        3.38914884489201
N            1.09480183406836        0.86063629825113        2.20582266536303
H            1.22717544883389        1.68465990541113        2.76597721233181
C            1.65948497671631        0.64064901925013        0.98597716267150
C            2.57860336711866        1.39368263482685        0.26565965243463
H            2.97270356340329        2.31840101576689        0.65958312588362
C            2.95622067932173        0.92418583332408       -0.97364928928416
H            3.66423457290957        1.48786853222865       -1.56336945023513
C            2.44259966064612       -0.27196384234301       -1.48537985054721
H            2.76910609313717       -0.60766075157243       -2.45919868348920
C            1.53763341322687       -1.02770102876826       -0.77378200738070
H            1.14339211848130       -1.94555804630640       -1.18208122361861
C            1.12583718373451       -0.56962540041505        0.47842701556359
