34
 energy: -56.049613922913 gnorm: 0.816021635076 xtb: 6.7.1-6.fc44.fc44
O           -0.70945199474990        2.07445025976729        0.14399308392659
C           -0.43803406591664        1.68799641503792       -1.14039136678811
O            0.21116527475007        2.50331581521069       -1.78891858446323
H           -1.39090166541876        1.53284449697250        0.13996665683391
C           -1.20884663030167        0.81855644111397       -1.90834842268394
H           -0.83595040934884        0.70600406459509       -3.03266428324937
H           -2.35194332409801        1.45916086809008       -1.87728755751543
N           -1.24469477413111       -0.26007940861637       -1.26696699718226
H           -0.83406214363934       -1.11465578035818       -1.64942183678978
C           -2.03150618275682       -0.84543734487277       -0.00848808570859
O           -2.46826506270765        0.12925214959259        0.51938731856442
C           -2.01174005459503       -2.27525888311118        0.32305298757485
H           -2.74939656808931       -2.24657278118950        1.10139044723663
N           -2.30789410428200       -2.91403198062759       -0.86379870672600
H           -3.08117307377977       -2.91402960985579       -1.38342068048276
H           -2.19921174662562       -3.89261203649101       -0.58493931409344
C           -0.66742289610091       -2.51436176649673        0.97721424464057
H           -0.04459197740062       -2.94942256892323        0.31760975730441
H           -0.66475350828256       -2.99927453212236        1.78072556429615
C            0.05009712198557       -1.26659831160931        1.22715701149690
C           -0.01264668657633       -0.42711122805998        2.28931056048380
H           -0.72619248068214       -0.53920102093733        3.42347880364724
N            0.91859372633218        0.60157933710248        2.29221149483405
H            1.06116153925805        1.44117272281945        2.98475676867364
C            1.80686772273838        0.43706077832286        1.18689889693523
C            2.48045973918853        1.29082025289600        0.65810643183735
H            2.88689198333923        2.35258875223214        1.23474442292507
C            3.11570205635529        1.19991769560789       -0.50271780840054
H            3.77272928600623        1.92016786738217       -1.05469673117696
C            2.81417969495893       -0.14100985345732       -1.24766906233830
H            3.30195207557029       -0.20797531719875       -2.14688387369051
C            1.86609044639813       -1.04186889059723       -0.92634929265659
H            1.44800726829191       -1.73688164963744       -1.30009954542512
C            1.14087530615585       -0.58898520871728        0.52802723848436
34
 energy: -56.320937467865 gnorm: 0.379188882108 xtb: 6.7.1-6.fc44.fc44
O           -0.68002580422491        2.07606246327410        0.13586547637915
C           -0.43504255442144        1.75848803578892       -1.16054880344955
O            0.25398398300687        2.52696064711831       -1.79796602399308
H           -1.42634229397779        1.51403737638022        0.16824405606621
C           -1.23585825822515        0.82542671297002       -1.91536464483053
H           -0.85417906964324        0.71878490348971       -3.00396304980721
H           -2.33073630709224        1.43680785748314       -1.89177633361700
N           -1.25545819160728       -0.34213981343886       -1.24839448224661
H           -0.83016292812428       -1.14496602707194       -1.65957703890326
C           -2.02089316162748       -0.79589161792590       -0.02898872550849
O           -2.50086807207918        0.14239264729338        0.54623302446418
C           -2.01391135360829       -2.23537502994129        0.31807394372564
H           -2.76359717378412       -2.25282271676330        1.10991955206118
N           -2.28192859158917       -2.94318950864646       -0.86434102699303
H           -3.10668114966740       -2.90546628282496       -1.39414432809981
H           -2.19322712856587       -3.91353777684510       -0.59179535007722
C           -0.65745956709038       -2.49085897771953        0.95624732151353
H           -0.02453126218810       -2.97349248365239        0.27938254114884
H           -0.67839433440342       -3.02855363673221        1.83126309213769
C            0.07293809215036       -1.23419741943088        1.23810758709574
C           -0.01730105220913       -0.41396803376768        2.33576098163428
H           -0.69899104685206       -0.53338757378261        3.36948837668981
N            0.91009715982457        0.59776890888924        2.31927064846163
H            1.05078797792430        1.41313577656315        2.97381440038891
C            1.74478799263501        0.42501337922205        1.20479095852883
C            2.53011626479210        1.34379579212212        0.65434355860957
H            2.86917410497032        2.33019851190115        1.22780207230408
C            3.13016014590516        1.18138809815424       -0.53380696894157
H            3.76708008584830        1.90313906309383       -1.05299016736287
C            2.81121104897429       -0.10224768577971       -1.23675451548264
H            3.31234238624586       -0.21275894431725       -2.16148522192512
C            1.86486062746900       -0.97985048044281       -0.86491709436709
H            1.42458430954768       -1.78419085529892       -1.31369329815206
C            1.15955901353270       -0.62698556549799        0.49686902287207
34
 energy: -56.447168059138 gnorm: 0.126761783169 xtb: 6.7.1-6.fc44.fc44
O           -0.67041000819137        2.06743697272759        0.11725989725495
C           -0.42829305946170        1.82637407380043       -1.18008297293370
O            0.29899498322714        2.54672189960718       -1.80981726215906
H           -1.45272444041586        1.49769238020928        0.21420530502848
C           -1.27675982730960        0.83442915479883       -1.90497795514523
H           -0.88565394281614        0.72468631301320       -2.94831245648250
H           -2.28850168306850        1.38110788854405       -1.90874650987499
N           -1.28886132089966       -0.40489402359178       -1.22277032253687
H           -0.82952218543424       -1.16686140986543       -1.66990088461178
C           -1.99419952385850       -0.73414438625542       -0.07900351464231
O           -2.52688430372464        0.15887259965589        0.55544805595664
C           -2.01322303885609       -2.18696219612283        0.30757216512020
H           -2.77527846848949       -2.25752674494139        1.10815188401920
N           -2.25114026863959       -2.97516490366269       -0.86745738023240
H           -3.11817486175708       -2.88587134548921       -1.38332816526421
H           -2.18814812400167       -3.94060279590690       -0.59689546431170
C           -0.64059822072909       -2.46611835077749        0.94124460561118
H           -0.01408861798368       -3.00124745292786        0.25103868233759
H           -0.69627861091102       -3.04198230787911        1.84778374391902
C            0.11227981271396       -1.20286628552067        1.25016678645685
C           -0.01447029477320       -0.40753251435270        2.37871653671991
H           -0.64929659635520       -0.52275090303951        3.27520421306450
N            0.91211586216526        0.59562067878569        2.33375804970512
H            1.03781302053927        1.37804036239668        2.95987772200984
C            1.68860702168624        0.44473336810091        1.20909410152028
C            2.56650887814645        1.38411208376373        0.67079452688888
H            2.84234754795602        2.28434298683118        1.21041103403953
C            3.12325482143135        1.14258819940811       -0.55188506168097
H            3.75647162486486        1.87381947018932       -1.04016018150600
C            2.79344377118287       -0.06877192760826       -1.22534778691420
H            3.30845267634484       -0.22622855914093       -2.16654137833429
C            1.83312354094479       -0.93399497605557       -0.79040468122596
H            1.43221215072338       -1.79080045900744       -1.30265787233876
C            1.19297557759548       -0.64673714582313        0.46253208086693
34
 energy: -56.470704947403 gnorm: 0.072618285008 xtb: 6.7.1-6.fc44.fc44
O           -0.67213684013076        2.06778520612657        0.10608896311117
C           -0.42437593172013        1.87975439030339       -1.18992379978893
O            0.35083556923842        2.56345092472611       -1.80968751828258
H           -1.46139184843725        1.48585784180814        0.27129444321073
C           -1.29156898131645        0.84692330091601       -1.89619562562480
H           -0.91909708154866        0.72628302171166       -2.91258621658432
H           -2.27929003838007        1.29636717832402       -1.93149773882458
N           -1.31449376283485       -0.42962796991500       -1.21870484718972
H           -0.83596204818011       -1.18380518984720       -1.68100288812290
C           -1.99041389401192       -0.69179655564108       -0.11236171857837
O           -2.54914693167272        0.18223040127132        0.54492628274643
C           -2.00641153243858       -2.15228128340579        0.30181725961862
H           -2.77976320291933       -2.24783091473892        1.09235816120911
N           -2.22212841994710       -2.98897002178360       -0.86471778329907
H           -3.11128641695524       -2.86171606267386       -1.35543780649257
H           -2.17999790027041       -3.96158914552214       -0.59214785723270
C           -0.62464247176766       -2.45472497492415        0.93162296387981
H           -0.01800318673291       -3.02581540103947        0.22707361893318
H           -0.71484307472114       -3.05313265349235        1.84560959467219
C            0.15048705084824       -1.20287621571154        1.26086337749818
C            0.01198290335094       -0.42173863621105        2.38826704137547
H           -0.64649272846578       -0.52284784381822        3.21069977010730
N            0.92372260563116        0.59263131727847        2.34275057823890
H            1.02095118159241        1.36319623936404        2.97429944202377
C            1.66354185536917        0.47849279147219        1.20737404697059
C            2.57685572986525        1.40914962321316        0.67411179390605
H            2.83103138415415        2.29607729286499        1.21460623538227
C            3.11480552109253        1.11764990119518       -0.55935450191902
H            3.76969720854645        1.83525052187057       -1.02998123148569
C            2.77058756694640       -0.05507156997728       -1.23293446463797
H            3.27994283255760       -0.24395795317546       -2.17718190794278
C            1.81088097545579       -0.91950358556121       -0.75425917170356
H            1.44902646798286       -1.80162022738808       -1.29889903630013
C            1.21319133166530       -0.64267400375569        0.46808008145004
34
 energy: -56.476825557875 gnorm: 0.041764076918 xtb: 6.7.1-6.fc44.fc44
O           -0.68683421405998        2.07357496956694        0.09888629889483
C           -0.42586740471437        1.91117959663470       -1.19444388202397
O            0.37236113870543        2.58168357334311       -1.79740561086790
H           -1.46588311729885        1.47853553442598        0.31048184496115
C           -1.28131966793906        0.85325006789094       -1.90461534680842
H           -0.90935651700253        0.72955855616007       -2.91442478526732
H           -2.31288683908673        1.24509512642359       -1.95268249938807
N           -1.31249033875898       -0.43707472797948       -1.23957219607385
H           -0.83791592834073       -1.19982458951102       -1.69735811516881
C           -1.99420294091598       -0.67082568519785       -0.11243736956518
O           -2.55594531433081        0.20722358614590        0.53530432723423
C           -1.99907793300679       -2.13412039397178        0.31113694067713
H           -2.78025686826808       -2.23679791913477        1.08841855484190
N           -2.20089763910085       -2.98499308218449       -0.85350701259158
H           -3.09698431821712       -2.83822935931688       -1.32387167772780
H           -2.16739811417932       -3.96343521133079       -0.58319034632862
C           -0.61221126863565       -2.45434447239730        0.93075245735518
H           -0.02847829344421       -3.04002493844851        0.21011955173197
H           -0.72377002394246       -3.06539607431520        1.83793497873812
C            0.17859366286285       -1.21841014527307        1.27408927661801
C            0.03936476991127       -0.44118623820964        2.39177997589578
H           -0.69014826569047       -0.53533418720685        3.19124551952914
N            0.93177419828129        0.58986924708939        2.35375689545024
H            1.00117663773706        1.35278309051642        3.00322258295655
C            1.65526495085498        0.50636267091104        1.20436611691699
C            2.57380930637246        1.41956874330526        0.66897056694054
H            2.82560609750417        2.31738454812922        1.20920322081417
C            3.11354891015591        1.10722636657162       -0.56093044583478
H            3.80193220438801        1.79894546890322       -1.02193854511667
C            2.75100034092417       -0.05280594427362       -1.25166178775512
H            3.24007702265040       -0.25068646634982       -2.20006774771255
C            1.80422438851162       -0.92228433926046       -0.75323883392499
H            1.46536410691859       -1.80979396102605       -1.30141181502015
C            1.22392116300038       -0.63715366676612        0.48805844794388
34
 energy: -56.479151687196 gnorm: 0.029712763450 xtb: 6.7.1-6.fc44.fc44
O           -0.71539998507622        2.08582010847764        0.08495781672554
C           -0.43312671994080        1.93235305703697       -1.19777123985830
O            0.38332217830340        2.58834057999837       -1.78386882134995
H           -1.48408416225855        1.48318946161775        0.34270536227608
C           -1.27941656229161        0.85876839051218       -1.91675984825295
H           -0.89378254254163        0.73236527962056       -2.92487395890593
H           -2.30946892769379        1.24608082563518       -1.96262996002845
N           -1.31981712069969       -0.44129657084071       -1.26182412733082
H           -0.85208952354257       -1.21482452035571       -1.70750165327131
C           -1.99084180581651       -0.66665407696569       -0.12382832102467
O           -2.54793820114934        0.21906317280943        0.51244475314165
C           -1.98807012861375       -2.12814419363472        0.31504862490083
H           -2.77535259626981       -2.23043045443073        1.07964405773764
N           -2.18076207425426       -2.98620650381323       -0.84807370964735
H           -3.08367461864817       -2.81982543526194       -1.29408612345963
H           -2.15848106756480       -3.96612725914756       -0.57548191989241
C           -0.60104552097825       -2.45623517235120        0.93190942538239
H           -0.03564691014259       -3.04797731335506        0.20040787230642
H           -0.73191137050107       -3.07335382099284        1.83284896501744
C            0.18679231105516       -1.22830862298726        1.28059316364665
C            0.03312756765514       -0.44245934861830        2.38235309379378
H           -0.61701317159747       -0.56898237414302        3.20473644459115
N            0.91335391778631        0.59887765036849        2.35125278303835
H            0.96397711280078        1.34790153625869        3.02322456725977
C            1.63246235806370        0.53381117186690        1.19536973623044
C            2.56569830880117        1.42434405650792        0.66272463101636
H            2.83555082115792        2.32350361042500        1.19781402191888
C            3.11296091298413        1.09778682061935       -0.55864917678180
H            3.83668393135811        1.76320644104446       -1.00936214384571
C            2.73829479694705       -0.05961877938774       -1.25022273207915
H            3.19762781365440       -0.26087602304616       -2.20777602293643
C            1.79943552521398       -0.92644389261646       -0.73797432124760
H            1.47916831059034       -1.81332422893192       -1.28969595791350
C            1.21556103505505       -0.62480382805500        0.49731425916663
34
 energy: -56.480200289585 gnorm: 0.019302517478 xtb: 6.7.1-6.fc44.fc44
O           -0.74440186854762        2.09969583597084        0.07861744899055
C           -0.43923651298179        1.93538347277617       -1.19214441155053
O            0.38884349172235        2.58208476340278       -1.76822857448855
H           -1.50824030224018        1.50055165116666        0.35513731677199
C           -1.28145407094322        0.86061271550401       -1.92063738244145
H           -0.88726081281347        0.73584857700399       -2.92934440938751
H           -2.29596652812225        1.26335037439551       -1.97627195845601
N           -1.32734232875899       -0.44088163115995       -1.27076541061546
H           -0.86606567609808       -1.22203968431510       -1.70845984537937
C           -1.97931273332804       -0.67117580137783       -0.13062910397592
O           -2.53093238812163        0.21820027860243        0.50662294922428
C           -1.97291015255293       -2.12904631473541        0.31444196343512
H           -2.76034588242896       -2.22894721609516        1.07640529428092
N           -2.17020804329723       -2.98468258938440       -0.84833602170646
H           -3.07808497952972       -2.80884876085467       -1.27596258621482
H           -2.15241036740800       -3.96254999599982       -0.57326151792015
C           -0.58824861525470       -2.46007430177746        0.93396640950931
H           -0.03171601671226       -3.04658867918493        0.19690228654374
H           -0.72852380275656       -3.08148419847173        1.82745539393534
C            0.19749496841794       -1.23831635695214        1.28931467609273
C            0.04237860800177       -0.45275485466706        2.39195981064187
H           -0.64183304998436       -0.57726333290359        3.21810358198207
N            0.90477174160905        0.60562963170651        2.34623447196746
H            0.94313757859679        1.35143622731188        3.02075052992575
C            1.62351536011366        0.54478134958754        1.18711281753643
C            2.56567708240868        1.42060975262043        0.65565420182996
H            2.84930655079955        2.31786390652578        1.18117505304222
C            3.11610192172836        1.09194602114843       -0.56146464546390
H            3.85141352526671        1.74443729896662       -1.00984286932993
C            2.73283254695672       -0.06508146840259       -1.24726863650180
H            3.18305053289616       -0.27514375415360       -2.20598165369139
C            1.78964676136909       -0.92109921471269       -0.73312719898965
H            1.48110443529626       -1.80815075944050       -1.28074196362684
C            1.21131291854280       -0.61878319823744        0.49758352435390
34
 energy: -56.480669019859 gnorm: 0.009760322891 xtb: 6.7.1-6.fc44.fc44
O           -0.77031220883952        2.11005457401617        0.07913304486102
C           -0.44150861270986        1.92905717712190       -1.18278220080500
O            0.39718074329014        2.57168894162500       -1.75067427326545
H           -1.53111233420713        1.51640126539226        0.35294076066144
C           -1.27736220766915        0.85908202966148       -1.92306835539338
H           -0.87415030075989        0.73803131244758       -2.92897364824819
H           -2.30098443935919        1.25909586702208       -1.99547539628382
N           -1.32753968417718       -0.43959860246749       -1.27621077316612
H           -0.86948989736326       -1.22433766749688       -1.71220080948023
C           -1.97238513188693       -0.67291122305369       -0.13001191607347
O           -2.52011401985242        0.21569340766890        0.51720083417055
C           -1.96535822891192       -2.12904845576173        0.31171241941011
H           -2.75112856217502       -2.22796546090830        1.07616636234836
N           -2.16921188843498       -2.97895561218656       -0.85285685700334
H           -3.07787967550753       -2.80259382946256       -1.27226616140724
H           -2.14830702499941       -3.95496695114446       -0.57786395961373
C           -0.58399536384544       -2.46220827532196        0.93659794779811
H           -0.02609190984607       -3.04015953647265        0.19979663100644
H           -0.72731899996872       -3.08456937803336        1.82436754434714
C            0.19619699525648       -1.24041410733453        1.29569792780271
C            0.04169366524887       -0.45288652059747        2.40010803736434
H           -0.63044005426176       -0.57473276431321        3.23127300220535
N            0.89596841302805        0.61234612111599        2.34239816752843
H            0.93326246024582        1.35996682197780        3.01201849120397
C            1.61765111045527        0.54502131266400        1.18541723823279
C            2.56727513897620        1.41152091806983        0.65596869310427
H            2.85239253350507        2.31241903922136        1.17742079557265
C            3.11840921895808        1.08617134467810       -0.56125281826219
H            3.85236127515793        1.73714423903709       -1.00906043809149
C            2.73057305682249       -0.06788956093281       -1.25037107508387
H            3.18559447155619       -0.28380447459070       -2.20525293428198
C            1.78330273692199       -0.91991532713893       -0.73975532772314
H            1.48291209410986       -1.80850187686239       -1.28184736390643
C            1.20601052308892       -0.61871500377641        0.49667595079520
34
 energy: -56.480851395964 gnorm: 0.007625277690 xtb: 6.7.1-6.fc44.fc44
O           -0.78819286310139        2.12134571377276        0.07734972400794
C           -0.44468843934344        1.92315178850376       -1.17789658379944
O            0.40488312505272        2.55792577691563       -1.73953299885891
H           -1.54625071798160        1.52967699874076        0.35553677078391
C           -1.27807595803119        0.85724006307366       -1.92602338591463
H           -0.86416700667144        0.73882583747084       -2.92676183762689
H           -2.29738701829389        1.26061104812188       -1.99898640558668
N           -1.33133572490401       -0.43968549124429       -1.28120254643099
H           -0.87736031050820       -1.22635508883939       -1.71971012566433
C           -1.96743539218192       -0.67287918488722       -0.12899389137182
O           -2.51276978756938        0.21227161058438        0.52802545606861
C           -1.96047171434363       -2.12853151545409        0.30995306035006
H           -2.74518399440267       -2.22727752153431        1.07702801282469
N           -2.16891785179707       -2.97594679421389       -0.85660734714519
H           -3.07912965749413       -2.79852848349464       -1.26929602326794
H           -2.14372161432043       -3.95173755770338       -0.58313803006440
C           -0.58011193028328       -2.46366789098379        0.93729069519024
H           -0.01931354337491       -3.03640762298659        0.20030844048443
H           -0.72646766019315       -3.08713447840769        1.82099594671589
C            0.19461184447126       -1.23889438109262        1.29776771001571
C            0.03978680399538       -0.44947677860525        2.40227528814272
H           -0.62507338746952       -0.57477501040706        3.23533922319312
N            0.89150588351991        0.61687934374480        2.34006583587900
H            0.92934445137135        1.36722744677452        3.00660277488601
C            1.60945080394727        0.54886189460535        1.18116721209205
C            2.56609824287480        1.40874280673138        0.65476109778235
H            2.85787443012776        2.30562136002140        1.18011573514663
C            3.11529108968423        1.08491917004622       -0.56451690183552
H            3.85396955444634        1.73450085838925       -1.00763635756557
C            2.72992772942189       -0.07071669726123       -1.25094730814768
H            3.18474685005912       -0.28837675511011       -2.20580112423467
C            1.78307033479345       -0.92469950985061       -0.73837260831396
H            1.49094933261782       -1.81623681527427       -1.27711045279258
C            1.20063798772802       -0.61695439628280        0.49292048538162
34
 energy: -56.480936635506 gnorm: 0.005749332666 xtb: 6.7.1-6.fc44.fc44
O           -0.80118975132229        2.13563420082963        0.07599519405802
C           -0.44619243135984        1.92124632390237       -1.17368987402059
O            0.41309578967881        2.54660106349674       -1.73034398152355
H           -1.55470724364661        1.54140791709003        0.36118306319876
C           -1.27777271016518        0.85668686689453       -1.92565285862075
H           -0.85764472534907        0.73942166241369       -2.92291691405256
H           -2.29720016168759        1.25971303727306       -2.00808616047370
N           -1.33370473092968       -0.43892710787534       -1.28161192747687
H           -0.88553484915056       -1.22701758230920       -1.72407000999971
C           -1.96354166091687       -0.67305133339791       -0.12851964230658
O           -2.50640489151124        0.20884868532262        0.53378554102273
C           -1.95777174725057       -2.12899440627760        0.30942865833549
H           -2.74240569222014       -2.22640061676852        1.07754678966416
N           -2.16919844195487       -2.97562304739942       -0.85871873143611
H           -3.08124893627389       -2.79691932040213       -1.26612820695305
H           -2.14060168719185       -3.95219444879132       -0.58701222585764
C           -0.57775962062390       -2.46601240705670        0.93799086300696
H           -0.01360522312709       -3.03648420085643        0.20075614888075
H           -0.72760405569995       -3.09075437257342        1.81895431389111
C            0.19446903849008       -1.23873595106877        1.29893718689185
C            0.03904347478101       -0.44738221771906        2.40169121470864
H           -0.62301187104149       -0.57339703806568        3.23533436273228
N            0.88959085245771        0.61916652095168        2.33771191731925
H            0.92626620275981        1.37406244824419        3.00040292537937
C            1.60435941080440        0.55181576560767        1.17791464234293
C            2.56595820709062        1.40697490624639        0.65423890883040
H            2.85911495520588        2.30180588178539        1.18197291026566
C            3.11485676528002        1.08327959930620       -0.56594274248248
H            3.85405462848772        1.73338005989421       -1.00683142068702
C            2.72930165609574       -0.07187617352711       -1.25173806605468
H            3.18633329398695       -0.29179208498409       -2.20532987661498
C            1.78106439905236       -0.92619326086276       -0.73874341057456
H            1.49690502163714       -1.82109849581207       -1.27530290479007
C            1.19878062746059       -0.61767112964752        0.49176385372027
34
 energy: -56.480978258083 gnorm: 0.004915089800 xtb: 6.7.1-6.fc44.fc44
O           -0.81041318817774        2.14425536538523        0.07514447799041
C           -0.44706677052978        1.91987526139081       -1.17145180635185
O            0.42285670416978        2.53615387512719       -1.72262038315152
H           -1.55993222640739        1.54683501528075        0.36340131596364
C           -1.27733935343290        0.85630988790276       -1.92538562817955
H           -0.85156857254485        0.73902460240393       -2.92048544728252
H           -2.29482766715837        1.26053797171323       -2.01201032448356
N           -1.33586353552402       -0.43875512556887       -1.28135638943442
H           -0.89414563337136       -1.22795863808760       -1.72821204937967
C           -1.96290389514056       -0.67214566799159       -0.12592454202864
O           -2.50331648978216        0.20778330419199        0.53887445018350
C           -1.95747010016158       -2.12952428241250        0.31036306427228
H           -2.74189097160658       -2.22665282990332        1.07883224080922
N           -2.17053648675033       -2.97550349847309       -0.85882391961968
H           -3.08437919634426       -2.79741598740010       -1.26276495388521
H           -2.13811941770185       -3.95302407247745       -0.58952798136026
C           -0.57698294194133       -2.46742153943411        0.93765033712359
H           -0.01028380127352       -3.03661242655545        0.19956770819892
H           -0.72771197090779       -3.09376566350773        1.81708994421144
C            0.19446125089307       -1.23852189978762        1.29824178678806
C            0.03926997998195       -0.44707540110415        2.40016406863782
H           -0.62459858575243       -0.57199894596391        3.23310959097798
N            0.88957780842001        0.61948290060261        2.33587431263157
H            0.92501734715574        1.37753182387152        2.99542741099021
C            1.60244032362614        0.55346332364139        1.17521962471441
C            2.56592164570795        1.40690808897520        0.65390113071009
H            2.85823941332142        2.30128637280808        1.18253456823513
C            3.11517560409132        1.08315487744071       -0.56635031728145
H            3.85440961053206        1.73374249245023       -1.00659904416706
C            2.73010212942892       -0.07192710448832       -1.25149656039683
H            3.18725519737684       -0.29130182345436       -2.20515188710926
C            1.78153665471689       -0.92675704512947       -0.73846146184074
H            1.50156948238720       -1.82318323301434       -1.27426270964021
C            1.19761154454574       -0.61728023456834        0.49045891347787
34
 energy: -56.481004908957 gnorm: 0.002894298175 xtb: 6.7.1-6.fc44.fc44
O           -0.81672938251877        2.15198678163008        0.07371246999730
C           -0.44602300457333        1.91947600107242       -1.17001181546015
O            0.42959700220404        2.52844781984910       -1.71676274601682
H           -1.56183475566316        1.54978254312191        0.36338090593979
C           -1.27627275624286        0.85637111704362       -1.92339146553093
H           -0.84772190781000        0.73771400387821       -2.91730956726719
H           -2.29345297149610        1.26084010984670       -2.01446214761609
N           -1.33668563507043       -0.43841546381033       -1.27848343201944
H           -0.90230978821620       -1.22872319130219       -1.73019443660702
C           -1.96371814567643       -0.67154151697912       -0.12320146126773
O           -2.50216960994158        0.20726249826544        0.54300422613707
C           -1.95812322682004       -2.13066225269474        0.31118587332726
H           -2.74218921040379       -2.22822278441352        1.07974472919243
N           -2.17233460148022       -2.97570699799849       -0.85857236130473
H           -3.08820401272026       -2.79997921970543       -1.25969308979122
H           -2.13608480998412       -3.95387834368019       -0.59141595706106
C           -0.57712111731789       -2.46792150204514        0.93655980762130
H           -0.00843732772988       -3.03613906522992        0.19780614151499
H           -0.72676016499853       -3.09574906418796        1.81548842386375
C            0.19410125429030       -1.23799622152532        1.29637749787084
C            0.03854486010857       -0.44659250611575        2.39780601728521
H           -0.62702637206915       -0.57105326909574        3.23044446867411
N            0.88933819256716        0.61971757215112        2.33412954363363
H            0.92344804880014        1.37958112371402        2.99158657061056
C            1.60198785671593        0.55428202365578        1.17315623867142
C            2.56584812041520        1.40781412716365        0.65370870396212
H            2.85759981653754        2.30209557267616        1.18255008441647
C            3.11636667419038        1.08330331304774       -0.56591754900817
H            3.85622989043892        1.73375955769942       -1.00618689496155
C            2.73190702450188       -0.07214799407427       -1.25087139207406
H            3.18953422285592       -0.29051671660285       -2.20456042159129
C            1.78282340637208       -0.92694995376376       -0.73891443914788
H            1.50445480257814       -1.82367250638340       -1.27496181011170
C            1.19751152000278       -0.61704585134393        0.48923882444248
34
 energy: -56.481023322027 gnorm: 0.004429350433 xtb: 6.7.1-6.fc44.fc44
O           -0.82365369293099        2.15809526023122        0.07285531686732
C           -0.44476338281463        1.91834539058835       -1.16764423852524
O            0.44406522502230        2.51632858227706       -1.70817009186546
H           -1.56700252540379        1.55420897906412        0.36157348949366
C           -1.27539675749985        0.85673503290782       -1.92133096861869
H           -0.84393387704151        0.73531053881270       -2.91400477849375
H           -2.29150217233543        1.26329106480980       -2.01622157106113
N           -1.33894983124712       -0.43811914198831       -1.27529160148976
H           -0.91229167499105       -1.23007430351894       -1.73116881653875
C           -1.96598237778076       -0.67138697390956       -0.12031543608237
O           -2.50247313577076        0.20715155525018        0.54706247774705
C           -1.95915605419673       -2.13215267125449        0.31223233406566
H           -2.74233883173899       -2.23125677575157        1.08114476573599
N           -2.17421678936107       -2.97587264893975       -0.85791279940131
H           -3.09254458097559       -2.80406404028984       -1.25564876419575
H           -2.13329984779754       -3.95438507009827       -0.59277241918379
C           -0.57717256600055       -2.46775788883497        0.93469085243144
H           -0.00782437731358       -3.03470752405132        0.19482866377059
H           -0.72384457544038       -3.09719740859686        1.81343793147928
C            0.19393115846405       -1.23750155305550        1.29388290056030
C            0.03736046190735       -0.44598105866413        2.39495673145973
H           -0.62912860833401       -0.57019084327499        3.22750718385167
N            0.88819549739180        0.62064253455727        2.33181378062394
H            0.92036237749503        1.38122810585541        2.98840084458948
C            1.60226840658656        0.55487565375439        1.17130116094924
C            2.56601470552060        1.40916066345469        0.65341373058483
H            2.85649839467218        2.30433370172227        1.18154689237773
C            3.11852570601618        1.08357104261372       -0.56497630519910
H            3.85872229053946        1.73351370302997       -1.00564834880146
C            2.73415715941869       -0.07185692047612       -1.25071496829643
H            3.19300378185768       -0.28977498227462       -2.20396294820850
C            1.78419002926826       -0.92604024869617       -0.74047405084451
H            1.50607032692235       -1.82226256841004       -1.27729643016128
C            1.19820402973811       -0.61668944298020        0.48787502070307
34
 energy: -56.481038572889 gnorm: 0.002385352430 xtb: 6.7.1-6.fc44.fc44
O           -0.82633778309374        2.15988419035732        0.07182772590852
C           -0.44279304564563        1.91705223831783       -1.16656438514724
O            0.44902821159853        2.51075849804956       -1.70400564421713
H           -1.56949537195743        1.55539191374458        0.35926082622440
C           -1.27503320228045        0.85688187232307       -1.92013782644749
H           -0.84424976932368        0.73397284975436       -2.91282018077690
H           -2.29065384766356        1.26435978687350       -2.01410106521356
N           -1.33964579638258       -0.43834534900502       -1.27356144930996
H           -0.91743070776547       -1.23145948823979       -1.73159219232837
C           -1.96723821056192       -0.67133359151625       -0.11830660114791
O           -2.50261830092511        0.20797099790974        0.54938584843897
C           -1.96017177303472       -2.13267650814632        0.31303918939506
H           -2.74240595649203       -2.23331966044718        1.08251014683899
N           -2.17551291711509       -2.97502606226559       -0.85742934789393
H           -3.09542153158125       -2.80646090331820       -1.25308180504275
H           -2.13146258574906       -3.95359826115362       -0.59347069454499
C           -0.57718050902674       -2.46720032908005        0.93292901283027
H           -0.00899633459203       -3.03325666771316        0.19194164385341
H           -0.72045285481771       -3.09759559286591        1.81191858512967
C            0.19395535644319       -1.23732628249526        1.29207992425532
C            0.03614770764712       -0.44549272454024        2.39304278715207
H           -0.63115893341768       -0.56901772041635        3.22475330374732
N            0.88676795279515        0.62147716792109        2.33017973168631
H            0.91774159096264        1.38138969163589        2.98738451140597
C            1.60307613097951        0.55449206314016        1.17077629011592
C            2.56649085533707        1.40984915369000        0.65335892847393
H            2.85565274761972        2.30594637059457        1.18066995647078
C            3.12050139229345        1.08354560516158       -0.56395320065929
H            3.86092349353845        1.73290054495227       -1.00469090112856
C            2.73643778606366       -0.07179064439362       -1.25024263000623
H            3.19626159824759       -0.28972953652463       -2.20304978641857
C            1.78592242384013       -0.92550351211941       -0.74113032980453
H            1.50630999932473       -1.82072994809420       -1.27886472019735
C            1.19913607658124       -0.61649041822745        0.48691388868154
34
 energy: -56.481049874776 gnorm: 0.001616985368 xtb: 6.7.1-6.fc44.fc44
O           -0.82964090502290        2.16132006858938        0.07154017152407
C           -0.44079260863448        1.91447518411297       -1.16405778261371
O            0.45638663050458        2.50261980700701       -1.69814725672953
H           -1.57466497299206        1.55845057729488        0.35780512521542
C           -1.27521839262733        0.85671342039444       -1.91896247791198
H           -0.84523994354199        0.73279948158080       -2.91173318856387
H           -2.29093404776860        1.26530982126988       -2.01223231710316
N           -1.34114009684276       -0.43882817128239       -1.27226699859852
H           -0.92209532907335       -1.23326121074882       -1.73111435031128
C           -1.96867292060389       -0.67150677142249       -0.11704875518099
O           -2.50318562350609        0.20880643528088        0.55092175558030
C           -1.96110400270964       -2.13262949365469        0.31370817322286
H           -2.74189234736492       -2.23487917969256        1.08437717471020
N           -2.17701352687494       -2.97383592382267       -0.85714936050487
H           -3.09870506189508       -2.80884532054206       -1.24997961891202
H           -2.12888463822288       -3.95241739115466       -0.59429692113396
C           -0.57665348100696       -2.46637861234706        0.93069404022742
H           -0.01065946498458       -3.03128355762544        0.18810374012554
H           -0.71611326510274       -3.09763989409268        1.80985070972894
C            0.19403695737291       -1.23679971370811        1.29014769120004
C            0.03438978290609       -0.44412301098991        2.39063422708962
H           -0.63321604780548       -0.56807095022728        3.22162445834665
N            0.88468302625305        0.62303522031518        2.32811306763648
H            0.91489914908034        1.38182572707563        2.98642739084824
C            1.60332523188668        0.55474512284063        1.17002809345336
C            2.56667309895496        1.41081556414134        0.65266191082340
H            2.85566414676017        2.30687495330617        1.17994831255154
C            3.12225219897382        1.08381577561619       -0.56360133635960
H            3.86405805112398        1.73236651179196       -1.00329458472296
C            2.73943214946993       -0.07201362569592       -1.24976219272730
H            3.20014383796646       -0.29025871816044       -2.20204055298686
C            1.78851453111829       -0.92567179937381       -0.74152110140199
H            1.50722460163389       -1.81991629440898       -1.28015943676110
C            1.20023717442180       -0.61609428780407        0.48575173056336
34
 energy: -56.481057284596 gnorm: 0.001574353842 xtb: 6.7.1-6.fc44.fc44
O           -0.83355746571608        2.16195890826295        0.07207669131475
C           -0.43845790229265        1.90942087159742       -1.15997759172054
O            0.46627720445973        2.48994631891960       -1.68973097198561
H           -1.58234565668057        1.56240946639255        0.35745319150171
C           -1.27655847075202        0.85596222554146       -1.91798877528742
H           -0.84749188938658        0.73245500421434       -2.91102285305891
H           -2.29090695457581        1.26714775348454       -2.00852035944976
N           -1.34390468854107       -0.43981031107354       -1.27195352362898
H           -0.92701416678926       -1.23564679040426       -1.73069041416938
C           -1.97055659125441       -0.67167572032430       -0.11613159869708
O           -2.50463005744326        0.20965952198956        0.55160528861615
C           -1.96237935159723       -2.13193439964385        0.31469766883094
H           -2.74092770072475       -2.23556813651438        1.08746380064756
N           -2.17981814599489       -2.97233841223431       -0.85665556500102
H           -3.10402970267012       -2.81169189433770       -1.24518600374696
H           -2.12545975789297       -3.95111959783832       -0.59542948244468
C           -0.57562670244017       -2.46555905171775        0.92754097468848
H           -0.01267073396320       -3.02893349653582        0.18239177961226
H           -0.71083399400663       -3.09800841199948        1.80663336658249
C            0.19467005449540       -1.23612412211718        1.28767099953439
C            0.03239356825649       -0.44219657007097        2.38706644545613
H           -0.63679831380090       -0.56538583869492        3.21640316609057
N            0.88222050557569        0.62506396546183        2.32525321692532
H            0.91171857135621        1.38336892002080        2.98427773724269
C            1.60402169988050        0.55520616751315        1.16945761958628
C            2.56772202606094        1.41160750290587        0.65209012285310
H            2.85422230247322        2.30878823855966        1.17929266898560
C            3.12582612958775        1.08388777143148       -0.56274101010796
H            3.86761256476633        1.73270545796443       -1.00118168986785
C            2.74355534394930       -0.07191488588984       -1.24957921638855
H            3.20646712966923       -0.29148744993807       -2.20050921355512
C            1.79175081942559       -0.92543734005429       -0.74232700668081
H            1.50903697819950       -1.81923853470042       -1.28151754132111
C            1.20256724021298       -0.61599738630697        0.48473761896705
34
 energy: -56.481061469736 gnorm: 0.001152589446 xtb: 6.7.1-6.fc44.fc44
O           -0.83470531704182        2.16122954849274        0.07362359313896
C           -0.43799369630528        1.90737491481558       -1.15776069449175
O            0.46948824810012        2.48538824626068       -1.68586502334615
H           -1.58483848359060        1.56271258182303        0.35850235034956
C           -1.27727726640747        0.85570980679776       -1.91756250540517
H           -0.84816872903171        0.73350356168814       -2.91078759327866
H           -2.29226470949938        1.26693206949360       -2.00843425840332
N           -1.34492361019643       -0.44003119082073       -1.27242516627935
H           -0.92671196917303       -1.23570317084139       -1.73021262944938
C           -1.97182145459574       -0.67168857099437       -0.11679162385160
O           -2.50668291723432        0.20944287160104        0.55029075097259
C           -1.96296522671084       -2.13155058438522        0.31497980300841
H           -2.74059544579555       -2.23478436489222        1.08868755871887
N           -2.18180901280187       -2.97262072264096       -0.85609956100724
H           -3.10706929638292       -2.81306671498199       -1.24266633922171
H           -2.12514960356141       -3.95146401978688       -0.59521230138662
C           -0.57532947732053       -2.46518804109036        0.92619468333778
H           -0.01274377513311       -3.02787863597047        0.17998399485240
H           -0.70993289096617       -3.09811042742711        1.80502342279863
C            0.19465405478963       -1.23522868119093        1.28624717882836
C            0.03173843529594       -0.44126731333905        2.38531791342828
H           -0.63867421710285       -0.56431880194963        3.21402839160704
N            0.88199400143192        0.62557889554090        2.32424442625190
H            0.91191424673752        1.38430852104484        2.98282245833622
C            1.60402972879683        0.55604719231808        1.16864568023494
C            2.56785707279706        1.41226973716393        0.65147109928210
H            2.85502464115466        2.30861372050902        1.17916165691137
C            3.12658708079892        1.08446899768325       -0.56308251770471
H            3.86899361723429        1.73344150709405       -1.00089233202088
C            2.74616450055381       -0.07226888043721       -1.24859228026842
H            3.20894195144667       -0.29161215463482       -2.19957462783546
C            1.79407416287718       -0.92574484734464       -0.74155277428339
H            1.51133668344891       -1.81974324164790       -1.28063612396909
C            1.20295256523390       -0.61523206408746        0.48389293046921
34
 energy: -56.481065578872 gnorm: 0.000957622798 xtb: 6.7.1-6.fc44.fc44
O           -0.83443723665225        2.15834291501939        0.07607578308955
C           -0.43766099434183        1.90502846495059       -1.15552939076641
O            0.47174343037451        2.48109602620334       -1.68209926558578
H           -1.58623023006812        1.56092955833139        0.35968033564840
C           -1.27866087151109        0.85562738690961       -1.91716232258009
H           -0.84993738003151        0.73544836433166       -2.91088842800404
H           -2.29287628793586        1.26778088302189       -2.00646729349311
N           -1.34613560895559       -0.44024372955740       -1.27358888176898
H           -0.92443056537795       -1.23499192110446       -1.72961271200147
C           -1.97388372898514       -0.67192910984060       -0.11847258573479
O           -2.51109194176316        0.20858809013122        0.54709376335400
C           -1.96364396995421       -2.13138639193145        0.31506233512473
H           -2.74027511518967       -2.23353087694705        1.08984901681183
N           -2.18462623178550       -2.97399610728265       -0.85499963058703
H           -3.11103814454510       -2.81529429474290       -1.23923139055916
H           -2.12621541429690       -3.95270165403085       -0.59371213595985
C           -0.57518994989300       -2.46449465314426        0.92460547239920
H           -0.01232479128319       -3.02630707630527        0.17738578436339
H           -0.70980719904113       -3.09801003060761        1.80301143517161
C            0.19460185216840       -1.23391175917676        1.28456101075330
C            0.03093755957166       -0.44000781296961        2.38327419917067
H           -0.64080876142591       -0.56277116890509        3.21133636721403
N            0.88191998585450        0.62638044626061        2.32329234569527
H            0.91210579001590        1.38599394088961        2.98095309353625
C            1.60479185268951        0.55692142046619        1.16837522652087
C            2.56913730613483        1.41261149691648        0.65169524186292
H            2.85486142856205        2.30984134039936        1.17893575933731
C            3.12901587271308        1.08453194672962       -0.56239111477161
H            3.87097686339028        1.73422281834058       -1.00015473174677
C            2.74865384876597       -0.07219352284038       -1.24837291926468
H            3.21261112155396       -0.29202912886363       -2.19868006218739
C            1.79600174977348       -0.92532811542559       -0.74190458552106
H            1.51394161917597       -1.82015477967434       -1.28042420709902
C            1.20406803413935       -0.61454322168836        0.48347402790163
