34
 energy: -56.480515050382 gnorm: 0.000081456148 xtb: 6.7.1-6.fc44.fc44
O           -4.01335635070000        2.10207870340000       -0.10342774640000
C           -3.39434353100000        2.54093330150000       -1.18064949940000
O           -3.93268372630000        3.18989547200000       -2.03241021090000
H           -3.41791207370000        1.54677248070000        0.47615043920000
C           -1.88978966020000        2.19373846260000       -1.25444605870000
H           -1.40642662540000        2.67463391600000       -0.39378152600000
H           -1.48350417780000        2.60902086160000       -2.17572699250000
N           -1.61675366620000        0.77137275650000       -1.21564477360000
H           -1.24756693120000        0.30181511760000       -2.03279246880000
C           -1.75661913730000        0.01546324410000       -0.12304454750000
O           -2.25513970170000        0.43056250240000        0.91933069810000
C           -1.27008428700000       -1.42125133580000       -0.28558252000000
H           -2.17207660210000       -2.03920052400000       -0.38028197380000
N           -0.50549556580000       -1.54574555740000       -1.51746856770000
H            0.43666513790000       -1.19274005230000       -1.36796042510000
H           -0.41977659470000       -2.52046007560000       -1.78170210990000
C           -0.51131092900000       -1.84483172270000        0.99457853530000
H           -0.25195868690000       -2.90300838050000        0.92233686220000
H           -1.17965447440000       -1.70086323470000        1.84372435230000
C            0.72164465930000       -1.02236488560000        1.17595947390000
C            0.81295459710000        0.17035246180000        1.83319249850000
H            0.04678428140000        0.70200513070000        2.36334779480000
N            2.08593986820000        0.66256622630000        1.74322761770000
H            2.41220721250000        1.51429926510000        2.16647601950000
C            2.85101865530000       -0.20935765480000        1.02520968710000
C            4.19244913300000       -0.15347908540000        0.66878903990000
H            4.81312837570000        0.67849265030000        0.96737278490000
C            4.70079621080000       -1.19742608410000       -0.07294522240000
H            5.73980063200000       -1.18697078710000       -0.36626634030000
C            3.89846104530000       -2.27828296890000       -0.45001829100000
H            4.33807106840000       -3.08009660140000       -1.02472943110000
C            2.56898081800000       -2.34003182330000       -0.10078248400000
H            1.96395292110000       -3.18749163400000       -0.39042643540000
C            2.02132374870000       -1.29280461420000        0.64316962680000
