37
 energy: -61.559305918717 gnorm: 0.000079491297 xtb: 6.7.1-6.fc44.fc44
O           -3.60593246390000        1.85547949840000       -1.05796716510000
C           -3.73554307710000        0.72610613550000       -0.67974226750000
O           -4.07189005790000       -0.26703201300000       -1.48693096950000
H           -4.06861905010000       -1.14643201400000       -1.02625040190000
C           -3.51681035660000        0.31462444690000        0.79027544970000
H           -4.42122504220000       -0.19613594360000        1.14173907790000
H           -3.34091823210000        1.20757110480000        1.38833744630000
N           -2.38341651410000       -0.57953449550000        0.93667965850000
H           -1.48646780130000       -0.19569596800000        1.23491560750000
C           -2.41569904660000       -1.84916640040000        0.51989024070000
O           -3.39450357670000       -2.36618183270000       -0.00569018630000
C           -1.09431354320000       -2.59291695010000        0.71824124450000
H           -1.25185027200000       -3.65717038340000        0.54573337240000
H           -0.72950979920000       -2.42609328230000        1.73620492950000
N           -0.10105881500000       -2.10052527130000       -0.21313850780000
H            0.00550378150000       -2.54596231960000       -1.11470197660000
C            0.52813723690000       -0.92287797560000       -0.05045939850000
O            0.34787252380000       -0.20084077520000        0.91550701580000
C            1.48934362460000       -0.60343096810000       -1.19476128290000
N            0.90773222040000       -1.12386658220000       -2.42731530100000
H            1.57789825790000       -1.06736755750000       -3.18637691820000
H            0.10238611420000       -0.56449690730000       -2.69417888030000
H            2.40859486850000       -1.17254857630000       -1.00268336050000
C            1.83053047560000        0.90044160090000       -1.23155793710000
H            2.29199925290000        1.11661535060000       -2.20042120130000
H            0.90728285230000        1.47784747380000       -1.15210923260000
C            2.77983164920000        1.28954548090000       -0.13293735920000
C            2.36445483490000        2.07451682490000        0.93270260940000
H            1.34121637580000        2.41465075610000        0.97563340730000
C            3.24797610590000        2.41262990320000        1.94258227910000
H            2.91110814920000        3.02257790860000        2.76791617390000
C            4.55930066640000        1.97249366840000        1.89793126240000
H            5.24897074680000        2.23634870430000        2.68619532390000
C            4.98475259770000        1.19396502260000        0.83512346080000
H            6.00832378710000        0.85082387170000        0.78980737770000
C            4.10014359950000        0.85643099880000       -0.17266740790000
H            4.44267636550000        0.25533977030000       -1.00453167520000
