37
 energy: -60.941829461353 gnorm: 1.449902549328 xtb: 6.7.1-6.fc44.fc44
O           -4.90693933822900       -0.57821398480076        2.26033243242074
C           -3.75689772252477       -0.63023058559991        1.62674125530299
O           -2.66650849156265       -0.96481779906094        2.26623726135630
H           -1.91637392894890       -1.22333699642557        1.52210289689408
C           -3.81768808082037       -0.79301665613083        0.28651489363305
H           -4.39092315957164        0.32001552305727       -0.35067479122480
H           -4.48994956213152       -1.64463916040437       -0.19501490017151
N           -2.71852425344788       -0.75944296323204       -0.60282025302157
H           -2.15185301325560       -1.84454457735094       -0.41122855089683
C           -2.02590129723111        0.26249860975394       -1.02798918370266
O           -2.58641855600860        1.25926785270413       -1.29797043850592
C           -0.67536117479468       -0.14995596936829       -1.67163147989767
H           -0.46103954855960        0.39595745952947       -2.58155174652122
H           -0.53082033083481       -1.21124685865675       -1.98253898583933
N            0.31813622812584        0.25942071702144       -0.65120702478257
H            0.64039987698817        1.13596781611442       -0.77057513802183
C            0.32160647187772       -0.46378279784898        0.45497120588799
O           -0.30223192682447       -1.26902265859215        0.74904442562887
C            1.12403005922764        0.10337491621324        1.54197966853071
N            0.80188203164331       -0.08302703418298        2.94504335344434
H            0.12261831943664        0.15463844570734        3.05346585178160
H            0.85781255466415       -1.04819171146884        2.95400094325727
H            1.33645072265447        1.45051125006484        1.53405555519185
C            2.83534215752882       -0.47902163349213        1.32593448163075
H            3.40204527372244        0.02106681857898        1.89410365008946
H            2.62343206841336       -1.37959268037764        1.26213187026372
C            3.11975536035561        0.30605811450453       -0.12097782482458
C            3.22635428928131       -0.52390467821942       -1.22948818799987
H            2.76085292625614       -1.69677570466123       -1.22311518682785
C            3.53669496253706       -0.14658215816881       -2.60276358452682
H            3.28514425244404       -0.66287507063367       -3.43303881912299
C            3.91135762579639        1.30332854259695       -2.69692606751656
H            4.04113797771784        1.52216216260148       -3.49044893033514
C            3.95262516964124        2.11700909909250       -1.49904187743607
H            4.26798908568783        3.07594496522753       -1.75661132660824
C            3.74617582974153        1.66161503043681       -0.33857198278899
H            3.62436576925132        2.03526086626692        0.58805548090225
37
 energy: -61.363223273305 gnorm: 0.442545147462 xtb: 6.7.1-6.fc44.fc44
O           -4.88300121061297       -0.57172457376941        2.25780836198181
C           -3.78189639258322       -0.64834617177189        1.64419479296829
O           -2.65700853143400       -0.96233683350059        2.25891834694391
H           -1.92596879829271       -1.21827848206077        1.53724522758526
C           -3.84632691880635       -0.77299489895938        0.23978006205545
H           -4.38766142930063        0.29981921327832       -0.33098015541479
H           -4.48767364249190       -1.63365570799919       -0.18388580816000
N           -2.69932234885892       -0.79926535339411       -0.58993514393106
H           -2.15592128578747       -1.82005592612220       -0.41862324511685
C           -2.02426444469882        0.24424021588025       -1.05456616492107
O           -2.58729573859944        1.27687133709512       -1.29343544599329
C           -0.66775452635809       -0.14907863925582       -1.67369547560803
H           -0.46303182037234        0.40180669554212       -2.58304576811220
H           -0.53495879890795       -1.20795669980225       -1.97392319341037
N            0.31978123738843        0.25654544174372       -0.66427763300178
H            0.65084289977365        1.15660712522968       -0.77683627233251
C            0.34125000040660       -0.42217491192101        0.46212766392453
O           -0.34477540379588       -1.33632279469420        0.76538299199213
C            1.18349259075765        0.14344542946769        1.54435939035066
N            0.89997430939640       -0.12009333565738        2.91962821706377
H           -0.00694640085594        0.21981977029180        3.08493688874744
H            0.87481073203092       -1.08604005722585        2.95752397884375
H            1.32994834249521        1.42357848389171        1.52718323319668
C            2.80288158299591       -0.43360447780220        1.29143134769177
H            3.42073550486235        0.04719210694462        1.92088337860414
H            2.61663300162745       -1.41896216853427        1.24630435564539
C            3.14254229382651        0.27855746721979       -0.12860969977867
C            3.20887395335460       -0.54434199755900       -1.24133017465789
H            2.77166792224924       -1.67352153910038       -1.21833210191388
C            3.53047979173367       -0.12054046619666       -2.56969992269834
H            3.29057630078045       -0.66619039800199       -3.43651295975270
C            3.89525643126536        1.26800948887329       -2.64133263644284
H            4.05590255287572        1.54546395338130       -3.57293953656626
C            3.95659133584305        2.10538244160393       -1.51529383633753
H            4.27206154573733        3.08611666320757       -1.75649011698239
C            3.72107419852671        1.63005778815162       -0.31628937522536
H            3.62720979207667        2.05384832232154        0.61285537440576
37
 energy: -61.511677024146 gnorm: 0.189662457223 xtb: 6.7.1-6.fc44.fc44
O           -4.85083755511976       -0.55501412148142        2.26248861484535
C           -3.81547585067287       -0.68662512166915        1.64691989503912
O           -2.65213507158643       -0.95546173263506        2.23841809349664
H           -1.93286965853982       -1.20455828831201        1.56135889167842
C           -3.88548289675480       -0.73762745647584        0.17757982354002
H           -4.37856109403158        0.23981898859958       -0.27914973621603
H           -4.49437776548173       -1.60752425311391       -0.16640281590416
N           -2.67257207826278       -0.84842337233159       -0.57986625907588
H           -2.16248778909677       -1.76486909070008       -0.43240076566887
C           -2.02919149239807        0.20923037660795       -1.10614252946063
O           -2.57889481485114        1.28218376650748       -1.27857599578226
C           -0.65470424871234       -0.14549013788385       -1.68117935724636
H           -0.46389634824807        0.41696098000202       -2.58851401943528
H           -0.54214257278105       -1.20410435010977       -1.95445783223439
N            0.32012804766026        0.24990919086730       -0.67202815274900
H            0.66688427905017        1.17310805356845       -0.78038502416060
C            0.34698972257119       -0.38714669329577        0.49005246185658
O           -0.34561214754088       -1.35380575263456        0.77887628042935
C            1.25097275169605        0.19370888745381        1.55522861722917
N            0.90935012049315       -0.12161219747001        2.91104064782692
H           -0.01447112569622        0.22704274077250        3.08190068846064
H            0.86284453955521       -1.11720026723281        2.97617952419053
H            1.31752287481691        1.35485081944164        1.50789387017797
C            2.75174950628345       -0.36848281985144        1.24524224340712
H            3.41821617113535        0.06921513901348        1.94108150850699
H            2.62247569918507       -1.42128855253837        1.21326180717668
C            3.18533236229836        0.23132689406824       -0.13746784325635
C            3.17813693300405       -0.57693621249959       -1.26058797330630
H            2.79214725091354       -1.63210271753477       -1.20806522353469
C            3.50363103557821       -0.08785041903628       -2.53715369256820
H            3.31074579298817       -0.66711035452484       -3.42720482539459
C            3.88191506635693        1.24094614879757       -2.63413849061893
H            4.06645116038387        1.55796200860236       -3.60601160539426
C            3.96096679691231        2.07720962671156       -1.52870841462839
H            4.27513795093308        3.08718965418300       -1.74171120275859
C            3.67631140554110        1.58378659353180       -0.29692318099343
H            3.63458167066506        2.08066055339785        0.64008091816860
37
 energy: -61.546956460018 gnorm: 0.086509900981 xtb: 6.7.1-6.fc44.fc44
O           -4.83274708258217       -0.54210921385835        2.28033936126297
C           -3.83715201724619       -0.71075956004391        1.64461556907873
O           -2.65302921293591       -0.95688962329802        2.21477005614786
H           -1.93616291275270       -1.18449615390119        1.58106790386449
C           -3.91048142265923       -0.71362799530021        0.12627343842305
H           -4.35920733970154        0.16216741736211       -0.22854678519658
H           -4.52509021390148       -1.57509549455301       -0.15486673290766
N           -2.65139463696065       -0.87578153799502       -0.57300655838161
H           -2.16713657100120       -1.71881833536128       -0.44422252389013
C           -2.03960308022116        0.18424627746909       -1.15216192901517
O           -2.56741959834781        1.27616101856304       -1.27273783355843
C           -0.64853266443030       -0.13958283869951       -1.69230274857581
H           -0.46127984248079        0.43365007719189       -2.59647123128049
H           -0.54634059834406       -1.20219714078969       -1.93170065126053
N            0.31508561182259        0.24750785288509       -0.68018331908735
H            0.68484069360594        1.17830500470638       -0.78148787731953
C            0.34819877184130       -0.36014747802619        0.50848313529629
O           -0.34006705163605       -1.35451966490331        0.78155064495329
C            1.30960146825121        0.22767801405526        1.54777928237013
N            0.92534041037565       -0.12601124036105        2.89675013190518
H           -0.01242809875112        0.23075910416331        3.07924367992191
H            0.86482456495553       -1.13547047624899        2.98086503698196
H            1.31816545002923        1.29385652015054        1.49373994890028
C            2.72040031532113       -0.30760659450915        1.20692408146274
H            3.41253408539847        0.07408241932359        1.96022868522396
H            2.64643892397485       -1.40062791159932        1.18995025496435
C            3.17879604097868        0.21663799155970       -0.14253993071382
C            3.13819955665951       -0.59508650763860       -1.26640045747379
H            2.80578524670639       -1.60514526590885       -1.19847448611339
C            3.47182081298112       -0.08128371799025       -2.51283084064818
H            3.33205690605463       -0.68615254952530       -3.41092927135992
C            3.87051998476018        1.22632873929763       -2.63505200372509
H            4.08191600401191        1.58137359918675       -3.62736513600501
C            3.96463324978055        2.04894304358211       -1.52490198764165
H            4.27655715629992        3.07704725129506       -1.69941629676300
C            3.63513023722733        1.53873853601787       -0.28146095119010
H            3.64600548116347        2.10580294449727        0.64500728699295
37
 energy: -61.552808831267 gnorm: 0.045530020340 xtb: 6.7.1-6.fc44.fc44
O           -4.82003733064357       -0.52393802666794        2.29564797827979
C           -3.83664625122035       -0.74633843135160        1.63779917254596
O           -2.64970189000785       -0.96055563105401        2.20917248303846
H           -1.91696948073544       -1.16847968971137        1.59325631402806
C           -3.91405182071437       -0.74848243313539        0.10980481795233
H           -4.39911764569138        0.23106090367682       -0.18367939015614
H           -4.57422827495728       -1.57591491834348       -0.15948713598830
N           -2.66059191208493       -0.88607135813875       -0.59165451458347
H           -2.12993501129074       -1.74154015858859       -0.46431050621529
C           -2.05935163257839        0.17140059494111       -1.18644020804519
O           -2.57364163891378        1.26816116931757       -1.28399822570318
C           -0.64699738741017       -0.13204631361522       -1.69881148834291
H           -0.45225821459457        0.44561589281380       -2.60106365951858
H           -0.54000445733363       -1.19913969860130       -1.91384625009539
N            0.30974664748831        0.25629457630429       -0.67794657162018
H            0.70057212815787        1.18125968777831       -0.77946902004372
C            0.34680302224967       -0.35038408325609        0.51553711403756
O           -0.33478470725772       -1.34538895207267        0.78226418449223
C            1.32527171008642        0.23007940934722        1.54530856423934
N            0.94178386175596       -0.13442504317822        2.89622090351403
H            0.00718034255017        0.22551964569032        3.08735784367253
H            0.87755664607613       -1.14691091125509        2.98131282405068
H            1.28089822067684        1.33341039868069        1.45469897044708
C            2.72871503433287       -0.29121258208927        1.19709825377661
H            3.40904789988281        0.07671138505263        1.97282511216396
H            2.67854654706055       -1.38820334895457        1.17838279123666
C            3.17905079122570        0.20788914976322       -0.14364455724853
C            3.10959119512921       -0.59891736081722       -1.27233525836565
H            2.81168229854734       -1.63164865481764       -1.17178058057641
C            3.44188961639914       -0.08249927190989       -2.51211075422676
H            3.35001109395561       -0.70626743826937       -3.40441428727654
C            3.86233042634893        1.22735393897149       -2.63953650148243
H            4.09688578277292        1.59400003891462       -3.62960938987213
C            3.95889880789470        2.03666354129106       -1.51642908296427
H            4.28897799477611        3.06179373894601       -1.66102968968453
C            3.61158559632111        1.52618280922605       -0.27606809142061
H            3.65007061999300        2.11684393590762        0.64150678159784
37
 energy: -61.555272901983 gnorm: 0.027336979924 xtb: 6.7.1-6.fc44.fc44
O           -4.81373042889179       -0.54146519778756        2.30257514801727
C           -3.83420227854876       -0.73493165288304        1.64464354519891
O           -2.65393500254347       -0.96348343160650        2.21152227510916
H           -1.91025260890160       -1.15281911669058        1.59739817170638
C           -3.91690749783394       -0.75177344075197        0.11472837025838
H           -4.38404317115014        0.18544868093658       -0.21778526698776
H           -4.60795245693469       -1.55405162141474       -0.16032082607037
N           -2.67081044044967       -0.88137185116725       -0.59250310333427
H           -2.12872819961324       -1.74057225362977       -0.46658995955196
C           -2.07560230392478        0.17142414680423       -1.20110253402351
O           -2.58504007709015        1.26450842091898       -1.30204208130944
C           -0.65599450237787       -0.12870874666118       -1.70555741321302
H           -0.45438595645293        0.44879370188149       -2.60672641143559
H           -0.53750961778181       -1.19708759826515       -1.90760262866596
N            0.29422833423710        0.26533527443374       -0.68015283128087
H            0.70378301644684        1.18290535763287       -0.78120351809650
C            0.33435918331889       -0.34667378261130        0.51061256877469
O           -0.34590512584053       -1.33963288586413        0.77225533886756
C            1.31515530449805        0.23073183932711        1.53647499407435
N            0.96106365474403       -0.13638290503042        2.89243238728940
H            0.02890741878707        0.22333721284675        3.10133944916441
H            0.89919289446589       -1.14877379257645        2.97269641437400
H            1.31889187543987        1.32725886021851        1.46478589551953
C            2.73436049130482       -0.28877153113656        1.20292622215808
H            3.40973406855711        0.07252971032819        1.98427233922136
H            2.69398942659054       -1.38490748903431        1.19132643662575
C            3.18372312998295        0.20703570943412       -0.14062928762093
C            3.11012812628981       -0.59967887888543       -1.26947153881088
H            2.79219950380177       -1.63105207750921       -1.16841137700583
C            3.43727528126401       -0.08675754640956       -2.51044060460013
H            3.35686348668621       -0.71510415051109       -3.39440131727533
C            3.85537125770594        1.22808089008987       -2.63886254024851
H            4.10049347656117        1.60067688818238       -3.62644909424984
C            3.95302764824147        2.03456303908455       -1.51437730721824
H            4.29300899153367        3.05593657811691       -1.63989887788054
C            3.60396710489106        1.52715737959800       -0.27586065111152
H            3.65405462123436        2.13015277138696        0.63092855927468
37
 energy: -61.556193052509 gnorm: 0.018927754816 xtb: 6.7.1-6.fc44.fc44
O           -4.81006776123034       -0.54282426250674        2.30713412454394
C           -3.83581502334587       -0.73653674794559        1.63983583679933
O           -2.65265004802857       -0.96306232311315        2.19758060781700
H           -1.90493669616361       -1.14249964799646        1.58366044588042
C           -3.92792404321130       -0.75538481899334        0.10631555463386
H           -4.35159804472355        0.20016501823394       -0.19767541996984
H           -4.61327580757407       -1.56700558263276       -0.16537163184449
N           -2.67888366889750       -0.88420950689132       -0.59553820742920
H           -2.14876877497403       -1.73142819014122       -0.46904241745114
C           -2.08692641752761        0.16580758286727       -1.20740114232640
O           -2.59182334661127        1.25686284110570       -1.31676604695145
C           -0.66257526569871       -0.13344081162007       -1.70511148022610
H           -0.45972881228982        0.44261079635416       -2.60654128937371
H           -0.53298936959893       -1.20089791278471       -1.90086062057307
N            0.28057517148186        0.27401118535463       -0.67713959694180
H            0.70748005449511        1.18321329732912       -0.78084850589491
C            0.33396777320108       -0.34314015851534        0.51139335676461
O           -0.34207208747518       -1.33733781160095        0.76938396606740
C            1.31446116304925        0.23604006242826        1.53295913217820
N            0.97685657853947       -0.13209220087126        2.89173619368570
H            0.04495778199357        0.22252846352030        3.11447184213974
H            0.92464187355276       -1.14380269982358        2.96938097111274
H            1.30623773810106        1.32895492106039        1.47313204589134
C            2.73203470994548       -0.29782342545020        1.20000645126677
H            3.39985303430514        0.05593113736118        1.98959340202027
H            2.69882858456804       -1.39255006051621        1.20161605757162
C            3.18051156159056        0.21042572963151       -0.13879474920321
C            3.10963550321465       -0.59680501148877       -1.26672019244858
H            2.77607592167540       -1.61900891699711       -1.17466048906128
C            3.44157544366946       -0.09091385443851       -2.50894823810764
H            3.36392073106069       -0.71893710272211       -3.38524935378060
C            3.85579786996403        1.22511988261895       -2.63769906002146
H            4.10699758963410        1.60496764513194       -3.62251300251874
C            3.95113662742927        2.03154827513353       -1.51553847643126
H            4.28941442369834        3.05286041999501       -1.62358984422203
C            3.60406605676782        1.52667778236059       -0.27696085874039
H            3.65978760366051        2.14385251735809        0.61529958078723
37
 energy: -61.556667069239 gnorm: 0.015921255679 xtb: 6.7.1-6.fc44.fc44
O           -4.80313348989404       -0.54110077970534        2.31370795330342
C           -3.83151230993986       -0.74111673630321        1.63990489339562
O           -2.64458308563613       -0.96303317792209        2.18916323540835
H           -1.89948816767386       -1.14090626991399        1.57229548923401
C           -3.93105444399102       -0.75190417810043        0.10316870893272
H           -4.38821427316974        0.19357967643911       -0.18690101829376
H           -4.62017388702387       -1.55417848230560       -0.17675432566968
N           -2.68088482171648       -0.88277109467691       -0.59627535655284
H           -2.15634634079647       -1.73042840904929       -0.47520210191146
C           -2.09015180120935        0.16431380390548       -1.20956555593590
O           -2.59062978581225        1.25764085984114       -1.32289009122931
C           -0.66422241609234       -0.13726423284459       -1.70233709930083
H           -0.46056195718219        0.43645460888421       -2.60453473807098
H           -0.52940536551096       -1.20416809571000       -1.89482917883274
N            0.27025618655433        0.27942440191921       -0.66882339031239
H            0.71566575402789        1.17883953515671       -0.77526298817330
C            0.33128412955062       -0.34486273209473        0.51631002804973
O           -0.34339958915025       -1.33974018921046        0.76744132525534
C            1.30919363440640        0.23053093648327        1.53842111264987
N            0.97742774041471       -0.13472954326102        2.89887263500059
H            0.04769610692229        0.21766523772593        3.13092497013299
H            0.93141455755121       -1.14606912728721        2.97653364637878
H            1.31561375037564        1.31954186981243        1.46563767403067
C            2.72438527476406       -0.29175445149973        1.19697085315595
H            3.38738578300160        0.05541186466293        1.99070081024787
H            2.69630011180878       -1.38397052771513        1.21036457903059
C            3.17898222246241        0.21474907546042       -0.14117776902893
C            3.10523019047391       -0.59208440410006       -1.26970522336559
H            2.78179988495357       -1.61883250109489       -1.17286230878352
C            3.44414720581589       -0.09168271998946       -2.51368572738126
H            3.37494523995502       -0.72197406586597       -3.38537472444695
C            3.86326819076692        1.22277549629208       -2.64159080815567
H            4.11917678295495        1.60806306974192       -3.62226442298300
C            3.95351100092190        2.03008013774390       -1.52092395978773
H            4.28678690895285        3.05232076294398       -1.61587372949583
C            3.60962796978298        1.52760290497365       -0.28127150091724
H            3.66844173662830        2.15545398745888        0.59821705006529
37
 energy: -61.556933398409 gnorm: 0.009093336852 xtb: 6.7.1-6.fc44.fc44
O           -4.80091317306054       -0.55191443972122        2.31660681265538
C           -3.83049094623652       -0.74211633875963        1.64284169077457
O           -2.64054605117980       -0.96043730348819        2.18565627290096
H           -1.89858100426522       -1.13929268649504        1.56528733824275
C           -3.93493339465619       -0.74865150609262        0.10503589789554
H           -4.38999230688404        0.19935347021183       -0.19197492523534
H           -4.61931135922997       -1.55322825255163       -0.17699366494021
N           -2.68401407943762       -0.87947225186182       -0.59336258589619
H           -2.15752861973215       -1.73492327669996       -0.47711444278768
C           -2.09503936423828        0.16619070725313       -1.21037365264414
O           -2.59490993496347        1.26125107074530       -1.32616214416670
C           -0.66787134493825       -0.13624406137342       -1.69954834199825
H           -0.46322174159164        0.43369322679698       -2.60367256461772
H           -0.53099982063125       -1.20385253427674       -1.88775266753970
N            0.26056712533010        0.28600508443179       -0.66353939556964
H            0.72148663717801        1.17641706955418       -0.77490796772496
C            0.32841927640107       -0.34352790892611        0.51874654510962
O           -0.34455606053854       -1.34066269580653        0.76553729418577
C            1.30926175058623        0.22891201173739        1.53857870652437
N            0.97778403143631       -0.13670838589673        2.89929758067997
H            0.05088729680895        0.21395964045369        3.13793290398939
H            0.93614348143205       -1.14845003127438        2.97804008950130
H            1.29506976059360        1.32513175442978        1.46566949435524
C            2.72433805893092       -0.28986074187812        1.19664328597599
H            3.38890035183491        0.05278612208157        1.98950027840412
H            2.70430144337939       -1.38132975324148        1.21300641254132
C            3.17493323212418        0.21389254748542       -0.14141198139509
C            3.10455547186938       -0.59198740819291       -1.27052043957515
H            2.78041568231978       -1.61752637795964       -1.17259844220604
C            3.44748403750998       -0.09273819380376       -2.51537486058279
H            3.39125558747605       -0.72921633910878       -3.38570496221659
C            3.86779390422095        1.22008657748877       -2.64496875061525
H            4.12914816171801        1.60786723104352       -3.62171716238677
C            3.95291939324362        2.02820779971157       -1.52448703015679
H            4.28741992875390        3.05033262801239       -1.61240816770853
C            3.60722122611666        1.52777557444502       -0.28285758980032
H            3.67138199056692        2.16215448232141        0.58960008167042
37
 energy: -61.557002330093 gnorm: 0.008186557890 xtb: 6.7.1-6.fc44.fc44
O           -4.80118626472574       -0.55532214388617        2.31998239021426
C           -3.83069682710272       -0.74468439826204        1.64415928484828
O           -2.63800523611843       -0.95671452347677        2.18293697949930
H           -1.89955720930829       -1.14131864041510        1.55920311017836
C           -3.93898724790855       -0.74975902942779        0.10724521433550
H           -4.38189841506197        0.21140089817800       -0.19137430944640
H           -4.62092869792573       -1.55881284173122       -0.17313350998070
N           -2.68809939982782       -0.87865187272180       -0.59205654168400
H           -2.16214695828026       -1.73743765280143       -0.47792435701671
C           -2.10064174709950        0.16648181149607       -1.21170773503030
O           -2.60318593035093        1.26027100732301       -1.33255373047386
C           -0.67182232022571       -0.13385711830882       -1.69776350570634
H           -0.46508190355996        0.43283034735696       -2.60349250561795
H           -0.53366671121754       -1.20225823446317       -1.88220886828127
N            0.25118656322398        0.29112677877512       -0.65971014427772
H            0.72635079361120        1.17267204499377       -0.77641943055993
C            0.32339765781732       -0.34411580698290        0.51869240275152
O           -0.34869467166688       -1.34380611335972        0.76074595586182
C            1.30396436982478        0.22744295277554        1.53855655943597
N            0.97418118620746       -0.14131794575573        2.89909480456455
H            0.05125727826699        0.20930132996187        3.14499348593006
H            0.93415488370608       -1.15349632083860        2.97732744349440
H            1.30435324960978        1.31966322981563        1.47323316819767
C            2.72194138503783       -0.28412322976171        1.19755206276886
H            3.38885771729033        0.05646112257556        1.98864165400709
H            2.70885774938376       -1.37532977852899        1.21348882561368
C            3.17294686524756        0.21701130697409       -0.14161328621786
C            3.10737307851245       -0.59041252709212       -1.26967612435491
H            2.78025403425297       -1.61604760541603       -1.17122350556924
C            3.45498576880980       -0.09463293048456       -2.51508640277333
H            3.40374424130788       -0.73541537480375       -3.38339319502114
C            3.87306489678801        1.21805530926271       -2.64839837252118
H            4.13804179781573        1.60590093748102       -3.62170940738387
C            3.95363207996539        2.02901215357969       -1.52876426123993
H            4.28998655794736        3.05048675020485       -1.61571627468398
C            3.60625297908445        1.53161781732231       -0.28498322583261
H            3.67459303491644        2.16965480123715        0.58358429761482
37
 energy: -61.557107776944 gnorm: 0.005371341082 xtb: 6.7.1-6.fc44.fc44
O           -4.80079089677714       -0.55686332972438        2.32252057057507
C           -3.82930540127893       -0.74365484321050        1.64555435672125
O           -2.63546805261602       -0.95205799562697        2.18251790754834
H           -1.89882753393031       -1.14105752417433        1.55642078501911
C           -3.93919503082598       -0.74921075915833        0.11020072414420
H           -4.38970101276389        0.20348056910484       -0.19088746557392
H           -4.62466414309986       -1.55625532064093       -0.16960411645219
N           -2.68922818200999       -0.87758242632825       -0.59122922442492
H           -2.16600473038433       -1.73544605587286       -0.47796534420932
C           -2.10287518593997        0.16710805104254       -1.21283990398115
O           -2.60917326359093        1.25818959225409       -1.33940432823176
C           -0.67278875961767       -0.13086716597079       -1.69601736496842
H           -0.46502209953534        0.43403153740972       -2.60273495790799
H           -0.53433972466035       -1.19969130890096       -1.87870241307019
N            0.24685710509443        0.29580784252587       -0.65684859794284
H            0.73154673720001        1.17076956777126       -0.77851297769597
C            0.32350767555501       -0.34381686267502        0.51836425618512
O           -0.34717272900635       -1.34600464029596        0.75745286725012
C            1.30238599512841        0.22901926528293        1.53898515641803
N            0.97308237990916       -0.14599073112791        2.89854091711996
H            0.05289864030026        0.20356748437654        3.14980972523541
H            0.93506381979158       -1.15822812466448        2.97430646596810
H            1.29097666063156        1.32483526127873        1.47727879184507
C            2.72088989395376       -0.28530129526088        1.19656442390100
H            3.38814172983028        0.05525572939253        1.98771612880227
H            2.71080544848458       -1.37624588651894        1.21072333090296
C            3.17131179883520        0.22025622787939       -0.14156325187464
C            3.10924935543399       -0.58890680758491       -1.26873895420752
H            2.78151565933733       -1.61546153169933       -1.17038070434549
C            3.46156718754227       -0.09671966848345       -2.51406318580337
H            3.40925978591669       -0.73870103676888       -3.38073645984985
C            3.87837858696290        1.21622250282570       -2.64969567917533
H            4.14555990917827        1.60345028144553       -3.62071745261202
C            3.95547168574295        2.02951966592420       -1.53089054979682
H            4.29249602182753        3.05072665117947       -1.62020454232253
C            3.60642770533297        1.53435569158439       -0.28598618632346
H            3.67594159229557        2.17334390420522        0.58129619877663
37
 energy: -61.557165706195 gnorm: 0.004691788557 xtb: 6.7.1-6.fc44.fc44
O           -4.80287561244556       -0.56565337662863        2.32155283398711
C           -3.83040714185800       -0.74149685474145        1.64597075798144
O           -2.63639617316032       -0.94619473327121        2.18320357868293
H           -1.89940573479261       -1.13545429978977        1.55674784152462
C           -3.93970502242224       -0.74913821142913        0.11190803711191
H           -4.39427338043182        0.20028584804367       -0.18508268170822
H           -4.62434287507976       -1.55695318781036       -0.16630130192853
N           -2.69032021975811       -0.87687088488036       -0.59102170760823
H           -2.16548530211749       -1.73222362681800       -0.47633054168791
C           -2.10601858310261        0.16771771879562       -1.21527543930046
O           -2.61705818073096        1.25558191732640       -1.34692474870661
C           -0.67438755999615       -0.12801311524276       -1.69488326017682
H           -0.46588033552778        0.43689444524522       -2.60148955165648
H           -0.53574430400677       -1.19685186021010       -1.87750469095826
N            0.24302260881510        0.29869303826746       -0.65415064182527
H            0.73749430182636        1.16741813676633       -0.78085534888714
C            0.32236559795668       -0.34449049777726        0.51850433673144
O           -0.34822680106510       -1.34759016784049        0.75508164869016
C            1.30162301700996        0.22691736487402        1.54037760023066
N            0.97389964925998       -0.15226751581927        2.89874181376471
H            0.05704370037222        0.19954804296082        3.15567397553557
H            0.93281402412237       -1.16473469029046        2.97146287302836
H            1.28567787809520        1.32275861910405        1.47685782414038
C            2.71969862192534       -0.28232383604329        1.19569278543358
H            3.38486463309811        0.06061872689170        1.98832814303710
H            2.71015073440792       -1.37345479295486        1.20986677576477
C            3.17183133692578        0.22338714679694       -0.14248295023213
C            3.11158121403414       -0.58819157315374       -1.26859372292767
H            2.78256178215396       -1.61307875156436       -1.16973430370016
C            3.46565892597485       -0.09828474601268       -2.51363805072200
H            3.41306777751106       -0.74165657816685       -3.37940428535526
C            3.88462138484429        1.21430076458407       -2.65010777901678
H            4.15494238268137        1.60078084266072       -3.61986376504703
C            3.95911397811371        2.02922540984096       -1.53241404932004
H            4.29534483437775        3.05076038520728       -1.62597911225940
C            3.60710260908689        1.53625186657124       -0.28733534916230
H            3.67482486214998        2.17565953730327        0.57993140218491
37
 energy: -61.557218629558 gnorm: 0.004095944775 xtb: 6.7.1-6.fc44.fc44
O           -4.80397128176625       -0.57057606831761        2.32507252895944
C           -3.83136751133820       -0.74412317163480        1.64711157445097
O           -2.63474932027057       -0.93744497455730        2.18426366330521
H           -1.89868275696371       -1.12796467035286        1.55745553851618
C           -3.94196105286789       -0.75085012480676        0.11408187349014
H           -4.39755425392319        0.19617613782898       -0.18280123779335
H           -4.62645619574216       -1.55786474425330       -0.16319715737506
N           -2.69393058294969       -0.87652515660024       -0.59170057994556
H           -2.16422922829169       -1.72840054324480       -0.47303960066915
C           -2.11264085842160        0.16797145396607       -1.21934628632525
O           -2.63044037879821        1.25208272607426       -1.35706363460779
C           -0.67873727837854       -0.12405144474319       -1.69435670826599
H           -0.46946107541051        0.44230309797004       -2.59993206361797
H           -0.53902390641062       -1.19253858420542       -1.87817666411651
N            0.23581599029413        0.30318645208124       -0.65136271003517
H            0.74541044736907        1.16216717577232       -0.78605235913473
C            0.31999558719491       -0.34509985270649        0.51771226181553
O           -0.35015865608253       -1.34908975095866        0.75134520860876
C            1.30048990271995        0.22445578442526        1.54073274031550
N            0.97665678248323       -0.16080213201347        2.89734074381016
H            0.06532570956523        0.19563809096814        3.16397240393089
H            0.92926429505724       -1.17361781703152        2.96443570048922
H            1.28002730657439        1.31890302538298        1.48252466716089
C            2.71997337296935       -0.27870389439902        1.19520223386379
H            3.38323941806292        0.06846190769935        1.98825324553861
H            2.71207598603041       -1.37029290553436        1.20948885046362
C            3.17058316481498        0.22721419064230       -0.14309848385967
C            3.11229710497629       -0.58710391703184       -1.26829070835549
H            2.78579614001960       -1.61198671324499       -1.16635731927398
C            3.47130375653089       -0.10004136026667       -2.51265249387649
H            3.42097979405115       -0.74566862903022       -3.37767352696611
C            3.89343029063101        1.21170340972047       -2.64954054030760
H            4.17039659951342        1.59685210454415       -3.61760364075388
C            3.96368842114145        2.02868279444528       -1.53347622165346
H            4.30008736456170        3.05032916100525       -1.63276465822890
C            3.60555801731546        1.53916650377325       -0.28867690607351
H            3.66974751398645        2.17932894942886        0.57869921215975
37
 energy: -61.557250701866 gnorm: 0.003133905661 xtb: 6.7.1-6.fc44.fc44
O           -4.80502669488238       -0.57914562469313        2.32688259389379
C           -3.83220311326556       -0.74635750075703        1.64810143482386
O           -2.63410426742366       -0.93184968882667        2.18509241378684
H           -1.89813451423411       -1.12060088746406        1.55840394550402
C           -3.94400647441537       -0.75246683357301        0.11531741772561
H           -4.40027096457804        0.19716466553714       -0.18004830000938
H           -4.62855172317507       -1.55962251102307       -0.16177537142672
N           -2.69626904167894       -0.87665077078649       -0.59168390979704
H           -2.16111545366760       -1.72423212217108       -0.46570896948381
C           -2.11797286383178        0.16779807133259       -1.22221375241849
O           -2.64144093537602        1.24839781391422       -1.36659432118182
C           -0.68257398110603       -0.12100689524372       -1.69426309175973
H           -0.47333113022782        0.44773886469210       -2.59834319197575
H           -0.54134274452385       -1.18902164313645       -1.88011894062677
N            0.22972409075837        0.30722516662733       -0.64896403427964
H            0.75167846165769        1.15766703837847       -0.79027006565232
C            0.31798130239426       -0.34484558739806        0.51768177451694
O           -0.35190185756656       -1.34895627717643        0.74953910424039
C            1.29809295259082        0.22406380170926        1.54193609902087
N            0.97795778554091       -0.16821274436722        2.89702225427402
H            0.07148384571366        0.19293891026790        3.17278782687865
H            0.92427233945964       -1.18108498857857        2.95736002366481
H            1.27768063473205        1.31799012824981        1.48663588324884
C            2.71969178856525       -0.27569779860731        1.19455740482266
H            3.38253412198936        0.07528520353011        1.98632905132415
H            2.71421455308865       -1.36764704524830        1.20924574735231
C            3.17139953667219        0.22849784516793       -0.14405697156506
C            3.11558365916055       -0.58770077099385       -1.26817187569026
H            2.78628660479567       -1.61133965899999       -1.16498957092482
C            3.47784805140679       -0.10219902952725       -2.51216034845140
H            3.42931139628655       -0.74892142723594       -3.37628368835721
C            3.90025738291805        1.20922546058362       -2.64907430581604
H            4.18349826530073        1.59281760753365       -3.61626215059192
C            3.96672999749601        2.02842609313787       -1.53452242374064
H            4.30383741284637        3.04978837599562       -1.63730887206326
C            3.60341859097665        1.54179161211854       -0.29053407479656
H            3.66354161385054        2.18261965782599        0.57698420117397
37
 energy: -61.557266780295 gnorm: 0.002251064921 xtb: 6.7.1-6.fc44.fc44
O           -4.80611305961760       -0.58502463365223        2.32834820267624
C           -3.83297434949028       -0.74820136939816        1.64922053005018
O           -2.63432108259040       -0.92941674271813        2.18622044223317
H           -1.89762089726929       -1.11565295911747        1.56036721143816
C           -3.94544110200177       -0.75361293942601        0.11587263493518
H           -4.39945423740376        0.19759862412996       -0.17989169399879
H           -4.62935459540649       -1.56156635165390       -0.16178934749663
N           -2.69714716780935       -0.87708924719183       -0.59063870999346
H           -2.15704954334979       -1.72123527298602       -0.45734202746369
C           -2.12149312890649        0.16741427386545       -1.22346875702210
O           -2.64850554529850        1.24564510524118       -1.37291833375945
C           -0.68518866745445       -0.11839469112037       -1.69461009800408
H           -0.47674155536942        0.45338839871687       -2.59690033082840
H           -0.54220723509857       -1.18569294214628       -1.88339247073281
N            0.22642836590551        0.30999123543078       -0.64789928952179
H            0.75546288130386        1.15495963579401       -0.79258003392061
C            0.31704707313792       -0.34410930535780        0.51757475929291
O           -0.35305893640258       -1.34770729825942        0.74918750917369
C            1.29739823408217        0.22349844944849        1.54227746658309
N            0.97926447635098       -0.17304712580118        2.89624957300345
H            0.07629962330895        0.19323174822331        3.17829541177304
H            0.91876661368797       -1.18586421953265        2.95105384976091
H            1.27722876152386        1.31789528800392        1.48955180689558
C            2.71931998864207       -0.27391120345803        1.19374867165152
H            3.38262921910493        0.07956412603244        1.98390498917723
H            2.71474351707921       -1.36573082201560        1.20987072038162
C            3.16837658108700        0.22960047081224       -0.14529092653373
C            3.11484428400590       -0.58752447441432       -1.26838518898914
H            2.78962511507875       -1.61348348588198       -1.16395055827838
C            3.48138458987028       -0.10358290088833       -2.51202887955119
H            3.43598969437498       -0.75090256420794       -3.37585178988580
C            3.90529531810649        1.20716706825073       -2.64860488286134
H            4.19333239933200        1.58916765152548       -3.61595538935853
C            3.96829093614597        2.02809929511324       -1.53492210672659
H            4.30597346484574        3.04915821979357       -1.63804833061360
C            3.60093476493828        1.54289047474342       -0.29218678114477
H            3.65681382980399        2.18435699489695        0.57544109330199
37
 energy: -61.557275880128 gnorm: 0.002202429261 xtb: 6.7.1-6.fc44.fc44
O           -4.80739175334098       -0.58853675146143        2.32956223921726
C           -3.83358568736994       -0.75032965262298        1.65051756015507
O           -2.63491902339252       -0.92894622421509        2.18796000664326
H           -1.89717448919317       -1.11335992818237        1.56326820149407
C           -3.94571308256970       -0.75481426034256        0.11628080201585
H           -4.40021245731756        0.19618838355929       -0.18018521948295
H           -4.62930817172337       -1.56272414815304       -0.16263721691105
N           -2.69664641724702       -0.87764176087415       -0.58895014087232
H           -2.15287164463664       -1.71925391288701       -0.45063089950990
C           -2.12346946884185        0.16690706287199       -1.22384063569369
O           -2.65277190735091        1.24357330563964       -1.37692036897131
C           -0.68642589695395       -0.11592243222746       -1.69496719053904
H           -0.47909700968396        0.45884214278305       -2.59555346343147
H           -0.54168847477193       -1.18251061777450       -1.88678324811788
N            0.22512286434709        0.31196551811409       -0.64742335352869
H            0.75797057980238        1.15365162482502       -0.79344777827620
C            0.31635399270463       -0.34261900615113        0.51780131932175
O           -0.35419392827467       -1.34565325709998        0.75002375511703
C            1.29697977223303        0.22363988201798        1.54263186870820
N            0.97897111556098       -0.17548264350253        2.89571434287370
H            0.07852984533530        0.19556418736587        3.18160815042162
H            0.91222518075578       -1.18808239806592        2.94618926316511
H            1.27616127392306        1.31838902941478        1.49245881682625
C            2.71871852557760       -0.27338973082522        1.19332508169593
H            3.38282685111279        0.08129977423606        1.98230908314227
H            2.71478648325009       -1.36491957926050        1.21072346328015
C            3.16880178212779        0.22853409410719       -0.14641005197044
C            3.11827499358837       -0.58905588546841       -1.26854989028691
H            2.78807546806903       -1.61264365877121       -1.16660468860655
C            3.48526317293475       -0.10505651694903       -2.51225278525904
H            3.44227034771555       -0.75272918461664       -3.37563768735671
C            3.90868147831206        1.20566817673312       -2.64879729765223
H            4.19898074554004        1.58615557575938       -3.61687462099763
C            3.96859778312848        2.02804281949729       -1.53564100867104
H            4.30599114592852        3.04902731350022       -1.63744251649251
C            3.59921574528858        1.54314732346940       -0.29406648857307
H            3.65144889368037        2.18495184635102        0.57377154276621
37
 energy: -61.557282759258 gnorm: 0.001798780819 xtb: 6.7.1-6.fc44.fc44
O           -4.80906435564493       -0.59105781065397        2.32903248579781
C           -3.83433186332821       -0.75105216757055        1.65133094069261
O           -2.63622987126579       -0.92951203576282        2.18954580695043
H           -1.89758472861457       -1.11346089447406        1.56552624737304
C           -3.94500051138439       -0.75558364165157        0.11668028638858
H           -4.40050738746683        0.19477475300894       -0.17977588687102
H           -4.62778814008077       -1.56392270044836       -0.16290526587658
N           -2.69532241212145       -0.87760044157385       -0.58728292697080
H           -2.15100728655722       -1.71828995699160       -0.44868533237022
C           -2.12363647135357        0.16691757675449       -1.22338753716004
O           -2.65387245066884        1.24299027312503       -1.37787181048259
C           -0.68632155811516       -0.11429082822964       -1.69499583296887
H           -0.47986483399061        0.46188465780403       -2.59483974575984
H           -0.54082554177824       -1.18055029504817       -1.88850960102158
N            0.22544305082500        0.31273236631919       -0.64744443585244
H            0.75917452989410        1.15377201773745       -0.79327211352037
C            0.31579695003589       -0.34104287544286        0.51817673316830
O           -0.35529084170448       -1.34375560550235        0.75144379399613
C            1.29682079531678        0.22453726893054        1.54275214840827
N            0.97792561249898       -0.17549866136143        2.89555872039102
H            0.07854374244026        0.19806804011050        3.18233878739401
H            0.90797179907782       -1.18784732850774        2.94434773806339
H            1.27635577838807        1.31906800740415        1.49276063589687
C            2.71837519190762       -0.27407741339068        1.19278003803921
H            3.38357981622294        0.08026838240183        1.98118476877687
H            2.71473738981042       -1.36539031796363        1.21049889603941
C            3.16794897284322        0.22806958623682       -0.14709606204750
C            3.11806353081657       -0.58943795671146       -1.26924743807809
H            2.79051591068496       -1.61444644368180       -1.16669527832810
C            3.48702693007349       -0.10557435041572       -2.51270788810569
H            3.44572085599280       -0.75343187780645       -3.37598855945205
C            3.91010831905627        1.20518199258619       -2.64941205167711
H            4.20032879533974        1.58473434142156       -3.61803444009809
C            3.96825701006321        2.02804007754377       -1.53634054370584
H            4.30521901144746        3.04912168266685       -1.63653744295775
C            3.59833706434494        1.54277617821851       -0.29516410834497
H            3.64917582524261        2.18476291171297        0.57276521991668
37
 energy: -61.557288230559 gnorm: 0.001503365319 xtb: 6.7.1-6.fc44.fc44
O           -4.81285847008880       -0.59477733634138        2.32805030792584
C           -3.83620468265150       -0.75300465539536        1.65257784973419
O           -2.63874280982033       -0.92985150983670        2.19260952227303
H           -1.89891990898444       -1.11390856210208        1.56931637193182
C           -3.94355525527201       -0.75759068561036        0.11762584183585
H           -4.40047428187227        0.19098614544976       -0.17911225001716
H           -4.62452780091597       -1.56720773851472       -0.16274703496662
N           -2.69292805917833       -0.87660736512554       -0.58433146328211
H           -2.14789754707728       -1.71659905567309       -0.44742249841152
C           -2.12398557334720        0.16776374215094       -1.22239673581522
O           -2.65623467812457        1.24270776905697       -1.37884066592065
C           -0.68623910310335       -0.11086130590405       -1.69481445480325
H           -0.48127731708454        0.46784346181656       -2.59338197783306
H           -0.54022794503493       -1.17649994060066       -1.89182330681150
N            0.22625916907795        0.31334156065314       -0.64744509877287
H            0.76214873459820        1.15355152738813       -0.79258082950618
C            0.31482995666040       -0.33913637134452        0.51862051500787
O           -0.35772418740688       -1.34094249253922        0.75426280259508
C            1.29703392503650        0.22508084853012        1.54264888420563
N            0.97675415189027       -0.17537357926284        2.89528030558599
H            0.07973449722106        0.20324904282590        3.18323384153920
H            0.90043038554100       -1.18729256761708        2.94210729731953
H            1.27838235984989        1.32023035125839        1.49182710871356
C            2.71734750987966       -0.27472833592962        1.19160467507856
H            3.38318198322183        0.07916567676912        1.97996513628958
H            2.71400709093271       -1.36577490192091        1.20984984769676
C            3.16653731038614        0.22751031610910       -0.14839793194623
C            3.11989692764157       -0.59062812667865       -1.27017707837817
H            2.79442259531081       -1.61649134062174       -1.16795351855843
C            3.49099233633296       -0.10694827705024       -2.51306601704593
H            3.45205527745374       -0.75545859372956       -3.37578605247671
C            3.91226880085652        1.20439311161081       -2.65039946188925
H            4.20135763628772        1.58218577936554       -3.61976644752773
C            3.96757930335476        2.02782540896573       -1.53759004240192
H            4.30326154653447        3.04931848541139       -1.63569578781918
C            3.59663160591279        1.54206269792015       -0.29665717890473
H            3.64546314422958        2.18434332731045        0.57133447099902
37
 energy: -61.557291047736 gnorm: 0.001241748569 xtb: 6.7.1-6.fc44.fc44
O           -4.81452499161345       -0.59754075630441        2.32746281779209
C           -3.83719456613264       -0.75425196233017        1.65274334662914
O           -2.63982880186752       -0.92983012009850        2.19365371719626
H           -1.89975585108959       -1.11304356913054        1.57037343017557
C           -3.94322088231147       -0.75865698487573        0.11789878073397
H           -4.40258493768362        0.18952929121301       -0.17816529849804
H           -4.62295603054228       -1.56912438084961       -0.16285050275440
N           -2.69220243632578       -0.87573545194904       -0.58353896014487
H           -2.14614333258831       -1.71546315165283       -0.44691452148886
C           -2.12462984198030        0.16858512299793       -1.22264562025482
O           -2.65825065085623        1.24270830168993       -1.37982308883149
C           -0.68675180277552       -0.10940177744435       -1.69518978138910
H           -0.48223973846189        0.47053557092276       -2.59311078948331
H           -0.54096620925735       -1.17479613114652       -1.89389342200958
N            0.22602845912210        0.31366378731277       -0.64769045339918
H            0.76271266398303        1.15347925240592       -0.79259199418970
C            0.31435419126665       -0.33843039132848        0.51846435728908
O           -0.35860071658248       -1.33976485090122        0.75532618795412
C            1.29735002207967        0.22541266682185        1.54212537230532
N            0.97768642682699       -0.17440845593874        2.89490817099950
H            0.08212449675844        0.20661153474755        3.18370397694092
H            0.89841041065035       -1.18614867929525        2.94138450856936
H            1.27874083361567        1.31984700861923        1.49335946309828
C            2.71742774057485       -0.27544074916134        1.19133349135656
H            3.38335343926484        0.07806527208381        1.97995709279426
H            2.71346981916597       -1.36642491466063        1.20945187519046
C            3.16748406053039        0.22691016510885       -0.14840076600575
C            3.12176442207456       -0.59168085689474       -1.27030129895134
H            2.79715050407012       -1.61761035130205       -1.16773482769073
C            3.49223340615569       -0.10767561358833       -2.51298486183576
H            3.45459316172964       -0.75677006008037       -3.37547454484602
C            3.91293997317249        1.20408037042713       -2.65039286471422
H            4.20190174688044        1.58128529499258       -3.61983432082056
C            3.96709522556052        2.02760297721054       -1.53791763836363
H            4.30187248181732        3.04942549540287       -1.63641627608168
C            3.59585193906675        1.54195378203009       -0.29683873103049
H            3.64408399395005        2.18437982573981        0.57109291940174
37
 energy: -61.557293492775 gnorm: 0.001042716768 xtb: 6.7.1-6.fc44.fc44
O           -4.81640995567204       -0.60048593522103        2.32726448109155
C           -3.83861875015491       -0.75625839313226        1.65266985578886
O           -2.64113979132296       -0.92996691102872        2.19434981425752
H           -1.90094881675911       -1.11152661437693        1.57100618467484
C           -3.94383317754047       -0.75985710390815        0.11797356642524
H           -4.40349462584098        0.18805815997419       -0.17908652759368
H           -4.62160786273723       -1.57169361246530       -0.16351073744266
N           -2.69211548261946       -0.87444796369396       -0.58287054093664
H           -2.14504648022519       -1.71364990929631       -0.44573901192733
C           -2.12599164467750        0.16980453237268       -1.22309379695788
O           -2.66116977425634        1.24298680205435       -1.38105716866739
C           -0.68771729004186       -0.10760702424157       -1.69528713721650
H           -0.48314082905302        0.47383163005603       -2.59229696059759
H           -0.54228032159183       -1.17266600420500       -1.89600565794441
N            0.22521927401851        0.31416302112431       -0.64713958164225
H            0.76285441952508        1.15335737006748       -0.79173910506407
C            0.31397235577302       -0.33807292702003        0.51891160975340
O           -0.35909737466898       -1.33895135393607        0.75682224829533
C            1.29748873723664        0.22563554425242        1.54238932303734
N            0.97913690549366       -0.17411712216489        2.89553356324653
H            0.08545458522638        0.20930692990029        3.18576662124840
H            0.89721123029412       -1.18557259058844        2.94169428233090
H            1.27957063321340        1.32001805565531        1.49147300471774
C            2.71774770543009       -0.27553482694908        1.19088629508089
H            3.38365277361428        0.07730632078854        1.97977429877570
H            2.71280315236428       -1.36658196763575        1.20894851434791
C            3.16879772330002        0.22632415559942       -0.14859056825619
C            3.12461353987236       -0.59309045145594       -1.27035562390818
H            2.80040414305672       -1.61880851809330       -1.16715312949828
C            3.49455970293393       -0.10898888171687       -2.51292754752179
H            3.45819471732624       -0.75852951971560       -3.37510371272758
C            3.91327902342949        1.20356688648817       -2.65039878523921
H            4.20268482119393        1.58051635055437       -3.61964775509264
C            3.96624575733519        2.02722953769570       -1.53839093735451
H            4.29989720551651        3.04947809193936       -1.63795605325011
C            3.59491483777493        1.54191736585000       -0.29703386655074
H            3.64268756148122        2.18478338726620        0.57044948796056
37
 energy: -61.557295098478 gnorm: 0.000731018203 xtb: 6.7.1-6.fc44.fc44
O           -4.81792666918903       -0.60338323395538        2.32670860506767
C           -3.83969049728450       -0.75756814533794        1.65253531350633
O           -2.64247005574363       -0.93074963501951        2.19472416937572
H           -1.90171620835998       -1.11080801827275        1.57174020326819
C           -3.94434034558840       -0.76056647823210        0.11780284744433
H           -4.40550427714864        0.18680536844700       -0.17899249711810
H           -4.62085816551175       -1.57324620230629       -0.16458058080798
N           -2.69170605852949       -0.87362687517183       -0.58206614003307
H           -2.14386082972974       -1.71210848395850       -0.44430801083887
C           -2.12676747974599        0.17074168700538       -1.22306695596315
O           -2.66298787886389        1.24325860233444       -1.38193530197720
C           -0.68836400721361       -0.10598869165699       -1.69533568923995
H           -0.48358014163841        0.47648435096153       -2.59161673099743
H           -0.54300877274714       -1.17081437516944       -1.89727118688775
N            0.22483055423867        0.31458376163025       -0.64684920125598
H            0.76327851759261        1.15329764827322       -0.79112450918331
C            0.31408807819161       -0.33796297100153        0.51906389657517
O           -0.35911890782396       -1.33845508194911        0.75765066385277
C            1.29824533583638        0.22579511474872        1.54202860747638
N            0.98025008555648       -0.17334913065752        2.89535972281089
H            0.08807662099670        0.21220562407661        3.18669851479517
H            0.89619683012237       -1.18463134555558        2.94173182746666
H            1.28136708739953        1.32060035008708        1.49188338248348
C            2.71796293052824       -0.27580681822850        1.19064139831681
H            3.38396886935164        0.07638069286924        1.97948400124454
H            2.71258008757476       -1.36701281419559        1.20878297616316
C            3.16795289710270        0.22619916307738       -0.14882292848164
C            3.12607109753928       -0.59390913165889       -1.27000078611155
H            2.80281880872128       -1.61986733633302       -1.16674221701056
C            3.49684466117716       -0.11037817319208       -2.51261792888946
H            3.46180813246802       -0.76018882800383       -3.37457464778355
C            3.91353938131047        1.20267255386429       -2.65063162067597
H            4.20356371180284        1.57956060442970       -3.61974378096604
C            3.96502151986801        2.02692937513825       -1.53898202113070
H            4.29786222042732        3.04944725543701       -1.63893927328406
C            3.59355278719426        1.54185227736311       -0.29746235172886
H            3.64079870836593        2.18548385090663        0.56935717616099
