37
 energy: -61.117949147044 gnorm: 0.774392622535 xtb: 6.7.1-6.fc44.fc44
O           -0.77996501904457        0.58257230910759       -1.53861447490074
C           -1.60555203337134        1.35915186860681       -1.07848329055326
O           -1.66520713326447        2.60060722472369       -1.57056949957852
H           -2.14063650294939        3.23895850488435       -1.23905567626328
C           -2.34029697114231        1.16538833805208        0.18087723871177
H           -3.35177859518516        1.15725545406278       -0.01033726499359
H           -2.12186176754490        2.05271931546782        1.09164124182755
N           -1.87196811051285       -0.04639446423635        0.69994199534677
H           -0.96533421496814       -0.41682097477736        0.86815465308759
C           -2.37017808595319       -1.22580891588322        0.25921978709806
O           -3.61111970476273       -1.28068661664751       -0.14123337070049
C           -1.56947645744612       -2.51889052363899        0.41062312229166
H           -2.07474935656142       -3.27873372654568       -0.01870251060769
H           -1.31387153698859       -2.61289629532124        1.80957825430361
N           -0.33048920490361       -2.35679221793659       -0.18275422935105
H           -0.45660534198895       -2.12770593978465       -1.23330852195590
C            0.85712347389786       -2.27879193300729        0.39138041697785
O            1.16251267343271       -2.39627212548857        1.78824107033552
C            1.89020746169259       -1.72108920278753       -0.41571660195359
N            1.85989436993847       -1.34286370340565       -1.67276180794835
H            1.14047498810727       -0.93478542624862       -1.72313742814576
H            1.49167033939285       -2.08101282857956       -2.31558106940019
H            2.61595250444040       -2.70359391481259       -0.64147458047345
C            2.86494461652794       -0.62569269291054        0.28313367930304
H            3.09187703333985       -1.04222401288753        1.44404732710574
H            3.80476791115246       -0.55994892879035       -0.40156396275872
C            2.02761963132687        0.58575319941699        0.35021241955338
C            1.36632448636363        0.75653161812814        1.64565466798245
H            1.44894181103395        0.02515475628597        2.34305130729566
C            0.56852147820262        2.18336240349536        1.74578921864809
H           -0.02633222051773        2.05638464393540        2.50250872849079
C            0.80868250396054        2.85491349219307        0.74018982573270
H            0.15726255823094        3.98207057443621        0.81603782754934
C            1.49587844649213        2.76398747230429       -0.30869136078995
H            1.57465937596322        3.44322072840181       -1.32464987043241
C            2.18013030476974        1.51499482150594       -0.60960049385455
H            2.83374013762302        1.32957661979570       -1.46732068692452
37
 energy: -61.391038513432 gnorm: 0.395331486740 xtb: 6.7.1-6.fc44.fc44
O           -0.79583506484135        0.57741236987356       -1.53986032280201
C           -1.56959678598619        1.37734335337583       -1.06788584389383
O           -1.64945952052555        2.58906910184553       -1.60203039349127
H           -2.16314302617913        3.26657751761255       -1.22462108373329
C           -2.32194719792304        1.17179132568968        0.20436726004040
H           -3.36692157431761        1.15459737260542       -0.00416955288266
H           -2.12582830311875        2.02653844875541        1.05201246451573
N           -1.87612925358590       -0.07119562979890        0.71025940858815
H           -0.94394590683154       -0.39567954065639        0.87924977201206
C           -2.41003744076879       -1.23517008085829        0.26955720599273
O           -3.59083516181460       -1.28606541377077       -0.14269915802100
C           -1.57242086235760       -2.49926244784671        0.45025324154779
H           -2.09188519256173       -3.29917850438156       -0.00348389324822
H           -1.32577661458933       -2.61698775019545        1.74567906929322
N           -0.32045945058228       -2.34880215189936       -0.17367568038709
H           -0.43952901112109       -2.13232695181664       -1.20610042628040
C            0.86975401320163       -2.25457190907043        0.42711118180288
O            1.12454699124321       -2.40054757258158        1.72496393016008
C            1.96462964831020       -1.76390917870954       -0.40301533978485
N            1.87769607322177       -1.36614788095276       -1.71366858320374
H            1.05844387975020       -0.84267939521456       -1.73997529094371
H            1.50404789817947       -2.10107561542091       -2.32912791978836
H            2.62622839645883       -2.71077100764327       -0.60236153065737
C            2.86619040177759       -0.65649597942070        0.30201717171193
H            3.09496985090718       -1.03250863148906        1.40061433411300
H            3.77962105494129       -0.56272270428936       -0.37336924676472
C            2.05251558524529        0.58888186646769        0.38856140703057
C            1.35499301962495        0.79327144187121        1.61240116097648
H            1.43829249036720        0.03341318612516        2.34680651051952
C            0.57782119294625        2.11595610779020        1.75075758028590
H           -0.04017921309726        2.04784288761791        2.55846880898508
C            0.79493873554795        2.90202217963348        0.72181000676954
H            0.17298520996007        3.96010028913402        0.81055999746831
C            1.51933962608525        2.76679147230440       -0.38532916452087
H            1.57340561435688        3.44527852557146       -1.30039827219091
C            2.17805659751869        1.52765555550225       -0.60540839256924
H            2.82121714934143        1.33315424535468       -1.46154433659423
37
 energy: -61.521965029122 gnorm: 0.124306733619 xtb: 6.7.1-6.fc44.fc44
O           -0.81208962167342        0.57410664222541       -1.53853894902439
C           -1.53686720571556        1.40258435158239       -1.05799733703766
O           -1.64089584617668        2.59056095681416       -1.63173836204188
H           -2.17589206281414        3.27368192797997       -1.21044883196682
C           -2.30069018343565        1.18252421978074        0.23347099661567
H           -3.37100290650464        1.14765246415283        0.00378136838242
H           -2.12872381649873        1.98311525472627        1.00085496675158
N           -1.87978915023877       -0.09808841066516        0.72319264403361
H           -0.91614685665875       -0.35402370565669        0.89314495023909
C           -2.45503105228392       -1.24705721827722        0.28471853599951
O           -3.57546820551835       -1.29670336684953       -0.14591918159588
C           -1.57278330655874       -2.48616735660158        0.50748368558800
H           -2.09956238538074       -3.31507225974641        0.02878280771934
H           -1.35342055907410       -2.61784254960072        1.63419423818856
N           -0.31128139258310       -2.34008260422259       -0.16028065005518
H           -0.41843680294770       -2.13676243786688       -1.16658881034525
C            0.88172671433715       -2.22932034703838        0.47093533708035
O            1.07438442153630       -2.39838682609772        1.63972496449893
C            2.03549587518979       -1.80385242168922       -0.39905612144420
N            1.85263596974306       -1.36910891822027       -1.75169502070670
H            1.02647817778732       -0.78687000326693       -1.74488121086192
H            1.51170679979109       -2.11626883144587       -2.34095806323456
H            2.64013018071569       -2.69908409373453       -0.55948925312849
C            2.86386113434592       -0.68959278624107        0.31701549403874
H            3.10039720583488       -1.02338887318825        1.34093269011901
H            3.75459641782088       -0.56230960453855       -0.33340645314835
C            2.07474781749730        0.59111409587428        0.42522836394038
C            1.34218755235628        0.83637406788423        1.57994405544608
H            1.41522719345892        0.05772759322552        2.34420983323440
C            0.60190928293844        2.02766679755315        1.72097186084170
H           -0.02716004900004        2.06093292460549        2.58800061082955
C            0.77080706164972        2.94942298190427        0.71090048933776
H            0.20741899772884        3.90987526422966        0.80480449449844
C            1.52510915834767        2.76044591077983       -0.43527976700386
H            1.56822164641075        3.44272530742118       -1.25576340066043
C            2.17167378239868        1.54265890240313       -0.59136936629236
H            2.80228986195797        1.33841185291930       -1.45215552877965
37
 energy: -61.544207913211 gnorm: 0.071952103076 xtb: 6.7.1-6.fc44.fc44
O           -0.81837743224165        0.57034354544422       -1.54534630195993
C           -1.51084029053007        1.41957181024375       -1.05118684793452
O           -1.64439270726207        2.59968273665492       -1.64811355850720
H           -2.18659174977618        3.27107279738006       -1.20200750990459
C           -2.28684072409314        1.17493617440367        0.23933893967829
H           -3.36188762294591        1.12798482507643        0.00783502725757
H           -2.11328155448476        1.95431344384722        0.96967241824687
N           -1.87823770312861       -0.10700322604708        0.74525300801620
H           -0.89438913145093       -0.29873138370417        0.92493900956027
C           -2.47662316560407       -1.25665645549690        0.32392079396733
O           -3.58425543624234       -1.30910030993950       -0.16203702702034
C           -1.57541581346298       -2.48625075632544        0.52311204731188
H           -2.10366541411691       -3.33856282209515        0.07487543563472
H           -1.38981498002618       -2.63328254976938        1.54503567237057
N           -0.31331607673305       -2.31982915106014       -0.16472593883826
H           -0.40384773419220       -2.12415753074180       -1.15140454791783
C            0.87888978268230       -2.19393475085989        0.47328556733605
O            1.01541661350152       -2.42753141368016        1.66861205181629
C            2.05920109338245       -1.80801427740124       -0.41745403127571
N            1.82275533493029       -1.36084549487150       -1.78090032310548
H            1.00825855595004       -0.73988034564036       -1.76378789483506
H            1.51067497314217       -2.13263875008688       -2.36269495954460
H            2.68986510600842       -2.69965568203000       -0.49748020307904
C            2.86975840933903       -0.70940901993347        0.30878934389141
H            3.13264107018242       -1.04665872949043        1.30344166567964
H            3.76503120436690       -0.55193110620630       -0.29329825939165
C            2.10658988797803        0.58493858872621        0.43072133894174
C            1.33512609187393        0.83138293646546        1.55912485109364
H            1.37238680988704        0.06702922330181        2.34005867617028
C            0.60911409413983        1.99327041371999        1.69519730865098
H            0.00663111871132        2.10148208043503        2.60350096149125
C            0.74009199422505        2.95343025286960        0.69600266012227
H            0.22795641702495        3.88953736644817        0.80279835447919
C            1.50332940450263        2.74022285178283       -0.45015094323025
H            1.56788870319134        3.48484216169837       -1.23248202790917
C            2.18197888524130        1.54312894593738       -0.58038577022960
H            2.78395583481370        1.33850250205891       -1.45533290697763
37
 energy: -61.550072763950 gnorm: 0.045870181512 xtb: 6.7.1-6.fc44.fc44
O           -0.80673892176626        0.57343803441974       -1.55048415319787
C           -1.49751763924744        1.42262696148988       -1.06114169541854
O           -1.64285301438916        2.60562482126838       -1.65328288686182
H           -2.19512079614125        3.25940532976735       -1.19129343488969
C           -2.27599179655923        1.16622673791535        0.23079153361560
H           -3.35024141468666        1.10633528050833       -0.00093484371348
H           -2.09669136722548        1.95376424409120        0.95618727913217
N           -1.87490936294604       -0.11015429912212        0.75399426452955
H           -0.88166733107181       -0.25097729311713        0.95238777316053
C           -2.48146781425559       -1.25430786496579        0.32659095861693
O           -3.58956760687141       -1.30549379327870       -0.15610125893343
C           -1.58810531780025       -2.48582535375085        0.51067890584834
H           -2.11725213176409       -3.34951514992465        0.08563309711662
H           -1.37016574808469       -2.70998857501496        1.59496861933490
N           -0.32260280492891       -2.30690576877378       -0.17562808529922
H           -0.39276702809716       -2.10271734886188       -1.15525056657605
C            0.86729090755389       -2.18803343379814        0.46316784910038
O            0.97357107810978       -2.38850619259756        1.65614093169267
C            2.06266283247439       -1.80975964049432       -0.42419782140844
N            1.80003048880911       -1.36085788934009       -1.78955244627330
H            1.00176701511916       -0.71094020123879       -1.77541272064193
H            1.51117066174718       -2.14470445747995       -2.37370244838314
H            2.71611187868165       -2.69825702820465       -0.45431252093610
C            2.87745007261290       -0.71732694026355        0.30020292877014
H            3.15136289729639       -1.08954710210460        1.28188725702352
H            3.78443162557828       -0.54008878262224       -0.27053906491508
C            2.12079465940949        0.57598008560300        0.42742357779575
C            1.33169208208840        0.81589214950843        1.54688879469499
H            1.32235162104156        0.05918611997321        2.33054523233236
C            0.62422489636776        1.99265223777943        1.68823167258782
H            0.02964497719330        2.13124710795347        2.59961571697751
C            0.72816063458387        2.95824779136500        0.69129712859022
H            0.21817554651088        3.89921430340368        0.80253650139267
C            1.49179561924635        2.72915954275028       -0.44889867838538
H            1.56117273857291        3.49693686159102       -1.21005755023652
C            2.18362605983976        1.53937781787928       -0.57495178147603
H            2.77193565178206        1.34019058880096       -1.45670198471104
37
 energy: -61.552906288824 gnorm: 0.035896232696 xtb: 6.7.1-6.fc44.fc44
O           -0.78934508765142        0.57039493167199       -1.55830457399473
C           -1.48898825429826        1.41158814564290       -1.07377929210415
O           -1.63966313320666        2.60206987391068       -1.64772047888221
H           -2.20254358243883        3.23601486464531       -1.17047499226549
C           -2.26210181987328        1.15054579415893        0.22285824268329
H           -3.33454769713383        1.08158535510597       -0.00665565130375
H           -2.08553939518710        1.95474487530613        0.95106015258929
N           -1.86166148966861       -0.12001049651734        0.76099766362337
H           -0.86711118745351       -0.21977188929500        0.97942866703819
C           -2.47150334553773       -1.26303728884325        0.33560090804360
O           -3.58354049505922       -1.30534213776471       -0.13054449997984
C           -1.59312832177110       -2.50155020968452        0.50076673665887
H           -2.12370601964966       -3.37216665292087        0.09541752524541
H           -1.36238954954634       -2.63837701368768        1.56446265537174
N           -0.33032095008029       -2.30404917171256       -0.18286014153874
H           -0.38941029261212       -2.08587312780689       -1.16366627769714
C            0.85699496875327       -2.18498844948210        0.45629106416191
O            0.95941423426817       -2.36312630735802        1.64644433871533
C            2.06265440635910       -1.81155391096461       -0.42496321062254
N            1.78716616754205       -1.36659299098972       -1.78845531968242
H            1.00791886486385       -0.68840631033508       -1.78141120068619
H            1.50923572892766       -2.14962409853830       -2.37669617215069
H            2.70076033522760       -2.70767267257181       -0.45783209949420
C            2.88156739970140       -0.71712684237352        0.29726882992711
H            3.14712876924792       -1.10942171146701        1.28182645693129
H            3.79143716821907       -0.53997055782073       -0.27110079433816
C            2.12028676028785        0.56892583922635        0.42609236805986
C            1.33426220043563        0.80720381558123        1.54701694971791
H            1.28386150728551        0.05153621065990        2.32540254876744
C            0.64306738658763        2.00470682982251        1.69439704480122
H            0.03341950969088        2.14203013462218        2.57997139633888
C            0.72921552445024        2.96770255149911        0.69808993278209
H            0.19797945734497        3.91122386551036        0.80403809504586
C            1.49236462684047        2.72751967888721       -0.43592868245183
H            1.54706921883401        3.48232025488981       -1.19879639007411
C            2.17890605299031        1.53592390709289       -0.56945259118992
H            2.76655418209404        1.34422381301453       -1.45206312799087
37
 energy: -61.554255410028 gnorm: 0.024229896371 xtb: 6.7.1-6.fc44.fc44
O           -0.78151456752585        0.56088262648410       -1.57093740219315
C           -1.47985426973034        1.40286261433254       -1.07949514950756
O           -1.63817108546015        2.59608087731281       -1.64594701087049
H           -2.20597288383951        3.21444517149607       -1.15746587770830
C           -2.24990109446269        1.14651108084819        0.21923908827318
H           -3.32053325356216        1.07726622766774       -0.00789456110031
H           -2.07821373438208        1.95036577968412        0.94587161555414
N           -1.85053643977160       -0.12126441119548        0.76500810190677
H           -0.86308481725051       -0.20077269164636        0.99951485551609
C           -2.46395149171402       -1.25978806298048        0.33636431381646
O           -3.58284481666083       -1.28618769602789       -0.11857154447859
C           -1.59154864995182       -2.50014261574479        0.49943751293005
H           -2.12226600189772       -3.37178456627967        0.10532902503492
H           -1.34378551424013       -2.67321655550374        1.54532895249149
N           -0.33583435497191       -2.29390875096306       -0.18981902022469
H           -0.39123523078253       -2.06478389714133       -1.17343485114931
C            0.84811406935669       -2.17499573639264        0.45207462839120
O            0.95276528058133       -2.35833977315085        1.65083655065656
C            2.05928057647062       -1.81033696296934       -0.42601177034004
N            1.78377532187792       -1.37412194713852       -1.78642774338986
H            1.02403773662864       -0.67635165716956       -1.79063692625361
H            1.50806664015180       -2.15148140572220       -2.37670714070318
H            2.67518507038881       -2.71572399940019       -0.47800853186499
C            2.87903014952353       -0.71799134171736        0.30128522573534
H            3.13543186717627       -1.09483535562162        1.29450464664100
H            3.78707100640575       -0.55480257044079       -0.27655891645194
C            2.11713393676170        0.56623210840604        0.43105315622202
C            1.33350348088336        0.80774567464209        1.55323470380972
H            1.27315267542526        0.06193703517731        2.33358251998583
C            0.63183074032022        1.99847305894175        1.68284578703699
H            0.04587178233303        2.16903088987750        2.58397048958294
C            0.71677762329430        2.96351273514380        0.69349231426116
H            0.19229644520436        3.90855683377248        0.80370910184362
C            1.48963145000019        2.72562364537943       -0.43027969338695
H            1.54590370041627        3.47343111457513       -1.20189620439107
C            2.17687598912028        1.53316443934236       -0.56427832182565
H            2.76927651266715        1.34630698523672       -1.44558584379414
37
 energy: -61.554837525234 gnorm: 0.017427097064 xtb: 6.7.1-6.fc44.fc44
O           -0.77500949739968        0.55032343277975       -1.57786666965549
C           -1.47100940351338        1.39271972440207       -1.08045232330120
O           -1.63714550094754        2.58639684596770       -1.64545694591138
H           -2.20948263660758        3.19070778212038       -1.14883301838683
C           -2.23957784122561        1.14242113167076        0.21870394619476
H           -3.30947595268452        1.07391409008209       -0.00833751067500
H           -2.06615174238473        1.94691739024651        0.93455864132216
N           -1.83958038895750       -0.12335368126864        0.77174517093604
H           -0.86017647329573       -0.18951086700221        1.02313856074731
C           -2.45830606865924       -1.26032684065702        0.34804927395440
O           -3.57856044995386       -1.26980180761415       -0.11339292130961
C           -1.58769892946382       -2.50251576210352        0.49808376983800
H           -2.12117820658522       -3.36885556904098        0.10285434301676
H           -1.35014593937774       -2.67654096578717        1.55051449437564
N           -0.33941974196320       -2.29135712909033       -0.19938392677447
H           -0.39513835021088       -2.04668502639362       -1.18033808553689
C            0.84044167931934       -2.17026644524337        0.44580281837976
O            0.94726289697007       -2.35510685939172        1.64700590143874
C            2.05017102137131       -1.80518338967375       -0.42963351882147
N            1.77860774950186       -1.37680277540538       -1.78712830769506
H            1.03570914208688       -0.67016176622742       -1.80595112343932
H            1.50950916408250       -2.15267265725779       -2.37893421565929
H            2.67125392524301       -2.70714320905985       -0.48284652749969
C            2.87190568664656       -0.72036149933749        0.30268141845589
H            3.12523109042373       -1.09963043473888        1.29253549285773
H            3.78382559819771       -0.56040714918198       -0.27425679279149
C            2.11183501521277        0.56579996082831        0.43468067562573
C            1.32888826768370        0.81100233845844        1.55691416438462
H            1.26697309998410        0.07082615409701        2.33826640345187
C            0.64095853089363        2.00417975443389        1.68956342596938
H            0.04452170950407        2.16887094769084        2.57215254137608
C            0.71677288804682        2.96591126238886        0.69811541289453
H            0.18657810603457        3.89876684410320        0.80206666249715
C            1.48386082633452        2.72481600738451       -0.42830703817655
H            1.54558818722000        3.47231647732133       -1.20760485979122
C            2.17385471889869        1.53311627024795       -0.56070576055682
H            2.77007166835809        1.34927632136604       -1.44127749167906
37
 energy: -61.555135380018 gnorm: 0.011713792119 xtb: 6.7.1-6.fc44.fc44
O           -0.76813267365977        0.54585272265680       -1.57861557488455
C           -1.46730887672850        1.38495503563223       -1.08361050645506
O           -1.63532126774273        2.57954385737037       -1.64686511121789
H           -2.21304847905557        3.17213539188125       -1.14611183131536
C           -2.23491480577569        1.14120990831098        0.21615857889798
H           -3.30462407189887        1.07073329588772       -0.01314990132837
H           -2.05770905424959        1.95042322634433        0.92695669867913
N           -1.83254574111897       -0.12326102670527        0.77278572788853
H           -0.85849911775202       -0.18123069299319        1.03990351453339
C           -2.45372674145944       -1.25931503084244        0.35190817357856
O           -3.57442152070665       -1.26130072185381       -0.10801986914495
C           -1.58671191842211       -2.50393328766762        0.49808796159714
H           -2.12365189884428       -3.36570563731498        0.09915329026618
H           -1.33014000169858       -2.67557616375599        1.54974548299142
N           -0.34270134833988       -2.29576205486401       -0.20474465570220
H           -0.40154543339404       -2.03720167548607       -1.18060038554640
C            0.83511743298665       -2.17159111855001        0.44201105108574
O            0.94333591752756       -2.35227989238668        1.64078854237199
C            2.04164387512307       -1.80402266542569       -0.43331531320171
N            1.77334118654308       -1.37913790923951       -1.78842494415442
H            1.04653484560871       -0.66451336934050       -1.81815409792353
H            1.50398797429464       -2.15254071722223       -2.38148167565267
H            2.67085796068074       -2.70326181807686       -0.48310826639535
C            2.86521397361923       -0.72361703494420        0.30183686278485
H            3.11819019641066       -1.11469661170525        1.28674546431353
H            3.78090414227551       -0.55789254049993       -0.26968288861619
C            2.10800902338707        0.56481747038965        0.43750280489206
C            1.32512631512929        0.80940996208722        1.56042928942817
H            1.27114059370297        0.07316605448150        2.34481016764311
C            0.63387154566657        2.00166098432448        1.68787172674753
H            0.05424237785132        2.19061870901416        2.58472162718977
C            0.70768238527873        2.96371595183960        0.69628192039900
H            0.18755032669154        3.90340845867716        0.80884793179189
C            1.47729034299069        2.72386698733389       -0.42880932542216
H            1.54219660711562        3.46748529016714       -1.21269593675625
C            2.17249446974396        1.53383531630980       -0.55667922255670
H            2.77203530700281        1.35160024728033       -1.43575123075046
37
 energy: -61.555326705336 gnorm: 0.006876076914 xtb: 6.7.1-6.fc44.fc44
O           -0.76512490387698        0.54382450933365       -1.58003699916398
C           -1.46475326282446        1.38214536085817       -1.08648502952487
O           -1.63497060285132        2.57628463090157       -1.65233145302384
H           -2.21698673413915        3.16091179432901       -1.14919734031572
C           -2.23204227444008        1.14269109271563        0.21425000963071
H           -3.30205566383468        1.07000426207026       -0.01669972295661
H           -2.05389096327157        1.95353823767429        0.92557357362275
N           -1.82817941979454       -0.12127260119312        0.77180800941882
H           -0.85674925613221       -0.17495681973547        1.05243842939242
C           -2.44956698452331       -1.25692326888777        0.35182963535468
O           -3.56902155914747       -1.26010372094083       -0.10609873082070
C           -1.58461275696356       -2.50251398957015        0.50023067481963
H           -2.12448770419325       -3.36242673612100        0.09869308584005
H           -1.32584507903039       -2.68855299733188        1.54863659960870
N           -0.34216197935346       -2.29972502096093       -0.20716015911884
H           -0.40457194811613       -2.03097442245375       -1.17819282055969
C            0.83491576892325       -2.17181925940030        0.44138578724283
O            0.93913434827606       -2.35488021049012        1.63876730413091
C            2.04073022837532       -1.80636080146993       -0.43643608067429
N            1.77183106877651       -1.38212197786643       -1.79075198637620
H            1.06144474480017       -0.65411113951117       -1.82486348661139
H            1.49014083683301       -2.15112336902251       -2.38270684352112
H            2.66677946280453       -2.70858971669213       -0.48588240149531
C            2.86155129763588       -0.72410247755418        0.30095494309182
H            3.11554645623932       -1.11670008131536        1.28560769177760
H            3.77569013929833       -0.55507277447089       -0.26862643676693
C            2.10498875435371        0.56463427211783        0.43923297926887
C            1.32782390601304        0.81167047022187        1.56487766361046
H            1.27542545398994        0.07204547227751        2.34915069416190
C            0.64157506037374        2.00807700397099        1.69660052772979
H            0.05490031396828        2.19473982556647        2.58497984560799
C            0.71123438169281        2.96787291276656        0.70078448264623
H            0.18283711843720        3.90591233591224        0.80958875969379
C            1.47515334594901        2.72405272803561       -0.42878949988086
H            1.53360184933294        3.46185490002942       -1.21452531323813
C            2.16758837097213        1.53326616245357       -0.55580223949338
H            2.76789203423116        1.35040431486767       -1.43407807305236
37
 energy: -61.555454807676 gnorm: 0.005972313984 xtb: 6.7.1-6.fc44.fc44
O           -0.76420594365589        0.54174361126288       -1.58403119850998
C           -1.46220488977673        1.38075038460214       -1.08895531185567
O           -1.63613799916765        2.57419282317949       -1.65865829786407
H           -2.22231892780324        3.15196793867151       -1.15352167303701
C           -2.22711554184464        1.14295476063675        0.21379329243694
H           -3.29761832206773        1.07027406637436       -0.01574586822409
H           -2.05034245313807        1.95410952470952        0.92599844313954
N           -1.82316268904054       -0.12117275094500        0.77110869865022
H           -0.85515823613103       -0.17596723331793        1.06354743947706
C           -2.44584532652312       -1.25695067247001        0.35361718790063
O           -3.56245485519717       -1.26124898352929       -0.11122485244738
C           -1.58326951127224       -2.50441311261996        0.49960824087870
H           -2.12639778369488       -3.36161283754300        0.09312530933213
H           -1.33646091953969       -2.68515401466406        1.55126594871316
N           -0.34016102112488       -2.30591970314188       -0.20946060199390
H           -0.40607790476229       -2.02386599073873       -1.17645252661554
C            0.83655673985244       -2.17319608833023        0.44172632815107
O            0.93714688203524       -2.35912382927103        1.63923910197044
C            2.04171319474890       -1.80826436118395       -0.43788832789624
N            1.77168911079558       -1.38433112335718       -1.79193128564719
H            1.08043056063950       -0.63890867098358       -1.82811026282422
H            1.46856521496913       -2.14861491079553       -2.38063696786774
H            2.66419644402179       -2.71202037242753       -0.48873450692900
C            2.86113875976276       -0.72341890427466        0.29956014663026
H            3.11352101739401       -1.11407349026360        1.28627908267765
H            3.77310395039415       -0.55225237811962       -0.27007778395719
C            2.10306745359414        0.56400817061379        0.44011674288558
C            1.33147442108348        0.81369699837859        1.56934610349578
H            1.28462207434973        0.07181206006767        2.35489512266886
C            0.64389863484651        2.00982579209786        1.70183659201024
H            0.06071945277591        2.20211998782012        2.59300592949199
C            0.71150463005818        2.96720260409982        0.70220814155488
H            0.18336787292032        3.90667960255245        0.81109614757871
C            1.47062523138647        2.72206175567642       -0.43086425542664
H            1.52603134200625        3.46188771164291       -1.21472981307201
C            2.16150889977461        1.53096304328878       -0.55726114839672
H            2.75981428611452        1.34585749341612       -1.43636323702350
37
 energy: -61.555545984838 gnorm: 0.006634529205 xtb: 6.7.1-6.fc44.fc44
O           -0.76268932152814        0.54251887113011       -1.58806124764788
C           -1.46067324086922        1.38140811355194       -1.09268453259574
O           -1.63691815651375        2.57497000438685       -1.66338183506160
H           -2.22869494850308        3.14629418421752       -1.15722806861017
C           -2.22205804039778        1.14338734666639        0.21240196450670
H           -3.29312766159140        1.07218764283872       -0.01391847580685
H           -2.04408999568387        1.95364448108753        0.92403367071239
N           -1.81957446894494       -0.12164381215649        0.76750843596510
H           -0.85553308359337       -0.18149069533971        1.06923890597274
C           -2.44431399750034       -1.25608682489746        0.34988882889608
O           -3.55927421294337       -1.25981041962957       -0.12082048927017
C           -1.58591495377104       -2.50605927994005        0.49942780097792
H           -2.13136332607308       -3.36170245399201        0.08983171682130
H           -1.32969204870056       -2.69027288183619        1.54685128962784
N           -0.34020437187571       -2.31272749019080       -0.20790673183191
H           -0.40881214734806       -2.01696252758781       -1.17176189483307
C            0.83667172202413       -2.17437781396273        0.44506382123051
O            0.93828760105956       -2.35910589419751        1.64268122597684
C            2.04079315287513       -1.80826768080591       -0.43613508027785
N            1.76967409576239       -1.38655055145986       -1.79078734633054
H            1.09925000773725       -0.62208343975181       -1.82839918383186
H            1.44054957332459       -2.14769958494155       -2.37279523148125
H            2.66510225201583       -2.71007555370464       -0.48634198099235
C            2.86128219981454       -0.72219995574766        0.29828029076336
H            3.11410871352752       -1.11268047021023        1.28533153039798
H            3.77289780221347       -0.55022216567676       -0.27146761645582
C            2.10127804943525        0.56398552603458        0.44006177684841
C            1.33527195861573        0.81620504340451        1.57328841525869
H            1.29539161624696        0.07336476618795        2.36015083873427
C            0.64847526138274        2.01157136199287        1.70847277468525
H            0.06596052772132        2.20207542169297        2.59845509333915
C            0.71258852020959        2.96545060716736        0.70440282213227
H            0.18580634681000        3.90408089736438        0.81293198646286
C            1.46536572517693        2.71984144781285       -0.43263746476703
H            1.51660708803562        3.46231549909454       -1.21514133285172
C            2.15504206286289        1.52852943052754       -0.56007242942309
H            2.74829354777013        1.33978775198454       -1.44203616718507
37
 energy: -61.555606207057 gnorm: 0.005625835683 xtb: 6.7.1-6.fc44.fc44
O           -0.76026495468598        0.54544657015273       -1.58935818304279
C           -1.46057686974064        1.38269505302400       -1.09505840440735
O           -1.63766323137204        2.57703532950126       -1.66312963888337
H           -2.23426775265623        3.14502397453289       -1.15787936168311
C           -2.21963042245408        1.14228894787593        0.21118041869037
H           -3.29115631270665        1.07230789398646       -0.01228239427345
H           -2.03725934081275        1.95223824564898        0.92186543874983
N           -1.81811480479420       -0.12322897985793        0.76401236266713
H           -0.85540925278002       -0.18693277519104        1.06897040387771
C           -2.44286999254001       -1.25654153137425        0.34467179251774
O           -3.55722563176692       -1.25918638591470       -0.12781232577777
C           -1.58703831187843       -2.50762953556402        0.49841118190555
H           -2.13280413318732       -3.36297164722867        0.08900356207874
H           -1.34223136721007       -2.69327180861484        1.54711257623440
N           -0.33928628247851       -2.31527876987739       -0.20666875486439
H           -0.40744138941857       -2.01302514415428       -1.16915719758632
C            0.83705430790729       -2.17433872645665        0.44668206705826
O            0.94055140944353       -2.35725808677026        1.64463477323178
C            2.04097958509931       -1.80707327652521       -0.43439774235863
N            1.76868958692084       -1.38836770538555       -1.78996954341576
H            1.11156787413088       -0.61259379557291       -1.82730356458414
H            1.42116741998208       -2.14828407832357       -2.36410878984352
H            2.66714399624812       -2.70807346157854       -0.48404074970123
C            2.86174540127519       -0.72091041944246        0.29786964710190
H            3.11836857395768       -1.11101940963804        1.28383091388906
H            3.77336006443001       -0.55056417522839       -0.27359862074245
C            2.10136840093341        0.56509328799798        0.43937665052026
C            1.33803259423555        0.81691455129340        1.57484339387256
H            1.30357228614177        0.07576976618705        2.36270347802291
C            0.64966890420419        2.01082108449893        1.71016060758817
H            0.07387408937868        2.20310319528181        2.60515075799663
C            0.71185241057284        2.96350516503112        0.70499754731434
H            0.18599459869343        3.90214849913180        0.81488340572865
C            1.46209623628816        2.71921779294940       -0.43297829243663
H            1.50931422522855        3.45988784341927       -1.21658578551507
C            2.15175031892393        1.52773585196263       -0.56247294200931
H            2.74085161527084        1.33691556133744       -1.44683260786502
37
 energy: -61.555598751969 gnorm: 0.006519190881 xtb: 6.7.1-6.fc44.fc44
O           -0.75780967887050        0.54840818941724       -1.59067636698960
C           -1.46047131822896        1.38400079321853       -1.09745629919958
O           -1.63842176872153        2.57912315865817       -1.66287832952471
H           -2.23991095685882        3.14374044485306       -1.15854916609017
C           -2.21717031353854        1.14118055077106        0.20994679724214
H           -3.28915900926238        1.07243931466743       -0.01062352102880
H           -2.03034336418525        1.95080826552717        0.91968409433683
N           -1.81664161176967       -0.12483419378896        0.76047310737374
H           -0.85528486121296       -0.19244392536784        1.06869156427002
C           -2.44141744180272       -1.25700030332191        0.33938786689959
O           -3.55515802024161       -1.25854560094902       -0.13489953108767
C           -1.58818331425079       -2.50921795157960        0.49737504925734
H           -2.13426391630045       -3.36425471509681        0.08815353569461
H           -1.35485806110113       -2.69630142878912        1.54737602345978
N           -0.33836079553717       -2.31785565039521       -0.20541037988407
H           -0.40604974912470       -2.00904775302765       -1.16651499890582
C            0.83743590743463       -2.17429819583674        0.44832486583711
O            0.94283225567706       -2.35538783741062        1.64661618283442
C            2.04116785528083       -1.80587010515465       -0.43263630640837
N            1.76769285618457       -1.39021877425474       -1.78914141372718
H            1.12404289300866       -0.60300350519202       -1.82619411581316
H            1.40154767383417       -2.14888495458899       -2.35530555373312
H            2.66919688398329       -2.70606164129743       -0.48171240580559
C            2.86221361346484       -0.71960597461368        0.29745025951875
H            3.12267459283236       -1.10933114313015        1.28231080710586
H            3.77382095469923       -0.55090279499159       -0.27576773566168
C            2.10146267604887        0.56621525777005        0.43868301222172
C            1.34083684785939        0.81763519992541        1.57641905728522
H            1.31185071023161        0.07820463306970        2.36528519644791
C            0.65088868188413        2.01006912699457        1.71187809890041
H            0.08188014518523        2.20412588847016        2.61191824249645
C            0.71110521671996        2.96154162478095        0.70560668808272
H            0.18618081745082        3.90020048107654        0.81686834413654
C            1.45877284942339        2.71858353321287       -0.43332392604238
H            1.50192952666329        3.45743635454828       -1.21804767458810
C            2.14841251085150        1.52693269565626       -0.56490316216037
H            2.73332256107323        1.33401983728371       -1.45168182669514
37
 energy: -61.555651675074 gnorm: 0.003635778189 xtb: 6.7.1-6.fc44.fc44
O           -0.75812531396897        0.54825799063696       -1.59104091518671
C           -1.45944715965398        1.38486213604741       -1.09584209896236
O           -1.63917435256484        2.57901761320970       -1.66229613067555
H           -2.23955961851363        3.14587916065901       -1.15949796241916
C           -2.21756560077061        1.14127139442483        0.21078023500182
H           -3.28967098454622        1.07381171230154       -0.00979863668141
H           -2.03061722641087        1.94881779702412        0.92232946467532
N           -1.81831158596736       -0.12542360361966        0.76087855271641
H           -0.85546859916602       -0.19270774975039        1.06556370195522
C           -2.44357667768387       -1.25735888104748        0.33912027058033
O           -3.55694762022775       -1.25718275603035       -0.13608703290357
C           -1.58929505540986       -2.50916914089375        0.49563333143897
H           -2.13360864448557       -3.36484738679009        0.08692136822270
H           -1.34602289405760       -2.69257117547662        1.54664288703767
N           -0.33893512955616       -2.31530126834756       -0.20476777853610
H           -0.40389092716681       -2.01153634744681       -1.16661575141402
C            0.83631394113269       -2.17357970270721        0.44873746909105
O            0.94062404105391       -2.35634333317405        1.64721011589765
C            2.04153246101975       -1.80666721488048       -0.43181943581937
N            1.76783620554098       -1.39193965959837       -1.78885881515467
H            1.12187716955363       -0.60792911431154       -1.82503429310880
H            1.40484800025903       -2.15081448124901       -2.35343932057968
H            2.66711440172460       -2.70868043052307       -0.48118658789151
C            2.86246266042566       -0.71984506458325        0.29722817702975
H            3.12228681900224       -1.10717599135326        1.28255960507375
H            3.77306326914608       -0.55104222775244       -0.27773719153230
C            2.10307553276589        0.56670829040017        0.43849581103786
C            1.34235715198295        0.81765044303710        1.57571206918374
H            1.30978333936767        0.07844196915286        2.36369772750670
C            0.65171412565282        2.01019094950828        1.71140095506969
H            0.08172456081033        2.20121443236707        2.61025918805117
C            0.71026742854433        2.96239271885513        0.70604594902859
H            0.18507076877812        3.90140664981462        0.81820342764897
C            1.45731804639393        2.71857984325805       -0.43317743675393
H            1.50272975970877        3.45870080760615       -1.21789891736652
C            2.14883661131236        1.52755582733235       -0.56483447819085
H            2.73514494475827        1.33695469501445       -1.45076144301515
37
 energy: -61.555672673395 gnorm: 0.002062082057 xtb: 6.7.1-6.fc44.fc44
O           -0.75573619048937        0.54953915545061       -1.58952965497620
C           -1.45849105185389        1.38514714964439       -1.09498296354362
O           -1.64000270344334        2.57835925315176       -1.66196948344968
H           -2.24148006106729        3.14598787239082       -1.16164784115977
C           -2.21699859481507        1.14163420139809        0.21163336704144
H           -3.28941299051293        1.07574362692342       -0.00878210896905
H           -2.03003388552160        1.94803679535318        0.92485766392044
N           -1.81914175240682       -0.12618375059338        0.76062590076440
H           -0.85523184368678       -0.19362045180089        1.06304065322649
C           -2.44481340072656       -1.25759309389375        0.33732552172352
O           -3.55735301906223       -1.25614872195503       -0.13906593038307
C           -1.58979880020714       -2.50904733072947        0.49408306538424
H           -2.13236292622110       -3.36531685117315        0.08539218853286
H           -1.34529441959258       -2.69194736096704        1.54518591975763
N           -0.33887531201999       -2.31382176909621       -0.20434735563658
H           -0.40140065709768       -2.01269858828737       -1.16674679538122
C            0.83555318621242       -2.17346334879045        0.44970186245243
O            0.93839781278228       -2.35479812664253        1.64798851870224
C            2.04172772071444       -1.80763718669675       -0.43080653159094
N            1.76799508540401       -1.39546574736860       -1.78883079863871
H            1.12572031190807       -0.60937386998274       -1.82497228874461
H            1.40156511374574       -2.15414385225424       -2.34950635255492
H            2.66616948728081       -2.71022876552609       -0.47870681521253
C            2.86299560936479       -0.71984558192660        0.29582176278732
H            3.12321517337434       -1.10661418734926        1.28144849679558
H            3.77249242089190       -0.54999391743641       -0.28076435700467
C            2.10335491181136        0.56662136357076        0.43733465399151
C            1.34383675530095        0.81764864185958        1.57510022916120
H            1.30979753903487        0.07880766691522        2.36299360424359
C            0.65463614869358        2.01099593677174        1.71281055336648
H            0.08557662025514        2.20107563900606        2.61242071828105
C            0.71053491703824        2.96395510967544        0.70809530781813
H            0.18260311831547        3.90114063160867        0.81937571510515
C            1.45530564042899        2.71863015725072       -0.43269569291510
H            1.49962441874243        3.45840518824202       -1.21832353382378
C            2.14725067443773        1.52803540697250       -0.56539082362384
H            2.73383879177072        1.33977760739940       -1.45144029539171
37
 energy: -61.555688226696 gnorm: 0.002097398375 xtb: 6.7.1-6.fc44.fc44
O           -0.75154586036251        0.55177386689276       -1.58665192826026
C           -1.45698091353559        1.38570039991304       -1.09339770333851
O           -1.64226188047455        2.57710234591380       -1.66241132989346
H           -2.24645492803493        3.14497449465946       -1.16619589275917
C           -2.21578541224806        1.14211368780127        0.21314637592092
H           -3.28864591367829        1.07909284633332       -0.00691731971882
H           -2.02656504814629        1.94731838284494        0.92755397231073
N           -1.82002045875230       -0.12739872859022        0.76018907494940
H           -0.85519899730773       -0.19621621035423        1.06032867921560
C           -2.44592643701230       -1.25778570720877        0.33378512176238
O           -3.55717150122395       -1.25511970270173       -0.14463754808495
C           -1.59059818147382       -2.50911748446900        0.49136131344311
H           -2.13088863709595       -3.36589529288341        0.08165703686532
H           -1.34780776131310       -2.69127350095254        1.54324425263419
N           -0.33869938564312       -2.31224653219813       -0.20424793243042
H           -0.39848039707590       -2.01278510335483       -1.16725064199894
C            0.83449896115987       -2.17261168810388        0.45135903982805
O            0.93574800152546       -2.35318354001700        1.64980404627574
C            2.04197993009282       -1.80931352072906       -0.42938948412177
N            1.76904033783675       -1.40222497630737       -1.78913234467482
H            1.13734007462068       -0.60834715533461       -1.82605975592465
H            1.39116367037756       -2.16001188098205       -2.34287828167621
H            2.66564885124381       -2.71281349871617       -0.47363975456501
C            2.86337659170459       -0.71957608051671        0.29361857442659
H            3.12744808413078       -1.10389959369317        1.27946166510549
H            3.77105440748387       -0.54962286082764       -0.28540401744528
C            2.10351162231413        0.56694805985420        0.43597508132676
C            1.34746675093191        0.81864453255273        1.57577900320601
H            1.31344436771712        0.08014915820782        2.36383357013280
C            0.65817173278717        2.01194292600317        1.71517083832805
H            0.09062145426107        2.19955216389829        2.61543517072612
C            0.70893871139774        2.96496598795979        0.71046359837752
H            0.18438983418373        3.90427458198440        0.82534595282727
C            1.45028153687173        2.71828904433489       -0.43259526026528
H            1.49134687652351        3.45645938494034       -1.21975525764262
C            2.14416686551283        1.52888140169033       -0.56625864382138
H            2.72915689948512        1.34285869327044       -1.45396319098485
37
 energy: -61.555695442890 gnorm: 0.001483905589 xtb: 6.7.1-6.fc44.fc44
O           -0.74830832371733        0.55308477687276       -1.58359004865418
C           -1.45620174402263        1.38586485210326       -1.09202879959386
O           -1.64400516684088        2.57573349783608       -1.66343243372279
H           -2.24995138992896        3.14396216821712       -1.17000329823696
C           -2.21534699801360        1.14274579115634        0.21428068088617
H           -3.28832829353649        1.08182129134885       -0.00592836380324
H           -2.02425248762092        1.94717273141957        0.92896449072950
N           -1.82089047230320       -0.12754327236597        0.76077595097843
H           -0.85568718861893       -0.19752765495289        1.05948383543188
C           -2.44637769410732       -1.25740767322088        0.33209534566392
O           -3.55692172395831       -1.25464851383285       -0.14785200568227
C           -1.59086917740326       -2.50872606817931        0.48992327353207
H           -2.13009129368781       -3.36558368540027        0.07884243637036
H           -1.35000838433769       -2.69132577805053        1.54200130595788
N           -0.33854676328839       -2.31120759303870       -0.20449954303443
H           -0.39753451128929       -2.01246607531149       -1.16797200044408
C            0.83424446802542       -2.17218421972883        0.45220045417057
O            0.93481548696618       -2.35217650728529        1.65083708189067
C            2.04233247505750       -1.81083723008889       -0.42855276542057
N            1.77080027175562       -1.40727439813530       -1.78944324150188
H            1.14666686993445       -0.60786246028668       -1.82764172795465
H            1.38516124268245       -2.16413808945038       -2.33964057789400
H            2.66597115628387       -2.71462260109976       -0.46987780150799
C            2.86347468496401       -0.71907011588664        0.29186809469376
H            3.12945314977219       -1.10259547755589        1.27744318349006
H            3.77003204059240       -0.54896068986801       -0.28877081709144
C            2.10255950381192        0.56687851450256        0.43480334172073
C            1.34803688700981        0.81829566712889        1.57582964902428
H            1.31598503676126        0.08000919758549        2.36426922627147
C            0.66073689285831        2.01248285773066        1.71702900978924
H            0.09603596505984        2.20162277787715        2.62006257494928
C            0.70988530845298        2.96624470773531        0.71323916718463
H            0.18104538104773        3.90288231693768        0.82613986178479
C            1.44868965228214        2.71895936847451       -0.43151146755853
H            1.48705087725514        3.45644641118852       -1.21938419264958
C            2.14128736625348        1.52934925385771       -0.56707987694257
H            2.72482074463219        1.34420082288054       -1.45615392277105
37
 energy: -61.555700579572 gnorm: 0.001267428877 xtb: 6.7.1-6.fc44.fc44
O           -0.74551499165450        0.55328484337432       -1.57983004860917
C           -1.45633819330883        1.38513937404710       -1.09121318786733
O           -1.64493033755153        2.57378574070392       -1.66499488892421
H           -2.25152911316961        3.14276644623552       -1.17300293638162
C           -2.21595473651871        1.14353686060542        0.21482845223293
H           -3.28868490399566        1.08361135446882       -0.00602916187701
H           -2.02474400957934        1.94836283794052        0.92893056432435
N           -1.82206602168235       -0.12635407164913        0.76288701719098
H           -0.85660709357957       -0.19637367722529        1.06067972272281
C           -2.44637602402716       -1.25638969888615        0.33301204981296
O           -3.55690353726494       -1.25450901282321       -0.14744707644986
C           -1.59051887348537       -2.50756488453447        0.49021671265117
H           -2.12988446401326       -3.36421827961062        0.07804888922653
H           -1.35193530028119       -2.69241433600327        1.54156437700569
N           -0.33855454560590       -2.31001120260464       -0.20493208342473
H           -0.39842066054085       -2.01187692829500       -1.16878016980364
C            0.83469474537490       -2.17221708918656        0.45181655106696
O            0.93508154779544       -2.35103254706305        1.65043235404327
C            2.04268294569702       -1.81215794563413       -0.42852805119586
N            1.77300463210606       -1.41048049293465       -1.79003325843191
H            1.15202413097631       -0.60919410700660       -1.83007361844068
H            1.38585073739940       -2.16645048940606       -2.34055796804453
H            2.66703835238946       -2.71533898432110       -0.46748193838820
C            2.86351239975748       -0.71881718130758        0.29054734199387
H            3.13041327013832       -1.10197402033837        1.27596354446238
H            3.76936512481553       -0.54811204524798       -0.29119004591201
C            2.10186269870423        0.56662641934903        0.43422762294144
C            1.34855109256295        0.81814736082925        1.57605476548511
H            1.31784273729643        0.07934625392523        2.36441395571099
C            0.66020874978945        2.01147398575898        1.71725945864009
H            0.09536780606088        2.20030122484560        2.62012117473990
C            0.70851756829350        2.96558164535822        0.71395282516824
H            0.18324517523049        3.90380383936001        0.82948390813924
C            1.44706416847838        2.71908238693898       -0.43113719703100
H            1.48587631658998        3.45797062223605       -1.21802763379941
C            2.13990869036129        1.52966796397185       -0.56734993678667
H            2.72261376522515        1.34459673524349       -1.45710600613542
37
 energy: -61.555703331735 gnorm: 0.000793602740 xtb: 6.7.1-6.fc44.fc44
O           -0.74445948975895        0.55224639651810       -1.57759525608888
C           -1.45637288855617        1.38442964367438       -1.09052540864914
O           -1.64579574756323        2.57183783893398       -1.66696247949897
H           -2.25213135198738        3.14165309199023       -1.17525219886207
C           -2.21675836453778        1.14398812410263        0.21516601933643
H           -3.28925011056596        1.08423946028948       -0.00607818520450
H           -2.02559694513079        1.95018112542631        0.92788268241682
N           -1.82326204575099       -0.12523128023288        0.76502363286496
H           -0.85761285376168       -0.19487498987244        1.06212776935679
C           -2.44665291435401       -1.25555550147018        0.33456858585801
O           -3.55748411671766       -1.25433009905883       -0.14530361138373
C           -1.59058709335990       -2.50660974177125        0.49044058741308
H           -2.13044148466299       -3.36290828102001        0.07760728837625
H           -1.34988446748188       -2.69135054035531        1.54173555142963
N           -0.33890876074340       -2.30828252608168       -0.20528589550968
H           -0.39957401131328       -2.01028616629704       -1.16910612542977
C            0.83485140452415       -2.17110197604754        0.45106079326668
O            0.93512224535708       -2.35147165801784        1.64985712393936
C            2.04312214504729       -1.81269218504901       -0.42890892095502
N            1.77483661405834       -1.41216055206852       -1.79089629649536
H            1.15497179662799       -0.60983901778547       -1.83245049384210
H            1.38801194188578       -2.16770983678808       -2.34246999883846
H            2.66778481582069       -2.71583766759237       -0.46618958236496
C            2.86357048517022       -0.71872990282354        0.28991310143009
H            3.13283826252807       -1.10050552405245        1.27541678418764
H            3.76892015405547       -0.54808153782423       -0.29245100224788
C            2.10144708871452        0.56632705752424        0.43376938455411
C            1.34795270360060        0.81709186579095        1.57569757212669
H            1.31798084076801        0.07787108652414        2.36371223074625
C            0.65948262951933        2.01015864457489        1.71748529410512
H            0.09420016406357        2.19895085238355        2.61994513110192
C            0.70807810009998        2.96477001479353        0.71475097076847
H            0.18271341375154        3.90292206958526        0.83091319103968
C            1.44720274808102        2.71950081622684       -0.43007126168743
H            1.48606146095726        3.45851668532368       -1.21619209152524
C            2.13954996889782        1.52986654370726       -0.56734832902108
H            2.72183751150123        1.34460656795366       -1.45726047665806
