34
 energy: -56.477920249483 gnorm: 0.000043720486 xtb: 6.7.1-6.fc44.fc44
O           -2.01559812010000        2.66400580160000        0.00639797370000
C           -3.25421046580000        2.36044145680000       -0.32901292980000
O           -3.97063851830000        3.10302362160000       -0.93945243480000
H           -1.56128256810000        1.90639254890000        0.47956456240000
C           -3.73424494230000        0.97085827570000        0.14581585110000
H           -4.76892506370000        0.83567267020000       -0.16547571590000
H           -3.67622684010000        0.96026368220000        1.24237994770000
N           -2.92781772500000       -0.10827291870000       -0.39312825620000
H           -3.36796545980000       -0.81787971420000       -0.96103336410000
C           -1.68499306440000       -0.36849258770000        0.03405648000000
O           -1.09131124750000        0.36145449490000        0.82222500700000
C           -1.03416516370000       -1.59870343230000       -0.57773042920000
H           -0.60822729420000       -2.17386120580000        0.24976084260000
N           -2.02229563780000       -2.40890165150000       -1.28127421640000
H           -1.75227751390000       -3.38486299260000       -1.27983098540000
H           -2.08250817070000       -2.11742589440000       -2.25282505250000
C            0.12233819840000       -1.12900465060000       -1.50102729790000
H           -0.29963759010000       -0.50207222010000       -2.29197318810000
H            0.56439841650000       -2.01798291080000       -1.96045497750000
C            1.16782128990000       -0.37015459410000       -0.76080062370000
C            1.31974756330000        0.98528879600000       -0.70937046410000
H            0.75259518730000        1.75004615380000       -1.20504320850000
N            2.36267694150000        1.30987942240000        0.10983880030000
H            2.65057403230000        2.24577557540000        0.33793935510000
C            2.90008967880000        0.16605088580000        0.62223069350000
C            3.96210607750000       -0.02176337970000        1.49736749540000
H            4.50967353030000        0.81906478560000        1.89740101210000
C            4.28889354830000       -1.31662801560000        1.83728130630000
H            5.10804043460000       -1.49920485780000        2.51702798240000
C            3.58067959140000       -2.40411541360000        1.31852479560000
H            3.87090293940000       -3.40318895920000        1.60988540700000
C            2.52806336140000       -2.22500626950000        0.44996914950000
H            1.99107511270000       -3.07487695080000        0.05330864790000
C            2.17160955550000       -0.92555986240000        0.09002548200000
