37
 energy: -61.555985629163 gnorm: 0.000076128808 xtb: 6.7.1-6.fc44.fc44
O           -5.74833769880000        0.30787294360000       -1.38514506230000
C           -5.00507834080000        0.20212789950000       -0.45235506890000
O           -5.40151653320000       -0.17703217720000        0.74824434230000
H           -4.64996053570000       -0.24298917150000        1.39458270630000
C           -3.50197822450000        0.54330063320000       -0.56650448610000
H           -3.30266069930000        1.36878962920000        0.12943325430000
H           -3.29891181860000        0.86902639050000       -1.58550203330000
N           -2.63030161940000       -0.57322358840000       -0.25028796360000
H           -2.05346936450000       -0.96784437690000       -0.99105036260000
C           -2.44476494730000       -1.01716217670000        0.99519731610000
O           -3.07948106090000       -0.61499437780000        1.96289308860000
C           -1.36243502590000       -2.09122265150000        1.11833373940000
H           -1.58714017190000       -2.89117514310000        0.40505798570000
H           -1.37550717530000       -2.48771934540000        2.13324387240000
N           -0.03901928470000       -1.57527533670000        0.82331688160000
H            0.54921273360000       -1.31781542140000        1.59908537060000
C            0.39432319180000       -1.36339961130000       -0.43479345380000
O           -0.30478378100000       -1.57011403870000       -1.41424698950000
C            1.82038477570000       -0.82126571410000       -0.55412722210000
N            2.39546621360000       -1.08359453740000       -1.85487170450000
H            1.71092533300000       -0.85441812620000       -2.57096933010000
H            2.62053914990000       -2.06679030800000       -1.95799261920000
H            2.45528153330000       -1.28278470400000        0.21062725110000
C            1.76795575530000        0.70646100100000       -0.30977589630000
H            1.37776378150000        1.17657544760000       -1.21412780320000
H            1.08584467360000        0.92290635980000        0.51557537300000
C            3.13659941820000        1.23905911370000        0.00521777370000
C            4.08397851230000        1.38002722110000       -1.00093181640000
H            3.82029425360000        1.11260941060000       -2.01187864990000
C            5.35458834070000        1.83982060740000       -0.70646930690000
H            6.08385270500000        1.94525764890000       -1.49611049730000
C            5.69350855170000        2.16692427270000        0.59596643810000
H            6.68469891910000        2.52935162070000        0.82498888270000
C            4.75584006140000        2.02774272850000        1.60404865270000
H            5.01253597200000        2.28106177350000        2.62234922090000
C            3.48582029250000        1.56291257710000        1.30938571740000
H            2.75761750930000        1.45930175990000        2.10270627640000
