34
 energy: -55.616059761434 gnorm: 2.066768022675 xtb: 6.7.1-6.fc44.fc44
O           -2.68343884721076        2.58897269818666       -0.15117025532300
C           -1.77569266337500        2.34696384300914       -1.48750674422495
O           -1.81922118380638        3.14737690588036       -2.34113363162635
H           -2.30136604533606        2.14974225295610        0.34626622489600
C           -0.78078460823532        1.65547556309484       -1.11270378178000
H           -0.07658048641661        1.69202414737486       -0.12078239682671
H           -0.01128092333020        1.32224553916968       -2.12292303720001
N           -1.15233596129578        0.31084943905598       -0.75814782957410
H           -0.77740240138409       -0.60312677288460       -1.48353189907772
C           -1.62481371241644       -0.28720848300013        0.42259200856507
O           -2.07337412597865        0.61802674064021        1.18922738580611
C           -1.86609989710978       -1.76295853299061        0.47918225475801
H           -2.82652660971270       -1.64868245190912        1.15260794589366
N           -1.97399521426222       -2.40952768216969       -0.76056239953259
H           -2.74386887819504       -2.13353709147077       -1.23270274276441
H           -2.00862910195861       -3.41191577445742       -0.53928767661533
C           -0.69487148138902       -2.04757119708149        1.53718644985609
H           -0.92565405595441       -3.30033458125588        1.47227906554917
H           -0.73279283303192       -1.96804480270347        2.20829428707580
C            0.72344108748218       -1.88323739072668        0.59317459901281
C            1.14779172383515       -2.66359571696586       -0.38980727931781
H            0.76345582348588       -3.49525686680708       -0.59513817249454
N            2.36866211109599       -2.10693081484717       -0.64659719148428
H            2.91798597533282       -2.44196453837070       -1.41191556889408
C            2.63883265760780       -0.80112538099667       -0.17634656385973
C            3.57411167288793       -0.17416271172347       -0.11487221906922
H            4.22081796195541        0.20991463867433       -0.95901795142030
C            3.23858443729143        1.19724856297355        0.69588215912851
H            3.97180681372601        2.24413720869913        0.38119019473878
C            2.31114484898831        1.28281252188506        1.53045917629784
H            2.15239873080985        2.26215169756621        2.13783815000535
C            1.08157203228169        0.36015074704090        1.60270759294706
H            0.31236936969284        0.59588919895415        2.25913169750033
C            1.48894693449431       -0.87583759705490        0.82698804935795
34
 energy: -56.198930021401 gnorm: 0.547384958627 xtb: 6.7.1-6.fc44.fc44
O           -2.70743120978005        2.62496470313072       -0.21511004711840
C           -1.79070455317504        2.38149779099016       -1.47023054328681
O           -1.83136851518898        3.15406202817072       -2.35345214202481
H           -2.27486436024573        2.11394873219183        0.39130927591730
C           -0.74143935575619        1.61276339660585       -1.10670960026162
H           -0.07817739388033        1.70383934922452       -0.13052492045086
H           -0.01846484785826        1.33377014464006       -2.10832618826389
N           -1.14993380534694        0.26936717917474       -0.76931156010302
H           -0.78515975764661       -0.58881927960419       -1.47184042824595
C           -1.63518764521060       -0.26444446680663        0.40971055278973
O           -2.06542539545012        0.60334675096143        1.19561296084103
C           -1.87538593273565       -1.73966865293611        0.48426341855995
H           -2.82258998415016       -1.65682331890555        1.14877093744780
N           -1.96266383096236       -2.41561629952212       -0.75110841128555
H           -2.75489269865237       -2.12994431996766       -1.24052981530230
H           -2.00834458806437       -3.41242010286232       -0.54123153588153
C           -0.68555510418281       -2.09912196086182        1.37268283952954
H           -0.91755193049804       -3.29558732103186        1.47027895885331
H           -0.73663994556493       -1.93720733014924        2.37785596252878
C            0.69430419248867       -1.88998840355806        0.60787454785028
C            1.15822917458640       -2.65225580291655       -0.38126017265726
H            0.75484222425824       -3.52496625137818       -0.60949147144005
N            2.37351475961413       -2.11521165081340       -0.66062616245578
H            2.92224258444722       -2.44473413131414       -1.41982966820343
C            2.58921702758050       -0.84183546331404       -0.15972991660851
C            3.61138474849630       -0.10771939192727       -0.11664305172111
H            4.22955154671414        0.20541113186670       -0.95820023348052
C            3.26603950193561        1.20273000893746        0.67905064499007
H            3.96176360403903        2.22280797667923        0.38893144872675
C            2.28636711702265        1.29187424888038        1.54010861476806
H            2.15205703025705        2.25458383505183        2.13327979615118
C            1.11260252261611        0.35582161594273        1.59534399732045
H            0.31296887313492        0.59162930990816        2.25758271810630
C            1.47988909772718       -0.83709073674194        0.84235909471431
34
 energy: -56.387431993274 gnorm: 0.273172513064 xtb: 6.7.1-6.fc44.fc44
O           -2.69025245113339        2.62836451508190       -0.27951585147064
C           -1.77988713749332        2.43681039354720       -1.41683900614610
O           -1.85385777290801        3.15270000508267       -2.36683841399746
H           -2.28428409686295        2.10514755204671        0.40213443527147
C           -0.69811625867450        1.54832319911284       -1.11029574436305
H           -0.07348147089503        1.73718584021407       -0.17168510908403
H           -0.03498536183818        1.36886863182269       -2.06284626808574
N           -1.15141651012425        0.20201526738697       -0.80122569440198
H           -0.80786395725353       -0.56741844661187       -1.44354004050995
C           -1.66297256203925       -0.23211914121146        0.37928570115258
O           -2.04382245236143        0.59245427800988        1.20839328223554
C           -1.87827765993642       -1.70315001931796        0.50923904701057
H           -2.81489584474454       -1.68337206993490        1.14532302743082
N           -1.95393039883834       -2.41396172508585       -0.73175497062084
H           -2.76319401614173       -2.12689332511243       -1.24731006952025
H           -2.00602206093456       -3.41066293783783       -0.54112927532176
C           -0.68390164877010       -2.15621487167318        1.35066386434142
H           -0.88348322088492       -3.28292769472011        1.46053708724984
H           -0.72924708847063       -1.93581807339727        2.37383036298129
C            0.63845779430716       -1.89378683760564        0.64075203319679
C            1.16820143369362       -2.65206858413593       -0.35326857867395
H            0.75356584578061       -3.56051722724232       -0.63188922082410
N            2.38070873004232       -2.11503299380605       -0.67451702159758
H            2.93197723404602       -2.44396178366083       -1.43912178355025
C            2.55304010274904       -0.86453239507761       -0.11557549194265
C            3.58579249339001       -0.01890095644972       -0.11420941984669
H            4.24233756810483        0.18303464210559       -0.95447627255568
C            3.29409957189775        1.21149557323057        0.65904214117540
H            3.93747822255019        2.15687612478529        0.41614125189002
C            2.26198911386502        1.31503265619414        1.52839042241490
H            2.14989874643703        2.24099043699648        2.12006810336903
C            1.17869156685497        0.35964045904045        1.59753842434940
H            0.33395795839558        0.57850239626850        2.24324141950520
C            1.44688873875953       -0.78713957029955        0.85231752924187
34
 energy: -56.461482803274 gnorm: 0.086030328604 xtb: 6.7.1-6.fc44.fc44
O           -2.63008846826154        2.63697378113949       -0.35048148881825
C           -1.78632243959318        2.48543663802649       -1.35882836612228
O           -1.87741061160659        3.14240594590291       -2.36248824565130
H           -2.29527658519466        2.08986474023791        0.41027443678058
C           -0.67125326378691        1.49545349330436       -1.11836271121512
H           -0.07677280133787        1.76993126929758       -0.22437710978089
H           -0.05698329316254        1.39966319004759       -2.00137470464545
N           -1.15171698401966        0.15093377002337       -0.83277650906601
H           -0.83272387946841       -0.55700482913731       -1.41883802644444
C           -1.67995387946123       -0.20428073982824        0.34833932364766
O           -2.02384589609053        0.59071332543860        1.20831043912628
C           -1.88688126892287       -1.68034326842180        0.53311780094360
H           -2.80791237189829       -1.71771722432657        1.14575147265116
N           -1.94975827828296       -2.40859407796014       -0.72140222033607
H           -2.76922164519607       -2.12720932946274       -1.25232313156664
H           -2.00839501615039       -3.40526752617426       -0.54452924614243
C           -0.68824055415355       -2.20905749705688        1.34229786010681
H           -0.85457367605883       -3.27649967755660        1.43549363052130
H           -0.72629658928020       -1.90911622626876        2.38364196209124
C            0.59988224580272       -1.90804416140008        0.66374554778294
C            1.18327059366888       -2.65491902263439       -0.32071050476300
H            0.77038024645732       -3.58281266178680       -0.65463258263571
N            2.38374076146040       -2.10662824065879       -0.68722662965440
H            2.94139923378794       -2.43843312721216       -1.45166093015252
C            2.52141988792744       -0.88394707138575       -0.07045113601019
C            3.53288673294305        0.07699150353684       -0.11480963568363
H            4.25079133629163        0.14947382336998       -0.94314559503391
C            3.30979751234945        1.21786406523282        0.63098273818255
H            3.91642463985573        2.08289657492568        0.45291010436647
C            2.24619872832735        1.33107744029824        1.52163379507859
H            2.14918651203482        2.23422546404956        2.10360310997614
C            1.24515650450176        0.37899257014716        1.60321597030611
H            0.36346685301592        0.56408581323294        2.22998654264275
C            1.42281886407052       -0.75814540919482        0.84597393982153
34
 energy: -56.473991850075 gnorm: 0.053447504159 xtb: 6.7.1-6.fc44.fc44
O           -2.62298732684276        2.64227754387187       -0.35357414513766
C           -1.78044188213497        2.50866453027521       -1.34883067549977
O           -1.86867204052683        3.13871409220922       -2.37431181058942
H           -2.33262760865982        2.07127520650444        0.42343275573739
C           -0.66455804451430        1.48299434489998       -1.12328523553056
H           -0.05207859526114        1.81226919914755       -0.26649171648323
H           -0.02069374337030        1.46001796072659       -2.00864703571054
N           -1.16278449828526        0.14341787221321       -0.84105665361329
H           -0.85359518822420       -0.62362557033361       -1.44816670031717
C           -1.70321587060232       -0.19417692775955        0.33562448408097
O           -2.00226020701696        0.61161899621423        1.21143974624217
C           -1.90311154998958       -1.67705984175440        0.54495375764266
H           -2.81486938429878       -1.77328474013969        1.16604587406779
N           -1.96078734188664       -2.39563464277517       -0.71805704381693
H           -2.78444194950068       -2.12373551232840       -1.24757331663700
H           -2.01178424768546       -3.39391403467663       -0.54748208871970
C           -0.70346849582833       -2.22531022435304        1.34546732639073
H           -0.79864124875673       -3.31747182129204        1.41816275459350
H           -0.73504552767326       -1.89072569783144        2.38714090653030
C            0.58425908974509       -1.92249499866919        0.66786360055300
C            1.19140782035722       -2.67846517948330       -0.29802630723431
H            0.80260260929614       -3.61666379331232       -0.65201105988094
N            2.36733324768415       -2.09786055505730       -0.69790124132728
H            2.93523132808328       -2.42738192420558       -1.46006522525829
C            2.48779082904184       -0.88511284397136       -0.06930885668788
C            3.48075684862400        0.10843502479002       -0.13909421215274
H            4.24733325644050        0.10131926652143       -0.93879352390388
C            3.29421216948202        1.24447012008477        0.61395581029380
H            3.99621376642930        2.07497011682288        0.52429310624802
C            2.22803286553832        1.37071706764185        1.50948065271533
H            2.14794903591239        2.26941019768668        2.09870329509360
C            1.27277813553566        0.38559574884119        1.62563237178697
H            0.40316786351781        0.54274519131690        2.25896098606362
C            1.40018903593941       -0.75703085407975        0.83237932076436
34
 energy: -56.477885386236 gnorm: 0.034802059189 xtb: 6.7.1-6.fc44.fc44
O           -2.61137850077438        2.64845917819018       -0.34838582491532
C           -1.77212303149191        2.51051931692602       -1.35297153493475
O           -1.85104990681419        3.13665388217211       -2.37465893734960
H           -2.36040455594635        2.04678606691293        0.42930308853061
C           -0.65203024207217        1.46984258392575       -1.13077759482780
H           -0.04365693666171        1.82592846531372       -0.28447187712376
H           -0.03123151223124        1.43627450571108       -2.01974238170857
N           -1.15588485920512        0.13583591492550       -0.84300235952883
H           -0.89548437553932       -0.64548966014267       -1.44474622319278
C           -1.69536787422379       -0.19325202420805        0.33549011581784
O           -1.99125140941239        0.62407669593225        1.19926504302205
C           -1.90541716903945       -1.68172846584021        0.55356609817871
H           -2.81190824341549       -1.80468176161532        1.17482136804961
N           -1.97146087953096       -2.37926752142439       -0.72179635645323
H           -2.80146295466709       -2.10850533612509       -1.24016154359779
H           -2.01808829375465       -3.38028627993955       -0.56330758258079
C           -0.70141928273671       -2.24410063171291        1.34764476336287
H           -0.83572251375464       -3.33046204967242        1.40347265489093
H           -0.72811107781668       -1.88126920613712        2.38783292252795
C            0.58709914783908       -1.91975181963193        0.67226529587899
C            1.20361490322998       -2.68349781822169       -0.28042924200451
H            0.84544238101793       -3.63354372564401       -0.64333463835409
N            2.35266010789371       -2.07270997248149       -0.71589399725813
H            2.92984977029303       -2.40474957116100       -1.47127880444643
C            2.47236745720694       -0.87220036876419       -0.07437994011075
C            3.45551539630033        0.12922891265588       -0.16239840151441
H            4.23488185707248        0.09260488959536       -0.92321500555758
C            3.31268136676797        1.24605560417732        0.63587501764590
H            4.01082157695372        2.05423227847407        0.53409854388091
C            2.23417749954441        1.38068680944330        1.52156262423749
H            2.14806599920432        2.28499100839681        2.10192923758330
C            1.28117843151221        0.40225268022254        1.62187739897199
H            0.43656211440046        0.52160625504239        2.28459419262098
C            1.39172876042064       -0.74157551755003        0.82221378056286
34
 energy: -56.479183344249 gnorm: 0.035210003926 xtb: 6.7.1-6.fc44.fc44
O           -2.59419692191513        2.65856680284237       -0.33939746668614
C           -1.77603161979152        2.49770889943905       -1.36233428466597
O           -1.84993133542223        3.12757545323560       -2.37499822461218
H           -2.36998662802135        2.02809541788431        0.42459210960661
C           -0.65011914119098        1.45676572705479       -1.13784830533764
H           -0.04207231905907        1.82031306709871       -0.29852332254632
H           -0.04165340589473        1.41229015763671       -2.03699291406140
N           -1.15102007648620        0.13004510071995       -0.83582127685692
H           -0.92560512303524       -0.64309905008625       -1.43278829750094
C           -1.68985630047171       -0.19338814229814        0.34518686104429
O           -1.99335147245930        0.63580033633179        1.19434575294066
C           -1.90767251809471       -1.68524294815704        0.55920035707694
H           -2.81059705612663       -1.81348330728488        1.17716850962285
N           -1.98425610857503       -2.35936974654682       -0.72888188081651
H           -2.82351088733007       -2.08959143990125       -1.23059684885154
H           -2.02093413092569       -3.36391866940288       -0.58606880929409
C           -0.69910619798373       -2.24590633984413        1.34787180518393
H           -0.81372531372363       -3.33394617106080        1.39050138561409
H           -0.72198856101601       -1.86338503669727        2.38432496569315
C            0.59121212856334       -1.92309455584782        0.67778261421292
C            1.21179837523498       -2.68565911907540       -0.27037749440863
H            0.88967668994243       -3.64563968080854       -0.64101039764068
N            2.33810440547642       -2.05131938782588       -0.72587937218345
H            2.93109021887066       -2.38874573910156       -1.46648828531471
C            2.45731853723754       -0.85652456400055       -0.08120739061676
C            3.43047318403857        0.14364918459789       -0.18090129233399
H            4.23454730859290        0.06884108120655       -0.90258869596961
C            3.29242180255760        1.25908586839344        0.60603824601150
H            4.07402313243954        2.03585117865307        0.58579206752083
C            2.21947824731513        1.39275102242652        1.49709543825891
H            2.16048250277506        2.28070995145599        2.11659131988381
C            1.26930931091282        0.40334935083454        1.62182140457023
H            0.44836102690752        0.49551247424134        2.31360517523915
C            1.38051139722756       -0.73563385836847        0.82164644752176
34
 energy: -56.480205811698 gnorm: 0.023655813390 xtb: 6.7.1-6.fc44.fc44
O           -2.58635482289399        2.66115683062751       -0.33736589776533
C           -1.77941696704648        2.48898737842655       -1.36509731980649
O           -1.86041170688211        3.11222387551669       -2.38469022408746
H           -2.36944258028955        2.02248900548740        0.41600738741166
C           -0.65028735509090        1.45150185835940       -1.13954294354609
H           -0.03130539856881        1.81705012776629       -0.31037217747089
H           -0.03937588310194        1.40607285994204       -2.04604045861590
N           -1.14755129566165        0.12969407797177       -0.82277882934984
H           -0.94137496565359       -0.64377610368060       -1.43472807059821
C           -1.69072364037776       -0.19139103867580        0.35705819550817
O           -1.99559553636945        0.64293884354450        1.20500166926108
C           -1.90812121685731       -1.68407928804536        0.56117859588646
H           -2.80870172522287       -1.81136865432911        1.18015929089722
N           -1.99368601689563       -2.34326639421177       -0.73482170001863
H           -2.84210641735536       -2.07460435736461       -1.22139333479044
H           -2.01929611649112       -3.35035699406119       -0.60516066713352
C           -0.69804221431399       -2.24485453727091        1.34536983013695
H           -0.78891766903584       -3.33625845502526        1.39066890678039
H           -0.71781447719498       -1.85243630797859        2.37754146606476
C            0.59158407945196       -1.92268732946454        0.67416196792170
C            1.21274621595955       -2.67906399259564       -0.27642917267485
H            0.91458650153658       -3.64289509532146       -0.65344153209365
N            2.32987097800719       -2.03778341958510       -0.73290862730572
H            2.93849171184493       -2.38140969959631       -1.45775189125531
C            2.45412803823095       -0.84603954439866       -0.08409025389444
C            3.42536505754311        0.14326853141760       -0.18378943751154
H            4.25588969858870        0.03997771960842       -0.87851251509538
C            3.30040683426286        1.25114695354063        0.62177219289242
H            4.01986702575178        2.03682699081550        0.54993438236672
C            2.22959457724728        1.38200610704132        1.51280425792231
H            2.16193031341158        2.27192453131979        2.12468179566965
C            1.26833751421485        0.40016808777940        1.63046149284679
H            0.45451064954979        0.48896823507128        2.32964610682611
C            1.37440996027135       -0.73516748488633        0.82332741492558
34
 energy: -56.480639908929 gnorm: 0.019080828572 xtb: 6.7.1-6.fc44.fc44
O           -2.59060118493586        2.65470521463527       -0.34584354086593
C           -1.77486953939648        2.48790978713188       -1.36396056483578
O           -1.86721362453772        3.09872496607563       -2.39717153622387
H           -2.36938790130401        2.02602422308213        0.40814807450615
C           -0.64639142707009        1.45277615472668       -1.13774711340580
H           -0.01959501006139        1.82027150893150       -0.31316565585233
H           -0.04501207455675        1.38686850496359       -2.04011783126654
N           -1.14262612724837        0.13173034578812       -0.81163502189591
H           -0.94345009302610       -0.64611390483987       -1.43517546217811
C           -1.68970849713766       -0.19021549978289        0.36507820167892
O           -1.99703536898731        0.64060463300518        1.21674108228719
C           -1.90366787535620       -1.68222073059778        0.56322119046583
H           -2.80333359127443       -1.80791818005087        1.18729927017650
N           -1.99758503912128       -2.33825870724476       -0.73404067231107
H           -2.85335967489573       -2.07027285977634       -1.20974723680823
H           -2.01565801554687       -3.34561766038889       -0.61065303876059
C           -0.69376608954468       -2.25263131669979        1.34302674914756
H           -0.83080065011722       -3.33351905659516        1.40712693268519
H           -0.71051902910638       -1.85546809792817        2.37146313429049
C            0.59216165556016       -1.92048519961380        0.66377377322372
C            1.21366004491576       -2.67347211998925       -0.28960210966694
H            0.92346044751561       -3.63661533420002       -0.66878425958264
N            2.33236184481404       -2.03536058193797       -0.74044102292041
H            2.94942956234152       -2.38201812831176       -1.45596036412886
C            2.45814424972699       -0.84328494965715       -0.08856363542417
C            3.42851002570397        0.14362472614211       -0.18898186566812
H            4.25015219079146        0.05015008580907       -0.87734421904431
C            3.29682201112629        1.25109520562999        0.62291888305137
H            4.02485738027911        2.04331366300430        0.56713511185177
C            2.23255319029743        1.37361707519737        1.52035793713586
H            2.15914825496310        2.26260551489381        2.12697911562505
C            1.26895433272545        0.39805164020330        1.63004678845589
H            0.45415388677053        0.49476971194430        2.32826919924880
C            1.37340488626232       -0.73440731580504        0.81820960731375
34
 energy: -56.480921904657 gnorm: 0.011767947229 xtb: 6.7.1-6.fc44.fc44
O           -2.59102393104157        2.65498437714768       -0.34962158921263
C           -1.77201364556283        2.48873564971174       -1.36626412152229
O           -1.86133285998222        3.10238113045611       -2.39382208495040
H           -2.37332765486977        2.02786541502380        0.40581595371166
C           -0.64554697824570        1.45341717127625       -1.13700124034235
H           -0.02167907229784        1.81962641744469       -0.31045092435227
H           -0.04377575719469        1.38782244282418       -2.04021888998303
N           -1.14294714771816        0.13221062707436       -0.80955311995738
H           -0.93607830935771       -0.64419703389639       -1.42419091856218
C           -1.69530397350699       -0.18917531059659        0.36441867565082
O           -2.00748396818534        0.63884923696669        1.21474995696607
C           -1.90602903043509       -1.68113878171525        0.56423726878566
H           -2.80528261448557       -1.80975732616347        1.19112261930679
N           -2.00199973189820       -2.33695379526422       -0.73300634667364
H           -2.86304258047556       -2.07277330826329       -1.20219349225304
H           -2.01238307414343       -3.34407297561985       -0.61210486804062
C           -0.69453664385615       -2.24683928357652        1.34093104859937
H           -0.81987904635197       -3.33057136185155        1.41067443703545
H           -0.71003857652150       -1.84616793040751        2.36652500922669
C            0.59308139194571       -1.92574441618698        0.66222807793610
C            1.21588400747876       -2.67689296703167       -0.29233249240894
H            0.93080318923107       -3.63935624082211       -0.67509008408771
N            2.33443483792362       -2.03621460911615       -0.74301420733600
H            2.95652980521361       -2.38252108446047       -1.45383951380605
C            2.45843815756678       -0.84457385844206       -0.08715727640447
C            3.42699474130296        0.14468321080785       -0.18885613045118
H            4.25450846269977        0.04418328685424       -0.87459162734363
C            3.29177374025151        1.25377892391520        0.61939583572288
H            4.02666954375906        2.04400958617734        0.56499294119931
C            2.22590153217091        1.37555438746828        1.51514864705261
H            2.16116017810236        2.25917742686698        2.13304891449815
C            1.26720203965785        0.39347784130145        1.62809143161983
H            0.45101769492743        0.49344362065783        2.32541503397665
C            1.37249842446809       -0.73828715081587        0.81737297670416
34
 energy: -56.481059549437 gnorm: 0.009540113910 xtb: 6.7.1-6.fc44.fc44
O           -2.58871782578129        2.65766527524609       -0.35248699550839
C           -1.76907566714102        2.48654938872923       -1.36935740052223
O           -1.85677565766470        3.09865554343127       -2.39623350944781
H           -2.37774839840347        2.03263689171618        0.40502344635161
C           -0.64438081209159        1.45249514967432       -1.13510132901645
H           -0.01907027057484        1.82238006153266       -0.31019502913442
H           -0.03832378712027        1.39003594102895       -2.03930308322629
N           -1.14050355208048        0.13144491296102       -0.80321790005763
H           -0.93243066095294       -0.64597118127305       -1.41348498267955
C           -1.69970905496474       -0.18810226595392        0.36767669867799
O           -2.01823389651621        0.63781793385880        1.21656026600924
C           -1.90849606704523       -1.68058657550991        0.56673076432962
H           -2.80533997944772       -1.80886199058577        1.19621105270765
N           -2.00963868404605       -2.33316442388214       -0.73211923512005
H           -2.87797502929496       -2.07344270404512       -1.19076096703453
H           -2.00934284719858       -3.34070956149037       -0.61717316793167
C           -0.69447631937898       -2.24503173421364        1.33875450146517
H           -0.81364329654649       -3.32956639894687        1.41366474730625
H           -0.70664149104182       -1.83797582827396        2.35927757714330
C            0.59268045603839       -1.92949751582117        0.65714843813186
C            1.21768640709629       -2.67867958974261       -0.29770207952476
H            0.94166821867869       -3.64056137475108       -0.68638146071287
N            2.33663645115556       -2.03535029475127       -0.74618480814610
H            2.96898269216823       -2.38384389700689       -1.44675363598546
C            2.45955206334757       -0.84552619803910       -0.08566547909054
C            3.42549732770651        0.14621398297063       -0.18947630975921
H            4.25568394112060        0.04313436539052       -0.86905493748754
C            3.28809503306512        1.25477174498348        0.61613193742731
H            4.02277097936855        2.04524339322570        0.56385911522185
C            2.22216973918976        1.37336624419227        1.51216726377821
H            2.15777695817510        2.25499795962181        2.13224136884736
C            1.26543172020679        0.38855368140227        1.62672358205605
H            0.44862251537138        0.49081344224752        2.32498401125039
C            1.37046194517211       -0.74094106018114        0.81435743998605
34
 energy: -56.481138464289 gnorm: 0.007705463336 xtb: 6.7.1-6.fc44.fc44
O           -2.58536114320841        2.66241963159902       -0.35545865137917
C           -1.76356360322443        2.48567364795707       -1.37055653753759
O           -1.85025539185372        3.09332910041118       -2.40004588856372
H           -2.38305600138296        2.04127744414025        0.40565991752412
C           -0.64159445321148        1.45255941360373       -1.13019569117959
H           -0.01699428403224        1.82440680191779       -0.30653842952149
H           -0.03756855601737        1.38132132414553       -2.03299034458907
N           -1.13669091732920        0.13165829436919       -0.79465803271339
H           -0.92791005518417       -0.64805050632908       -1.40276806900443
C           -1.70505776457352       -0.18644172002491        0.37181620556747
O           -2.03115511215667        0.63690941018714        1.22008401807237
C           -1.91122396464532       -1.68031639027148        0.56876944320170
H           -2.80486645563398       -1.81035628487921        1.20237997561424
N           -2.01855476514294       -2.32932670166285       -0.73176100896189
H           -2.89525848021561       -2.07622473958786       -1.17812537377355
H           -2.00480894124337       -3.33732176087124       -0.62348581800212
C           -0.69398572614916       -2.24466767453959        1.33541634504972
H           -0.81277728548500       -3.32874768819457        1.41634220423547
H           -0.70108905421147       -1.82952001938040        2.34896142701966
C            0.59103733632878       -1.93119185025008        0.64864045992223
C            1.21899711806684       -2.67957061758282       -0.30479232352738
H            0.95243924013909       -3.64051959751397       -0.70005438923333
N            2.34009155789483       -2.03456347891367       -0.74868494276111
H            2.98571648943566       -2.38770793557939       -1.43489932160394
C            2.46093038525733       -0.84620971525389       -0.08598461445265
C            3.42417667364844        0.14853318976087       -0.19152451912548
H            4.26491426338365        0.03561576956400       -0.86595104062459
C            3.28491934941330        1.25741510025524        0.61420049773762
H            4.01770684714079        2.04982273409121        0.56388796022591
C            2.21731158109008        1.37243084358094        1.50925232341611
H            2.15249367176132        2.25208182333933        2.13238140438651
C            1.26219324534261        0.38580471523696        1.62245679436686
H            0.44383376066883        0.49028357397543        2.32052599649794
C            1.36820358589874       -0.74184281955508        0.80855992402099
34
 energy: -56.481196492343 gnorm: 0.006433569366 xtb: 6.7.1-6.fc44.fc44
O           -2.58122275744730        2.66761272471595       -0.35682880983465
C           -1.75960831938129        2.48528658918941       -1.37035780021505
O           -1.84491473266492        3.09030448921329       -2.40178353180947
H           -2.38463089194868        2.04926185994062        0.40671354470527
C           -0.63999279786822        1.45216615823204       -1.12621098617496
H           -0.01617804541114        1.82458483793391       -0.30303570391681
H           -0.03327576822723        1.38035503076999       -2.02770802849007
N           -1.13481543455202        0.13135965618073       -0.78995600609486
H           -0.92384033868599       -0.64945269801811       -1.39690328400596
C           -1.70943467484616       -0.18575045807307        0.37365474713835
O           -2.04046531198305        0.63676277739504        1.22101785383768
C           -1.91372321238804       -1.68087163394808        0.56961657349012
H           -2.80563167204845       -1.81298974761032        1.20565057398001
N           -2.02366576410057       -2.32867818297565       -0.73121081696045
H           -2.90417558414913       -2.08096655904759       -1.17186554692497
H           -2.00205327078251       -3.33656518203736       -0.62539839752016
C           -0.69378502470871       -2.24352639353590        1.33346412698186
H           -0.81241776081104       -3.32731003855556        1.41772968074975
H           -0.69714865524368       -1.82340660306810        2.34199086933342
C            0.59092858279659       -1.93284241146000        0.64446311153896
C            1.21987254414570       -2.68137325579991       -0.30763797518489
H            0.95545772868307       -3.64060840364860       -0.70713019677559
N            2.34340077058726       -2.03621879733186       -0.74942708150741
H            2.99446895507242       -2.39153086773115       -1.42836766103503
C            2.46425672359472       -0.84966589618366       -0.08455711857877
C            3.42635460638156        0.14751620651565       -0.19180549113323
H            4.25825401966060        0.04589769527903       -0.86751655134994
C            3.28500685107777        1.25625300399687        0.61498866481204
H            4.01306449026686        2.05089487872743        0.56119524738043
C            2.21528097026353        1.37074339297936        1.50823020655933
H            2.14752844771819        2.25190878910847        2.12909977680700
C            1.26072533786394        0.38387304536615        1.61946717814189
H            0.43954614736462        0.49047252199935        2.31406727286976
C            1.37002699234057       -0.74453321077355        0.80721145949081
34
 energy: -56.481233497894 gnorm: 0.004159531646 xtb: 6.7.1-6.fc44.fc44
O           -2.57919261208929        2.67026640593621       -0.35454397005459
C           -1.75849440837477        2.48519348747572       -1.36799843457379
O           -1.84269884201126        3.08942774532136       -2.40045329047450
H           -2.38539887491347        2.05157130583131        0.40907520512230
C           -0.63978926035200        1.45098369015473       -1.12335791062851
H           -0.01620042779811        1.82464871105715       -0.29953631043765
H           -0.02892418098537        1.38424673779259       -2.02460681679603
N           -1.13483279108521        0.13033260581890       -0.78873961313486
H           -0.92417994615079       -0.64994993137466       -1.39660572674336
C           -1.71071020338658       -0.18694848118824        0.37398411126164
O           -2.04408230059524        0.63633697349510        1.21974915177329
C           -1.91465065661518       -1.68274742703720        0.56938211154262
H           -2.80607536315079       -1.81549258915426        1.20514166078640
N           -2.02395126251742       -2.33022663205283       -0.73133969944718
H           -2.90379793381361       -2.08491195039486       -1.17286309066679
H           -2.00121451035345       -3.33792220232152       -0.62478522850173
C           -0.69350751790111       -2.24427130240888        1.33333252237989
H           -0.81896722619043       -3.32660935666331        1.41992742187862
H           -0.69447854873532       -1.82097306107634        2.33979284987495
C            0.58999437894973       -1.93078759040852        0.64173803303513
C            1.21981819923630       -2.68104115829726       -0.30809331132315
H            0.95293047070811       -3.63953550634895       -0.70810518550635
N            2.34511978604956       -2.03732741126270       -0.74815961745275
H            2.99675075885861       -2.39466993256147       -1.42492381053179
C            2.46631195180167       -0.85097619669104       -0.08425182785546
C            3.42865723722410        0.14624369222205       -0.18963179703560
H            4.26107734471508        0.04698234380137       -0.86843405726040
C            3.28535146580939        1.25535728237968        0.61446145710419
H            4.01310077819534        2.05054556253902        0.55981305090956
C            2.21503118039766        1.37116027157575        1.50709766364401
H            2.14314388663819        2.25546192749735        2.12242808125737
C            1.25918988390671        0.38636690728468        1.61665855991492
H            0.43679770751377        0.49181517456949        2.30897744691723
C            1.37106498758441       -0.74358677776555        0.80573027132676
34
 energy: -56.481261561480 gnorm: 0.003012639618 xtb: 6.7.1-6.fc44.fc44
O           -2.57732967336567        2.67380131219221       -0.35213246623313
C           -1.75551982755208        2.48733073825712       -1.36484391363783
O           -1.83800423323739        3.09047414094709       -2.39879025502787
H           -2.38749703508925        2.05292543971429        0.41062053890283
C           -0.63830096822996        1.45064103978709       -1.11990928435297
H           -0.01697762591501        1.82333308321927       -0.29371871338007
H           -0.02862973772848        1.37999668142737       -2.01902331419682
N           -1.13562974057661        0.13061816555272       -0.78818514159611
H           -0.92717703988421       -0.64963230488636       -1.39816887495015
C           -1.71356065241315       -0.18727229096394        0.37332612245355
O           -2.04845400327376        0.63703628902406        1.21789602159061
C           -1.91582618738270       -1.68371316456031        0.56826720259295
H           -2.80695060636411       -1.81844878377217        1.20357544234315
N           -2.02286533484030       -2.33124471395425       -0.73221508314075
H           -2.90212503759058       -2.08937791819626       -1.17577244814721
H           -1.99821745991733       -3.33897468764964       -0.62416140141758
C           -0.69377076618330       -2.24223246817912        1.33321930253448
H           -0.81575910184704       -3.32486180188855        1.42276577216577
H           -0.69230324496220       -1.81470743658223        2.33755827235800
C            0.58941587342344       -1.92991873571333        0.64011348730139
C            1.21980897117165       -2.68167383049754       -0.30781764712711
H            0.94944044957111       -3.63951845801599       -0.70802808900188
N            2.34608160112476       -2.03923740269639       -0.74720819729112
H            2.99719467652732       -2.39861533639965       -1.42308198242250
C            2.46777959364658       -0.85276232564907       -0.08438747615193
C            3.43036639960466        0.14418613014903       -0.18782573451869
H            4.26184416352625        0.04873813226509       -0.87033798293008
C            3.28576316255156        1.25439335998930        0.61436230815308
H            4.01280817767368        2.05061292337810        0.55982854434860
C            2.21423919086397        1.37225945998501        1.50539301829407
H            2.13924767094142        2.25919909016608        2.11661198050236
C            1.25771839138496        0.38805375089989        1.61412841813271
H            0.43380079094126        0.49160665333253        2.30359363464936
C            1.37258231396973       -0.74405141293653        0.80520783950522
34
 energy: -56.481278120200 gnorm: 0.002471808878 xtb: 6.7.1-6.fc44.fc44
O           -2.57420194451913        2.67718660008054       -0.35072651213881
C           -1.75322714219553        2.48907960792298       -1.36273673511316
O           -1.83315208451787        3.09299568698515       -2.39580717277719
H           -2.38914206478740        2.05274536854417        0.41004638161882
C           -0.63757946233601        1.44990352384667       -1.11711794915434
H           -0.01835041406164        1.81960209359447       -0.28900301341793
H           -0.02601805980586        1.38000466411199       -2.01492772740506
N           -1.13709284970525        0.13036796840124       -0.78785554372963
H           -0.92798264419726       -0.64897325622670       -1.39828002363391
C           -1.71705088786931       -0.18792765771050        0.37255206742765
O           -2.05367544449398        0.63649281105661        1.21665512364673
C           -1.91664377014804       -1.68462432136082        0.56763864800188
H           -2.80755288294484       -1.82163818168458        1.20302068475797
N           -2.02188845708587       -2.33217505956538       -0.73283607384632
H           -2.90239155708803       -2.09403764755992       -1.17666704496087
H           -1.99347280955617       -3.34005671139053       -0.62421380615422
C           -0.69374603684537       -2.23983778358898        1.33333446288102
H           -0.81639988851704       -3.32163599379538        1.42867148212111
H           -0.68985576095949       -1.80628268378548        2.33505887512565
C            0.58941517118760       -1.92993428570682        0.63884658258521
C            1.22030517349897       -2.68250921280255       -0.30797854927981
H            0.94832021890992       -3.64008465076952       -0.70834652024045
N            2.34676972736082       -2.04074277886940       -0.74743599428371
H            2.99850243786884       -2.40235637726304       -1.42186570272683
C            2.46871634291861       -0.85384471122236       -0.08525657990778
C            3.43101854520422        0.14326082140818       -0.18788303184741
H            4.26199326841414        0.04943665216710       -0.87242794057114
C            3.28527065763370        1.25452343066494        0.61412509075203
H            4.01222385306103        2.05083253915279        0.55958450296716
C            2.21200746497613        1.37378368368644        1.50287896250006
H            2.13768385894947        2.26045994638181        2.11553000999629
C            1.25613815781066        0.38857932105590        1.61127690099093
H            0.43071135248883        0.49105434148343        2.29866731678842
C            1.37354108192038       -0.74468442949746        0.80433872933193
34
 energy: -56.481291522426 gnorm: 0.002054987632 xtb: 6.7.1-6.fc44.fc44
O           -2.57276345861664        2.67990520307589       -0.34990036851946
C           -1.75034456667015        2.49126501322294       -1.36096288006314
O           -1.82769169048779        3.09547967733679       -2.39392882460688
H           -2.39282100043642        2.05175649374349        0.40863564401447
C           -0.63652148556025        1.44994666757568       -1.11382136060533
H           -0.01907488611614        1.81758149045103       -0.28308656109814
H           -0.02248762213958        1.38078431721396       -2.01045787896087
N           -1.13828882691908        0.13064977205598       -0.78730495609098
H           -0.92726464340975       -0.64786764352238       -1.39704166580986
C           -1.72046200818084       -0.18856157503591        0.37169755421901
O           -2.06026448221432        0.63525419757226        1.21494395677124
C           -1.91726934582834       -1.68515440127247        0.56688540323648
H           -2.80855745424380       -1.82428753582980        1.20159812796379
N           -2.01945279234496       -2.33354872058851       -0.73342510182265
H           -2.90124772860065       -2.09919516348630       -1.17778163098347
H           -1.98720359083850       -3.34130197359204       -0.62414134305605
C           -0.69402476418349       -2.23644659553427        1.33418478607957
H           -0.81491357505256       -3.31781821703719        1.43687139215166
H           -0.68789050025048       -1.79544291149494        2.33282059690799
C            0.58929850905418       -1.93064388826160        0.63810149901967
C            1.22042381998943       -2.68355815101539       -0.30833592638046
H            0.94740332036745       -3.64111408524401       -0.70832409980721
N            2.34653287122537       -2.04203042532275       -0.74868869685344
H            2.99850456629351       -2.40537778025286       -1.42228473038583
C            2.46901524522155       -0.85457270860834       -0.08656174968329
C            3.43082603497513        0.14268706829835       -0.18856040846500
H            4.26119877034107        0.05013298195406       -0.87408624303823
C            3.28393762275039        1.25400635293104        0.61321830448614
H            4.01175995089353        2.04979385461676        0.55876534994825
C            2.21050022539506        1.37342104260092        1.50118321153644
H            2.13556260557113        2.26017556301125        2.11341553449589
C            1.25482695135553        0.38810104828126        1.60898473627524
H            0.42837092471795        0.49045840499087        2.29521228059511
C            1.37357615451164       -0.74551405508873        0.80303594883355
34
 energy: -56.481301742853 gnorm: 0.002197163952 xtb: 6.7.1-6.fc44.fc44
O           -2.57219566738020        2.68160941020347       -0.35001667169888
C           -1.74798505373289        2.49309112612134       -1.35976111993530
O           -1.82256700424752        3.09865627408216       -2.39176529373951
H           -2.39650827499608        2.04998940131275        0.40640540638226
C           -0.63565702474518        1.45048577004107       -1.11082366821319
H           -0.01990146108758        1.81619842205845       -0.27756978341640
H           -0.01864544698103        1.38267257737672       -2.00566498332976
N           -1.13917241006865        0.13090917780186       -0.78760932457951
H           -0.92513082842040       -0.64737146714117       -1.39654254318208
C           -1.72282662009193       -0.18956951285672        0.37037343972775
O           -2.06567025508373        0.63339449894185        1.21303709449168
C           -1.91722360399997       -1.68592932243437        0.56600901178005
H           -2.80957789451586       -1.82599214523200        1.19877581154955
N           -2.01506954040167       -2.33602530816003       -0.73396699760409
H           -2.89685689742423       -2.10411843835179       -1.18007184104742
H           -1.98073408270165       -3.34341456694976       -0.62384205626437
C           -0.69446939347394       -2.23390780111342        1.33627868458770
H           -0.81522549902722       -3.31437852611977        1.44561055021250
H           -0.68712445944927       -1.78585225526321        2.33212564669730
C            0.58870956695840       -1.93120832936553        0.63855275516279
C            1.21934613001597       -2.68418833044914       -0.30827118977697
H            0.94563693098579       -3.64219525137589       -0.70678676639846
N            2.34464770859845       -2.04268823412915       -0.75023351713472
H            2.99566685474215       -2.40665945297966       -1.42446318792133
C            2.46777947151542       -0.85458959382796       -0.08842696779581
C            3.42927091145610        0.14271604524192       -0.19037702616044
H            4.25928165103223        0.05027273570609       -0.87586391323360
C            3.28291563520585        1.25391637604992        0.61133164529288
H            4.01081405190613        2.04933785784508        0.55707796578191
C            2.21006971313932        1.37320105877345        1.49943400954463
H            2.13597085175518        2.25927687150705        2.11274940770781
C            1.25478846591849        0.38706337463877        1.60849792170834
H            0.42816723442145        0.49016823478921        2.29484769577116
C            1.37266939074727       -0.74590735899652        0.80180970533770
34
 energy: -56.481311053784 gnorm: 0.002276691082 xtb: 6.7.1-6.fc44.fc44
O           -2.57302417216389        2.68221964612881       -0.35084926693589
C           -1.74554425257661        2.49496695801074       -1.35845779035768
O           -1.81703904205116        3.10216099602938       -2.38980768616215
H           -2.40089389952774        2.04805778275119        0.40395910531801
C           -0.63477288171141        1.45153400485011       -1.10738148858431
H           -0.02144231483066        1.81508358856032       -0.27128381555188
H           -0.01427353829055        1.38568646841890       -2.00040378452417
N           -1.14000975914894        0.13130658541384       -0.78846489313480
H           -0.92057502642296       -0.64642227216070       -1.39597836075988
C           -1.72507984349141       -0.19096029446553        0.36849967805282
O           -2.07104378990507        0.63104519387611        1.21083442512053
C           -1.91692294222683       -1.68723671345901        0.56464761601755
H           -2.81112190147807       -1.82858883316778        1.19460733757162
N           -2.00852546706119       -2.33953956998584       -0.73491903137637
H           -2.88922167562187       -2.10962991666206       -1.18411430207914
H           -1.97255437164775       -3.34663139673595       -0.62380750868285
C           -0.69532934257241       -2.23125013836795        1.33963446307454
H           -0.81528725633741       -3.31101917302617        1.45511430947808
H           -0.68784074031121       -1.77621271893831        2.33249458302291
C            0.58770344783521       -1.93113860886263        0.64053961099794
C            1.21683342482850       -2.68444211098585       -0.30712525233410
H            0.94234850820905       -3.64327986183266       -0.70293962234273
N            2.34103435564332       -2.04306913863699       -0.75169184406678
H            2.98981678843053       -2.40692940223298       -1.42799894152819
C            2.46509359572235       -0.85426268576820       -0.09115595979247
C            3.42656883982828        0.14291157700470       -0.19413232903907
H            4.25617946223192        0.04944161554429       -0.87944988808214
C            3.28237390895804        1.25343193687099        0.60932785401053
H            4.01099211816389        2.04847997396436        0.55519372450601
C            2.21119900282528        1.37203684870223        1.49903921381117
H            2.13775881153343        2.25768629285734        2.11277404749759
C            1.25506501133746        0.38726363473974        1.60765043202552
H            0.42966695988563        0.49152292518732        2.29581830549517
C            1.37106113251341       -0.74525987587666        0.80068695963870
34
 energy: -56.481318982524 gnorm: 0.001927610201 xtb: 6.7.1-6.fc44.fc44
O           -2.57477514616017        2.68179387496010       -0.35210791056433
C           -1.74357808619957        2.49625089680876       -1.35716302624777
O           -1.81196696276766        3.10520871234121       -2.38802609190694
H           -2.40488287875405        2.04680931000580        0.40228270459786
C           -0.63401368515742        1.45269555440486       -1.10405960198257
H           -0.02330441836312        1.81513505073361       -0.26531675975333
H           -0.01068592012940        1.38801345898475       -1.99499512612930
N           -1.14035110469519        0.13163015484098       -0.78935436854988
H           -0.91539730412349       -0.64585251396523       -1.39581454429790
C           -1.72653768611592       -0.19248892960953        0.36671271285647
O           -2.07547885761426        0.62870591627799        1.20863168215793
C           -1.91658176212563       -1.68894687578223        0.56287395638400
H           -2.81303476737502       -1.83149207550998        1.18942227067659
N           -2.00124655941985       -2.34307127413636       -0.73637014196636
H           -2.87996017285778       -2.11435824169158       -1.18951615429668
H           -1.96445880119724       -3.34999925930229       -0.62423132766954
C           -0.69653170729287       -2.22954271128302        1.34329971559884
H           -0.81726706433696       -3.30859172867926        1.46312126430216
H           -0.69017260063205       -1.76924466415245        2.33345526571512
C            0.58646201900791       -1.93053830554195        0.64340076224914
C            1.21356905729437       -2.68411361867449       -0.30549664115642
H            0.93832380513830       -3.64384320999018       -0.69864070156455
N            2.33686175434385       -2.04297472737093       -0.75240004983550
H            2.98298155000702       -2.40577616199103       -1.43173659128630
C            2.46194151005173       -0.85376627917069       -0.09300701669285
C            3.42380752610930        0.14306590160083       -0.19752650219699
H            4.25288613476203        0.04805351886783       -0.88286327146753
C            3.28202158523314        1.25330314711599        0.60598061868020
H            4.01133272981069        2.04701048254227        0.55006849476486
C            2.21269226532906        1.37247176768870        1.49786407115450
H            2.14166094987024        2.25753860327750        2.11283752864092
C            1.25654395302242        0.38738347584480        1.60923290925493
H            0.43273465783963        0.49292402260441        2.29943431921760
C            1.36959913806714       -0.74442995430402        0.80086745161763
34
 energy: -56.481325964460 gnorm: 0.001363336242 xtb: 6.7.1-6.fc44.fc44
O           -2.57778616390055        2.68002826482510       -0.35421346341062
C           -1.74234888026749        2.49675176594805       -1.35573338018381
O           -1.80623601265026        3.10901983608789       -2.38490397020360
H           -2.40922323900504        2.04587017482301        0.40113418475026
C           -0.63373532186845        1.45364045448379       -1.10054647935053
H           -0.02657382686599        1.81525777937171       -0.25903878415078
H           -0.00677748019619        1.39093365418310       -1.98861812689005
N           -1.14064408552606        0.13158042049871       -0.79042626224054
H           -0.90952281052081       -0.64546574945392       -1.39571407565294
C           -1.72832186032944       -0.19446187460963        0.36454934330049
O           -2.08024724259540        0.62599805665653        1.20601370451781
C           -1.91646222350206       -1.69156207915567        0.56018554675470
H           -2.81590878496583       -1.83548894761928        1.18185295184622
N           -1.99201223373495       -2.34718184695819       -0.73869352595485
H           -2.86763864420574       -2.11955388745601       -1.19763282091482
H           -1.95474145902951       -3.35396981028075       -0.62494583802775
C           -0.69846163961615       -2.22746951905635        1.34772845706479
H           -0.81816753233164       -3.30633966181676        1.47109155284299
H           -0.69532815787834       -1.76299910250495        2.33490282883338
C            0.58467685575846       -1.92889947806499        0.64802162729364
C            1.20856734704823       -2.68334738729307       -0.30243231034373
H            0.93237758133491       -3.64403379666416       -0.69264613207342
N            2.33105423812471       -2.04287967925789       -0.75224018239982
H            2.97360901823827       -2.40373746838846       -1.43605280240173
C            2.45768173652053       -0.85350042130459       -0.09459136981991
C            3.42065320117729        0.14239287014213       -0.20236953888791
H            4.24870179246678        0.04478822031999       -0.88854166125600
C            3.28320940698357        1.25273193982231        0.60209014512493
H            4.01270148676025        2.04662266052065        0.54530192818432
C            2.21673132950589        1.37268740214726        1.49793018481806
H            2.14747703472890        2.25830203595335        2.11178989846285
C            1.25925329919135        0.38968569545583        1.61080447810080
H            0.43841951719245        0.49626371581927        2.30435890127231
C            1.36821690452748       -0.74270091942882        0.80244489129917
34
 energy: -56.481331820311 gnorm: 0.000555089215 xtb: 6.7.1-6.fc44.fc44
O           -2.57953721131686        2.67854543299042       -0.35432929612544
C           -1.74307083105208        2.49637183358087       -1.35530724201255
O           -1.80556591421341        3.10956538185284       -2.38422635326641
H           -2.41010721025624        2.04509191726916        0.40161709725958
C           -0.63362209724223        1.45340169592604       -1.10048780505272
H           -0.02706993068870        1.81521385027252       -0.25877700070854
H           -0.00670333917925        1.39074199964467       -1.98882273193498
N           -1.14021884758690        0.13151894181439       -0.78975918412543
H           -0.90996127178658       -0.64517689078217       -1.39517649322933
C           -1.72878109505928       -0.19441455802081        0.36467659367491
O           -2.08033012648126        0.62589497597417        1.20639842527053
C           -1.91683792470194       -1.69171151246081        0.55964251888202
H           -2.81619830651337       -1.83654314222060        1.18122631757703
N           -1.99190741451379       -2.34650226617127       -0.73932735122696
H           -2.86753531313071       -2.11944843478866       -1.19924251244879
H           -1.95425869094669       -3.35330994167251       -0.62528974650838
C           -0.69861701880610       -2.22686618225224        1.34739736108509
H           -0.81795524124155       -3.30562406584540        1.47189904983484
H           -0.70021160948554       -1.76167971952091        2.33376013327098
C            0.58505809293900       -1.92874605052083        0.64860294432566
C            1.20892431619470       -2.68349117140678       -0.30165968027327
H            0.93254089847624       -3.64331863312821       -0.69376111427093
N            2.33175254651244       -2.04332502784864       -0.75104163715569
H            2.97428963386069       -2.40418491804034       -1.43505547470304
C            2.45873815739802       -0.85396404663517       -0.09301050699018
C            3.42179459278267        0.14140395578708       -0.20170981774737
H            4.24831955294995        0.04479683951650       -0.89028453510276
C            3.28354985985982        1.25257656847037        0.60123489664502
H            4.01308248181440        2.04624446105556        0.54314554680417
C            2.21654963094839        1.37382392402303        1.49664982537587
H            2.14889154305718        2.25912230166088        2.11160575035117
C            1.25973305681977        0.39010139786708        1.61136363139323
H            0.43908800292748        0.49584138627328        2.30486570657845
C            1.36937017823087       -0.74298698491833        0.80404258485811
34
 energy: -56.481333460745 gnorm: 0.000327305419 xtb: 6.7.1-6.fc44.fc44
O           -2.58125402053358        2.67690476360704       -0.35483713042422
C           -1.74343807654448        2.49657772889502       -1.35488889021490
O           -1.80491152644252        3.11053831190791       -2.38339840402448
H           -2.41118389873666        2.04378383583955        0.40138182712259
C           -0.63378746093398        1.45359207567488       -1.10005515066033
H           -0.02720324330488        1.81570783096102       -0.25854053873452
H           -0.00718611328914        1.39117663404501       -1.98856865593222
N           -1.13972440676863        0.13154763692347       -0.78917851308354
H           -0.91016694105914       -0.64491372701228       -1.39512168626893
C           -1.72901806522109       -0.19460115081193        0.36472723472142
O           -2.08084029807567        0.62539822666844        1.20667262695116
C           -1.91708335212994       -1.69206046339577        0.55871184712071
H           -2.81648616567596       -1.83738740259505        1.18012617787620
N           -1.99160960122128       -2.34639915143100       -0.74040037380819
H           -2.86707667561591       -2.11969042487401       -1.20086244202979
H           -1.95376751296976       -3.35321651549464       -0.62641184696357
C           -0.69893383557012       -2.22628101804494        1.34764994548920
H           -0.81786122022939       -3.30505464927184        1.47284551124076
H           -0.70169753102771       -1.76038046716069        2.33365731274687
C            0.58490457211800       -1.92831871960126        0.64933669065234
C            1.20844400285790       -2.68334926003729       -0.30090161661672
H            0.93192010482694       -3.64272882638464       -0.69397377213068
N            2.33188867558440       -2.04388837437351       -0.74986384164006
H            2.97442465478823       -2.40501285663605       -1.43374100600180
C            2.45917859258538       -0.85435718605949       -0.09208496902992
C            3.42207484651265        0.14098596718606       -0.20198753995539
H            4.24852760982049        0.04398680105614       -0.89060225494411
C            3.28399176330054        1.25247999757882        0.60056926945047
H            4.01322650910034        2.04635424986014        0.54124596686119
C            2.21775454247768        1.37378494561691        1.49686459960149
H            2.14956459547121        2.26023307502009        2.11011657001515
C            1.26068652873950        0.39037274033423        1.61207095362550
H            0.43973838543348        0.49626792059536        2.30512034993128
C            1.37009771230223       -0.74308923084052        0.80518164936095
