37
 energy: -61.558589304720 gnorm: 0.000316846377 xtb: 6.7.1-6.fc44.fc44
O           -4.96705800660000       -1.05109236910000        1.97965517940000
C           -3.95690664790000       -0.58501052130000        1.53239387750000
O           -2.80781825930000       -0.66365346700000        2.18502338850000
H           -2.03309678330000       -0.21244551900000        1.77803608270000
C           -3.97260323160000        0.13017683480000        0.17083836350000
H           -4.67990511990000        0.96234366320000        0.24688106050000
H           -4.36031921160000       -0.57999401820000       -0.56615605360000
N           -2.69420855810000        0.59195951640000       -0.30165544040000
H           -2.19035163490000        1.26154508760000        0.26453928870000
C           -2.04722922070000       -0.00102946180000       -1.32598320960000
O           -2.51596300260000       -0.88273195730000       -2.00920818570000
C           -0.61552460510000        0.52619405020000       -1.53051424080000
H           -0.54479583030000        1.57555363170000       -1.22835241580000
H           -0.34364475600000        0.42313320650000       -2.57953658990000
N            0.29686417740000       -0.26799067480000       -0.73590813800000
H            0.94620217730000       -0.90209844800000       -1.18236706700000
C            0.29684750410000       -0.26617974090000        0.59726578840000
O           -0.46930594590000        0.41520670820000        1.27288917220000
C            1.35897680010000       -1.16091723280000        1.21958555120000
N            1.67121959980000       -2.24741225070000        0.30283530100000
H            0.87730952130000       -2.87373273400000        0.21453388980000
H            2.45107667060000       -2.79115643550000        0.65587144090000
H            0.97375171500000       -1.50243318820000        2.19538244910000
C            2.61424225300000       -0.29629012530000        1.47885632620000
H            2.37563044460000        0.41463512260000        2.27094792140000
H            3.41604712350000       -0.95042212510000        1.82793033940000
C            3.03896142320000        0.43905606740000        0.23933092780000
C            3.81596509730000       -0.18341857350000       -0.72891589890000
H            4.15727452640000       -1.19523184750000       -0.57041091310000
C            4.15422335450000        0.48190842430000       -1.89445519940000
H            4.76025568800000       -0.01328201180000       -2.63881324090000
C            3.72009309650000        1.77908319200000       -2.10611950060000
H            3.98450197900000        2.29863141730000       -3.01502277480000
C            2.95052609130000        2.41023978240000       -1.14341638970000
H            2.61517427880000        3.42522828370000       -1.29913114960000
C            2.61289806750000        1.74373794350000        0.02072459350000
H            2.01132115570000        2.23885059690000        0.76991881400000
