37
 energy: -61.559512099533 gnorm: 0.000111542204 xtb: 6.7.1-6.fc44.fc44
O           -5.09931355850000        1.45141410380000        1.49067405250000
C           -4.60592326710000        0.55971479970000        0.86117437140000
O           -5.11310068260000        0.10837720970000       -0.27038566180000
H           -4.55969589970000       -0.61376323370000       -0.67361605210000
C           -3.34006791540000       -0.17818690380000        1.35171120740000
H           -3.62378524820000       -1.22583787570000        1.51952815970000
H           -3.02477433410000        0.26900418850000        2.29319831500000
N           -2.23207189530000       -0.12249969120000        0.41608371850000
H           -1.37896529480000        0.36427373020000        0.69487805410000
C           -2.20870637430000       -0.81713412970000       -0.72288513430000
O           -3.16489728250000       -1.45096543200000       -1.15574271680000
C           -0.87622247650000       -0.74064044700000       -1.47102999050000
H           -0.63962146790000        0.31710686240000       -1.63291617490000
H           -0.98880582350000       -1.24402500060000       -2.43136384700000
N            0.21662762280000       -1.34570794100000       -0.74267818430000
H            0.50915391660000       -2.28707840630000       -0.96478858360000
C            0.82591612820000       -0.76134371530000        0.30030535010000
O            0.47287679460000        0.30188664860000        0.78341374810000
C            2.03022400230000       -1.54885436880000        0.80604682680000
N            1.73140292890000       -2.97414942090000        0.73046155580000
H            1.02787832500000       -3.22751946840000        1.41675431350000
H            2.56401547410000       -3.51768581390000        0.93186867200000
H            2.25268003250000       -1.18743466500000        1.82292873330000
C            3.23106713510000       -1.23553037150000       -0.10987323550000
H            4.13092948840000       -1.66560202130000        0.33635185750000
H            3.05853056080000       -1.71849873150000       -1.07348377190000
C            3.39529655380000        0.24757222170000       -0.28999909680000
C            2.89380101270000        0.88196904470000       -1.41845440470000
H            2.41560860230000        0.29683223350000       -2.19208939650000
C            3.00228129230000        2.25352863680000       -1.56145222650000
H            2.60633759820000        2.73491059300000       -2.44372746230000
C            3.61363778560000        3.00774696270000       -0.57519864970000
H            3.69495268400000        4.07887211730000       -0.68432276150000
C            4.11935288760000        2.38337248460000        0.55169750950000
H            4.59752852920000        2.96652905660000        1.32480361180000
C            4.00991272820000        1.01186209380000        0.69257936530000
H            4.40484700570000        0.52899739290000        1.57529636160000
