34
 energy: -56.476075836737 gnorm: 0.000104426307 xtb: 6.7.1-6.fc44.fc44
O            0.04820578500000        3.26261343910000       -0.37918440790000
C           -0.50827686230000        2.12323707030000       -0.80569067250000
O           -0.24497438180000        1.66051747160000       -1.87764835550000
H           -0.19767177020000        3.48795814440000        0.52787353440000
C           -1.52532797770000        1.50374998680000        0.14110463800000
H           -2.43423713110000        2.12472025900000        0.11279339280000
H           -1.15237208350000        1.48681807060000        1.17332255850000
N           -1.81233525950000        0.15504697810000       -0.26313028270000
H           -1.52722215250000       -0.11484163670000       -1.19851447060000
C           -2.01472603650000       -0.83024500790000        0.63478952020000
O           -2.23778963360000       -0.63090709350000        1.81111336260000
C           -1.90473967310000       -2.22707009280000        0.02967864100000
H           -2.58085503670000       -2.89492078750000        0.59065801700000
N           -2.18202372590000       -2.18304084190000       -1.39757159310000
H           -3.15630504870000       -1.95404806020000       -1.56208652920000
H           -1.99810359330000       -3.08753455890000       -1.81770935070000
C           -0.45101454390000       -2.70127445940000        0.26605221690000
H           -0.31130968690000       -3.65741698900000       -0.24416218540000
H           -0.31260275890000       -2.85407327430000        1.33689389310000
C            0.53768331950000       -1.69959704830000       -0.23072242450000
C            1.00035294610000       -1.54935733370000       -1.50589335220000
H            0.79006242170000       -2.14273129290000       -2.37453348220000
N            1.84505970640000       -0.47732351890000       -1.58062241380000
H            2.24189087780000       -0.10826448170000       -2.42716581980000
C            1.91963580950000        0.11435010220000       -0.35595870260000
C            2.61212772620000        1.24433909490000        0.06078887260000
H            3.21945653090000        1.81062600490000       -0.62895056530000
C            2.48092591330000        1.62281234080000        1.37931158170000
H            3.00000761190000        2.50063780490000        1.73578883270000
C            1.68793054510000        0.89134480700000        2.26962021550000
H            1.61432185900000        1.22112858210000        3.29613781150000
C            1.00666370050000       -0.23559924500000        1.86631142290000
H            0.38947124680000       -0.78587121470000        2.56002666110000
C            1.11100069810000       -0.63577243570000        0.53365628180000
