68
 energy: -106.573902471541 gnorm: 0.000083094340 xtb: 6.7.1-6.fc44.fc44
O            1.10381208050000       -0.45136805740000        1.27914182230000
O            0.84283656690000       -0.82415031170000       -1.71512347150000
O           -3.24681802510000       -2.56738652220000        0.19304945490000
O           -3.24507385860000        3.16752796180000        0.20558627510000
O           -1.31767801960000        1.62582249940000       -1.41754698580000
O            2.14045111840000        2.80580328230000        1.26637422840000
N            0.41830810270000       -2.55124001910000       -0.37910029780000
N           -2.24511117700000       -0.89122792250000       -0.94010385540000
N           -3.84575081240000        1.01603866930000        0.25656083660000
N           -0.60520848570000        2.25918878280000        0.62662239330000
N            1.91612583530000        1.71345785950000       -0.69938292490000
N            3.20301299700000       -0.50295808910000        0.48831171630000
C            1.98675741870000       -1.04223882310000        0.68372058730000
C            1.77868547610000       -2.45813119780000        0.13366647710000
C            1.85385849720000       -3.51323884940000        1.24367330050000
C            0.39033887290000       -3.69564743850000        1.64181452580000
C           -0.33363315230000       -3.58574810220000        0.30401575580000
C            0.03971368130000       -1.64974474240000       -1.29235097570000
C           -1.40974371780000       -1.71785525760000       -1.79085865150000
C           -1.48905948840000       -1.19904827010000       -3.22232371950000
C           -3.09675264220000       -1.37670955560000       -0.03929155160000
C           -3.90516791930000       -0.33430663030000        0.76382604140000
C           -5.36312748350000       -0.78991856060000        0.82117406990000
C           -3.00037738230000        2.03176161220000        0.54944077310000
C           -1.73131332760000        1.69365974720000        1.34596691550000
C           -1.81371855180000        2.32387555620000        2.73078906810000
C           -0.46847424410000        2.12260303710000       -0.69197824070000
C            0.88914368590000        2.60285182550000       -1.22079524080000
C            0.92568327970000        2.57965961920000       -2.73959735190000
C            2.41334967610000        1.86668008130000        0.53718439330000
C            3.48106283230000        0.85189864230000        0.94286514230000
C            4.83305924610000        1.18647686890000        0.30580574230000
C            5.50788052450000       -0.17775085280000        0.20462054980000
C            4.35001092480000       -1.10106401800000       -0.17100889010000
H            2.47995540770000       -2.64845944800000       -0.68380059730000
H            2.26134571620000       -4.44476505640000        0.84753480900000
H            2.47511036720000       -3.18355966470000        2.07515594190000
H            0.20122285500000       -4.64159402560000        2.14377470340000
H            0.08231248310000       -2.87548725460000        2.29013912480000
H           -0.24903537610000       -4.52592140430000       -0.25714681850000
H           -1.38677355840000       -3.33179851310000        0.41451029980000
H           -2.12009359270000        0.11664839390000       -1.07298604600000
H           -1.77734145400000       -2.74674082580000       -1.72452621680000
H           -2.50667208270000       -1.28461817290000       -3.59380092710000
H           -0.82330837830000       -1.76724328980000       -3.86670560480000
H           -1.19102033600000       -0.15387626830000       -3.23718859950000
H           -4.62178874000000        1.29449572490000       -0.32984815310000
H           -3.49767697170000       -0.35904464830000        1.78258543210000
H           -5.93307081480000       -0.16296455930000        1.50220374880000
H           -5.40114753460000       -1.82077148770000        1.16219006580000
H           -5.81050303350000       -0.73913134990000       -0.16945726620000
H            0.15980851240000        2.64500762500000        1.16910440350000
H           -1.58157218870000        0.60986116930000        1.42423781990000
H           -2.62368137790000        1.87696389080000        3.30252497450000
H           -2.00098712180000        3.39060099270000        2.63247422760000
H           -0.87853161550000        2.16932846170000        3.26374401600000
H            1.93801165350000        0.80325259880000       -1.14766723420000
H            1.09157694710000        3.60500323640000       -0.82679481520000
H            0.12088509230000        3.19291643380000       -3.13408004950000
H            0.78431915670000        1.55801332570000       -3.08426249010000
H            1.87806193800000        2.95561365800000       -3.10437010590000
H            3.54022032410000        0.87392431890000        2.03878978500000
H            5.39632873540000        1.90062431790000        0.90093507120000
H            4.67540020790000        1.60454382960000       -0.68955730790000
H            5.91607992760000       -0.46633229560000        1.17367083410000
H            6.30711582430000       -0.19956240320000       -0.53268001820000
H            4.19957090020000       -1.11210453110000       -1.25762067400000
H            4.51625863120000       -2.12286025450000        0.17653256620000
