37
 energy: -61.558114931292 gnorm: 0.000064723660 xtb: 6.7.1-6.fc44.fc44
O           -2.59012594270000        2.52639684870000        0.77545272940000
C           -2.97444096480000        1.41544256590000        0.54617501660000
O           -3.51441352690000        0.63607455620000        1.46756724050000
H           -3.74166918060000       -0.26500680360000        1.11578755620000
C           -2.89868186240000        0.79391160850000       -0.86425153670000
H           -2.48529540060000        1.53228010980000       -1.54963862590000
H           -3.92126304230000        0.53771657850000       -1.16903332620000
N           -2.07734671770000       -0.40066378820000       -0.91744853690000
H           -1.14324962550000       -0.33844082420000       -1.32321845590000
C           -2.45287551010000       -1.56226417270000       -0.37750847540000
O           -3.49870515080000       -1.71932561420000        0.24210017440000
C           -1.44979770830000       -2.69932476180000       -0.59127092090000
H           -1.21503970330000       -2.76566845060000       -1.65926746490000
H           -1.89960748080000       -3.63131716980000       -0.25092188980000
N           -0.22559342710000       -2.46036716000000        0.14434387200000
H           -0.03665053310000       -2.98450146820000        0.98536117860000
C            0.71713122080000       -1.59892791700000       -0.27397247400000
O            0.59853073240000       -0.93274842050000       -1.28854656140000
C            1.92010064190000       -1.53059869310000        0.66414100070000
N            2.22349394040000       -2.88313811610000        1.11552181080000
H            2.59377299070000       -3.43202577530000        0.34548448740000
H            2.93209591380000       -2.86194756920000        1.84103153000000
H            1.58717530160000       -0.96408413630000        1.54477247520000
C            3.09555970590000       -0.77676931680000        0.01064915830000
H            3.98627872200000       -0.93716950480000        0.62639917040000
H            3.27894077810000       -1.19207496800000       -0.98222243630000
C            2.81210136500000        0.69699178590000       -0.09048645080000
C            2.58396977960000        1.30225001680000       -1.31775720850000
H            2.62284369890000        0.70931008210000       -2.21887345430000
C            2.28962610380000        2.65235150390000       -1.39133953980000
H            2.10898147530000        3.10976954020000       -2.35315547290000
C            2.22288267810000        3.41520507930000       -0.23870329360000
H            1.98692460520000        4.46721850460000       -0.29541849210000
C            2.46009633440000        2.82235431560000        0.98942758760000
H            2.41383175250000        3.41146713370000        1.89340918610000
C            2.75399584960000        1.47305708230000        1.06121550120000
H            2.94442280720000        1.01880701730000        2.02451419630000
