34
 energy: -56.478808610413 gnorm: 0.000132526970 xtb: 6.7.1-6.fc44.fc44
O           -1.01187934510000        2.20132150530000        0.11413830960000
C           -0.48896627620000        1.94384504640000       -1.07326954570000
O            0.47274370390000        2.51505336070000       -1.50151620160000
H           -1.80136151620000        1.62569485780000        0.30525979590000
C           -1.23841360870000        0.87042974460000       -1.88855881560000
H           -0.75277927670000        0.76384816540000       -2.85795247400000
H           -2.26899360730000        1.21823910190000       -2.02843346020000
N           -1.27928683050000       -0.42538103440000       -1.23608558710000
H           -0.54571051320000       -1.07505374850000       -1.47340495260000
C           -2.01840817080000       -0.65169884590000       -0.13465729000000
O           -2.73692482280000        0.21478401990000        0.35399760430000
C           -1.96598465170000       -2.07575499280000        0.42189589390000
H           -2.58600203610000       -2.07263910780000        1.32391900540000
N           -2.51894631410000       -3.06620350120000       -0.48532589680000
H           -2.05237529870000       -3.04058070120000       -1.38595516110000
H           -3.50825027260000       -2.90564001550000       -0.63562705400000
C           -0.51193635850000       -2.43934748010000        0.79423201810000
H           -0.03526747260000       -2.92538567800000       -0.05889728470000
H           -0.53053467220000       -3.16302031320000        1.60981122240000
C            0.26114366490000       -1.21540332040000        1.17424697950000
C            0.03376037170000       -0.39042459780000        2.23935154340000
H           -0.68331331320000       -0.49202939880000        3.03101499360000
N            0.88518351660000        0.67649978870000        2.19829487780000
H            0.87576408670000        1.45367133650000        2.83576264520000
C            1.67149731910000        0.57873039740000        1.08832416800000
C            2.65696883630000        1.42698777350000        0.60064396780000
H            2.91091630810000        2.33866938290000        1.11881555180000
C            3.27989981230000        1.07257919590000       -0.57451911400000
H            4.04084006770000        1.71498365690000       -0.98952542270000
C            2.94308912250000       -0.10412992690000       -1.24912055500000
H            3.45765220090000       -0.34652722230000       -2.16736903320000
C            1.97157436600000       -0.95154995910000       -0.76949794580000
H            1.73460871720000       -1.86732349970000       -1.29616919550000
C            1.31335941670000       -0.61388141910000        0.41531500980000
