37
 energy: -61.560693975086 gnorm: 0.000060690642 xtb: 6.7.1-6.fc44.fc44
O           -2.09565097250000        2.83748293290000       -1.11565918760000
C           -1.83995370000000        1.67294613190000       -0.98762942500000
O           -0.84318208230000        1.10547276140000       -1.64693950860000
H           -0.68388381690000        0.15059939790000       -1.47382373470000
C           -2.69973567490000        0.79449315210000       -0.06503511170000
H           -3.73775101180000        0.89662410350000       -0.40122781720000
H           -2.63221099460000        1.20312862980000        0.94738982440000
N           -2.31580368840000       -0.59022315350000       -0.00225005210000
H           -2.23091123690000       -1.09705721110000       -0.87282947360000
C           -1.88667990520000       -1.17797268530000        1.13161338130000
O           -1.90273262890000       -0.65407392030000        2.22217372570000
C           -1.32664170100000       -2.59483293050000        0.91011610810000
H           -1.82245467050000       -3.07408919350000        0.06118992970000
H           -1.48140601180000       -3.18483583630000        1.81217321090000
N            0.09983977600000       -2.51910805860000        0.64243025950000
H            0.73277591710000       -2.76767508360000        1.38489499900000
C            0.58535639090000       -1.94625584990000       -0.46916329920000
O           -0.15173781520000       -1.52083734280000       -1.35333118450000
C            2.10859661050000       -1.89406730480000       -0.60509544740000
N            2.51841250570000       -1.45536033210000       -1.92100122370000
H            2.14042280050000       -2.07259050220000       -2.63200548100000
H            2.14018456700000       -0.52991013140000       -2.10232862210000
H            2.50101691190000       -2.90903550280000       -0.45512948340000
C            2.71786408090000       -0.96440737570000        0.47003900690000
H            2.67549439850000       -1.45703237530000        1.44356831190000
H            3.76508566080000       -0.81996096580000        0.20118060330000
C            2.01385830640000        0.36402819250000        0.53988752290000
C            1.01808062660000        0.58813316000000        1.48223256890000
H            0.76157306520000       -0.18099327720000        2.19694144260000
C            0.35142219460000        1.79989156870000        1.53176450960000
H           -0.41718074670000        1.94926454690000        2.27517203030000
C            0.67037594430000        2.80668994220000        0.63728966710000
H            0.14314393590000        3.74746768960000        0.66647721500000
C            1.66818632720000        2.59666904570000       -0.29897458450000
H            1.92559294180000        3.37861419100000       -0.99690052520000
C            2.33817241690000        1.38687874680000       -0.34397157830000
H            3.13099020290000        1.23684662670000       -1.06267372380000
