37
 energy: -61.112418657467 gnorm: 1.025848366795 xtb: 6.7.1-6.fc44.fc44
O           -5.79044489828553        0.18416046103566       -1.35300154003409
C           -5.15592151100457        0.14817852538189       -0.25666025801902
O           -5.37051589708366       -0.28434860642069        0.69837443134962
H           -4.68835717930136       -0.27067839631829        1.33939927029101
C           -3.57273822854979        0.41491326654068       -0.67696159485660
H           -3.17935013858097        1.25527280538593        0.11030674509460
H           -3.29980499752203        0.82059529555623       -1.57701471995904
N           -2.69191412564741       -0.51838545511372       -0.19102449241849
H           -2.02978890410287       -1.14806645169368       -0.97503992814906
C           -2.52150413283923       -1.16316945807706        0.90200767352288
O           -3.07423437623989       -0.74996659529378        1.93972971481844
C           -1.22901401654610       -2.17572713777841        1.23494170712451
H           -1.54199534919908       -2.94318257483047        0.41884343816699
H           -1.54108238548115       -2.61835156959755        2.19316247994260
N           -0.18667342080272       -1.52661972428184        0.75996111877293
H            0.61978983359833       -1.36022851550919        1.66432983742799
C            0.21962438682956       -1.50545242911084       -0.35121524621045
O           -0.30520537892363       -1.66910652671506       -1.47583489757507
C            1.77632183993320       -0.81270249279415       -0.50651107662505
N            2.25342182270172       -1.16989585551218       -1.95902261712338
H            1.66254461159334       -0.91823261575576       -2.50466684483422
H            2.36355078049910       -2.06532514780264       -1.96654362335167
H            2.49211557573604       -1.17472583169206        0.29111182474196
C            1.86510213922955        0.62471037368613       -0.23520293868122
H            1.37249820176440        1.16978383739185       -1.13834103527350
H            1.05841268755443        0.87868306016135        0.54964620267010
C            3.13345436845011        1.25948086692078       -0.04119472485913
C            4.14726365245746        1.22936689206560       -0.94588622412587
H            3.90845587917269        1.11889165740359       -1.91844868861239
C            5.24236269284618        1.74332541247366       -0.78890133056613
H            6.07733554369777        2.16457220409033       -1.49217080074944
C            5.69252103770884        2.07114168921641        0.61010026967611
H            6.57833624803742        2.55530382187734        0.86714816316645
C            4.78128884212000        2.05852535714106        1.69514985164177
H            4.89012861970829        2.12048713148612        2.67552358242186
C            3.48818384077069        1.54953901978317        1.23074656505212
H            2.68466394793273        1.48569080131989        2.19684118160342
37
 energy: -61.419506627489 gnorm: 0.402195432058 xtb: 6.7.1-6.fc44.fc44
O           -5.80799883138294        0.19858293884659       -1.36308875328649
C           -5.12963306127852        0.14139465612640       -0.35065941266707
O           -5.39367338938240       -0.29008229880013        0.75580855767902
H           -4.66965127117744       -0.28300984804821        1.37857696652115
C           -3.55372461543326        0.43927535121451       -0.64184633142646
H           -3.19825524388879        1.26743958135344        0.10110538307564
H           -3.30472597945595        0.81845717646033       -1.59463287170611
N           -2.66452416173214       -0.56429185888336       -0.21491834237615
H           -2.04125453190393       -1.13351152831851       -0.97233983895462
C           -2.51128293767079       -1.15823361901489        0.93469913709995
O           -3.09622967048263       -0.74757099133190        1.95186127750598
C           -1.28477776138984       -2.18226668660842        1.21640873617659
H           -1.53781314364556       -2.95385940211455        0.42652750019736
H           -1.53274944721551       -2.61306506060438        2.18912686299983
N           -0.15409715209160       -1.52972982192521        0.80630210991389
H            0.60265770151262       -1.35856092982784        1.64234731459943
C            0.26711339851253       -1.47660522862819       -0.38898516475419
O           -0.30914876202769       -1.66886981084525       -1.46858631110502
C            1.78406552485380       -0.82785863956560       -0.51439831936318
N            2.28052716324573       -1.15804832271737       -1.90504650281071
H            1.61216145278062       -0.87397141521975       -2.54575480850860
H            2.38645510243755       -2.11824094706623       -1.95335838456665
H            2.48357893019577       -1.19479423856284        0.27654750986323
C            1.81674624576939        0.64207557096462       -0.25375154129616
H            1.37126345853157        1.16964396489889       -1.14291031332033
H            1.06910969056680        0.87757221690287        0.55246854503241
C            3.12383668907192        1.23728426064566       -0.00695715509465
C            4.12864648518435        1.24023126520952       -0.95487753429271
H            3.88962286813930        1.10310377628724       -1.95524908552912
C            5.30552515500379        1.77994184133526       -0.75688665539531
H            6.07310462985012        2.14878633227559       -1.48622506977558
C            5.68279582352615        2.08648428378907        0.61454168172195
H            6.59613928571784        2.55653443007907        0.86518854106969
C            4.76742090496787        2.03299437414127        1.65789826128716
H            4.90033933681363        2.13021624710290        2.68790489132947
C            3.47693342991798        1.55336851407730        1.26995463275110
H            2.70032829579151        1.48764096099239        2.16688596286681
37
 energy: -61.531974287161 gnorm: 0.122677818422 xtb: 6.7.1-6.fc44.fc44
O           -5.81064957897017        0.21022453113367       -1.35429955758750
C           -5.08740587133663        0.11568917226549       -0.41021688935592
O           -5.40954998832638       -0.26237403239632        0.77046437918170
H           -4.64966269722069       -0.29025118154743        1.38987479035507
C           -3.53370735390214        0.45552639445013       -0.59327193583943
H           -3.23165240115812        1.27241573779868        0.09153089475569
H           -3.32253829802648        0.79951140544087       -1.60230714714438
N           -2.63689231933531       -0.62294497163739       -0.24220824353958
H           -2.06879789708988       -1.10725317050382       -0.96067602255400
C           -2.49352945048397       -1.14473161986290        0.97292316833392
O           -3.11719882651999       -0.74176032811145        1.95903117344222
C           -1.34359693594524       -2.17585559177259        1.17609922545878
H           -1.53194328137079       -2.96687999090749        0.42998499555036
H           -1.50881058430807       -2.59899477825289        2.17448238700094
N           -0.10787405284884       -1.53831738212541        0.84889203410388
H            0.56188829636462       -1.36706846479454        1.59720124708904
C            0.32218462525196       -1.44051932554474       -0.39858156592213
O           -0.30793977043448       -1.66407406889643       -1.43051206779886
C            1.78161384300551       -0.84275389676293       -0.52984481367996
N            2.28706823646118       -1.14535705340849       -1.86427847303100
H            1.60665869152368       -0.86122137203677       -2.54187087928437
H            2.39490697761433       -2.13744540831988       -1.95571302823208
H            2.46581482583375       -1.22648690331102        0.24857081879925
C            1.76968480842252        0.66171548279816       -0.27738123815178
H            1.36649051717840        1.17005312403917       -1.15196678848976
H            1.08048329533662        0.87707207663281        0.55221180568186
C            3.12385619508370        1.20820334375091        0.02389157667993
C            4.11500290593570        1.27421392501944       -0.96025592773659
H            3.87891242908155        1.08587070250902       -1.98258564170814
C            5.33828296596540        1.81671825607311       -0.71409906784697
H            6.05732392889351        2.11623105457474       -1.47168621208310
C            5.66851057199101        2.11165205958341        0.61627686531387
H            6.61769775231773        2.55355066017541        0.85952406341034
C            4.74733314561680        1.99603715939856        1.63230794332422
H            4.91787778190550        2.14778752337914        2.68536403816169
C            3.46277437581220        1.54892381246658        1.31296625175720
H            2.72621474991332        1.49135021332351        2.12383931704713
37
 energy: -61.550909988683 gnorm: 0.044259447888 xtb: 6.7.1-6.fc44.fc44
O           -5.80150878256417        0.22973133381349       -1.35268309595897
C           -5.04899244314198        0.11498230086998       -0.42979840575454
O           -5.41082085059779       -0.23029215014830        0.78326595372777
H           -4.63582352245988       -0.29742915168967        1.40313124706492
C           -3.52654051089951        0.44528404747757       -0.57954931806437
H           -3.29483264967758        1.27318161753868        0.09791813679191
H           -3.33272785342238        0.76679274596022       -1.60801697047683
N           -2.63404871406267       -0.65711314328545       -0.25237303177768
H           -2.08051082521652       -1.08850041749947       -0.97145176255473
C           -2.48454767698406       -1.12887081008396        0.99329326094102
O           -3.12932406594986       -0.73276483707038        1.96023860386610
C           -1.37595176767223       -2.16821534262225        1.14537010507955
H           -1.53249713490337       -2.97540579915430        0.42118305550315
H           -1.46357249799344       -2.58348938342677        2.16084322250167
N           -0.08911841043971       -1.54953708317971        0.86556192700938
H            0.54319565451777       -1.36677625314785        1.60900728068409
C            0.35177688459806       -1.41702584656983       -0.39813127363711
O           -0.30399419912006       -1.66428882427066       -1.39939933282378
C            1.77443217949270       -0.84975420723522       -0.54005353883049
N            2.30537678256446       -1.13884041459626       -1.84809070277678
H            1.62273875364747       -0.85236141945017       -2.54452675066121
H            2.41601824097195       -2.14192275178744       -1.96121767439452
H            2.44055786388032       -1.27766855155219        0.22223611290575
C            1.74511602124426        0.67183122575622       -0.29018945638632
H            1.35797351377299        1.17189203740383       -1.17384264504735
H            1.07960982603945        0.88115641924460        0.55043536854441
C            3.11991820330338        1.19372971336998        0.03152100629005
C            4.09367054841073        1.31310382398811       -0.96490483938380
H            3.86315373181233        1.06840619421996       -1.99247545694217
C            5.33687431828537        1.84790112638630       -0.68724971615324
H            6.05664958874579        2.06147188170090       -1.47100177569579
C            5.66536312315369        2.14734218153624        0.62448828652055
H            6.64011021849428        2.55358076250635        0.86611195479913
C            4.73734776236430        1.97438983423473        1.63130894645301
H            4.94274783041906        2.17057819341694        2.68193075707791
C            3.45729446976539        1.53317252742654        1.32980174355762
H            2.72371800185330        1.48018551453955        2.11099025346330
37
 energy: -61.554312618125 gnorm: 0.023052753091 xtb: 6.7.1-6.fc44.fc44
O           -5.79181329877723        0.23665421727794       -1.35584948982218
C           -5.04027712847142        0.12142475691530       -0.43295682142830
O           -5.41994528048239       -0.21702624914827        0.78489677081451
H           -4.64609019845982       -0.30057384494262        1.41119780817697
C           -3.53297520986186        0.44132921040916       -0.57176447035965
H           -3.33194216370620        1.28264657488652        0.10544809439023
H           -3.34103118962943        0.75159200028930       -1.60204436533484
N           -2.64809699450559       -0.66556846986320       -0.24722820716182
H           -2.07439168223988       -1.06655824424470       -0.99243187827916
C           -2.48582154116173       -1.12322668631594        1.00001329780535
O           -3.13212847593200       -0.73132228543116        1.96415878669295
C           -1.37977651305221       -2.16591196789247        1.13518385544640
H           -1.54371542123908       -2.97201744207939        0.41585222464081
H           -1.42091942983072       -2.57298973737393        2.15487231970497
N           -0.08166725135267       -1.56096153701684        0.86434416357329
H            0.53826129388020       -1.34347269949324        1.63737739076592
C            0.36175060908660       -1.41188525958690       -0.40130446267092
O           -0.31188185793870       -1.67371942707349       -1.38662179758888
C            1.78107064087035       -0.85710011080580       -0.54198312809089
N            2.32969527518827       -1.13260392692131       -1.84959044738654
H            1.64883331136563       -0.84473920730940       -2.55176009171419
H            2.44888861752142       -2.13628184086874       -1.97174028504396
H            2.43252929704246       -1.31522692251397        0.21452270563407
C            1.74132787119983        0.67039831763058       -0.29370876184054
H            1.35304062958704        1.15905827256462       -1.18816807357845
H            1.07265811722045        0.88267232538851        0.54096852354067
C            3.11608825126549        1.19413916263316        0.02831730558571
C            4.07847245001260        1.33511989781183       -0.96916600133403
H            3.84752418045968        1.06499760481361       -1.99346547794536
C            5.33081557514148        1.85312345083987       -0.67659191445823
H            6.05816956901254        2.01272023116176       -1.46606997019308
C            5.66310215700552        2.16358720011132        0.63208347558218
H            6.64719619728696        2.55098125392098        0.87070207734657
C            4.72972763326369        1.98355210697716        1.63314105484619
H            4.95703672387356        2.19997811835466        2.67460556032886
C            3.45661182663591        1.52776193122893        1.33088313193903
H            2.71850502195308        1.43790632028647        2.11755857287799
37
 energy: -61.555356749753 gnorm: 0.015511429362 xtb: 6.7.1-6.fc44.fc44
O           -5.79226800091886        0.23919921405859       -1.36066656761470
C           -5.04220168789450        0.12446589522797       -0.43508702697852
O           -5.43029909532031       -0.21873096756355        0.78101678578829
H           -4.66221494950065       -0.30739146235804        1.41371171129057
C           -3.53756318989301        0.44316570786152       -0.56874652711744
H           -3.33218431142723        1.28573301493008        0.10421526874126
H           -3.34423467959035        0.74777596002714       -1.59730445377031
N           -2.65862011790989       -0.66588065353234       -0.24331155659475
H           -2.07925261072531       -1.05776161679227       -0.98473482712549
C           -2.48538888012589       -1.11429571694461        1.00357147786246
O           -3.13243142003181       -0.72292306701259        1.96673715860073
C           -1.37716731220708       -2.15851002683687        1.13630095926857
H           -1.55412836362361       -2.96082899387101        0.41633951287581
H           -1.39243933502160       -2.55998504472801        2.15297124175435
N           -0.07251838891160       -1.57246054409838        0.86326517044565
H            0.53028025230315       -1.34799238402013        1.63680246499534
C            0.36840684949597       -1.41467140707459       -0.40294680010903
O           -0.32426938999304       -1.67043330690709       -1.37655562000680
C            1.78864328015477       -0.86254048572517       -0.54265622366766
N            2.34552568043735       -1.12737039393764       -1.85281418692620
H            1.66566559831111       -0.84184379726477       -2.55848498551913
H            2.47938233958155       -2.12848993753616       -1.98008259924566
H            2.43451231968973       -1.33210860021393        0.20958297633922
C            1.74388519428170        0.66581264600624       -0.29363264644971
H            1.35309173665984        1.14406492845759       -1.19452928476505
H            1.06755411495069        0.88058303475400        0.53477374470419
C            3.11477989547176        1.19543443251441        0.02548545324078
C            4.06856737961028        1.34825460473490       -0.97312941579433
H            3.83141034272427        1.07600451511462       -1.99198062559019
C            5.32744561784215        1.84800673798497       -0.67117948535083
H            6.05425390813315        1.98449189504320       -1.45864311075641
C            5.65879947243399        2.16854342365257        0.63628739321878
H            6.64322488318556        2.55022513611352        0.87060651069016
C            4.72192116098740        1.99368419543671        1.63594523824152
H            4.96400631241271        2.22328506735472        2.66847921741366
C            3.45768709684964        1.51975793252184        1.33124249174574
H            2.72696990980979        1.40418715924285        2.12283264162686
37
 energy: -61.555707714703 gnorm: 0.007812701293 xtb: 6.7.1-6.fc44.fc44
O           -5.79453555403684        0.23628710448231       -1.36354782785905
C           -5.04757696979727        0.12639171659246       -0.43423213892974
O           -5.43701994137843       -0.22660677585287        0.77624502409497
H           -4.67628510062902       -0.31176849741833        1.41422403896894
C           -3.54081850310504        0.44602079092108       -0.56801994209485
H           -3.33181261987793        1.28830758624739        0.10578595856561
H           -3.34587743446734        0.74830710446128       -1.59506167660428
N           -2.66564751202420       -0.66325969402110       -0.23932437365355
H           -2.07860807973694       -1.05272338030135       -0.97436051871506
C           -2.48342139445273       -1.10619529170876        1.00643992197930
O           -3.13126226282082       -0.71566254689278        1.97047740090677
C           -1.37342985562407       -2.15236147610058        1.13654359958638
H           -1.56038812520022       -2.95654003952785        0.41726440974766
H           -1.38016139379676       -2.54763085171266        2.15007503697455
N           -0.06707137180985       -1.58178098188789        0.85637872775232
H            0.52324583201103       -1.33653777556448        1.63658486823864
C            0.37417974462423       -1.41771440426001       -0.40738182490874
O           -0.32466670990509       -1.66379398366127       -1.37673781032745
C            1.79554387179822       -0.86673924281829       -0.54354510909240
N            2.35282440446768       -1.12482001350410       -1.85528352448264
H            1.67345441597658       -0.84406353701652       -2.56132628909316
H            2.50436350624255       -2.12145922452448       -1.98439081196446
H            2.44144520802417       -1.33772622540421        0.20571898727029
C            1.74725746741636        0.65959951330671       -0.29140264218189
H            1.35516851839160        1.13362895930779       -1.19402595884965
H            1.06473604678355        0.87353997319870        0.53442971120369
C            3.11358764193410        1.19566104043542        0.02674545077298
C            4.06177564709522        1.35767753051143       -0.97425509270058
H            3.81632144578758        1.08895257219476       -1.98853881838269
C            5.32319001654327        1.84373978022650       -0.67009213969934
H            6.05339557571376        1.96287540320521       -1.45777783869116
C            5.65456405511027        2.16791813437032        0.63557421878730
H            6.63766211468495        2.54819325973496        0.86708087937773
C            4.71822904121563        1.99478305213881        1.63933385183388
H            4.96886589738401        2.23428268050380        2.66419210125224
C            3.45794919124646        1.51008174585403        1.33472528821509
H            2.72965479844316        1.38959308910486        2.12516633816405
37
 energy: -61.555813606861 gnorm: 0.005391163616 xtb: 6.7.1-6.fc44.fc44
O           -5.79754894883233        0.23473906703068       -1.36337604724143
C           -5.04942872141003        0.12490725943666       -0.43411688958660
O           -5.43879741538478       -0.23275286557311        0.77358456199241
H           -4.68085856018414       -0.31623388126419        1.41288924182494
C           -3.54205808250905        0.44804880331280       -0.56816818892775
H           -3.33107581295475        1.28901833795928        0.10631486257593
H           -3.34756763575419        0.74954966317378       -1.59573090435725
N           -2.66883365693650       -0.66268204262155       -0.23839717533242
H           -2.08009409483140       -1.05306347206643       -0.97180539888697
C           -2.48186399589853       -1.10183188053655        1.00823572353563
O           -3.12655552462938       -0.70931405121493        1.97340029984704
C           -1.37163168409288       -2.14660662890928        1.13960896494548
H           -1.56725380034032       -2.95069839979609        0.42229170819263
H           -1.37480877943157       -2.54163617034465        2.15380581912481
N           -0.06481034013251       -1.58498989229049        0.85227130551199
H            0.52220975572721       -1.33125714463180        1.62927421737982
C            0.37536369169529       -1.41616415707352       -0.41060509827174
O           -0.32506447484752       -1.65817718065531       -1.38006051220800
C            1.79808625018384       -0.86813110439902       -0.54553896811000
N            2.35710282825556       -1.12345240344879       -1.85622884781521
H            1.67828307603175       -0.84782643143281       -2.56308958410209
H            2.52234230830930       -2.11677213328781       -1.98485268549415
H            2.44393083780690       -1.33699032286819        0.20495747882868
C            1.74802711722652        0.65686282505374       -0.29100898380036
H            1.35713023375936        1.13148284644270       -1.19308854314580
H            1.06340497554013        0.86915622883973        0.53388837328209
C            3.11283013565327        1.19537764452860        0.02853669773686
C            4.05931724019665        1.35944635830063       -0.97379197329227
H            3.80771134583013        1.09467759905529       -1.98685538367002
C            5.32162565396769        1.83866383352659       -0.67024123624541
H            6.04981653862770        1.95975925172765       -1.45653601870928
C            5.65269757455721        2.16180979122905        0.63470620923217
H            6.63606162959644        2.54130895377952        0.86607519831752
C            4.71646760248856        1.99445358211292        1.64007420630518
H            4.96894153941946        2.23992106041633        2.66147401267008
C            3.45620436427054        1.50900624543487        1.33710694586577
H            2.72952844125825        1.37884790567398        2.12867808748939
37
 energy: -61.555883318913 gnorm: 0.004082302819 xtb: 6.7.1-6.fc44.fc44
O           -5.79806359622259        0.22934186564774       -1.36248443217317
C           -5.04939960779856        0.12246283594543       -0.43383707427621
O           -5.43839373386026       -0.23849951771782        0.77208209686023
H           -4.68278403968710       -0.31788119153691        1.41249884632526
C           -3.54281354979004        0.44903841069248       -0.56848977497211
H           -3.33310242766957        1.28983518634101        0.10622982590618
H           -3.34949752533047        0.75077663702330       -1.59664938194244
N           -2.66943954589610       -0.66133885283051       -0.23739988120738
H           -2.08138405769615       -1.05399077871609       -0.96991100672789
C           -2.47789642989586       -1.09475057923743        1.01147012427812
O           -3.12128065394435       -0.70039141747148        1.97692464255568
C           -1.37157141455420       -2.14371629121104        1.14120904368887
H           -1.57414848185505       -2.94941491046831        0.42753495301934
H           -1.37530830636634       -2.53754949578099        2.15661311302777
N           -0.06252626563900       -1.59228625914209        0.84697580264530
H            0.52274381091358       -1.32704860617008        1.62129935150670
C            0.37650270007826       -1.41721498714687       -0.41522284715167
O           -0.32406386812262       -1.65310706891202       -1.38662646887133
C            1.79841578027719       -0.86752829739691       -0.54779586955662
N            2.36021016651316       -1.12060884296524       -1.85662776710076
H            1.68175920851359       -0.85207073801726       -2.56489605840548
H            2.54179871980192       -2.11041781961657       -1.98378618786296
H            2.44348064523705       -1.33458363130416        0.20518906242889
C            1.74667968281764        0.65659909112448       -0.29061722449823
H            1.35755304897427        1.13376047896259       -1.19160704946332
H            1.06160476922935        0.86646769142866        0.53429396582519
C            3.11137492737479        1.19525069087220        0.03136483084742
C            4.05662538591023        1.35997767816715       -0.97250314893009
H            3.79869971060939        1.09816789851485       -1.98537411852050
C            5.31998785008675        1.83358078247409       -0.67102846148931
H            6.04866706494704        1.95440203070880       -1.45878526040652
C            5.65125762803046        2.15554600688216        0.63410233215316
H            6.63589284161833        2.53295317902103        0.86680447977123
C            4.71573052198463        1.99147169829435        1.64114007513988
H            4.96895867608826        2.24132821126821        2.66021104942789
C            3.45461389259979        1.50775638456320        1.34021206324649
H            2.72794808495449        1.38213962233028        2.13116783036405
37
 energy: -61.555922628790 gnorm: 0.003293299164 xtb: 6.7.1-6.fc44.fc44
O           -5.79844249403067        0.22427500605263       -1.36122686590514
C           -5.04754129400967        0.11904881792858       -0.43405216730297
O           -5.43646514867633       -0.24213915349850        0.77213416198268
H           -4.68125069452298       -0.31778723278435        1.41273932667519
C           -3.54251367624623        0.44935428345205       -0.56830821386869
H           -3.33540264913374        1.29015613457391        0.10674064643313
H           -3.34990297260000        0.75231989013909       -1.59639633044640
N           -2.66858485011712       -0.66104273258348       -0.23716818816505
H           -2.08260315702523       -1.05490363906497       -0.97080462904837
C           -2.47532024504588       -1.09047494674994        1.01297635690667
O           -3.11549108558208       -0.69249574462901        1.97858202891580
C           -1.37281954395174       -2.14262495693372        1.14204043752734
H           -1.58043683613875       -2.94980418757763        0.43177725781902
H           -1.37796432035276       -2.53536134509045        2.15868130180266
N           -0.06158245840195       -1.59892951892738        0.84289959796934
H            0.52372242864766       -1.32530107438846        1.61531250095496
C            0.37585219630444       -1.41641212560734       -0.41906776712834
O           -0.32290716847488       -1.64867570570081       -1.39292147040956
C            1.79791216747969       -0.86643571399621       -0.54852921829498
N            2.36278654808728       -1.11716536573534       -1.85570405101293
H            1.68377539893313       -0.85636479117860       -2.56547768877150
H            2.55956694059140       -2.10411598430981       -1.98049899266845
H            2.44230771495740       -1.33227401421488        0.20631536776532
C            1.74375490786703        0.65794189418741       -0.29040588753901
H            1.35539964170893        1.13676181677835       -1.19085116470351
H            1.05915502359146        0.86614439057296        0.53489900302033
C            3.10911120680678        1.19553765093178        0.03298226035095
C            4.05433119880021        1.35866513933618       -0.97152274102126
H            3.79205015192366        1.09913327306865       -1.98490272585305
C            5.31893867477488        1.82890267102671       -0.67173671017216
H            6.04710091283741        1.95266466427600       -1.45955855773653
C            5.65171790743655        2.14904695895111        0.63360813778584
H            6.63718922728915        2.52500944189653        0.86729998111117
C            4.71608541524002        1.98846834704222        1.64070852249660
H            4.96914046701056        2.24080437213773        2.65917013210017
C            3.45271101402920        1.50913809250663        1.34134074096983
H            2.72545106222508        1.38739248273261        2.13260708292257
37
 energy: -61.555946732977 gnorm: 0.002911017759 xtb: 6.7.1-6.fc44.fc44
O           -5.79667493439493        0.21693995963302       -1.36117935269902
C           -5.04563138864904        0.11640348261848       -0.43435964184767
O           -5.43415799926249       -0.24476110317879        0.77279825065523
H           -4.67911664872307       -0.31451751483432        1.41407748087437
C           -3.54209483533304        0.44958483152214       -0.56809719899767
H           -3.33764212596564        1.29027882431302        0.10782334206186
H           -3.34955521665461        0.75407686819648       -1.59571686509910
N           -2.66669301809618       -0.66004286775287       -0.23747993594779
H           -2.08313240357033       -1.05463814264487       -0.97295646939583
C           -2.47267366460615       -1.08690311211400        1.01314088252730
O           -3.11061521945933       -0.68543759991558        1.97863912254509
C           -1.37397713122242       -2.14319972972207        1.14247756158194
H           -1.58596268822997       -2.95086239996887        0.43442535557714
H           -1.37982294727089       -2.53477332676374        2.16000141750604
N           -0.06043669772720       -1.60599265675856        0.84034340811807
H            0.52558736089901       -1.33076303791406        1.61090326799755
C            0.37469815033026       -1.41598492684078       -0.42165856900853
O           -0.32263925839769       -1.64476690440336       -1.39745442976516
C            1.79645735930007       -0.86417108418159       -0.54837067096044
N            2.36473468464928       -1.11337159873014       -1.85413475663592
H            1.68447445774932       -0.86044201307083       -2.56559255220424
H            2.57432737347613       -2.09805238397389       -1.97546610977869
H            2.43943973294731       -1.32984464199461        0.20780482445971
C            1.74023530584153        0.66077068301567       -0.28981681761826
H            1.35137976416120        1.13959489046933       -1.19010663220463
H            1.05615985729952        0.86812928956607        0.53591271909799
C            3.10623719580712        1.19714847466018        0.03350687561822
C            4.05201329361550        1.35771627012767       -0.97110202544867
H            3.78769246697358        1.09901784338296       -1.98491227269358
C            5.31792255010563        1.82597605119547       -0.67246971225423
H            6.04676965481895        1.94917490239775       -1.46090639681820
C            5.65226299299722        2.14473737981414        0.63317803918231
H            6.63904624494283        2.51776484669496        0.86735844110407
C            4.71634002219454        1.98653815488757        1.64000100326970
H            4.96954365614318        2.23770400028380        2.65888807601012
C            3.45099041055705        1.51155278156547        1.34117591234737
H            2.72334525498564        1.39387260503902        2.13300590430523
37
 energy: -61.555964400663 gnorm: 0.001986808496 xtb: 6.7.1-6.fc44.fc44
O           -5.79606791828400        0.21011797375455       -1.36152518998757
C           -5.04364872254601        0.11277176158474       -0.43501177382522
O           -5.43156613888659       -0.24777869904413        0.77366741136191
H           -4.67574783904733       -0.31193509964721        1.41518173405326
C           -3.54140707695739        0.45043968975810       -0.56777744248581
H           -3.33791902764810        1.29045638813060        0.10918288269468
H           -3.34867077888334        0.75647418486743       -1.59481713934062
N           -2.66431528239307       -0.65839890564943       -0.23835846776249
H           -2.08386592282380       -1.05423740880551       -0.97538864782168
C           -2.46982270551132       -1.08354992040255        1.01228708995708
O           -3.10478408374778       -0.67755725928321        1.97781979465799
C           -1.37491972551776       -2.14433979594544        1.14211523722146
H           -1.59096984345573       -2.95272140714167        0.43597825485231
H           -1.38101057853087       -2.53361390794793        2.16031815315831
N           -0.05912397789554       -1.61332556693347        0.83808513601848
H            0.52748201227887       -1.33748873440230        1.60900306931318
C            0.37323025859253       -1.41530045498593       -0.42373413562418
O           -0.32324258597482       -1.64078631726125       -1.40087888315357
C            1.79490383835453       -0.86169291146033       -0.54731587677995
N            2.36603664871664       -1.10941642638043       -1.85215643281014
H            1.68370340145929       -0.86498525616973       -2.56499374645640
H            2.58749232589362       -2.09196991502201       -1.96925090367469
H            2.43633007146302       -1.32734109186022        0.20983559605353
C            1.73670643726501        0.66381306227834       -0.28889311178723
H            1.34640215180126        1.14150365038906       -1.18926849010314
H            1.05309622067888        0.87074775582579        0.53738813656800
C            3.10305515661278        1.19928708657692        0.03319179689480
C            4.04959322937420        1.35707315414538       -0.97136174083992
H            3.78475618830927        1.09894416309995       -1.98529712678475
C            5.31676910238949        1.82365771796646       -0.67313791855826
H            6.04550546574748        1.94586441413553       -1.46134991235313
C            5.65267035883479        2.14110289684130        0.63268577713909
H            6.64066429304316        2.51066771057240        0.86652390743849
C            4.71623201026466        1.98506391347544        1.63915866397518
H            4.97012528181617        2.23335108014581        2.65898728610275
C            3.44943543148240        1.51378343212680        1.34025030917637
H            2.72172393595731        1.39977613728837        2.13253817897353
37
 energy: -61.555974598713 gnorm: 0.002106873263 xtb: 6.7.1-6.fc44.fc44
O           -5.79291709985241        0.20125020124290       -1.36320181068269
C           -5.04218029704017        0.11042184262438       -0.43533886700644
O           -5.42843853373683       -0.25165563393273        0.77417141097494
H           -4.67218326769848       -0.30790200991307        1.41643753278697
C           -3.54091733854296        0.45159115408909       -0.56787489736700
H           -3.33916222248433        1.29028164230830        0.11162839954781
H           -3.34740499920310        0.75975178085456       -1.59399053498041
N           -2.66199155581894       -0.65631962145566       -0.24004543485872
H           -2.08393784036730       -1.05371032085922       -0.97819361365973
C           -2.46712221863748       -1.08124062919922        1.01016526433709
O           -3.09891940319425       -0.67039231256180        1.97596934459647
C           -1.37525327731703       -2.14505334583255        1.14134141491409
H           -1.59468635028708       -2.95378831885032        0.43633353028956
H           -1.38117141589351       -2.53187051080525        2.15972401464787
N           -0.05751913386758       -1.61911245146864        0.83718617976182
H            0.52985501005010       -1.34867854232631        1.60878259478450
C            0.37179908548680       -1.41318350437246       -0.42403440456163
O           -0.32464055669178       -1.63536335284918       -1.40164910915665
C            1.79360704003941       -0.85885960303127       -0.54569079049223
N            2.36643650641844       -1.10578248103886       -1.85021974785922
H            1.68109658039174       -0.86982557699254       -2.56365496342176
H            2.59700616742331       -2.08660036947834       -1.96276054992819
H            2.43388076912543       -1.32404875218382        0.21211170300286
C            1.73359227743140        0.66686985890717       -0.28768819370021
H            1.34115500938565        1.14267180132893       -1.18816615757774
H            1.05038253179225        0.87349494628484        0.53928894675135
C            3.09963229118396        1.20261848127369        0.03219049439435
C            4.04694065573175        1.35755821117026       -0.97217500443131
H            3.78370531782615        1.09876311039771       -1.98583151212791
C            5.31514446993988        1.82270273083833       -0.67378351780291
H            6.04413880705207        1.94049104030981       -1.46231744482255
C            5.65262526953374        2.13851954351738        0.63194122204086
H            6.64171736679900        2.50432518474825        0.86444924248057
C            4.71574268239123        1.98412076549495        1.63833496215337
H            4.97089158542765        2.22817600666156        2.65952733912708
C            3.44775688225191        1.51629038355976        1.33898346346541
H            2.72017081718326        1.40194574615960        2.13173096984193
37
 energy: -61.555978560913 gnorm: 0.001208420282 xtb: 6.7.1-6.fc44.fc44
O           -5.79365573138633        0.20139838278255       -1.36356889247056
C           -5.04233813189322        0.10956204300341       -0.43571872162265
O           -5.42822873507723       -0.25282891917176        0.77362402236559
H           -4.67158589379083       -0.30928410476236        1.41544520691587
C           -3.54098572282036        0.45235038910041       -0.56782433859823
H           -3.33849988167088        1.29073098370359        0.11176835666919
H           -3.34760561222885        0.76072660061489       -1.59396773684792
N           -2.66193224338154       -0.65540899392596       -0.24026982595998
H           -2.08373156888384       -1.05321509364086       -0.97825973187056
C           -2.46648921999640       -1.08070170518640        1.00992255606730
O           -3.09824283742914       -0.66994745277211        1.97592954125830
C           -1.37502829545619       -2.14500267614480        1.14107679126492
H           -1.59439347074186       -2.95365458502650        0.43596697065306
H           -1.38103846468115       -2.53153731607526        2.15953064043490
N           -0.05715047027916       -1.61918661243217        0.83766199470310
H            0.53026315521626       -1.34995118612487        1.60985922320679
C            0.37213213681538       -1.41315928201973       -0.42319672505832
O           -0.32508253068908       -1.63451911744247       -1.40046799818324
C            1.79361611975868       -0.85861182813793       -0.54556923151657
N            2.36586847899009       -1.10618860173927       -1.85027421422490
H            1.68007359909615       -0.87060185366391       -2.56321610185421
H            2.59557231922219       -2.08709285281975       -1.96277933819420
H            2.43427029483232       -1.32342250281126        0.21221161779903
C            1.73377944034832        0.66685139250477       -0.28764735214106
H            1.34126642513655        1.14271231547709       -1.18802224606178
H            1.05058475022693        0.87345673996562        0.53936907429181
C            3.09971114576146        1.20291817846244        0.03205640526239
C            4.04675567544256        1.35799952967239       -0.97244515567450
H            3.78416077589959        1.09896842096335       -1.98592188095738
C            5.31489022649707        1.82274601188648       -0.67382325591464
H            6.04360730095620        1.93979937820455       -1.46246036162083
C            5.65224186035178        2.13886490241917        0.63180715932294
H            6.64151503152389        2.50424206873122        0.86409175678801
C            4.71548853214191        1.98429519501041        1.63845303794628
H            4.97094626601534        2.22795113759171        2.65960219795525
C            3.44784204882189        1.51586011736968        1.33912204542753
H            2.72023483958337        1.40133799105385        2.13161598590092
37
 energy: -61.555977069917 gnorm: 0.001963714350 xtb: 6.7.1-6.fc44.fc44
O           -5.79476367868721        0.20162065509201       -1.36411951515238
C           -5.04257488417280        0.10827234357195       -0.43628850354697
O           -5.42791403708783       -0.25458884703031        0.77280293945155
H           -4.67068983292934       -0.31135724703629        1.41395671810921
C           -3.54108829923647        0.45348924161739       -0.56774850044509
H           -3.33750637045070        1.29140499579654        0.11197829235126
H           -3.34790653176747        0.76218883025537       -1.59393353964917
N           -2.66184327472543       -0.65404305263141       -0.24060641261186
H           -2.08342216165864       -1.05247225281330       -0.97835890918680
C           -2.46553972203478       -1.07989331916716        1.00955849366260
O           -3.09722798878147       -0.66928016308758        1.97586983625104
C           -1.37469082266492       -2.14492667161318        1.14067985579116
H           -1.59395415142404       -2.95345398429078        0.43541713119830
H           -1.38083903786260       -2.53103752398027        2.15924057911544
N           -0.05659747489654       -1.61929785387745        0.83837571711502
H            0.53087537296551       -1.35186015182272        1.61147416584023
C            0.37263171380824       -1.41312294849062       -0.42194020580335
O           -0.32574549168504       -1.63325276433239       -1.39869633172314
C            1.79362973933758       -0.85824016579790       -0.54538689305307
N            2.36501643784757       -1.10679778278988       -1.85035591377343
H            1.67853912715277       -0.87176626867097       -2.56255780950288
H            2.59342154692051       -2.08783157783186       -1.96280752059322
H            2.43485458339265       -1.32248312875241        0.21236148999327
C            1.73406018472370        0.66682369290117       -0.28758608980234
H            1.34143354876290        1.14277308669932       -1.18780637878784
H            1.05088807787896        0.87339943048678        0.53948926560250
C            3.09982942762771        1.20336772424557        0.03185527156445
C            4.04647820500878        1.35866150742558       -0.97285038253928
H            3.78484396300976        1.09927638681182       -1.98605743420158
C            5.31450886133286        1.82281093345870       -0.67388286308224
H            6.04281004181238        1.93876188504666       -1.46267473681824
C            5.65166674657884        2.13938294077186        0.63160606524607
H            6.64121152861123        2.50411739470567        0.86355552824916
C            4.71510730676795        1.98455683928359        1.63863015163565
H            4.97102828689689        2.22761383398692        2.65971448619749
C            3.44796979867685        1.51521471808458        1.33932991837071
H            2.72033087318354        1.40042635839523        2.13144350998940
37
 energy: -61.555980865833 gnorm: 0.000739222113 xtb: 6.7.1-6.fc44.fc44
O           -5.79316352551277        0.20101918584172       -1.36423808932719
C           -5.04228142321167        0.10925940248401       -0.43609859962158
O           -5.42768372885225       -0.25432645378633        0.77258086029896
H           -4.67092121478661       -0.31052723455750        1.41398250428171
C           -3.54097083804183        0.45293094643528       -0.56793506238985
H           -3.33952402984895        1.29093161146327        0.11238192594038
H           -3.34760714158760        0.76211382665815       -1.59392127259915
N           -2.66196449899528       -0.65470768975886       -0.24054430779823
H           -2.08346732687763       -1.05295611929496       -0.97783816613813
C           -2.46592335682529       -1.08042908715678        1.00975909628009
O           -3.09753875852315       -0.66983038522043        1.97604405372002
C           -1.37484089563549       -2.14465098436767        1.14062932761981
H           -1.59383014032057       -2.95323042764951        0.43544094566916
H           -1.38163376033395       -2.53127316770703        2.15922257812827
N           -0.05672369901625       -1.61894108668542        0.83842059180832
H            0.53097801537252       -1.35088119388842        1.61120117580785
C            0.37262723989480       -1.41236639730795       -0.42192642541095
O           -0.32584394982072       -1.63242071221542       -1.39883990219782
C            1.79414422455133       -0.85865082544066       -0.54527609200283
N            2.36477376925519       -1.10667370854277       -1.85054966309975
H            1.67791035358656       -0.87190373557182       -2.56234394793165
H            2.59365430541758       -2.08778073079246       -1.96369520246592
H            2.43600578031414       -1.32232342332273        0.21246901852078
C            1.73406938650940        0.66650948787103       -0.28774887136791
H            1.34176235217270        1.14278346483300       -1.18792905001157
H            1.05093447129313        0.87289124815463        0.53928099708606
C            3.09997296104178        1.20310927242497        0.03207788313110
C            4.04645480863051        1.35855388383852       -0.97275964298564
H            3.78432556067834        1.09944300638531       -1.98612993159517
C            5.31458122787138        1.82234248939949       -0.67388735090367
H            6.04265407066914        1.93948563431005       -1.46247524904442
C            5.65195727814642        2.13850674079376        0.63156820537239
H            6.64123022571316        2.50400630399614        0.86370759156928
C            4.71536164185178        1.98424417142465        1.63846323014511
H            4.97100092859851        2.22851950183633        2.65933142806074
C            3.44785669788006        1.51551271217711        1.33947931465893
H            2.72049460097351        1.40016756755951        2.13177757425409
