37
 energy: -60.961585057977 gnorm: 1.362756878274 xtb: 6.7.1-6.fc44.fc44
O           -2.63641204284870        2.99504864550561        0.53143481699924
C           -2.83793266776987        2.00800876888693        0.11237766374333
O           -3.99449220449002        0.91223137224291        0.30447709790671
H           -4.19300201070827        0.47809155997273       -0.34819392157195
C           -1.77163604103800        1.06797174860679       -0.93620994219016
H           -1.28306399333214        1.96903161064090       -1.37307908655733
H           -2.39033741091730        1.06568843829384       -1.92012770335923
N           -1.39755635801884       -0.00902961062348       -0.34661679172401
H           -0.44679667826802        0.08655217832787       -0.16944918242119
C           -2.01303371550223       -1.18863432600145       -0.65624550133589
O           -3.28518367741100       -1.17632013594853       -0.94525468601925
C           -1.35746805915695       -2.42436260214929       -0.05079929435145
H           -1.72436552264908       -3.26991421243210       -0.64303044550384
H           -1.60989797191276       -2.59458231200868        0.90754867024705
N            0.06691968345031       -2.26334670645436       -0.35573353616498
H            0.45271016857408       -2.40491200648359       -1.16463608585419
C            1.03447404441878       -2.19529918535594        0.73551742553110
O            0.76034218090417       -2.08433775834711        1.84589052553906
C            2.46629120831047       -2.00416524945526        0.21063591872898
N            2.57610352800384       -1.83123378818919       -1.11953196694090
H            3.35324153518852       -2.25332210772690       -1.83848544491286
H            2.37824547254723       -0.84896222047675       -1.54069783522994
H            2.99756395117366       -2.94024276461228        0.57755099663863
C            3.16576462541455       -1.01808528485595        0.85997881436529
H            2.98141742028138       -0.86371497609359        1.99575439712919
H            4.36441921723957       -0.97522226415114        0.66837406129082
C            2.55583095096303        0.59517579674688        0.47250510882908
C            1.27625456685599        0.97439981244911        1.09809195181295
H            0.97767357601062        0.28964184637566        1.78008984808521
C            0.94108536516652        2.23080617269468        0.62777810116817
H            0.20500151183161        2.49481224809948        1.26705643573344
C            1.48372742898048        2.80316541238230       -0.08224167892088
H            0.84944092583503        3.77921411574136       -0.69635291084998
C            2.32991676010963        2.15022439511837       -0.92045603420420
H            2.88767787213778        2.84867173897918       -1.77941599094892
C            3.09190523644429        1.02200752170496       -0.58452379092464
H            3.97131869117517        0.69477486549130       -1.11945725094723
37
 energy: -61.361025474591 gnorm: 0.442505328165 xtb: 6.7.1-6.fc44.fc44
O           -2.64269999563139        3.00635160829088        0.54041697206898
C           -2.84394751534281        1.95505631769810        0.09035814305535
O           -3.97528299387625        0.97109989845886        0.35046653290602
H           -4.19780926280897        0.45279293263661       -0.38405932869509
C           -1.80899003707584        1.11827242674497       -0.95363283573559
H           -1.25592641339812        1.97058561655654       -1.36149056512105
H           -2.40359236140444        1.05042758727155       -1.91342801850852
N           -1.39921035542351       -0.01561337841783       -0.36018438609949
H           -0.43190422700403        0.07343080859892       -0.16108557291336
C           -2.03969767842142       -1.18716711495416       -0.63209231698464
O           -3.25713431657321       -1.18209190066246       -0.95336400912917
C           -1.35307455001581       -2.42259774810054       -0.07547394387162
H           -1.72593327722919       -3.27438135904548       -0.64680620250244
H           -1.60897513627219       -2.59281216144403        0.92531728058794
N            0.06957454410392       -2.26341629570614       -0.32251959495724
H            0.46600113701978       -2.41068918785194       -1.19149258669326
C            1.03032010663386       -2.18559142883270        0.71639640142531
O            0.75126513660511       -2.08843571783687        1.86485692188736
C            2.47452241608593       -2.01695291675825        0.20774396320326
N            2.57231229850263       -1.83641138387670       -1.16741470131752
H            3.34026496785594       -2.24643006456346       -1.81693094822811
H            2.38229999664296       -0.86416451860997       -1.53250813559944
H            2.99333352864925       -2.94504484494606        0.56881867307253
C            3.17780496033601       -0.96423757148546        0.89218949651134
H            2.99071541100116       -0.87543066210403        1.99477099678915
H            4.33697549555292       -0.97293370766110        0.67453508616307
C            2.54041776284810        0.53681661164628        0.49389852927846
C            1.30821220648116        0.94873325433423        1.10334306766027
H            0.97076223231742        0.27453577058377        1.80027654779026
C            0.89310526971644        2.18910832345838        0.70024890130127
H            0.15506666651954        2.49893346499094        1.30789891886497
C            1.51166716074025        2.87219814298352       -0.19195633649475
H            0.87161918162295        3.77606990074511       -0.68826371104818
C            2.38608846208043        2.18754874701550       -0.97101463388428
H            2.87996604428644        2.83938186174610       -1.78162038188022
C            3.09796728807910        1.04526031918709       -0.59897214273240
H            3.97006341378941        0.69762910680511       -1.12270332735390
37
 energy: -61.505486498605 gnorm: 0.178090483878 xtb: 6.7.1-6.fc44.fc44
O           -2.66665482246631        2.96416374372023        0.53196997539113
C           -2.85970584930813        1.89197901715519        0.06561978825060
O           -3.94870531984697        1.04943132940647        0.35428920372569
H           -4.16464509386689        0.45451210632833       -0.37488949402281
C           -1.86462693832596        1.17623764098768       -0.96244184240072
H           -1.20831539552689        1.97115159863202       -1.33260981635672
H           -2.43487777464916        1.02606702247763       -1.90070866924132
N           -1.40176704214298       -0.01035345327142       -0.38669611201714
H           -0.42301550095512        0.05987103314151       -0.15412066244662
C           -2.06806507318544       -1.17820843560276       -0.59506387082098
O           -3.22904400368809       -1.18866656413240       -0.96772957421291
C           -1.34174279779576       -2.42013126174549       -0.09930110012619
H           -1.72527630629112       -3.27965040201423       -0.65360038991301
H           -1.59643419020149       -2.58563134805627        0.93687088011570
N            0.08482487057099       -2.27085326194558       -0.29585000135879
H            0.47707597764076       -2.41252218006227       -1.20350700654679
C            1.02442953751508       -2.16816569784484        0.69836766963436
O            0.74328160965108       -2.09766365300104        1.87078231686712
C            2.48294921953047       -2.02318261763939        0.20250346622562
N            2.55464597304335       -1.85120802564811       -1.21413188969883
H            3.32074192771896       -2.23649000707274       -1.77591142770082
H            2.38918106681408       -0.88806498794429       -1.52157935856678
H            2.98810757171433       -2.94633471121736        0.54846005889623
C            3.17011161177735       -0.89793953302027        0.91595301566454
H            3.00975048601634       -0.90374677992867        1.99854378345885
H            4.27908870919933       -0.95303210362678        0.69065068129176
C            2.54470822613040        0.46210972962126        0.48651542546953
C            1.36746120728255        0.93439260523952        1.09214521587421
H            0.96313562926764        0.27483651588724        1.82066371808459
C            0.88381777625508        2.17077791192922        0.72184671365136
H            0.10274847636936        2.51958923585986        1.32374085316251
C            1.47440625941564        2.88517555270287       -0.24952113522049
H            0.92376539883955        3.74591641361088       -0.65461042261151
C            2.43892572458347        2.24004498588596       -0.99155719771100
H            2.86794159767026        2.82272974533992       -1.79167340558296
C            3.10189552524673        1.07481298341984       -0.60265632392560
H            3.96602929299099        0.70787658932353       -1.12624031246655
37
 energy: -61.546822376366 gnorm: 0.063186356880 xtb: 6.7.1-6.fc44.fc44
O           -2.68478266872419        2.93475777716731        0.53087376037517
C           -2.88263275935623        1.86092590966524        0.03900533972820
O           -3.92098891276004        1.12197436234381        0.33943259157635
H           -4.11353597731840        0.43894815749023       -0.35777771896757
C           -1.91902741985800        1.21569472569185       -0.96698512401482
H           -1.16902558809607        1.96166572931613       -1.28414184374761
H           -2.47432279644418        1.00228332544067       -1.89282444159716
N           -1.39882480280406       -0.00598391045243       -0.41722043017059
H           -0.42208100768945        0.04645074771970       -0.14652296543593
C           -2.07791406116846       -1.16880454315687       -0.57086469249474
O           -3.21858896570727       -1.19547523459569       -0.98680357494695
C           -1.32569452533301       -2.41350748636914       -0.11172080735385
H           -1.71783530846466       -3.27625642369316       -0.65884649921913
H           -1.57024200601968       -2.57325064659836        0.94607970464226
N            0.10085689035503       -2.28304641695832       -0.28431277892611
H            0.48639299346908       -2.41105844485160       -1.21407573366605
C            1.01536884996062       -2.16088255756705        0.69289737047077
O            0.73616696338768       -2.10672909558580        1.87515341272502
C            2.47495058015896       -2.03478885620238        0.19706707131931
N            2.51153455612706       -1.88010656124858       -1.24548104449710
H            3.32307183212619       -2.24118830767446       -1.72617010312674
H            2.38987980303954       -0.90786978702104       -1.50967092933600
H            2.98059183457767       -2.95234087038961        0.51830170305644
C            3.15251951419704       -0.85995340830133        0.92392954831565
H            3.01912112464179       -0.94748775601422        2.00525816892872
H            4.22300371710037       -0.91034825741020        0.69960738091445
C            2.56314572435394        0.42263108881297        0.48504021267670
C            1.41637122499082        0.91506980193317        1.09802008855596
H            0.96605485078891        0.28773828178080        1.85608129648476
C            0.87826689752896        2.13993259477586        0.74104148705492
H            0.06276265143557        2.51780075191223        1.32654999404924
C            1.43741293229222        2.87033537908194       -0.29211942385811
H            0.96037958948177        3.76506945586951       -0.63485422240234
C            2.48138747784804        2.28213364534689       -1.00289788017623
H            2.87983176665614        2.82834707134669       -1.83874184257410
C            3.10051466501248        1.10864884845493       -0.60074129120742
H            3.96205792720737        0.72850164683555       -1.12704303034013
37
 energy: -61.554682057876 gnorm: 0.050717776191 xtb: 6.7.1-6.fc44.fc44
O           -2.66230858649554        2.93913014021533        0.52734692358540
C           -2.87125026456837        1.85726508783522        0.05218194659263
O           -3.97410942745297        1.16380756608703        0.33291967429989
H           -4.09102722965066        0.39635198013983       -0.32464299954276
C           -1.93089437592789        1.22508491616971       -0.98786880257100
H           -1.14479210301493        1.95261396351890       -1.25382644210011
H           -2.51239350812105        0.98938414666644       -1.89268958851453
N           -1.38867478904646       -0.00428373889852       -0.44880620866455
H           -0.42064187360484        0.03652781771073       -0.14512456729744
C           -2.06929465073025       -1.16346042281539       -0.57041104345571
O           -3.21034397273177       -1.19763018354484       -0.99771952449033
C           -1.31189200854232       -2.40664103925000       -0.11720295605883
H           -1.70926237129236       -3.26966371886491       -0.66171489847377
H           -1.53651680178255       -2.55804457155310        0.94931107980658
N            0.11175860863677       -2.29309147334854       -0.29206598587097
H            0.49849625961419       -2.41012519021187       -1.22431737838577
C            1.01001885787137       -2.16505440362841        0.69798873113757
O            0.72667476120884       -2.11680418373115        1.87859209560834
C            2.46357857039603       -2.05264507730112        0.19591941174544
N            2.47474121221625       -1.91569622462696       -1.25320277095540
H            3.34282747433113       -2.25723614405194       -1.67463315054604
H            2.38750354543451       -0.93339096744887       -1.50437009520898
H            2.96779802389805       -2.97791439688075        0.48957195797634
C            3.15289173300027       -0.87481233102542        0.92932340589670
H            3.02396573089602       -1.00362389309358        2.01041926209002
H            4.21635631264593       -0.89999684641699        0.69840700674509
C            2.55727749889086        0.42817455417302        0.47728597971149
C            1.42399609363162        0.92256156118328        1.11018513929799
H            0.97509277599187        0.32297386941211        1.89609079982930
C            0.86615496985368        2.13372267813643        0.73693157656239
H            0.02893780389491        2.52124314428456        1.30545565770320
C            1.41602358162672        2.86167732508184       -0.31260564459489
H            0.99134956300696        3.82324581501092       -0.61104359534428
C            2.49153790859060        2.31340296016204       -1.01188195739239
H            2.88829246429170        2.84046944007197       -1.87218340793371
C            3.08590916988704        1.13300284814348       -0.60513660749897
H            3.95836661014025        0.75930572958471       -1.12196027087268
37
 energy: -61.556292326463 gnorm: 0.048379678177 xtb: 6.7.1-6.fc44.fc44
O           -2.66121117298555        2.93846056280425        0.55844540284383
C           -2.90437875123014        1.89792522441413       -0.00168633640887
O           -3.91564904845221        1.11859367867129        0.33426138159645
H           -4.06348152252752        0.36531020437119       -0.30473998492099
C           -1.94376099882058        1.23746757028767       -0.99975437150791
H           -1.12933759287536        1.94220659063323       -1.21820735713382
H           -2.52828135578539        0.99369100616658       -1.89560089036707
N           -1.38356163775310       -0.00244201319917       -0.47835683003821
H           -0.42774683583862        0.02563290509713       -0.13305113967852
C           -2.06271616087293       -1.15644027978319       -0.57599103145143
O           -3.20818125770554       -1.19564565019816       -0.99500662964353
C           -1.30382495293685       -2.39704342253316       -0.12130545535207
H           -1.70868084021118       -3.26094487680247       -0.65936327660243
H           -1.50322189411614       -2.53639196243644        0.95381197517683
N            0.11709629303424       -2.30119267737622       -0.30276664722593
H            0.50617771983519       -2.40686349133850       -1.23571426742482
C            1.00457454619233       -2.16383621246492        0.69910914097537
O            0.71442262228961       -2.11677377600862        1.87629866559109
C            2.45302718867659       -2.06276942287708        0.19050375292995
N            2.44836168763610       -1.95167385184277       -1.26470775982815
H            3.34195546413268       -2.28354131770912       -1.63702065298707
H            2.37545968414373       -0.96957040855236       -1.51635992195199
H            2.95160774860441       -2.99605136051033        0.46740736630583
C            3.15524716475770       -0.88129834762818        0.92076975193431
H            3.01558499195839       -1.02374796269959        1.99156870676203
H            4.22027300039117       -0.89916553730696        0.69501817109758
C            2.55083648183091        0.43557041288360        0.48500604728188
C            1.42852509417806        0.93733784186637        1.13211103879539
H            0.98566661640637        0.36927792187597        1.94709729346130
C            0.86071739632021        2.13767288448540        0.74063365803052
H           -0.00088387070655        2.53323554967467        1.28155246400603
C            1.40607849735372        2.85876375984458       -0.32485071991312
H            1.00443360879424        3.80800842196307       -0.62107321989656
C            2.50045331644583        2.34003321131301       -1.01090167583605
H            2.90868580018889        2.85671779473886       -1.86894908302440
C            3.06972285075879        1.14900932146528       -0.59761574992583
H            3.95215768588208        0.78030844560609       -1.10604906285436
37
 energy: -61.559076331186 gnorm: 0.034437183975 xtb: 6.7.1-6.fc44.fc44
O           -2.65813674843167        2.92411504210585        0.56975615365724
C           -2.88165588594963        1.86799974444132        0.04719702724637
O           -3.94590987126493        1.13343800460313        0.31125628761634
H           -4.03045564571060        0.35323834323057       -0.31646341642796
C           -1.94463248591580        1.23858990932016       -1.00820090527761
H           -1.14004082197232        1.93482209475068       -1.22942200724664
H           -2.52119312538060        0.99511047695441       -1.90805172822966
N           -1.37724941489271        0.00004188921351       -0.49389474155856
H           -0.42812520399218        0.02584482218391       -0.13636713963981
C           -2.05999396928497       -1.15364105641813       -0.57687793342412
O           -3.21115037538134       -1.19422674774176       -0.97717260423012
C           -1.30455538831085       -2.39353076479385       -0.11811737908401
H           -1.71607429856755       -3.25809454129054       -0.64952075176751
H           -1.49120325059942       -2.52473046884765        0.95886791522720
N            0.11483839089707       -2.30240218664539       -0.30882500609235
H            0.50465204875975       -2.40454115994423       -1.24009556428700
C            1.00372384134159       -2.16084216317609        0.69403749580667
O            0.70842016247222       -2.10967215238473        1.86836299094776
C            2.45163849159108       -2.05792230465159        0.18590133065761
N            2.45720558042473       -1.95962366586838       -1.26949849291746
H            3.33103944623620       -2.29928128181360       -1.64014791441700
H            2.36418730879096       -0.98800945066563       -1.53728450245480
H            2.94650417354347       -2.99191062175751        0.47015174935958
C            3.15138110071705       -0.87449258514091        0.91100906889674
H            3.00553856294767       -1.01566926935141        1.97828112538889
H            4.22089494284383       -0.89491033453185        0.69059552932356
C            2.55106529434440        0.43875029004618        0.49513001673389
C            1.42826619018646        0.94439225946008        1.14242528502823
H            0.99532906823229        0.38980960393240        1.96875597458358
C            0.86263398713397        2.14272685125855        0.74230563946132
H           -0.00154196393846        2.53953638925655        1.27189220694403
C            1.40841052656284        2.85695537978674       -0.32635679680122
H            0.99358069681648        3.78970090156403       -0.62727357391709
C            2.50016223966102        2.33925243648508       -1.00640167836009
H            2.92008916844307        2.86502883915243       -1.84626987330255
C            3.06758382716948        1.14627387199841       -0.58881352173349
H            3.95092096747098        0.77770434217432       -1.09634751289466
37
 energy: -61.559995166340 gnorm: 0.025780497046 xtb: 6.7.1-6.fc44.fc44
O           -2.65947285534075        2.90133584328985        0.56123956171400
C           -2.88216086718561        1.84895254583838        0.04149467695734
O           -3.95564488525849        1.11837941690797        0.31120970929387
H           -4.02455647009334        0.33128812612536       -0.29980044982897
C           -1.92482749262445        1.24119722060739       -1.00810413742423
H           -1.11616194679415        1.93006254488668       -1.23697001067916
H           -2.50076448316091        1.01774606909880       -1.90941431399945
N           -1.37079917822113        0.00149099523605       -0.49868673474913
H           -0.42901054717841        0.01886244334576       -0.12523258491697
C           -2.06451194310643       -1.14839365383558       -0.57032984008653
O           -3.22235832874708       -1.18425301201894       -0.95868011867297
C           -1.31464418173251       -2.39214280141217       -0.11325608072482
H           -1.73455185647175       -3.25632549176394       -0.63750858335851
H           -1.48923204271741       -2.51691656011067        0.96338277165953
N            0.10416082955596       -2.30183718689497       -0.31647154824693
H            0.49435580843887       -2.39971297403232       -1.24539407286452
C            0.99777575273585       -2.15778369718076        0.68399855294729
O            0.69684997646531       -2.10322153123405        1.85581754620814
C            2.44716596752353       -2.05087774061893        0.18234333425291
N            2.47712130100143       -1.96089957875034       -1.27060822445225
H            3.36115911311481       -2.29698850168773       -1.63346754631091
H            2.36564985581844       -0.99518153521898       -1.55755657824867
H            2.94031771791567       -2.98306806141780        0.48048150027339
C            3.13901013109611       -0.87157655179406        0.91093753747453
H            3.00059080819333       -1.02951519294071        1.98480414435129
H            4.20955874162100       -0.88708651885985        0.68640515608588
C            2.54722375771767        0.43639386354371        0.48861202656469
C            1.42320824262576        0.94378108598559        1.13834032797528
H            1.00547139218172        0.39806249771582        1.97224148242926
C            0.86300894650864        2.14352567024537        0.73552745750114
H            0.00728101790071        2.53951614017170        1.26336684665170
C            1.40983897120005        2.85089462965245       -0.33009059918508
H            0.98295114141691        3.82208408995978       -0.60711757620343
C            2.49867275747284        2.33335971437316       -1.00661804059868
H            2.92389268698526        2.87085332235492       -1.83988268797396
C            3.06902136053109        1.13890870787138       -0.59120532397224
H            3.95055836760506        0.76891639945677       -1.09928482702751
37
 energy: -61.560956758920 gnorm: 0.018644442270 xtb: 6.7.1-6.fc44.fc44
O           -2.65245295850623        2.89784481913820        0.57566451047764
C           -2.87663417393629        1.85182923070717        0.04234229174521
O           -3.95033019484712        1.11765586172451        0.29952481172188
H           -3.99468688447182        0.31287126842318       -0.29256565377095
C           -1.92450244809733        1.24220818724797       -1.00733970059909
H           -1.10873621430339        1.93149010339057       -1.22033945694573
H           -2.49099614806415        1.02929405908253       -1.91758985209796
N           -1.37054982936656       -0.00234490013651       -0.50994400562567
H           -0.43721706676794        0.01114349251629       -0.11488846856423
C           -2.06890873414560       -1.14847961035694       -0.56872083226982
O           -3.23157797253694       -1.18413596536328       -0.94821887954394
C           -1.31875385986810       -2.39211583585339       -0.11360476552964
H           -1.74613718045598       -3.25744320955409       -0.62911879936551
H           -1.48077127517975       -2.50922532442455        0.96520275987003
N            0.09932695600438       -2.30344559262437       -0.32659424281984
H            0.48935654013477       -2.39629046323107       -1.25531476148833
C            0.99248670862564       -2.15355976549043        0.67374366097977
O            0.68629503841554       -2.09729330373107        1.84435997303989
C            2.44370381119534       -2.05165506535368        0.17948454009690
N            2.48589794940897       -1.97023392631629       -1.27342398339609
H            3.38701710569870       -2.29376875607371       -1.62190613437428
H            2.37032441607611       -1.00408772846482       -1.56907508455151
H            2.93280429236639       -2.98406183279888        0.48487563946625
C            3.13497684570763       -0.87505230966876        0.91115626896077
H            2.99615571569381       -1.03404298883627        1.98307730357428
H            4.20465659897250       -0.89302847086315        0.68672446127414
C            2.54042137971398        0.43696967511017        0.48746897759015
C            1.41965338564362        0.94995303776715        1.14080352021822
H            1.00857918898059        0.41313243464858        1.98157616108541
C            0.86063936834884        2.14977226522584        0.73671548146128
H           -0.00038492042005        2.54426288401811        1.25340177159424
C            1.40743006169150        2.85357211953297       -0.32929227937898
H            0.96651299082637        3.79255690323096       -0.63004184474915
C            2.50429794384846        2.34273791216771       -0.99763621014647
H            2.93246439146461        2.87994318719026       -1.83445280590186
C            3.06780010289439        1.14282408412217       -0.58660751704012
H            3.94798663624880        0.77003426079195       -1.09492410218150
37
 energy: -61.561445732659 gnorm: 0.013827734585 xtb: 6.7.1-6.fc44.fc44
O           -2.64764932432997        2.89140787895648        0.59971567244779
C           -2.87379347497394        1.85587362638239        0.04031413234400
O           -3.93769097401504        1.11244319021982        0.28134123454737
H           -3.95655578649266        0.28886838148911       -0.28290639158670
C           -1.92171221106375        1.24572478301519       -1.00738646052721
H           -1.10385290263993        1.93839498478276       -1.19823066843311
H           -2.48050368755171        1.04642799992813       -1.92842880893565
N           -1.36336388359542       -0.00760642758586       -0.53146336133875
H           -0.44285642146511        0.00265522059452       -0.10807287125339
C           -2.07015846681176       -1.14781099023164       -0.56765218857591
O           -3.23927347583944       -1.18209086397029       -0.92911930432992
C           -1.31931232530898       -2.39071045514452       -0.11553054532944
H           -1.75750284237782       -3.25903043598947       -0.61606261331364
H           -1.46447672629320       -2.49588025394060        0.96714721021518
N            0.09829587761571       -2.30831012821423       -0.34093780491314
H            0.48686098016000       -2.39701065687842       -1.27015728125260
C            0.98789570273558       -2.14987498969678        0.66118718031274
O            0.67377551185711       -2.08594274975122        1.83029573501911
C            2.44160484138837       -2.05556725877173        0.17903763334599
N            2.49271793664304       -1.98517572613839       -1.27450691597525
H            3.38777105893404       -2.29398260378515       -1.61878775323228
H            2.36549151282216       -1.02138559437616       -1.57945408999212
H            2.92459062488841       -2.98806976344799        0.49402219782942
C            3.13150879305826       -0.87781339147788        0.91046651450635
H            2.98668315790700       -1.02291216190723        1.97547298510638
H            4.19983815353614       -0.89769263248084        0.68702667241649
C            2.53601089726658        0.44006105369268        0.49263371618514
C            1.41541447682856        0.95363563679042        1.14260174955490
H            1.01247079584390        0.42972187702877        1.99543387147472
C            0.85097909757308        2.14966099686298        0.73136609500338
H           -0.01502065512847        2.54603261868054        1.23687960220818
C            1.39604178187769        2.84709642719075       -0.33828438134343
H            0.95620867656145        3.78392162679815       -0.64605457270015
C            2.50840534767562        2.34609760601077       -0.99137073693356
H            2.94621772307296        2.88593145307873       -1.81806661691105
C            3.06993746879291        1.14846303564028       -0.57630625938001
H            3.95115030784232        0.77427942354095       -1.08163982344441
37
 energy: -61.561697681577 gnorm: 0.009790383596 xtb: 6.7.1-6.fc44.fc44
O           -2.64823456849396        2.88245616112388        0.60372236919623
C           -2.87488854620664        1.84878698919660        0.04102470275046
O           -3.94588441207069        1.11331528277542        0.27617940943240
H           -3.95416693857206        0.27971998420516       -0.27109196413205
C           -1.91077905517467        1.25012964454303       -1.00435590639398
H           -1.09475948015048        1.94499005688056       -1.19105101629772
H           -2.47218304973236        1.06359801425276       -1.92668157646643
N           -1.35375904863874       -0.00882204823114       -0.54154106495271
H           -0.43959773182037        0.00001008102943       -0.10791429229724
C           -2.06871222540299       -1.14455393187478       -0.56614971865269
O           -3.24125590771965       -1.17521902041201       -0.91621809465060
C           -1.32044464713846       -2.38978869295854       -0.11821723490462
H           -1.76424453983964       -3.25882227685222       -0.61150125031545
H           -1.45902892807104       -2.49056091501616        0.96560981138483
N            0.09686603133013       -2.31323630192637       -0.34960077968884
H            0.48326966196381       -2.40211728481272       -1.27949210837444
C            0.98418742065784       -2.15182265280543        0.65339603299139
O            0.66604347794363       -2.07984443670187        1.82162963387631
C            2.43839611377528       -2.05596157191804        0.17861674575012
N            2.49790637088903       -1.99120690035517       -1.27437585266684
H            3.41272840138585       -2.28426322714065       -1.60622090687074
H            2.35797514206668       -1.03208230325735       -1.58530324792326
H            2.92161755737575       -2.98612078633487        0.50019026715845
C            3.12408992305654       -0.87617074874963        0.91073950736043
H            2.98221832302976       -1.02802690121568        1.97965213372881
H            4.19290272850690       -0.89623649207604        0.68740876321015
C            2.53378185213943        0.44093799798893        0.49316342540533
C            1.41365826466682        0.95508222216209        1.14163618830680
H            1.01121459080682        0.43335782347853        1.99581872074472
C            0.84818063967355        2.15030346757838        0.72848219909743
H           -0.01897650194771        2.54742134852588        1.23119781603920
C            1.39267285822875        2.84432971584884       -0.34227078086520
H            0.95014383860004        3.77092868204139       -0.66166785495162
C            2.50882474775160        2.34532342513520       -0.98939529513316
H            2.95063568782327        2.88797116424368       -1.81054786130073
C            3.07110616254800        1.14930801765960       -0.57422507602130
H            3.95464335375372        0.77671715086429       -1.07612309075795
37
 energy: -61.561840609999 gnorm: 0.006088827345 xtb: 6.7.1-6.fc44.fc44
O           -2.64694057177085        2.88122581032668        0.60642856549418
C           -2.87304248570186        1.84701546665629        0.04561718521860
O           -3.95238770064398        1.11979506536882        0.26914305866984
H           -3.95677227200080        0.28324740781110       -0.26827172182896
C           -1.90695015664211        1.25069244216162       -0.99916776171731
H           -1.09271224258417        1.95103653792312       -1.18223914377532
H           -2.46381017076182        1.07270212369563       -1.92631016168834
N           -1.35096861303623       -0.01094767930391       -0.54527433192130
H           -0.44044945444168        0.00215057979513       -0.10573800367381
C           -2.06669636732183       -1.14521294779337       -0.56615048893086
O           -3.24020690960971       -1.17612700121193       -0.91372784351860
C           -1.31928898529520       -2.39174060654969       -0.12106234232098
H           -1.76397324674808       -3.26052418091675       -0.61221823781851
H           -1.45793961923967       -2.49260133821710        0.96228127645809
N            0.09795915268118       -2.31765227063924       -0.35290541029229
H            0.48202578358269       -2.40912564141610       -1.28350196783633
C            0.98407992903709       -2.15133524289378        0.65025266326968
O            0.66373226304621       -2.07399823077548        1.81808329525346
C            2.43967007653751       -2.05577495984821        0.18092967896921
N            2.50292989653203       -1.98960158143144       -1.27090572320019
H            3.41889463352851       -2.27444990814271       -1.60319005238122
H            2.35278762942721       -1.03256289972157       -1.58137963281815
H            2.92301418689646       -2.98546340688441        0.50377377855942
C            3.12351760930995       -0.87582772422883        0.91444946902382
H            2.98219338304990       -1.03070160021542        1.98637111795841
H            4.19314944808010       -0.89652436818598        0.69199234819260
C            2.52963553482197        0.43710329947855        0.48972943935148
C            1.41033946193670        0.95385418854866        1.13801180067770
H            1.00315164805759        0.42856500312742        1.98769714048920
C            0.84665350168581        2.14996971789174        0.72605623970182
H           -0.01875792891302        2.54796881827668        1.23180845841807
C            1.39154595172989        2.84213772761306       -0.34428588916367
H            0.94997962476672        3.77322035760376       -0.66506388903526
C            2.50748181832025        2.34219565477500       -0.98998825732342
H            2.94659383747030        2.88490707978443       -1.81576385121042
C            3.07040528085582        1.14596228132262       -0.57665999089126
H            3.95730364035091        0.77625276311062       -1.07429806154390
37
 energy: -61.561928275551 gnorm: 0.005362771101 xtb: 6.7.1-6.fc44.fc44
O           -2.64714760199675        2.88318311615721        0.60507789024071
C           -2.87367925274613        1.84809375671772        0.04650533377653
O           -3.96191945173663        1.13055675394861        0.26166154936067
H           -3.96225505370246        0.28510750284379       -0.26121063352570
C           -1.90320961927375        1.25143736908800       -0.99336803069992
H           -1.09018637711250        1.95563725919433       -1.17321962844572
H           -2.45872795542190        1.08053650588671       -1.92271872358039
N           -1.34686731240567       -0.01266524849227       -0.54958495234002
H           -0.43951675260238        0.00594859326641       -0.10448025868643
C           -2.06435842780843       -1.14582271787809       -0.56472012675905
O           -3.23829980910036       -1.17695748531100       -0.90995406380241
C           -1.31732968903345       -2.39440443389181       -0.12405293506324
H           -1.76371331095495       -3.26139066471129       -0.61568251623990
H           -1.45690652382240       -2.49729509458757        0.95909175045779
N            0.09976480265991       -2.32430751125691       -0.35533081384266
H            0.48027253406022       -2.42012620339231       -1.28718081615301
C            0.98424808760671       -2.15121040683908        0.64741154790059
O            0.66201997283415       -2.06677062328464        1.81464034820031
C            2.44076037118934       -2.05797214882237        0.18166751388986
N            2.50639006676166       -1.98973627471828       -1.26943622175831
H            3.42637161935280       -2.26273430115055       -1.59963254841182
H            2.34631396805125       -1.03363265434248       -1.57661820754291
H            2.92401384395227       -2.98760281709959        0.50416499921963
C            3.12309002005530       -0.87630552242473        0.91560451904719
H            2.97677143356773       -1.02212353000062        1.98546708010197
H            4.19302899912928       -0.89410502024336        0.69615437301507
C            2.53142896636609        0.43663446385380        0.49182235337786
C            1.41065490762833        0.95226539699552        1.13667596063158
H            0.99732840116598        0.42231981902378        1.98175778006320
C            0.84495254029214        2.14756825753452        0.72362032488905
H           -0.01849659193525        2.54682705292763        1.23423521948446
C            1.38856989335206        2.83803245215280       -0.34848220114964
H            0.94978161187015        3.77362221300894       -0.66713590184402
C            2.50571284038359        2.33723862633584       -0.99223994354319
H            2.94253701667618        2.87932489696240       -1.81960509375588
C            3.07269500916494        1.14439850926591       -0.57609139934135
H            3.96205439052670        0.77626085017798       -1.07029077435542
37
 energy: -61.561965079491 gnorm: 0.003062743606 xtb: 6.7.1-6.fc44.fc44
O           -2.64824327036898        2.88432180338814        0.60743245898895
C           -2.87444331479012        1.84985811793244        0.04656660458362
O           -3.96316841399002        1.13327017741331        0.25593720814592
H           -3.96461141429869        0.28702921825528       -0.25984331958222
C           -1.90254654120483        1.25138709140268       -0.99255283720200
H           -1.09063687967575        1.95555601302460       -1.17168319485690
H           -2.45896659817397        1.08078156563735       -1.92194661158515
N           -1.34438525988286       -0.01249245562094       -0.55286556925643
H           -0.43798916956055        0.00967647765921       -0.10577741595562
C           -2.06328111192533       -1.14573332978211       -0.56315438373469
O           -3.23790422985766       -1.17647622271989       -0.90456775748490
C           -1.31587473328228       -2.39536362817173       -0.12457219784096
H           -1.76376516453128       -3.26032808024497       -0.61895718341166
H           -1.45656207173969       -2.50079812203547        0.95863071080315
N            0.10133634536952       -2.32794130642851       -0.35501053887261
H            0.47965314272739       -2.42730256237048       -1.28736646005161
C            0.98498482568963       -2.15033330406418        0.64742959526534
O            0.66155852868541       -2.06188076429037        1.81394597712942
C            2.44160630953355       -2.05794406761162        0.18205196707935
N            2.50757960809534       -1.98735478212595       -1.26897191826713
H            3.42752056578272       -2.25400366903873       -1.59832655738185
H            2.34153409671537       -1.03138767936356       -1.57358542753952
H            2.92421675281347       -2.98870028898723        0.50216317632111
C            3.12370468392136       -0.87652613965370        0.91772979332112
H            2.97695919295011       -1.02638961211368        1.98861069272176
H            4.19403164667743       -0.89541655197534        0.70072052407491
C            2.53263945553865        0.43731071090943        0.49185694757936
C            1.41126742130169        0.95192458336255        1.13589517661976
H            0.99454637515461        0.41909063514209        1.97850711249222
C            0.84507995820544        2.14707256126558        0.72294064232358
H           -0.01696411449042        2.54667031845141        1.23696051048703
C            1.38763321909413        2.83688152957579       -0.35064247282030
H            0.95003896056995        3.77273887369925       -0.66728935433720
C            2.50386668766187        2.33575736382356       -0.99554670726436
H            2.94105363862140        2.87680834636033       -1.82149792526394
C            3.07248968168131        1.14420033125446       -0.57763805985152
H            3.96218875797591        0.77586758493598       -1.07106045256056
37
 energy: -61.561986791883 gnorm: 0.002794012529 xtb: 6.7.1-6.fc44.fc44
O           -2.64966048043865        2.88693897747361        0.60422152982313
C           -2.87542851953104        1.85209406499217        0.04422081643883
O           -3.96539682429027        1.13730180105952        0.25217414774794
H           -3.96280458929565        0.28477985035247       -0.25733334409933
C           -1.90303742208429        1.25032142513985       -0.99199106630117
H           -1.08956929663497        1.95250939096272       -1.17113678778949
H           -2.45983443397514        1.07873893826661       -1.92098313538484
N           -1.34427083704237       -0.01259095798685       -0.55250779130935
H           -0.43783545818299        0.01093003680197       -0.10422013357486
C           -2.06310971747696       -1.14585358736371       -0.56140060997868
O           -3.23844783699772       -1.17631395021172       -0.89990037032413
C           -1.31559690871893       -2.39626168821782       -0.12416095099984
H           -1.76397791223169       -3.25924746197339       -0.62232788120238
H           -1.45741936459933       -2.50467035292958        0.95884608060033
N            0.10171034839207       -2.32920962240994       -0.35415959902259
H            0.47907135587308       -2.43054927843478       -1.28651475580996
C            0.98556115652674       -2.14866132511875        0.64771017949964
O            0.66162705128556       -2.05838317512477        1.81367441178640
C            2.44193509068510       -2.05676084209431        0.18098847019164
N            2.50795478272032       -1.98535885756169       -1.27045005361955
H            3.43070027832132       -2.24688339717144       -1.59729485898548
H            2.33807765073369       -1.02970924598787       -1.57455672820838
H            2.92368582451892       -2.98859143948203        0.49954098140318
C            3.12531847468770       -0.87672365125297        0.91771297198718
H            2.97664609319377       -1.02677244770079        1.98756784649396
H            4.19609359495745       -0.89794430825774        0.70201947755571
C            2.53303894796894        0.43669484168201        0.49227306189993
C            1.41164874153393        0.95188414855302        1.13684367505262
H            0.99400099957664        0.41803483032523        1.97857107033474
C            0.84645188115016        2.14738656225817        0.72445577999820
H           -0.01521206302411        2.54661176703016        1.23947945744736
C            1.38860614238403        2.83692322972120       -0.34978999197829
H            0.95052423001191        3.77217263612154       -0.66561589998814
C            2.50353308893537        2.33543235324137       -0.99649499612449
H            2.93958593370419        2.87469669757586       -1.82457829577960
C            3.07169365083023        1.14323719061430       -0.57791621398440
H            3.96028391352677        0.77362758400337       -1.07244374098034
37
 energy: -61.562001836489 gnorm: 0.002489260502 xtb: 6.7.1-6.fc44.fc44
O           -2.64959594327055        2.88828788338478        0.60138366058468
C           -2.87562775876609        1.85332320654852        0.04196145934738
O           -3.96715542728306        1.13950698553439        0.24856697960065
H           -3.96376657790886        0.28625452671126       -0.25733042421219
C           -1.90335944803452        1.24812768021371       -0.99250378527254
H           -1.08788728503038        1.94803767561363       -1.17291837906070
H           -2.46031883957461        1.07454430758168       -1.92097500548307
N           -1.34505364407098       -0.01287465095079       -0.54991926789077
H           -0.43751870843536        0.01118581466829       -0.10339422449447
C           -2.06363302872628       -1.14621378094914       -0.55839541396952
O           -3.24002184413199       -1.17574660952763       -0.89418454913758
C           -1.31618822431476       -2.39793953283567       -0.12358401005178
H           -1.76357812683701       -3.25843795666095       -0.62761999874413
H           -1.46052440163449       -2.51145230763474        0.95857230254209
N            0.10127601290618       -2.32965120091894       -0.35258615994349
H            0.47829085622994       -2.43336592711773       -1.28453133851801
C            0.98562608297637       -2.14705679210611        0.64873534973665
O            0.66157032202468       -2.05525375157090        1.81421231259422
C            2.44149442497266       -2.05507476998207        0.17990294867958
N            2.50691606827657       -1.98196167810007       -1.27193468221199
H            3.43285855088182       -2.23725024628189       -1.59695962766496
H            2.33264747415605       -1.02674109156427       -1.57575541825737
H            2.92299293312649       -2.98795985509637        0.49616274207404
C            3.12616315835253       -0.87705439381191        0.91807080030724
H            2.97604722695278       -1.02682396382171        1.98666843632822
H            4.19657933889142       -0.89645669367803        0.70112337907947
C            2.53621281682223        0.43741258409419        0.49410184601626
C            1.41441601046555        0.95225318107265        1.13944592059216
H            0.99773691039553        0.41739657458790        1.98077850534896
C            0.84934487278310        2.14775586274378        0.72688886183517
H           -0.01232974920434        2.54553229860007        1.24245890889358
C            1.39070236157912        2.83743869346571       -0.34787851079992
H            0.95067480893419        3.77039978752311       -0.66446215676339
C            2.50359588152420        2.33453723163563       -0.99739624623038
H            2.93652171536086        2.87142953547915       -1.82968799992675
C            3.07241889951073        1.14261532525978       -0.57757029519497
H            3.95861984709411        0.77110678478571       -1.07492416691692
37
 energy: -61.562013228553 gnorm: 0.002527963771 xtb: 6.7.1-6.fc44.fc44
O           -2.64986332364694        2.89013112473398        0.59638553428830
C           -2.87639376274544        1.85434774810695        0.03907068928096
O           -3.96923420434978        1.14267926989336        0.24674846228247
H           -3.96367063848357        0.28639694313262       -0.25559409896069
C           -1.90318066785022        1.24656027978654       -0.99264166324505
H           -1.08731810340592        1.94545152738666       -1.17435688640274
H           -2.45976572979779        1.07151395846674       -1.92087993955377
N           -1.34531455223474       -0.01361307333994       -0.54693611180879
H           -0.43672473727367        0.00999933880976       -0.10310309886919
C           -2.06391270517896       -1.14685061865296       -0.55512753366577
O           -3.24089315572878       -1.17590860528221       -0.88970042751545
C           -1.31641800752068       -2.39966329748247       -0.12337651669323
H           -1.76238872617989       -3.25860798044263       -0.63140693838229
H           -1.46257306076628       -2.51737542528969        0.95800636628753
N            0.10103452701155       -2.32943348288147       -0.35185067942530
H            0.47813342816984       -2.43462081805741       -1.28354874824602
C            0.98569980521489       -2.14557985625554        0.64904777884258
O            0.66191791806885       -2.05293686938140        1.81450658319768
C            2.44127764675650       -2.05353723646285        0.17914207103768
N            2.50542664725566       -1.97906733532609       -1.27289233044956
H            3.43176853904793       -2.23029266533088       -1.59810855640651
H            2.32742187168678       -1.02434573830266       -1.57637192343845
H            2.92266470675641       -2.98713660366252        0.49349590457958
C            3.12742022154106       -0.87709696738688        0.91811583141040
H            2.97830615365557       -1.02884956333280        1.98688809608865
H            4.19777274503692       -0.89838624384192        0.70147023297900
C            2.53764802868494        0.43801320601404        0.49511480716509
C            1.41629712627898        0.95304749892332        1.14138168309932
H            1.00117696270433        0.41836298218141        1.98345866474830
C            0.85112569784269        2.14837693238139        0.72860935661098
H           -0.01071985610962        2.54546713868361        1.24407330084659
C            1.39173026439899        2.83790995649765       -0.34681775148547
H            0.95072983498964        3.76996066143694       -0.66446440466408
C            2.50282144855697        2.33347919883956       -0.99839417520498
H            2.93498070350490        2.86944511515028       -1.83077174160161
C            3.07209093165645        1.14215196246608       -0.57778421980063
H            3.95707358944621        0.76983827471648       -1.07686486411010
37
 energy: -61.562024539259 gnorm: 0.002162672061 xtb: 6.7.1-6.fc44.fc44
O           -2.64961835302202        2.89294435342025        0.59091903496567
C           -2.87689298250187        1.85584735006665        0.03614837525818
O           -3.97048338423194        1.14651095092719        0.24335672905174
H           -3.96235704950480        0.28768890227469       -0.25409106507294
C           -1.90302019520106        1.24437419799933       -0.99328998588613
H           -1.08730648396134        1.94310093260112       -1.17553575913104
H           -2.45725591749912        1.06679633887814       -1.92242529290439
N           -1.34603245306856       -0.01539069234091       -0.54256835114550
H           -0.43566362136524        0.00698591909441       -0.10275547375695
C           -2.06480468075028       -1.14823073424067       -0.55020073986327
O           -3.24265149433435       -1.17646158229855       -0.88199641197299
C           -1.31690904529299       -2.40233058498112       -0.12359964942263
H           -1.76087622880072       -3.25934399681351       -0.63666103104262
H           -1.46523121092071       -2.52626554535542        0.95679933200028
N            0.10052712092133       -2.32952037980744       -0.35157294848116
H            0.47805025206420       -2.43737423442174       -1.28288845263553
C            0.98523533622050       -2.14384374369133        0.64889780139452
O            0.66194094467944       -2.04929563202994        1.81449142185948
C            2.44043911638806       -2.05152144225342        0.17815624716630
N            2.50272782386362       -1.97539288182967       -1.27404024696860
H            3.43269309051363       -2.21851758230712       -1.59847658636713
H            2.31774459085425       -1.02182360568011       -1.57677658618706
H            2.92190682319085       -2.98583362279382        0.48992569771970
C            3.12886900680567       -0.87708569133537        0.91814122793487
H            2.98109584978887       -1.03067394558504        1.98710214726807
H            4.19908681225071       -0.90061540966711        0.70091109718204
C            2.53896803008053        0.43821704524333        0.49639325206599
C            1.41925867686200        0.95452109790051        1.14440140505201
H            1.00675411265131        0.42114186965266        1.98859235528976
C            0.85357983861379        2.14929293806218        0.73107625157454
H           -0.00852894453176        2.54606905065463        1.24618710475754
C            1.39282109405489        2.83819408031980       -0.34568177461043
H            0.95183585824581        3.77155689475738       -0.66366866036299
C            2.50163433536500        2.33141518632759       -0.99986226362371
H            2.93243344205338        2.86602367316940       -1.83296975582111
C            3.07119929581032        1.14082795118598       -0.57844105216585
H            3.95497816070238        0.76784331179208       -1.07947464030321
37
 energy: -61.562030758124 gnorm: 0.001790545996 xtb: 6.7.1-6.fc44.fc44
O           -2.64942507822498        2.89523818471738        0.58462447927639
C           -2.87753312660443        1.85669740117804        0.03269649694555
O           -3.97199377144225        1.14879554107578        0.24118890461278
H           -3.96263036165022        0.28754372097256       -0.25202927894977
C           -1.90130827114579        1.24301738310171       -0.99353941720441
H           -1.08536070081447        1.94200451032443       -1.17580567614926
H           -2.45455827138327        1.06413919041850       -1.92289418182107
N           -1.34611048338044       -0.01705347406097       -0.53905264452671
H           -0.43424191568067        0.00368398830016       -0.10227714282929
C           -2.06552919015968       -1.14931351244859       -0.54658081480177
O           -3.24405166906186       -1.17668392408450       -0.87585920447705
C           -1.31707642048761       -2.40416627994987       -0.12394330512074
H           -1.76035749253008       -3.25994548716338       -0.63960436993015
H           -1.46600792829489       -2.53213714505672        0.95594294895346
N            0.10034904000391       -2.33011374634162       -0.35195424055718
H            0.47831058681856       -2.44006820021001       -1.28297375112766
C            0.98492792770442       -2.14318500859489        0.64837333388642
O            0.66201426669373       -2.04723359714242        1.81409765024468
C            2.44000670944177       -2.05056816988797        0.17766169327616
N            2.50083064788956       -1.97247129263262       -1.27430228976760
H            3.42913483519948       -2.21113517263039       -1.60124298823359
H            2.31034639209350       -1.01952887868993       -1.57570968712755
H            2.92154122445084       -2.98547643016229        0.48744148388230
C            3.12959061978999       -0.87726738442459        0.91852307697123
H            2.98252257145807       -1.03159532625647        1.98774770812965
H            4.19940639404379       -0.89962844814326        0.69897252231113
C            2.53991777557591        0.43829937938698        0.49721324947309
C            1.42195467311164        0.95582688668972        1.14684454649512
H            1.01130932241419        0.42379561673672        1.99269838800727
C            0.85545527065761        2.15013226225228        0.73330960360877
H           -0.00655970378707        2.54703255994818        1.24838066817158
C            1.39340905250524        2.83849131683955       -0.34436793783882
H            0.95229504775375        3.77121701524239       -0.66312586195793
C            2.50099052483331        2.33043257480865       -1.00005413761655
H            2.93012921275495        2.86430308835828       -1.83531716794263
C            3.07068868915167        1.13995023051371       -0.57917200549245
H            3.95376116729556        0.76680136391051       -1.08138789795793
37
 energy: -61.562036211271 gnorm: 0.000954676427 xtb: 6.7.1-6.fc44.fc44
O           -2.64949925209033        2.89784609671798        0.58146534673971
C           -2.87684298873965        1.85787279771491        0.03190112304046
O           -3.97109620250618        1.14965146206683        0.24010279404900
H           -3.96184469913457        0.28774989586361       -0.25140930695542
C           -1.90065650211525        1.24243251050471       -0.99304289399386
H           -1.08470717407195        1.94151487016998       -1.17501306639347
H           -2.45314204586531        1.06271855023887       -1.92281168861890
N           -1.34651577453734       -0.01783755033191       -0.53738576085507
H           -0.43392739311374        0.00233057539418       -0.10215352250039
C           -2.06609535546727       -1.15005246917249       -0.54503573552304
O           -3.24488209670134       -1.17740571047185       -0.87335975392172
C           -1.31715890396447       -2.40502186217376       -0.12369930527074
H           -1.76152270860578       -3.26045949162347       -0.63893061845309
H           -1.46476694162565       -2.53339268978391        0.95639825680411
N            0.10010132061823       -2.33164064427736       -0.35249984056529
H            0.47810045298635       -2.44266470491988       -1.28345561368478
C            0.98469779601645       -2.14360915263143        0.64759133501052
O            0.66201109212604       -2.04677203984421        1.81326579512928
C            2.43971648435107       -2.05120186927126        0.17680313668452
N            2.50067761219449       -1.97261868317406       -1.27483570025133
H            3.43043466139607       -2.20864372589896       -1.60218399055060
H            2.30843998609464       -1.01973266549224       -1.57515349119451
H            2.92140983384793       -2.98604160109094        0.48668855996919
C            3.12896644504569       -0.87736060836948        0.91752954284335
H            2.98220212668991       -1.03078576801583        1.98665218650310
H            4.19880377254400       -0.89975665163527        0.69868193513454
C            2.53966296917847        0.43854489435205        0.49677616856087
C            1.42270322884522        0.95642311682710        1.14716521774429
H            1.01231129441985        0.42512464502618        1.99352545627470
C            0.85571451979178        2.15069681426977        0.73402965513868
H           -0.00497157395216        2.54863588683904        1.25041782189667
C            1.39284302164580        2.83857528157942       -0.34412742437054
H            0.95242492268979        3.77220401200337       -0.66116661405627
C            2.50019428294808        2.33073531490792       -1.00013675933091
H            2.92950065215916        2.86530038992406       -1.83483304800757
C            3.07005822747608        1.13991645631500       -0.58040824714974
H            3.95280247641965        0.76655505435840       -1.08282919706029
37
 energy: -61.562040334077 gnorm: 0.000848114586 xtb: 6.7.1-6.fc44.fc44
O           -2.65135407277729        2.90240198767012        0.57496591731819
C           -2.87682994356728        1.85983622169366        0.02948074512561
O           -3.96998924641145        1.15121751409129        0.23971453489798
H           -3.96081623918520        0.28774506483751       -0.24918155695153
C           -1.89905398042755        1.24126593564684       -0.99270771715163
H           -1.08182311299919        1.93883615380974       -1.17491602123697
H           -2.45024854926510        1.05974109168858       -1.92291016370488
N           -1.34699252585001       -0.01873781654053       -0.53401229442157
H           -0.43294255995198        0.00033645619394       -0.10125343873883
C           -2.06621152208513       -1.15105137484455       -0.54263856529391
O           -3.24522022579981       -1.17814936095220       -0.87023765598468
C           -1.31731000816343       -2.40644742658061       -0.12259959933466
H           -1.76307181037635       -3.26124710627745       -0.63769154207826
H           -1.46310174735364       -2.53525810224770        0.95774738975383
N            0.09972000808033       -2.33380707959981       -0.35270241788531
H            0.47774071454235       -2.44623164928009       -1.28350919358025
C            0.98474621942596       -2.14405176066064        0.64683822493422
O            0.66245806030061       -2.04628862839387        1.81239608820680
C            2.43951009044677       -2.05146091238416        0.17515073836010
N            2.49972580258129       -1.97229922835162       -1.27630336951725
H            3.42985915352652       -2.20648440468769       -1.60436891763311
H            2.30536757791671       -1.01963451125947       -1.57571023534816
H            2.92140762786404       -2.98637502266269        0.48468999272540
C            3.12877480100546       -0.87740817423628        0.91585998481216
H            2.98172402007683       -1.03061185360590        1.98485484402539
H            4.19860288427169       -0.89947048424241        0.69625953104760
C            2.53883472719020        0.43842378513632        0.49576295537300
C            1.42359757046806        0.95724287317442        1.14817746200698
H            1.01366457987463        0.42699547606306        1.99531405139198
C            0.85661729436326        2.15195235110414        0.73624047163332
H           -0.00245125210709        2.55135304585365        1.25436614963685
C            1.39242144947401        2.83926201933835       -0.34261635660876
H            0.95259737724022        3.77342842420659       -0.65804154585039
C            2.49928707289762        2.33195554216395       -0.99971685191823
H            2.92816776053107        2.86718188239739       -1.83426782719067
C            3.06849935287445        1.13987237716697       -0.58223953162233
H            3.95024021836217        0.76579743146623       -1.08567152638252
