37
 energy: -61.117953366165 gnorm: 0.929232275512 xtb: 6.7.1-6.fc44.fc44
O           -4.37946065815166       -2.03877641339709        2.34844850015692
C           -4.14601682990086       -1.49886210317981        1.32792732944398
O           -4.37510462244758       -2.16390185461320        0.13233773354197
H           -4.25736651179503       -1.73771102975013       -0.62579266038901
C           -4.03713311126420        0.04947028442746        0.98745551557347
H           -3.90301445529450        0.75676845009575        1.79017093015350
H           -4.80461780347344        0.33142478677610        0.21457316620279
N           -2.66648634367622        0.07563097930071        0.20885016693294
H           -2.08392852535969        0.48537077719780        0.96485757612852
C           -2.65914361100099       -0.03645152359201       -1.00121008774426
O           -3.47769102180973       -0.52286122577222       -1.55394195931582
C           -1.26528276526918        0.44980683921006       -1.61924320316338
H           -0.94677025444670        1.58418622390277       -1.39803592695683
H           -1.14902933327281        0.36966845455047       -2.58063225206638
N           -0.34793113210560       -0.37867692673180       -0.93351585089335
H            0.30235981732726       -1.15292891847331       -1.20267810358206
C            0.29724485712933        0.15431982802980        0.29263687094913
O           -0.20398972853458        0.77552443947486        1.19128798108120
C            1.63929184061159       -0.97253524789098        0.75898877233361
N            1.99595017797224       -1.96588103037578       -0.33210599579578
H            2.56029779740734       -2.57454195478702       -0.12481839647156
H            2.81878048687543       -1.18217969690332       -0.85489104465433
H            1.14581168888600       -1.55679038079899        1.41695362417720
C            2.63175850277346       -0.05196153839657        1.52647576635363
H            2.19867444638870        0.62613593374517        2.27248029581463
H            3.34323317228323       -0.73006228354393        2.18432054517178
C            3.43081022000645        0.63823592342614        0.34993816884332
C            2.92582917078736        1.77633439128090        0.15484444422632
H            2.02368902600380        2.20359812439233        0.47265899891322
C            3.28093476790005        2.69563488723358       -0.84805244037156
H            2.90599093183720        3.74999265721445       -1.20096419075204
C            4.52297548234043        2.37752113468440       -1.57722280469348
H            5.01695150906620        2.80686643570639       -2.17253652135771
C            4.91634497249117        1.16664199683024       -1.07300113533338
H            5.94105844704365        0.67521156001814       -1.61809897722453
C            4.50746327240966        0.32918399138727       -0.04522691811982
H            4.79579486368990       -0.70038038912771        0.07896571373598
37
 energy: -61.414325177190 gnorm: 0.350849157041 xtb: 6.7.1-6.fc44.fc44
O           -4.36427372300118       -2.02951481505914        2.35813012109833
C           -4.19118174271557       -1.48921065885264        1.31501362651494
O           -4.36950191706938       -2.18800577905240        0.16164705354198
H           -4.25589680244996       -1.72609878190653       -0.64864948064330
C           -4.02348557766444        0.03488562399068        0.97907432346823
H           -3.91133267996104        0.74647276514958        1.79173363608334
H           -4.79785539956486        0.32584033269008        0.23020758980265
N           -2.67260268722220        0.10284779942908        0.26482687948848
H           -2.06687731613919        0.49178749156103        0.96963230004729
C           -2.63478025783568       -0.01714991075684       -1.00823167037926
O           -3.51375250633651       -0.53565922430208       -1.61951611463452
C           -1.24888257407815        0.45970019817041       -1.59105482182756
H           -0.96484591503977        1.56578463783858       -1.39317020019535
H           -1.15097123355026        0.36017778847894       -2.61825669649871
N           -0.30813616040211       -0.36778907388490       -0.89879143512308
H            0.29484404314220       -1.14433316634699       -1.21205284270155
C            0.30414362012573        0.09121678949627        0.30415361870508
O           -0.19108375668191        0.78049465385855        1.16868767747719
C            1.60980829683231       -0.94804627169670        0.76080240379353
N            1.99812241314471       -1.86443691252899       -0.35300119315946
H            2.58548229610795       -2.60996468530190       -0.10147958252500
H            2.79745845332324       -1.20742387789156       -0.86261536072186
H            1.11998979175828       -1.57236218286337        1.44132087885184
C            2.63862948959081       -0.08024574284673        1.52715031316196
H            2.19555443538766        0.61621691823068        2.25465080654450
H            3.33614581781408       -0.72451238641534        2.16775950635837
C            3.39195903864797        0.64948190261878        0.40794492681836
C            2.87779773224525        1.84131706605089        0.13649074842878
H            1.98495076019893        2.22595515914572        0.49307227555064
C            3.29848928258807        2.71157047742247       -0.86208993708535
H            2.90304372052426        3.72538705639536       -1.18472380217958
C            4.50161869597955        2.34134253337598       -1.53313143382181
H            5.04451284461809        2.84398095785533       -2.22125697718844
C            4.97049659489755        1.13411597775544       -1.09626536138493
H            5.92839698620776        0.69080766229005       -1.61476295155492
C            4.54952028128496        0.29386806831252       -0.07802254036426
H            4.83277439872052       -0.71547280885936        0.07697734710233
37
 energy: -61.522584110658 gnorm: 0.116910191350 xtb: 6.7.1-6.fc44.fc44
O           -4.34683620326414       -2.00677713911365        2.36626762647958
C           -4.23806518737158       -1.48128223703665        1.29499698019070
O           -4.36319114323200       -2.20480751270713        0.17926148633862
H           -4.25298230854595       -1.71292302063528       -0.65554507193736
C           -4.00593852839898        0.01749137449236        0.96721363206271
H           -3.93606691965299        0.71968865292815        1.80146053709564
H           -4.78935500286988        0.31965177065545        0.25020838944965
N           -2.69633053266215        0.13063524025519        0.29490563875604
H           -2.03640743144682        0.50056108446822        0.95632687166864
C           -2.61270085554982       -0.00031899913361       -1.01417716215246
O           -3.50550844916909       -0.51912668638015       -1.65903499183700
C           -1.23053277352860        0.45481538779966       -1.56120226677470
H           -0.99861436525515        1.53036423483497       -1.37665402114177
H           -1.15767764177645        0.33620492003620       -2.62920702137316
N           -0.24815421391664       -0.35227937106267       -0.86017547664331
H            0.29080466754905       -1.13786279798927       -1.23315756186948
C            0.32311769876610        0.00585352084180        0.32465397433772
O           -0.16156216075712        0.78772433782507        1.13479397555549
C            1.56596442250401       -0.92988350618160        0.76190467536599
N            2.03711986432270       -1.77102707959457       -0.36466216407965
H            2.56947269542997       -2.59541973206067       -0.07490568453528
H            2.75094018649374       -1.22982180137453       -0.86411432330342
H            1.09383232594151       -1.59428738128138        1.46475154616290
C            2.64162267190670       -0.09948962791540        1.51284128504682
H            2.18292011403082        0.59851328105152        2.22836363195728
H            3.31775773501045       -0.72431104278281        2.12908744811439
C            3.37639817909666        0.67809431239302        0.45805880198484
C            2.84625879922674        1.89287334656494        0.10832204639031
H            1.94149503765336        2.24288273122027        0.52844300014054
C            3.33643411804222        2.72345574113749       -0.88347482186890
H            2.90171773951228        3.68872105350027       -1.16388985944562
C            4.50513072408676        2.31628321738098       -1.50782653238631
H            5.04123084306218        2.85565848903558       -2.23767339875289
C            5.02994034871056        1.09809320529757       -1.12452011334198
H            5.91526471677054        0.71643477860821       -1.61299379178306
C            4.54577970492277        0.27884730362544       -0.11476776712742
H            4.86499986778590       -0.72020446715201        0.08832411410477
37
 energy: -61.551609178213 gnorm: 0.050709271088 xtb: 6.7.1-6.fc44.fc44
O           -4.34618013680832       -1.96804307688951        2.37028643416799
C           -4.24964929866626       -1.47947777684496        1.28069962140638
O           -4.36908162227947       -2.21093992155938        0.18452728310051
H           -4.24703209459560       -1.70286888555827       -0.65783731201102
C           -3.99850428521712        0.00564409486915        0.96115063143342
H           -3.98846743717473        0.67096964181293        1.83379080793081
H           -4.78945850398010        0.31905891266989        0.26640158681829
N           -2.70886914946091        0.16048583720805        0.30914281462072
H           -1.98649914147873        0.51672686089933        0.93138748487502
C           -2.58510931757127        0.00634856691759       -1.01311746405380
O           -3.48252812195083       -0.49560513003779       -1.68425097375610
C           -1.20473498078474        0.42760450333485       -1.53411254081068
H           -1.03457048280359        1.49385530303837       -1.33756894816570
H           -1.15198461059769        0.29310116302058       -2.61914836508357
N           -0.17729345809814       -0.34798657254472       -0.84496832346904
H            0.30813645754978       -1.13620126902004       -1.27753907995423
C            0.35957947777865       -0.03640775658818        0.34190909942034
O           -0.12293298663184        0.78662925853544        1.11565448947455
C            1.52695924961938       -0.92943794153049        0.77003802629658
N            2.02634459986173       -1.72656509609728       -0.35592617580407
H            2.52842388625355       -2.57532339811644       -0.04279666362344
H            2.71093999590319       -1.20571165650140       -0.88121740230556
H            1.08107626228887       -1.62177410486241        1.49026490565901
C            2.61806124463748       -0.09996941269101        1.49847019514980
H            2.14362174715923        0.57880337772451        2.21435196689919
H            3.29177383847825       -0.74550697667032        2.06799200928538
C            3.35426439315743        0.71043085042798        0.48114612953206
C            2.81382026754997        1.93032033491965        0.09598312015271
H            1.90341265744120        2.26260152247266        0.56264077951992
C            3.36497908716382        2.73191600788343       -0.88780860364474
H            2.90426046207808        3.66796727661727       -1.15471499211531
C            4.52143614071502        2.29681424534481       -1.49942323836587
H            5.04349945254586        2.85892446604873       -2.25665296750604
C            5.06857508738949        1.07438159652582       -1.14091052920670
H            5.95346643206007        0.72664743411132       -1.63784297694362
C            4.52082144862405        0.28050639852356       -0.14402574192417
H            4.89772218327189       -0.70489309584278        0.10622854384981
37
 energy: -61.558710908924 gnorm: 0.036602844659 xtb: 6.7.1-6.fc44.fc44
O           -4.35207158334762       -1.93686699497433        2.37392370318828
C           -4.27053673421219       -1.47405767047491        1.27033230549357
O           -4.36275667875227       -2.22413260473381        0.18001332603557
H           -4.23590093733522       -1.70806677511831       -0.66065415502848
C           -4.00145955049666        0.00693963865073        0.96256814808432
H           -4.02452943781783        0.62419832676170        1.87080693862318
H           -4.79467854398083        0.33674845861435        0.27961335665704
N           -2.71431367229853        0.18997087541638        0.31475698259182
H           -1.95620609966045        0.54514217962510        0.90339959110720
C           -2.56495669807024        0.00401200961095       -1.00640762882015
O           -3.45953840643808       -0.48359477559373       -1.69218328798562
C           -1.18753928402085        0.40728312206356       -1.52295364404994
H           -1.04724958589799        1.47172586484503       -1.30336022655398
H           -1.13917504158415        0.26142410406474       -2.60833816606432
N           -0.14034364801316       -0.34976990508936       -0.85565374738496
H            0.32070254845473       -1.13020804087197       -1.31919407245762
C            0.35339404796651       -0.06743046733421        0.36275686068955
O           -0.12657789590837        0.79247663517938        1.10360079167896
C            1.52490432725515       -0.95045576396926        0.78723670412008
N            2.00421748110231       -1.73215571848503       -0.34056034241090
H            2.51698692523731       -2.55857924017802       -0.03251262129363
H            2.65345612318366       -1.17808581007634       -0.91215900120574
H            1.09455987228481       -1.64785061757920        1.52097353870314
C            2.60950292009099       -0.10112255431895        1.49148326535333
H            2.11259168434779        0.54909820187146        2.21426290105698
H            3.29137569839855       -0.76804816358627        2.02425296768426
C            3.33885102258820        0.73314654478509        0.48214156010084
C            2.79395862061541        1.95309077156701        0.09264725495183
H            1.88434506038531        2.28507216251308        0.57593983126647
C            3.38105990726019        2.73566254227598       -0.88833783288581
H            2.92051684354377        3.66914918599607       -1.15962393857071
C            4.53570288086402        2.28755113381860       -1.50315498086662
H            5.04476763640830        2.86046426986455       -2.27106099732017
C            5.08769340663751        1.06865796371666       -1.14311024273394
H            5.98385637518945        0.72482291578829       -1.64213394831525
C            4.50286342071302        0.29281320622572       -0.15552887393871
H            4.92080573873503       -0.67599942931965        0.11842131134902
37
 energy: -61.560494239497 gnorm: 0.030979396406 xtb: 6.7.1-6.fc44.fc44
O           -4.36511025647485       -1.91161256823927        2.37186087696907
C           -4.25976777765416       -1.47679261214622        1.26303367302280
O           -4.37890498000082       -2.22441252152329        0.17806272315030
H           -4.23510319836890       -1.70755252468954       -0.65871279822688
C           -4.00719708411160        0.00746491954537        0.96554736944424
H           -4.04193208323894        0.58642136529231        1.89375344630450
H           -4.79580186788753        0.35697089618282        0.28642084437763
N           -2.72254063067070        0.21248541533900        0.32436689777062
H           -1.94474575257178        0.57583496944846        0.88219032078957
C           -2.55173841822746       -0.00772260350636       -0.99177565522051
O           -3.43715320719774       -0.49187870641605       -1.69042070894991
C           -1.17614707925179        0.39165526159080       -1.50698769094841
H           -1.04198403182683        1.45547627639430       -1.28680354069227
H           -1.13237135290573        0.23143689107479       -2.58940485192520
N           -0.10850024974903       -0.34621974722043       -0.86266707495698
H            0.34067968328933       -1.11507925579611       -1.34581483620239
C            0.36178173378917       -0.06517867576741        0.35686220284615
O           -0.12531705622311        0.76260969272175        1.10110640462466
C            1.51591414355852       -0.96714490246374        0.78652147599156
N            1.99250140983187       -1.73442194685924       -0.34926221826246
H            2.51282264090229       -2.54542963257251       -0.03842760238217
H            2.62001515152731       -1.15254376202731       -0.88323296003064
H            1.09623010786962       -1.66815525406699        1.52630552205737
C            2.60018258031149       -0.10789771932387        1.48113872734446
H            2.09688407318019        0.52084412457999        2.21555245958142
H            3.30290559173149       -0.77150055120919        1.98997257781057
C            3.32028496331605        0.74588097992262        0.47608424586339
C            2.77730478097534        1.96816174461035        0.08836306419632
H            1.87192133859184        2.30626740439754        0.57553995573366
C            3.38796952343329        2.73469771501948       -0.89189490530993
H            2.94414284505748        3.67525458270260       -1.17140036401798
C            4.54224885064540        2.28139390672606       -1.50594774352642
H            5.04047078249931        2.86395842987994       -2.27812770848739
C            5.09527583557615        1.06586500438284       -1.13918169674160
H            5.99333147860279        0.71515463775503       -1.62536566074568
C            4.48432778002891        0.30083428347490       -0.15977330816155
H            4.92539847507062       -0.65209993566221        0.12472216775913
37
 energy: -61.561539837983 gnorm: 0.015341290381 xtb: 6.7.1-6.fc44.fc44
O           -4.37025979635924       -1.90942112726738        2.36684144743755
C           -4.26765123574763       -1.47724738095518        1.25642194904143
O           -4.37483715842392       -2.23006165380520        0.17122158527591
H           -4.22922193176553       -1.71146775487010       -0.66060133162405
C           -4.01102114645482        0.01209637010911        0.97011262788789
H           -4.03796131733203        0.57017070049852        1.90543467842560
H           -4.80241658314942        0.37283841301263        0.29860197660212
N           -2.72937925945153        0.22794553488895        0.32596617262411
H           -1.94822718727167        0.59893550102044        0.86986677769497
C           -2.55267271202536       -0.00836825346704       -0.98374960789021
O           -3.42710687720481       -0.49925389909333       -1.68673035966988
C           -1.17483607956687        0.39173898369069       -1.50251958345006
H           -1.03138205419932        1.45574716033135       -1.28863763371740
H           -1.13369803982244        0.22278191774994       -2.58036221877635
N           -0.11117662515895       -0.35111431400756       -0.86849033371873
H            0.32522655560953       -1.12647865010486       -1.35151364961059
C            0.34896413744833       -0.09037204051223        0.36212018908260
O           -0.12854160167164        0.77087306083817        1.08876165281054
C            1.52184679213413       -0.97375821494163        0.78922892946612
N            1.99354619200068       -1.74546097282764       -0.34601866483240
H            2.51959597683778       -2.54804118518617       -0.03400707965229
H            2.60824083188489       -1.16895664621652       -0.91948448104691
H            1.10278401109782       -1.66746732609682        1.53190770677605
C            2.60628982204399       -0.11022739196714        1.47972771590426
H            2.10431778846575        0.50838482714426        2.22265729335717
H            3.32041223126109       -0.76731771463351        1.98115628587314
C            3.31443666614628        0.75095804579666        0.47124623329329
C            2.77444350000093        1.97399979010249        0.08853726299553
H            1.87267135410208        2.31966006042630        0.57255956699031
C            3.38833793991986        2.73502756740239       -0.89188700422168
H            2.95986294300206        3.68426657244533       -1.17660307808615
C            4.54360966868480        2.28350178107966       -1.50604987753029
H            5.03510449657912        2.87016307506147       -2.27501770407365
C            5.09383390679443        1.06879434429293       -1.13365597104911
H            5.99615904344783        0.71247843951386       -1.60751828512893
C            4.47734438069264        0.30674607265447       -0.15640086813097
H            4.92164011087851       -0.63906811055598        0.12908131152027
37
 energy: -61.561855171222 gnorm: 0.010162852376 xtb: 6.7.1-6.fc44.fc44
O           -4.37228357112381       -1.91606562289056        2.36228039645744
C           -4.27679606840861       -1.47638578401855        1.25259530829945
O           -4.36733137249634       -2.23169982386433        0.16555921115795
H           -4.22328882711679       -1.71099926807350       -0.66263267080885
C           -4.01084189804080        0.01693551739707        0.97499468430602
H           -4.03167534440435        0.56432965333879        1.91547913120193
H           -4.80970098293661        0.38022945196024        0.31363302008441
N           -2.73161790878135        0.23791319059340        0.32594850361664
H           -1.95265382082465        0.61577228974769        0.86433462946765
C           -2.55371151665227       -0.00867171970935       -0.97809893403472
O           -3.41791325290978       -0.51213339356090       -1.68281312287986
C           -1.17478414461086        0.39299187201570       -1.50167345351892
H           -1.03008191515276        1.46114700490363       -1.29799490298434
H           -1.13949847672888        0.21785934191126       -2.57707810960047
N           -0.10731615240820       -0.34834587353505       -0.87062208812900
H            0.32430526800605       -1.12910637807180       -1.34805450618576
C            0.35573763051452       -0.08456884944721        0.35682562676367
O           -0.12300759939438        0.77070301004743        1.08681473708178
C            1.52192728732605       -0.97777994859335        0.78404434204136
N            1.99605079309877       -1.75927618845385       -0.34550962207954
H            2.52469897800687       -2.55992037178043       -0.02773443005298
H            2.61286570067944       -1.19072135655769       -0.92567475793325
H            1.10530814153215       -1.66823171062496        1.52829122181182
C            2.60341059100344       -0.10977170190106        1.47475547627389
H            2.10607199121075        0.50665364299049        2.22322705839929
H            3.31675496843365       -0.76756335723357        1.97552196751694
C            3.30866212729290        0.75184626277018        0.46588657658710
C            2.77316906548222        1.97653288732652        0.08571050317768
H            1.87381973282691        2.32939628756194        0.56529452977494
C            3.38691853543669        2.73734898627535       -0.89335298404397
H            2.96528798460706        3.69062537966886       -1.17994407448270
C            4.54350484109772        2.28534079952895       -1.50614593886116
H            5.03210748718616        2.87337903086994       -2.27064965268260
C            5.08867861108711        1.06998292389252       -1.13016114202743
H            5.99628616552155        0.71283065850968       -1.59628930477412
C            4.47169450963586        0.30800898259108       -0.15260325571491
H            4.91352118543200       -0.63556024403323        0.13803965762392
37
 energy: -61.562035685728 gnorm: 0.007687465175 xtb: 6.7.1-6.fc44.fc44
O           -4.37358451662556       -1.92515549172868        2.35356190962619
C           -4.26575526819930       -1.48099825452411        1.24783468327106
O           -4.37372221645470       -2.22240727120999        0.15845879754718
H           -4.22186617737741       -1.69953030979129       -0.66589221094773
C           -4.00805015725275        0.01757842923538        0.98127148345936
H           -4.02511241333662        0.55288872252983        1.92931250262789
H           -4.81424501154144        0.38525309163318        0.33173854754045
N           -2.73528994190971        0.24959517368327        0.32414401261895
H           -1.95587902524066        0.63293210998201        0.85660655895477
C           -2.55534170571376       -0.00851451177268       -0.97430256914323
O           -3.40907465042730       -0.52547590190721       -1.68223769049102
C           -1.17716661177546        0.39571955945943       -1.50479212313099
H           -1.02704234059583        1.46400523176331       -1.30730826434822
H           -1.15060131101574        0.21553445793140       -2.57888304565229
N           -0.10743764720871       -0.34794458406679       -0.87864790977414
H            0.31342737710870       -1.13832206414170       -1.35208258721760
C            0.35692344122055       -0.09077168474710        0.35138988907419
O           -0.11985076841226        0.76710549261761        1.08157976307448
C            1.52443094807553       -0.97819262863781        0.78338723350711
N            1.99534194971756       -1.76824293165406       -0.34265637569265
H            2.52504173171315       -2.56980795007787       -0.01979994514454
H            2.61686218369111       -1.20751639854068       -0.91840539672830
H            1.11066949055446       -1.66637566753160        1.52955061481437
C            2.60612204072153       -0.10885862589856        1.47326863442148
H            2.11050219902021        0.50616328015044        2.22497305106558
H            3.32151383889185       -0.76635508339014        1.97148680019965
C            3.30523255992594        0.75310640435422        0.46257908512457
C            2.77267339367086        1.97941308956696        0.08320472404929
H            1.87506471908475        2.33844023601043        0.56104685857877
C            3.38664831362024        2.73983945714619       -0.89427028490793
H            2.96764728123031        3.69465615239502       -1.18045989744555
C            4.54410722521498        2.28685792270356       -1.50569201446210
H            5.02800090497503        2.87791860260200       -2.26721301556824
C            5.08588475279212        1.07079498753179       -1.12793723310567
H            5.99458271803752        0.71313893612630       -1.59072437311907
C            4.46840627724029        0.30894317213816       -0.15026314831828
H            4.90921516000795       -0.63238956838890        0.14837656649156
37
 energy: -61.562120567687 gnorm: 0.005412090106 xtb: 6.7.1-6.fc44.fc44
O           -4.37383082866794       -1.92813631151298        2.35064929343862
C           -4.26428837254325       -1.48135598398519        1.24548152555318
O           -4.37282034674569       -2.21961988024409        0.15452313876494
H           -4.21648446116481       -1.69542547608620       -0.66955806891758
C           -4.00606459389184        0.01837624629020        0.98473478258851
H           -4.01633214278501        0.54880529526256        1.93481442332782
H           -4.81525117070840        0.39021596547295        0.34206041187563
N           -2.73801247588543        0.25546863256711        0.32292194964080
H           -1.95642176402499        0.64022956874981        0.85291949531326
C           -2.55440663904661       -0.01132745609594       -0.97319490256652
O           -3.40364163246808       -0.53465585957513       -1.68337247960487
C           -1.17738758997727        0.39411223334145       -1.50574796779746
H           -1.02644662215717        1.46105209240546       -1.30807630255164
H           -1.15451963492343        0.21251997384853       -2.57988875433069
N           -0.10478291510956       -0.34742071475811       -0.88028434169937
H            0.31247320461401       -1.13950557044501       -1.35173740595284
C            0.35628497839140       -0.08788354984183        0.34974168581403
O           -0.12353862808393        0.76586406915588        1.08095660497231
C            1.52042828784199       -0.97811899814129        0.78305179996201
N            1.99418516046397       -1.77219551694877       -0.33893467582361
H            2.52690765069144       -2.57044769847007       -0.01256599357087
H            2.61111325002300       -1.21083541905272       -0.92256062075690
H            1.10735235338069       -1.66499579776108        1.53128235050862
C            2.60449165126154       -0.10963123975443        1.47114026784602
H            2.10771077444068        0.50501262119461        2.22243092867750
H            3.32252340522209       -0.76543838713318        1.96819256282713
C            3.30486495479890        0.75398103079109        0.46262570097436
C            2.77235604933855        1.98066093376488        0.08271587540217
H            1.87405633370203        2.34006846493853        0.56096314614097
C            3.38842189857692        2.74093866403291       -0.89368811811993
H            2.96806002693012        3.69470354039485       -1.17819842398539
C            4.54580030536101        2.28687131884115       -1.50485829499110
H            5.02690818834975        2.88027212660419       -2.26645682203497
C            5.08746867918750        1.07081508526428       -1.12746604242697
H            5.99362291850016        0.71256210024882       -1.59230955643711
C            4.46862015004010        0.30923714422828       -0.15034744370874
H            4.90885834049500       -0.63174766604016        0.15024390249803
37
 energy: -61.562185609928 gnorm: 0.004300119770 xtb: 6.7.1-6.fc44.fc44
O           -4.37508145247208       -1.93287013155741        2.34637184754800
C           -4.26527983930825       -1.48051424584366        1.24226474428934
O           -4.36777026759790       -2.21616936634815        0.14805406922507
H           -4.20423344139888       -1.68993998735463       -0.67651515145498
C           -4.00176902735599        0.01977171897127        0.99011500367061
H           -4.00099734732362        0.54275480492679        1.94461960053547
H           -4.81839291784816        0.39768826651569        0.36072078940886
N           -2.74025364932952        0.26436352548939        0.31910277587477
H           -1.95552740472304        0.64908640359349        0.84713618509659
C           -2.55207125350614       -0.01473964016782       -0.97348629483441
O           -3.39558841743497       -0.54791065676668       -1.68548051751665
C           -1.17687695348984        0.39251489284070       -1.50850450071396
H           -1.02707833102267        1.45832600429773       -1.30781244982098
H           -1.15857594885344        0.21117364977494       -2.58296726377360
N           -0.10249114179747       -0.34855535558147       -0.88398731205043
H            0.30821623847254       -1.14475977442097       -1.35315421049882
C            0.35447728865604       -0.08883543056744        0.34758974752850
O           -0.12843828948335        0.76489936156337        1.07775320486760
C            1.51720422689184       -0.97804280610361        0.78521672029529
N            1.98995486075737       -1.77423912466275       -0.33590353404221
H            2.52641567385862       -2.56881401835672       -0.00709934813019
H            2.60366487333827       -1.21043215462110       -0.91606411279296
H            1.10183326949309       -1.66208964849813        1.53531678695041
C            2.60269373866346       -0.10941023251184        1.47076270169058
H            2.10463159891691        0.50590720701015        2.22049074366449
H            3.31970639140959       -0.76574082254502        1.96803231743051
C            3.30497136535591        0.75404056254885        0.46294210124875
C            2.77189110779613        1.98079410161792        0.08236141110169
H            1.87192638764656        2.33896340140969        0.56089155103237
C            3.39018777164799        2.74171825720332       -0.89274527935265
H            2.96767394217230        3.69410497893696       -1.17499924152447
C            4.54678404848547        2.28644355082325       -1.50485836435913
H            5.02440358349441        2.88325444683259       -2.26686637158087
C            5.08889690469846        1.07040197774311       -1.12887654177302
H            5.99500393494341        0.71336196845996       -1.59564323938732
C            4.46973080177620        0.30901853124479       -0.15198223155514
H            4.90843641789827       -0.63249863434523        0.14940729455223
37
 energy: -61.562215798675 gnorm: 0.003176065270 xtb: 6.7.1-6.fc44.fc44
O           -4.37725011923552       -1.93628447492045        2.34251055734291
C           -4.26123890133459       -1.48118054690202        1.24056018771573
O           -4.36818093966468       -2.21161561199034        0.14420226241848
H           -4.19777443778634       -1.68479748347533       -0.68076958891511
C           -3.99795759654216        0.01934016463030        0.99318165811200
H           -3.99078860560470        0.53799754145389        1.95100872107234
H           -4.81981197957129        0.40098396273750        0.37284330003940
N           -2.73980210734444        0.26862595428801        0.31526762691178
H           -1.95460432139682        0.65165073054740        0.84396983457954
C           -2.55009969112341       -0.01624738524573       -0.97490409964317
O           -3.39049570308914       -0.55592455751271       -1.68650602374317
C           -1.17532509211707        0.39278441381498       -1.50986143850249
H           -1.02698845583179        1.45895671438241       -1.30711474696061
H           -1.15767051242264        0.21327309632250       -2.58436988372452
N           -0.10150757965797       -0.34894538728384       -0.88512197294804
H            0.30670977891886       -1.14758371883732       -1.35248267951728
C            0.35413880047582       -0.08861571303326        0.34672902779023
O           -0.13059855967577        0.76482836570213        1.07633532892978
C            1.51549264702491       -0.97808494192406        0.78748262896739
N            1.98746784366903       -1.77698246224845       -0.33175707172337
H            2.52798817252424       -2.56770587241730       -0.00153719912084
H            2.59695120344190       -1.21448762513864       -0.92300163895420
H            1.09755993367229       -1.65910277458088        1.53919775132940
C            2.60066941970452       -0.10843197150719        1.47122890860514
H            2.10345077931764        0.50887901158535        2.21960551200185
H            3.31486544378811       -0.76598493795284        1.97057833543512
C            3.30465073295487        0.75299779078673        0.46261267832375
C            2.77118740222241        1.97946713078293        0.08223855054621
H            1.87009112885121        2.33612249470170        0.55964532037104
C            3.38934429102252        2.74152498895166       -0.89244591968623
H            2.96667700826729        3.69408710631201       -1.17423583406242
C            4.54629302362537        2.28724530234748       -1.50459906398557
H            5.02299873474895        2.88548797155615       -2.26633447614865
C            5.08852206677900        1.07106349192953       -1.12963551580341
H            5.99526861964784        0.71454707331095       -1.59680220726954
C            4.47040904503474        0.30894550819249       -0.15277276286797
H            4.90763727013442       -0.63380776781441        0.14725756393375
37
 energy: -61.562232088216 gnorm: 0.001999223582 xtb: 6.7.1-6.fc44.fc44
O           -4.37830582734272       -1.93645323577950        2.34155183136954
C           -4.26070735774538       -1.48091783278778        1.23996580918698
O           -4.36836843505546       -2.21084525020056        0.14353665773895
H           -4.19580987364979       -1.68410620813801       -0.68191945628148
C           -3.99587631648443        0.01943307661364        0.99414089739433
H           -3.98440756807687        0.53662365174977        1.95253999987744
H           -4.81890285553942        0.40337435045274        0.37744959784779
N           -2.73937642323883        0.26954282843041        0.31297003733884
H           -1.95396660422673        0.65083301275524        0.84233198845282
C           -2.54957875917839       -0.01693675748097       -0.97628529249027
O           -3.38920823803404       -0.55926719953890       -1.68649128490080
C           -1.17475772563898        0.39404178181297       -1.51000596603809
H           -1.02559580093558        1.45984392857270       -1.30600019043688
H           -1.15504306412506        0.21650043363661       -2.58460736013882
N           -0.10234440564492       -0.34848120872144       -0.88496733250129
H            0.30577529811211       -1.14755906939679       -1.35211994204054
C            0.35252628470470       -0.08930200437331        0.34769171961569
O           -0.13178345094050        0.76607436193423        1.07609514801958
C            1.51475893961250       -0.97805267630728        0.78659853841223
N            1.98772240068828       -1.77813651958876       -0.33114289665833
H            2.53006550385270       -2.56694957965911        0.00070906443232
H            2.59659348975347       -1.21523917309578       -0.92099147161010
H            1.09597581631279       -1.65850941517669        1.53877862485281
C            2.59958561824012       -0.10894971192114        1.47121567272769
H            2.10320979814066        0.50987020485298        2.21892155022603
H            3.31430053980021       -0.76585995993866        1.97155669190929
C            3.30349199907689        0.75128519989558        0.46150592095723
C            2.76976748782951        1.97755207909284        0.08184130309842
H            1.86840249818506        2.33294399334254        0.55879625149128
C            3.38735307819451        2.74064849105913       -0.89241715006473
H            2.96528823896183        3.69391649563346       -1.17444308865915
C            4.54531450623220        2.28834847830942       -1.50376221447412
H            5.02278873982439        2.88700391802167       -2.26496869005032
C            5.08786452642111        1.07190332955471       -1.12972753456522
H            5.99417754883728        0.71515155320613       -1.59701962882939
C            4.46989706340998        0.30860004755196       -0.15370849827779
H            4.90745207309434       -0.63489983282272        0.14458432391734
37
 energy: -61.562233652056 gnorm: 0.002559017112 xtb: 6.7.1-6.fc44.fc44
O           -4.37936966081163       -1.93468055124639        2.34146623555302
C           -4.26103527755671       -1.47984089948708        1.23932105789905
O           -4.36865221510401       -2.21110361597003        0.14389653590886
H           -4.19437057140687       -1.68472798098236       -0.68217661485694
C           -3.99235068697324        0.02028285143813        0.99514164405376
H           -3.97364699909755        0.53407722873664        1.95483383092273
H           -4.81734534499319        0.40848430956314        0.38458667645637
N           -2.73859292126869        0.27151895509695        0.30906425198224
H           -1.95211505604202        0.65066810969757        0.83826732811604
C           -2.54865578672771       -0.01857526397058       -0.97885969460798
O           -3.38702529419793       -0.56567504491012       -1.68583744673743
C           -1.17445512433595        0.39617237103451       -1.51134867562050
H           -1.02515194439268        1.46160814725201       -1.30447388769636
H           -1.15099717007424        0.22280212383120       -2.58643904779431
N           -0.10297231889159       -0.34767565927180       -0.88792184145446
H            0.30520393961952       -1.14636828072691       -1.35669270601376
C            0.35278496396505       -0.09149802454980        0.34514527710800
O           -0.12953839142804        0.76433220183425        1.07330841772308
C            1.51428964634799       -0.97909587980780        0.78919637587852
N            1.98527075715589       -1.77872759458824       -0.32919173334485
H            2.53046216145748       -2.56516196611470        0.00355236457283
H            2.59359412620156       -1.21683180724082       -0.91954377153001
H            1.09508761308118       -1.65942350678324        1.54192709981088
C            2.59980336967128       -0.11014256445359        1.47275452985739
H            2.10481006213747        0.51033092588188        2.22012217274658
H            3.31575360117119       -0.76583102705889        1.97382474547914
C            3.30130246085564        0.74897298236734        0.46015102917553
C            2.76703260937851        1.97493364598462        0.08176660584320
H            1.86565207386025        2.32851776541492        0.55860083137889
C            3.38331154281217        2.73951851102007       -0.89183103632663
H            2.96179807349920        3.69357087050737       -1.17460706117241
C            4.54251982404716        2.28999646719090       -1.50270452916979
H            5.02200991697831        2.88900618066791       -2.26253797064424
C            5.08579722823788        1.07333114449038       -1.12980745900692
H            5.99325892339079        0.71758879119525       -1.59542254973017
C            4.46813442594774        0.30853467507811       -0.15502188514392
H            4.90667618691328       -0.63586300956936        0.13969453123391
37
 energy: -61.562242906544 gnorm: 0.001437009207 xtb: 6.7.1-6.fc44.fc44
O           -4.37952532073263       -1.93367562681413        2.34192240793313
C           -4.26042364415735       -1.47970939467539        1.23953976397800
O           -4.36924961729976       -2.21100143151397        0.14455055938808
H           -4.19484465937558       -1.68480433058922       -0.68145793615590
C           -3.99215617613137        0.02044054588014        0.99494278032057
H           -3.97377558925312        0.53344414983131        1.95531107967092
H           -4.81765179565379        0.40877912251086        0.38508320059284
N           -2.73846918967117        0.27248409677835        0.30904631107393
H           -1.95214686755369        0.65226687457327        0.83775015314905
C           -2.54766760505591       -0.01891181192126       -0.97887338047478
O           -3.38534949209248       -0.56735631462551       -1.68574399960381
C           -1.17348017326704        0.39590299234658       -1.51106894013200
H           -1.02581763286036        1.46170128284537       -1.30401747569525
H           -1.14944379876747        0.22262911195283       -2.58637597126819
N           -0.10159279585782       -0.34735481448675       -0.88715656986433
H            0.30674012979971       -1.14572228983970       -1.35554302472534
C            0.35301012005312       -0.09048063650848        0.34609908207987
O           -0.12970270033094        0.76616862433334        1.07352992553472
C            1.51383661565123       -0.98009624096304        0.78785714536849
N            1.98599870104158       -1.78044901606959       -0.32972986659260
H            2.53182266242596       -2.56621635739660        0.00395330369880
H            2.59364047445041       -1.21787430508722       -0.91987127987703
H            1.09439821716389       -1.66025198406071        1.54041158658229
C            2.59887075477301       -0.11070097434240        1.47165731575472
H            2.10365183323851        0.50912247976370        2.21953787271756
H            3.31417447801769       -0.76673434739508        1.97253616978716
C            3.30074322756214        0.74926850509314        0.45998568481547
C            2.76648952966491        1.97536241900766        0.08150810875159
H            1.86516655927429        2.32898900772993        0.55857298149671
C            3.38304677503895        2.73998006344663       -0.89187950665482
H            2.96107683863145        3.69363644107379       -1.17447224891085
C            4.54219885813957        2.29010890341123       -1.50274497251625
H            5.02220498567485        2.88906323573569       -2.26227144746997
C            5.08550113936667        1.07351963680589       -1.12974650446429
H            5.99348635428768        0.71834589360185       -1.59494062391158
C            4.46747337195204        0.30874588449575       -0.15510039345484
H            4.90604417528029       -0.63559381337678        0.13940233992730
37
 energy: -61.562245081342 gnorm: 0.000950477386 xtb: 6.7.1-6.fc44.fc44
O           -4.37991290320783       -1.93207615366724        2.34303311691334
C           -4.26028484184846       -1.47922627919083        1.24037494387822
O           -4.36889006762649       -2.21124367634287        0.14577921921193
H           -4.19454244408393       -1.68575107538914       -0.68012557922136
C           -3.99236862739223        0.02095549270987        0.99455369967898
H           -3.97571232711597        0.53428600847254        1.95486915025707
H           -4.81804549415622        0.40806288958349        0.38412997280499
N           -2.73858520673815        0.27335049251229        0.30950402948249
H           -1.95263753942328        0.65477795384113        0.83747420541389
C           -2.54688594269386       -0.01884827815003       -0.97863394044636
O           -3.38382660706895       -0.56854975710718       -1.68579743233584
C           -1.17289251641045        0.39578587295423       -1.51114449479256
H           -1.02514991913462        1.46098983352544       -1.30376147520977
H           -1.14952940822285        0.22232515672054       -2.58683681158495
N           -0.10045584894869       -0.34750462398075       -0.88708285707925
H            0.30715162585415       -1.14634197636758       -1.35531395248934
C            0.35316707494752       -0.09042042904059        0.34659699890214
O           -0.12994414557436        0.76505905364001        1.07460206357448
C            1.51376095751922       -0.98026956750540        0.78664757692712
N            1.98650526256600       -1.78181517226755       -0.33016367908047
H            2.53267267305762       -2.56742253782119        0.00400996323592
H            2.59331980705656       -1.21878048226417       -0.92206173270818
H            1.09406501282567       -1.66025501193017        1.53861361342939
C            2.59874857118402       -0.11104414483070        1.47083566561399
H            2.10281867157760        0.50731227235353        2.21951020575089
H            3.31449905684461       -0.76766177280658        1.97000422405031
C            3.30091550559625        0.75015985436384        0.46072788795681
C            2.76652189065751        1.97646959383814        0.08171992717566
H            1.86528458618885        2.33065294030211        0.55948292366189
C            3.38320571799396        2.74085777273706       -0.89184704643961
H            2.95991906860127        3.69358719067193       -1.17360722615214
C            4.54226165499020        2.29039513000638       -1.50248835935059
H            5.02253700529812        2.88902755739154       -2.26194157056289
C            5.08545961909445        1.07388099744967       -1.12933918480549
H            5.99240401212777        0.71847757528055       -1.59617208060759
C            4.46711286039122        0.30896277426273       -0.15475252537603
H            4.90561194870122       -0.63513989240354        0.14080419117234
