34
 energy: -55.385751080924 gnorm: 2.815405206887 xtb: 6.7.1-6.fc44.fc44
O           -0.73935415064420        1.01675001170807       -2.33662476650818
C           -0.56596771277580        1.98254322625939       -1.61523960346606
O            0.07756011259019        2.77317128441684       -1.58726976574989
H           -1.59501777954479        0.44857812039187       -2.20832559334113
C           -1.81184417932484        1.79180285423400       -0.34442649290891
H           -2.70735516448786        1.87680051339745       -0.97278125785613
H           -1.49231933624488        2.60089415453807        0.41808178988872
N           -1.61792228256298        0.68289683359719        0.34801802209146
H           -1.01416712630691        0.56378835269257        1.45072841615438
C           -2.23596926870780       -0.41217278444443       -0.08957806992299
O           -2.48755598164972       -0.70300970748384       -1.42522982880938
C           -2.20704365423139       -1.85679873120378        0.90833098975580
H           -2.20373278653991       -1.34157943799164        1.76922055921935
N           -2.89254581864455       -2.76971721660310        0.29651049117542
H           -2.55451708745600       -3.06895999440204       -0.38677154257344
H           -4.03014802218574       -2.47237181990260        0.40652435891077
C           -0.65458974481219       -2.42023340504244        0.86089619694110
H           -0.18531177137275       -2.64315428482314       -0.16200572940032
H           -0.69070080725067       -3.25722351698835        1.61320683786145
C            0.38901535467814       -1.36479526635429        1.31791304477745
C            0.78560491358727       -1.10417902495639        2.80736308603379
H            0.41505560471735       -1.44788194766693        3.51452336926789
N            1.80533415638914        0.11566353888292        2.71179538757668
H            2.03686286283785        0.27845854777669        3.34419292533657
C            2.04872388645843        0.17730057507058        1.37152264779323
C            3.10190652314501        1.19004782584900        0.91070565412667
H            3.59056270603967        1.95761603068487        1.37884218942158
C            3.22570008534729        1.35164730807307       -0.53828256609473
H            3.89368169679673        1.87668525722789       -0.83204426194024
C            2.32288817796654        0.32101613495887       -1.33368976964198
H            2.41085941903184        0.30304062695732       -2.52292886439238
C            1.40592120960898       -0.56603713155767       -1.08915567102387
H            1.06607578188555       -0.99413561271648       -1.42021681577981
C            1.18319751754136       -0.59502647734386        0.53609736508850
34
 energy: -56.184229934301 gnorm: 0.627380067766 xtb: 6.7.1-6.fc44.fc44
O           -0.74718581260697        0.99745043277816       -2.35183300568435
C           -0.59908482218321        1.95248159523757       -1.60387303248977
O            0.11705561270458        2.82522850378699       -1.58209950223278
H           -1.59599717068932        0.44181070455769       -2.20711533531050
C           -1.79983285660736        1.80872460550271       -0.34565237931276
H           -2.70687725023783        1.87834467369218       -0.96724286743645
H           -1.49854885892967        2.60278597841886        0.41145009500597
N           -1.61901166813840        0.66408905377036        0.35840420492699
H           -1.02437649321849        0.56551496231469        1.43427520733507
C           -2.22694235035748       -0.42882077249664       -0.09967677715944
O           -2.48501816873632       -0.69245886540652       -1.40517736147379
C           -2.18625128536058       -1.83932994681112        0.89787420990324
H           -2.20737092664756       -1.33802833027934        1.78388786885954
N           -2.92778417449220       -2.76294339816208        0.33262141734542
H           -2.54399422556793       -3.08960554539108       -0.42917551992998
H           -4.01908600244067       -2.47730258396478        0.40238092176490
C           -0.64905530574056       -2.41213538424566        0.86394367180396
H           -0.19350461615078       -2.64530405985560       -0.15570323865810
H           -0.68924402952115       -3.25412251959831        1.60713046015249
C            0.38894112836826       -1.36742609137039        1.33385893096557
C            0.79831536053533       -1.08482781244668        2.75556785354580
H            0.40058743111776       -1.46033074152084        3.54712442814564
N            1.76065581740029        0.07413336486885        2.61654132149587
H            2.07556212948121        0.30749000090722        3.46021850158286
C            2.05385329703301        0.18776620944931        1.35081776549391
C            3.08836001541511        1.18148173409351        0.89305770027501
H            3.59201376599739        1.95759867866365        1.38567852803952
C            3.19686461750832        1.32129031661397       -0.52100437101436
H            3.91412748838634        1.89443461052789       -0.84540965258249
C            2.35410695733494        0.35372071518361       -1.33981805847570
H            2.41484517738967        0.30752426148047       -2.51420360800671
C            1.48348916915804       -0.46573922968211       -0.99002208303905
H            0.95828157778077       -1.12406117007478       -1.50921568575132
C            1.19499380589380       -0.58800911330607        0.53229212392717
34
 energy: -56.376897252662 gnorm: 0.312457786588 xtb: 6.7.1-6.fc44.fc44
O           -0.76298377513524        0.98445494615549       -2.37975616586733
C           -0.61384810403946        1.94549040415110       -1.57574613152679
O            0.12993272623430        2.85309866958877       -1.56965297038271
H           -1.59238317235745        0.41569248573017       -2.20051023585051
C           -1.75769940235560        1.82782713497288       -0.34847743948455
H           -2.69439948998944        1.88790649212231       -0.93606083092899
H           -1.52301704597100        2.61964368062274        0.38890518324300
N           -1.61979405382604        0.63315856976387        0.37265642047406
H           -1.06730230285194        0.56735584252860        1.36681067703990
C           -2.16956250863341       -0.47831213977751       -0.11367169734001
O           -2.48484670348167       -0.65848033363948       -1.35177570285699
C           -2.14268891517083       -1.80477473427279        0.86926420063468
H           -2.21593425531484       -1.33388741757029        1.81530579480226
N           -2.96031852471881       -2.77046392491598        0.35875331067653
H           -2.57148063902015       -3.11159602682950       -0.46272856112312
H           -3.97882531858097       -2.49479888986879        0.38865206472343
C           -0.63033809092814       -2.37608764360601        0.87824039181936
H           -0.23111156026055       -2.65443238338646       -0.13262538093905
H           -0.68240527032741       -3.23848292839028        1.58115742507531
C            0.40896028271838       -1.35944281553320        1.35693641765396
C            0.79757488839739       -1.04954145088064        2.69222801101547
H            0.39608619870337       -1.45364650774317        3.55240645557506
N            1.74624395747668        0.02066470894866        2.61901033451824
H            2.06493415172700        0.29172354509348        3.48207346452118
C            2.05700680067196        0.22450504031374        1.33626800626476
C            3.04725343063164        1.17447891134274        0.85343368587665
H            3.58431513704813        1.93280126258442        1.39923350378515
C            3.17276349432704        1.27149747134391       -0.51634075734784
H            3.91621154859588        1.90528457764260       -0.86718663466578
C            2.38351646173421        0.38139320394142       -1.37074495423595
H            2.44318555429374        0.33746162389628       -2.49342203569086
C            1.46892061594147       -0.47895854216423       -0.93811559965952
H            0.92845300413639       -1.14236601763424       -1.47328653193025
C            1.22646821420371       -0.57774197729491        0.51866901414267
34
 energy: -56.460002016630 gnorm: 0.097474808082 xtb: 6.7.1-6.fc44.fc44
O           -0.77931427532449        0.98569083492609       -2.40297731959985
C           -0.63478029604358        1.94069024535463       -1.53541011926354
O            0.12984565187776        2.86368802512240       -1.55462337046800
H           -1.57991646340459        0.39950141994627       -2.19030631042254
C           -1.70238751764433        1.83681599994674       -0.36102319955941
H           -2.67679369129019        1.89319426012990       -0.89477809503302
H           -1.54058251879962        2.63423509832781        0.35911765286939
N           -1.62346720929948        0.60504514299486        0.39590041945064
H           -1.12603214618345        0.57481536286639        1.26690350551989
C           -2.11549294156684       -0.53085697430093       -0.12219644814598
O           -2.47433512898025       -0.64250862479833       -1.28555306452571
C           -2.08545923852457       -1.75335193810676        0.82657586373199
H           -2.23822484937863       -1.34182409029945        1.83456712362483
N           -2.97413616795149       -2.77837323395984        0.39668566836200
H           -2.60432714367903       -3.11782786975490       -0.47842764595236
H           -3.93100497100505       -2.50335124286431        0.37611661731132
C           -0.61518201651750       -2.34307724807870        0.88496497313714
H           -0.26776767953611       -2.66063806020777       -0.11106379434063
H           -0.67385805304315       -3.21606761465323        1.55644226481218
C            0.42223999735755       -1.35006728076589        1.36671615116632
C            0.78967971394511       -1.02318850251352        2.63209342392153
H            0.40237489684676       -1.44482382032425        3.54611738970379
N            1.73091388685059       -0.03600831470023        2.62430332554019
H            2.05685389341532        0.29311905620615        3.50146100817057
C            2.06244656853038        0.25719108951892        1.33078063389495
C            3.00115164508044        1.16608603436811        0.82709921760387
H            3.56950048021191        1.89297156563519        1.42062554637231
C            3.14699300452458        1.22076654969721       -0.52932785187222
H            3.89912216062321        1.90278267974411       -0.90270078879241
C            2.39749130162022        0.38992963713188       -1.37706567294351
H            2.47181066141046        0.37129223356940       -2.45248065923391
C            1.46788553414850       -0.48390001525675       -0.88735355294073
H            0.90780756651645       -1.14986477081053       -1.45972374477652
C            1.25983267909147       -0.56066079685498        0.49844358468878
34
 energy: -56.471898909719 gnorm: 0.066492228151 xtb: 6.7.1-6.fc44.fc44
O           -0.78608240870645        1.00484842090021       -2.42179504654685
C           -0.64429925307157        1.94066572013205       -1.50917906285755
O            0.12024046551252        2.86633932633260       -1.53542772415401
H           -1.55174331113666        0.38443277703114       -2.19374552998353
C           -1.68647065465700        1.83344121886713       -0.37097465404231
H           -2.68079368447625        1.89009825118170       -0.85354994321773
H           -1.55690859918615        2.65772516177510        0.32768343290604
N           -1.60076645590654        0.59100997237097        0.38219224502529
H           -1.11890047059591        0.59663682954916        1.25993195584952
C           -2.03431445223916       -0.57804253308391       -0.13651269461819
O           -2.52225072858815       -0.61778241643618       -1.28803572844818
C           -2.04981763845534       -1.75090116234410        0.83106879917739
H           -2.25543758009360       -1.36160740525488        1.84990759187025
N           -2.95534703234590       -2.80414018715816        0.43450768106055
H           -2.60702746552772       -3.13818874348374       -0.46132943840927
H           -3.91586868141526       -2.46736682840459        0.34547799038879
C           -0.60316089651827       -2.32693682837267        0.87714922886009
H           -0.31569953991142       -2.67401692972122       -0.12263172217892
H           -0.65605488609055       -3.19310466989392        1.53932412749429
C            0.43009293932665       -1.35360798158802        1.35299459774664
C            0.75535977852902       -1.00671390455517        2.63023266149764
H            0.36961998426925       -1.42607986917508        3.55251105033404
N            1.73902901056012       -0.05207760725262        2.64516292233108
H            2.07403596531603        0.30176515860894        3.52057499882504
C            2.06132820009416        0.26786876384341        1.34939016663568
C            2.97357629894119        1.16670321457216        0.82389367082833
H            3.55657319660632        1.85655699895695        1.44143153411597
C            3.13513507330124        1.20021269954892       -0.54704213101703
H            3.87953804764648        1.89154597441201       -0.93885638069026
C            2.39272366344937        0.38032585835983       -1.38538382950270
H            2.51524833371398        0.41220861992169       -2.45321500856089
C            1.45413293924659       -0.49228463106994       -0.87887555191965
H            0.88035102673143       -1.15544679275656       -1.46821550533174
C            1.27684614955595       -0.55266163857749        0.50123802854355
34
 energy: -56.474054891598 gnorm: 0.078219839797 xtb: 6.7.1-6.fc44.fc44
O           -0.78445650822906        1.01061738137441       -2.42693999971377
C           -0.65745485340776        1.95027234705711       -1.50495854899854
O            0.12470763806025        2.86216152723434       -1.53754298925670
H           -1.52428459320654        0.37158014622422       -2.19029395940669
C           -1.67876868019565        1.84623762182550       -0.37698496992274
H           -2.68087854789729        1.91843064220766       -0.82199087166657
H           -1.55349805000673        2.68542136899943        0.30304631455376
N           -1.63448138096237        0.59794424567475        0.38143201080509
H           -1.13629832644808        0.60919750859412        1.26087576742192
C           -2.08602423983530       -0.56207636346766       -0.11896711299679
O           -2.45141191920511       -0.67110917867734       -1.25565786401734
C           -2.01015440031074       -1.73874810530745        0.82014989792163
H           -2.26195252666504       -1.36965968251068        1.84136752594597
N           -2.93098033597484       -2.81393804134616        0.45609455437814
H           -2.61550598053818       -3.14509404009737       -0.46072127175878
H           -3.88129375022435       -2.44447720112987        0.33542147148212
C           -0.58640929750290       -2.32850030120516        0.87721384395258
H           -0.34534289871849       -2.68976079964422       -0.12556847581479
H           -0.62753386220915       -3.19108139754291        1.53393892303733
C            0.43513949938400       -1.35878301356952        1.34117026006922
C            0.73809572449710       -1.00758647760606        2.62626229424957
H            0.34948942682521       -1.41703124116958        3.55229741754521
N            1.73040818022803       -0.05779236163180        2.65213648681130
H            2.06894297665593        0.32373583174862        3.52385941444843
C            2.06257101609729        0.26296782597856        1.36000742530808
C            2.96687427449060        1.15504656766354        0.82489807443849
H            3.55131148147571        1.81426460038270        1.46268810176201
C            3.12030060495754        1.19053661374784       -0.55315976151642
H            3.85333985441330        1.88601114048527       -0.96524594256316
C            2.38332144724695        0.37325112088536       -1.39458702256671
H            2.54969731692653        0.44831110725710       -2.45969183163697
C            1.44247307512965       -0.50277511343293       -0.87831054120043
H            0.85590009837708       -1.16116559290593       -1.48489206881729
C            1.28704487065080       -0.55498384886014        0.50255617973411
34
 energy: -56.477771269986 gnorm: 0.029943822893 xtb: 6.7.1-6.fc44.fc44
O           -0.77724916737150        1.00813159657738       -2.42746305085584
C           -0.66409498269049        1.95928606767386       -1.52203720497474
O            0.12716198899123        2.86045772821607       -1.55421917878927
H           -1.51634658122505        0.37212708547866       -2.20435460539624
C           -1.68610985335860        1.85230450715685       -0.36561966414885
H           -2.68589668028877        1.91967595294160       -0.81235432031726
H           -1.54790104116733        2.69078581619145        0.31292686168878
N           -1.61800399737575        0.60402852870576        0.37787389283051
H           -1.12503107558267        0.60617176004065        1.25734560573465
C           -2.05759004663548       -0.56173796919864       -0.12389035256769
O           -2.47358463948141       -0.65757359943377       -1.27215242786719
C           -2.01322563964631       -1.74604412531911        0.83581580746299
H           -2.26512387648644       -1.38131195590756        1.85036997747106
N           -2.93410011854327       -2.80770698576672        0.45901074267156
H           -2.62819250756004       -3.14022591960725       -0.45708057848591
H           -3.87219706248661       -2.45312643598761        0.35691239734654
C           -0.58662321690838       -2.33705840327303        0.87782358017878
H           -0.33855974756043       -2.68959231367827       -0.12384986425034
H           -0.62121922260823       -3.20127614918102        1.53863207434682
C            0.43376616686679       -1.36017270463044        1.33953558031068
C            0.74249724335156       -1.01803350768748        2.62326257859357
H            0.34692353534366       -1.41670067432335        3.54412076783265
N            1.71204795800397       -0.04972872779670        2.64223305676516
H            2.04583932630865        0.33942511268875        3.51093024767273
C            2.06150438696479        0.25167340077860        1.35528180587030
C            2.98101850697618        1.14683140439939        0.83261720457636
H            3.55900951654877        1.80212963719948        1.47242834656708
C            3.11738824085295        1.20043415037728       -0.54055509770047
H            3.84294736936729        1.89262388289093       -0.95704731143167
C            2.37938090297086        0.37728902017646       -1.39124581636227
H            2.54403723299527        0.45455003173850       -2.45739670253330
C            1.44747304413793       -0.50385206630565       -0.88357153829086
H            0.85995640318210       -1.15878323910659       -1.49491344099355
C            1.28298496799312       -0.56357606879286        0.50053335905668
34
 energy: -56.478648762829 gnorm: 0.019779171060 xtb: 6.7.1-6.fc44.fc44
O           -0.78879230255206        1.02304863925658       -2.43985433709404
C           -0.65862106730281        1.95485327899619       -1.51494233624843
O            0.12939791945977        2.85642504861285       -1.55858907052904
H           -1.50855963409663        0.36843505513434       -2.19922802331600
C           -1.69279277958434        1.85068482876234       -0.36340124043101
H           -2.69470514351976        1.91764220904534       -0.80628761735636
H           -1.53853741815004        2.68765982658556        0.31375025798214
N           -1.61013662968334        0.60551332304119        0.37608033601378
H           -1.11966000998220        0.60786635508229        1.25546212182864
C           -2.03695519181222       -0.56795500730219       -0.12134884432212
O           -2.46739356165703       -0.67347231082310       -1.26972360903882
C           -2.01336069527845       -1.75416377709179        0.84577275490898
H           -2.27329076322861       -1.39082519790117        1.85070743113954
N           -2.93891805555675       -2.80415419519106        0.46234324250368
H           -2.64139738475972       -3.14828807607970       -0.44846866369968
H           -3.87562096667157       -2.42305006173817        0.34572828386058
C           -0.58538545604762       -2.34783998319305        0.87846426318168
H           -0.33314972394005       -2.70002975813550       -0.12235409001318
H           -0.61926490563142       -3.21126952371620        1.54464602271867
C            0.43985408219472       -1.36874841353824        1.33653563928633
C            0.73227085979118       -1.01165874627038        2.62214524458041
H            0.32936491425996       -1.39827828576167        3.54020048746157
N            1.71030539165112       -0.04958769695270        2.63535440521865
H            2.05035818429263        0.34467520265689        3.49772233729502
C            2.05856069677569        0.24872327939795        1.34905391212603
C            2.98286535466802        1.15153648685035        0.83503000037279
H            3.56608193617903        1.79353994704889        1.48098280228023
C            3.12371259683201        1.20506652497180       -0.53405368955242
H            3.84032329287218        1.89627156126516       -0.95668215039988
C            2.37803964156075        0.38535410667866       -1.38700195940813
H            2.52591574303723        0.46890722878033       -2.45186128199522
C            1.45510971546883       -0.50182259876771       -0.88659277403829
H            0.86394725901630       -1.15074353153914       -1.50742126423365
C            1.28332143527356       -0.57289090092936        0.49773414092904
34
 energy: -56.479266224519 gnorm: 0.016730167863 xtb: 6.7.1-6.fc44.fc44
O           -0.79252284931734        1.02481128562333       -2.44238658432562
C           -0.67144111052049        1.96019956154685       -1.52087405409836
O            0.13149283027796        2.84793830080719       -1.56796479156021
H           -1.50312684207301        0.36781573224495       -2.21146636559416
C           -1.68668624342995        1.84829791050983       -0.35989178877040
H           -2.68666995483579        1.92262621332194       -0.80077924630083
H           -1.52813301305256        2.68154850353967        0.32322082900992
N           -1.60709035406780        0.60168047237405        0.37741744033309
H           -1.12141196691770        0.60346546894798        1.25940452394456
C           -2.02875571909992       -0.57224640403475       -0.12103341026173
O           -2.45879751955938       -0.67994777285919       -1.27036337797232
C           -2.00527894389008       -1.75465615615583        0.84670180909538
H           -2.27760884191178       -1.40347382208126        1.84865541322537
N           -2.94065716624141       -2.79457693556497        0.46125821813281
H           -2.66296719651962       -3.14643857991309       -0.45307420534850
H           -3.87347635339982       -2.41202926541649        0.35627126669755
C           -0.58207317598327       -2.35569023276396        0.88110265699890
H           -0.33413812468588       -2.71096630443998       -0.12013723128174
H           -0.61546794498921       -3.21778392768214        1.55054342837007
C            0.44411932233836       -1.37390928973914        1.33546314121175
C            0.73030483377663       -1.01037229075871        2.62065333458235
H            0.32264835887884       -1.38683883362661        3.53838917481848
N            1.70165159444510       -0.04368123027890        2.63278140315378
H            2.04968242197646        0.36226036048656        3.48731633101038
C            2.05664417704767        0.24591738138656        1.34732559130712
C            2.98288761115046        1.15094027075754        0.83807481647015
H            3.57000851425375        1.77668122145797        1.49383856490406
C            3.12639780464404        1.20766457399539       -0.52900605175046
H            3.83269376536211        1.90025228547535       -0.96058424495602
C            2.37499057632157        0.39315874996494       -1.38274901182545
H            2.51534212775698        0.48406262069525       -2.44642951117246
C            1.46010941373785       -0.50121862040765       -0.88707301638113
H            0.86400823450425       -1.14327183620855       -1.52160948228022
C            1.28620906790132       -0.58079457396858        0.49690716262549
34
 energy: -56.479528464436 gnorm: 0.014384244552 xtb: 6.7.1-6.fc44.fc44
O           -0.80147003611901        1.03616734411975       -2.45720268550014
C           -0.66694555239631        1.95541472903914       -1.51770703269534
O            0.14095744407915        2.83841539313709       -1.57061364951346
H           -1.49955827186204        0.36808325172841       -2.22001451871245
C           -1.68179821468838        1.84715401059736       -0.35967308397337
H           -2.68669808342624        1.92988394897298       -0.79327319523927
H           -1.51819682828780        2.67477027211115        0.32956821744430
N           -1.60789787836765        0.59927385694562        0.37812970700283
H           -1.12337499170788        0.60151658791029        1.26201131163628
C           -2.02818981099503       -0.57384349961114       -0.12234293540082
O           -2.44374943549385       -0.68508126010437       -1.27245149877575
C           -2.00182154825113       -1.75639046363917        0.84265930558466
H           -2.28113587952207       -1.41275620951320        1.84410766769692
N           -2.94227498180737       -2.79179873288065        0.45762282363516
H           -2.68071130198360       -3.14851068905050       -0.45982820868559
H           -3.87422516258942       -2.41049667871665        0.36869616721846
C           -0.58059566882759       -2.35873671497492        0.88506116661146
H           -0.33153558130397       -2.71765643865937       -0.11448154957845
H           -0.61475237928115       -3.21779447221643        1.55740155081223
C            0.44349463148327       -1.37322405562423        1.33751025625129
C            0.73177815787297       -1.01037076584813        2.62150799498838
H            0.32199028492180       -1.38197046380626        3.53998142496514
N            1.69600470686678       -0.03769752436919        2.63324693644376
H            2.05386676185394        0.37476132435738        3.48045532455115
C            2.05786530284819        0.24286447651907        1.34722459368499
C            2.98479503264017        1.14651290227129        0.83966396813696
H            3.57031200309857        1.76533006158643        1.50108076698714
C            3.12295718697466        1.21355858763470       -0.52741346495625
H            3.82300054929205        1.90795494669040       -0.96389979996527
C            2.37042505899460        0.39896928452909       -1.38073777979668
H            2.51052544164154        0.48959052200927       -2.44574897344988
C            1.46003860516876       -0.50075159837693       -0.88682127179729
H            0.86274088468443       -1.13864148946050       -1.53106449217947
C            1.28706688836794       -0.58307560607224        0.49724768858003
34
 energy: -56.479682364591 gnorm: 0.011706884447 xtb: 6.7.1-6.fc44.fc44
O           -0.80564830444269        1.04041887682158       -2.46006469855284
C           -0.66854556033242        1.95690682628151       -1.51968554319418
O            0.14791919795068        2.83252803813360       -1.57292245869204
H           -1.50256232638188        0.37180560914366       -2.22821993103984
C           -1.67532853456424        1.84547609025566       -0.35664038002151
H           -2.68013722148157        1.93478187072351       -0.79059849290935
H           -1.50450711184963        2.66924067012004        0.33501346798429
N           -1.60637055572709        0.59600707116334        0.38118097182791
H           -1.12579385987455        0.59697526521439        1.26661804682493
C           -2.02540792108656       -0.57600925776966       -0.12427530375735
O           -2.42926579385514       -0.68656126487269       -1.27587278287137
C           -2.00303452462481       -1.76123194448699        0.83798293267389
H           -2.28516511336272       -1.41760877209751        1.83854367177339
N           -2.94289503371224       -2.79589868450293        0.45307824791333
H           -2.69016786147348       -3.15588029517466       -0.46419962911600
H           -3.87785951619753       -2.40723499387114        0.37069311222658
C           -0.58046873930175       -2.36114030808794        0.88875300023692
H           -0.32510568444962       -2.72417842941599       -0.10794197071665
H           -0.61649477953181       -3.21623732904546        1.56474081329522
C            0.44139330883349       -1.37267349288512        1.34098622761833
C            0.72645958503597       -1.00444153988256        2.62547193788212
H            0.31479991809224       -1.37339075515749        3.54491131836290
N            1.69915642416457       -0.03799568125885        2.63510121545389
H            2.07042898738357        0.37345214618592        3.47544237140265
C            2.05840127866783        0.24220413956329        1.34659283961221
C            2.98247963339450        1.14778134212031        0.83900964690921
H            3.56751567864686        1.76563062688628        1.50148683462019
C            3.12004725931073        1.21768403107645       -0.52911019262974
H            3.81746989235799        1.91370007943904       -0.96633290112552
C            2.36622837644641        0.40221946178583       -1.37996389940415
H            2.50313274917320        0.49157819757691       -2.44677914646282
C            1.45645320440625       -0.49927951300563       -0.88570308778037
H            0.86050740294424       -1.13452569349876       -1.53546719197526
C            1.28525287931954       -0.58267755024235        0.49807368564265
34
 energy: -56.479813626392 gnorm: 0.008961391082 xtb: 6.7.1-6.fc44.fc44
O           -0.81001754601783        1.04599931964792       -2.46485085557724
C           -0.66362076239187        1.95446204522051       -1.51837300703142
O            0.15657823643800        2.82678954773375       -1.57098167428794
H           -1.50654408918277        0.37448218734634       -2.23198935099275
C           -1.66920980876600        1.84488254883925       -0.35548203525059
H           -2.67336654100984        1.93922441502349       -0.78966394103399
H           -1.49244427887064        2.66691124604631        0.33649931414956
N           -1.60423302994860        0.59372624499765        0.38134116268179
H           -1.12771870755361        0.59370640902267        1.26960421650976
C           -2.02450797872960       -0.57642477239158       -0.12774979628896
O           -2.42675415119985       -0.68370938540845       -1.28062508860755
C           -2.00580707402838       -1.76264187142467        0.83316461468551
H           -2.28802785600996       -1.41725135828924        1.83446523276811
N           -2.94075099535485       -2.79941849400147        0.44730747462243
H           -2.69371969716799       -3.15671971204256       -0.47132605655131
H           -3.87924023441312       -2.41917838138082        0.37752350952639
C           -0.58184428810311       -2.36068629690945        0.89185116144433
H           -0.32025450563764       -2.72693195110724       -0.10270342444948
H           -0.61985017475806       -3.21354516701555        1.57027337802771
C            0.43815321505827       -1.37136631659629        1.34537574005075
C            0.72811179539858       -1.00416270279904        2.62893593963933
H            0.31694725285914       -1.37373922740521        3.54947843512482
N            1.69878899607615       -0.03672599542652        2.63682716267540
H            2.08148724975577        0.37311625916800        3.47181075232662
C            2.05670598651439        0.24331354797350        1.34667927913372
C            2.97816193153571        1.15070149122347        0.83850570245680
H            3.56291029297389        1.77221251508732        1.49859467566098
C            3.11731079976666        1.21758540664579       -0.53091502234051
H            3.81411032643346        1.91586022062000       -0.96632974316149
C            2.36313370273099        0.40194164362445       -1.37957056326022
H            2.49612852790147        0.49167706559490       -2.44710408351336
C            1.45152589581567       -0.49868595987765       -0.88378155619110
H            0.85848525576960       -1.13214562885862       -1.53632797923779
C            1.28225958799430       -0.58183405564531        0.49943915830334
34
 energy: -56.479946793247 gnorm: 0.005946557104 xtb: 6.7.1-6.fc44.fc44
O           -0.81524429249605        1.05029572386903       -2.47103880717093
C           -0.65375134834276        1.94869658050295       -1.51930807726377
O            0.17537276387027        2.81322406260566       -1.56884420319808
H           -1.51538409759822        0.37954749559319       -2.23816428872565
C           -1.65813034571386        1.84516036276166       -0.35256148276947
H           -2.66423133936820        1.94807934580915       -0.78152634363731
H           -1.47465828163568        2.66448896796542        0.34143870356460
N           -1.59886371790887        0.59015757463334        0.37912118166042
H           -1.12833102709629        0.58553015799446        1.26954040807953
C           -2.02251601239145       -0.57674238639109       -0.13403210449556
O           -2.42736461087540       -0.67803593437583       -1.28848043223731
C           -2.00885119675619       -1.76427124776926        0.82723945260038
H           -2.29142731809584       -1.41332459624759        1.82837412821787
N           -2.93444355511619       -2.80626475018478        0.44009458067519
H           -2.69681409921080       -3.15481793405714       -0.48292801780024
H           -3.87973367357129       -2.43873355883095        0.38764874010962
C           -0.58338336851009       -2.35959881022533        0.89645643517787
H           -0.31453195437307       -2.72974260424957       -0.09533851087823
H           -0.62640928781727       -3.21043172995827        1.57763250374061
C            0.43448173749083       -1.37027363200353        1.35165158952330
C            0.73015221399268       -1.00438528642492        2.63411590138580
H            0.32028541711471       -1.37585117913136        3.55586245330469
N            1.69610449544397       -0.03364226258192        2.63880669015807
H            2.09889492586536        0.37363217579294        3.46481216999785
C            2.05282899753831        0.24525338384116        1.34706888398114
C            2.97285645048904        1.15216330270632        0.83782821964491
H            3.55674171127311        1.78111013151131        1.49359477753405
C            3.10631244468907        1.22094646370071       -0.53222352144359
H            3.80391384846633        1.92164681521553       -0.96371797914842
C            2.35545305138516        0.40275444247496       -1.37947465458363
H            2.49017647330584        0.48894436356122       -2.44647324519520
C            1.44134375460973       -0.49652713648742       -0.88110151874346
H            0.85597358398548       -1.12796022191202       -1.53781310375126
C            1.27606499123597       -0.57960324247227        0.50164220369790
34
 energy: -56.479988678061 gnorm: 0.004091441242 xtb: 6.7.1-6.fc44.fc44
O           -0.81646215998181        1.05064779268180       -2.47141193743845
C           -0.65000604857612        1.94675215640638       -1.51948267262942
O            0.18263744242689        2.80776086206942       -1.56656714553567
H           -1.51880125738566        0.38144539697565       -2.23788318964474
C           -1.65432886517022        1.84483445533791       -0.35222985950485
H           -2.66020479963816        1.95113745724868       -0.77874859239277
H           -1.46493946050442        2.66377483338750        0.34013807757188
N           -1.59704353909701        0.58897626480776        0.37677796181397
H           -1.12626601635257        0.58303315429051        1.26817535870879
C           -2.02206169186717       -0.57744681746917       -0.13576093846973
O           -2.42910056408257       -0.67911073750806       -1.28978556973963
C           -2.00911750747092       -1.76446867316621        0.82683089474461
H           -2.29194469663024       -1.41159390056997        1.82709372799517
N           -2.93198668825842       -2.80816064709297        0.43898642407257
H           -2.69970859979981       -3.14884834306763       -0.48896612731685
H           -3.87907529888903       -2.44877968718019        0.39623518605501
C           -0.58366250463305       -2.35935701966443        0.89665330368806
H           -0.31439189134605       -2.72979612775361       -0.09435027563413
H           -0.62849950900350       -3.21012354256703        1.57822584398563
C            0.43389973239856       -1.37024613978285        1.35231511670660
C            0.72872112829844       -1.00476360609086        2.63515176925809
H            0.31944874645303       -1.37717324265698        3.55642297239344
N            1.69377654873497       -0.03278625871204        2.63940714424228
H            2.10516990952559        0.37284862438812        3.46198803433853
C            2.05015245502448        0.24623055402054        1.34794600719633
C            2.96851742151124        1.15492707213535        0.83811821874659
H            3.55160204363653        1.78660085039704        1.49214872045539
C            3.10450189193985        1.22044402016802       -0.53177687143575
H            3.80228388528345        1.92213729659698       -0.96172972509225
C            2.35332866043383        0.40251097226574       -1.37971348905507
H            2.48553965507946        0.49271644734146       -2.44670213348484
C            1.43980087090211       -0.49701238065942       -0.88058981985847
H            0.85736334089300       -1.12667738823825       -1.53937440636411
C            1.27374470002361       -0.57900886110344        0.50236072363552
34
 energy: -56.480017752113 gnorm: 0.002866509058 xtb: 6.7.1-6.fc44.fc44
O           -0.81781074905130        1.04901368085710       -2.47297246777602
C           -0.64696978783560        1.94362507984324       -1.52063248042263
O            0.18839753432554        2.80172397879255       -1.56501755837605
H           -1.52203429663989        0.38197496099424       -2.23795555907002
C           -1.65013621407425        1.84434609623779       -0.35149399502041
H           -2.65521492827799        1.95430350445500       -0.77638367558205
H           -1.45836682030402        2.66203764565012        0.34193247977286
N           -1.59627655877766        0.58782267368538        0.37534513650040
H           -1.12356009984143        0.57946625528858        1.26524591768004
C           -2.02279898574651       -0.57840275210607       -0.13610846332234
O           -2.43188079027119       -0.68109233901140       -1.28931881761950
C           -2.00848847722179       -1.76442636328327        0.82767684545576
H           -2.29247395746965       -1.41042564868577        1.82678564740374
N           -2.93058957633541       -2.80894386103068        0.43921355424763
H           -2.70314085322917       -3.14002777162442       -0.49448762096804
H           -3.87937945425244       -2.45198997877232        0.40294718167751
C           -0.58344418640208       -2.36027167302687        0.89678272434707
H           -0.31653501651099       -2.73045356248974       -0.09453630955221
H           -0.62810989801667       -3.21132874527561        1.57811306472945
C            0.43481888592678       -1.37144819194530        1.35183461243795
C            0.72876518868212       -1.00620080948846        2.63494315160880
H            0.32062592267332       -1.37948487825074        3.55567442358774
N            1.68931504715072       -0.03054214129175        2.63899053439379
H            2.10732660521568        0.37429034755558        3.45898838441223
C            2.04706377183793        0.24761351288784        1.34842161543955
C            2.96499962237996        1.15709391629243        0.83834956010205
H            3.54764289192305        1.78965969773539        1.49236759219429
C            3.10167307797585        1.22256205851298       -0.53085394516318
H            3.80032810680205        1.92383876627569       -0.96016246577341
C            2.35157107038619        0.40379528481698       -1.37910449785334
H            2.48539790651387        0.49415349021149       -2.44540547905053
C            1.43932671364723       -0.49651093198653       -0.88035478964239
H            0.86015458325619       -1.12476658203798       -1.54145973963855
C            1.27269105543982       -0.57957988254969        0.50253817085152
34
 energy: -56.480032007640 gnorm: 0.002462959274 xtb: 6.7.1-6.fc44.fc44
O           -0.81767330505235        1.04600690358964       -2.47233269407898
C           -0.64528807975685        1.94187531361980       -1.52147678377736
O            0.19098104580679        2.79893724542647       -1.56484352760450
H           -1.52347742889094        0.38191660556368       -2.23654355577328
C           -1.64843505667543        1.84309060598255       -0.35188716110617
H           -2.65485039754947        1.95552715436435       -0.77450109552957
H           -1.45400293326088        2.65990420070432        0.34166667300861
N           -1.59659837732900        0.58711867280787        0.37512760773379
H           -1.12038993610855        0.57806028792599        1.26331048826347
C           -2.02373380035427       -0.57955608079295       -0.13497429029441
O           -2.43362909411873       -0.68321706754495       -1.28738494160440
C           -2.00808262962339       -1.76490179866310        0.82909030265576
H           -2.29275217626914       -1.41175587917223        1.82794692121923
N           -2.93136357137672       -2.80876675888927        0.43966066255042
H           -2.70649849547568       -3.13141494346074       -0.49836108586415
H           -3.88037637304515       -2.45242686669258        0.40853007962971
C           -0.58314237621032       -2.36130085488152        0.89585028745405
H           -0.31857263000675       -2.73116487515060       -0.09605121631422
H           -0.62676419465817       -3.21253942972284        1.57681805991256
C            0.43555338030914       -1.37210554879503        1.35010060144706
C            0.72675461364618       -1.00573052514135        2.63390665325291
H            0.31905075571969       -1.37917055153338        3.55415076525192
N            1.68724158194870       -0.02964256918178        2.63826624459181
H            2.10792780001437        0.37398385362059        3.45756879367757
C            2.04567648440423        0.24857970043152        1.34825005753784
C            2.96366364260459        1.15838710852495        0.83893299876087
H            3.54503599365515        1.79073348603157        1.49415552530329
C            3.10076765900546        1.22484440500560       -0.52978387294848
H            3.79973851420989        1.92570388252251       -0.95937771846832
C            2.35196266802027        0.40510632068333       -1.37869762369774
H            2.48714637157474        0.49463799806776       -2.44481781272847
C            1.44088627686288       -0.49613374308357       -0.88091116822084
H            0.86345318131687       -1.12358984434194       -1.54337914373235
C            1.27267822054112       -0.57957157058886        0.50189370150416
34
 energy: -56.480040662520 gnorm: 0.002257780051 xtb: 6.7.1-6.fc44.fc44
O           -0.81759759778547        1.04285506242171       -2.47229715045472
C           -0.64453340095136        1.93985119527138       -1.52206312467678
O            0.19088589556125        2.79748970010972       -1.56566617048166
H           -1.52370507219480        0.38001711069346       -2.23547214884922
C           -1.64697015275823        1.84215135482393       -0.35157127512502
H           -2.65280259406538        1.95585693318094       -0.77495104563069
H           -1.45232015809128        2.65866496499852        0.34266319893430
N           -1.59689707983151        0.58680395124888        0.37641871267834
H           -1.11828060306629        0.57730542064754        1.26331979992928
C           -2.02442488807334       -0.58017701627097       -0.13314398339656
O           -2.43501428354415       -0.68425081515676       -1.28495239702767
C           -2.00830854405321       -1.76583509512703        0.83022979741504
H           -2.29335072238178       -1.41404685830449        1.82922123432196
N           -2.93298856448795       -2.80883410430961        0.43966558743239
H           -2.70936314352883       -3.12430081443377       -0.50110313640706
H           -3.88211626802054       -2.45086759648390        0.41203420163956
C           -0.58318063357637       -2.36187239311070        0.89509920076478
H           -0.31979480774373       -2.73109455887291       -0.09721682183787
H           -0.62529589086698       -3.21333078781835        1.57569583863939
C            0.43539877560879       -1.37195393581805        1.34864849350567
C            0.72615161864002       -1.00603901256135        2.63257108136483
H            0.31864918141745       -1.37941816513491        3.55261116274275
N            1.68536942008020       -0.02873825963846        2.63751352143257
H            2.10647899125787        0.37412932658452        3.45691836781906
C            2.04516174582888        0.24903587454409        1.34781602304728
C            2.96281977642490        1.15976856485957        0.83951297493852
H            3.54244093307951        1.79188555380725        1.49604777408911
C            3.10167583943624        1.22607052104844       -0.52913291948386
H            3.80023836102008        1.92716631538187       -0.95921205699964
C            2.35364156595244        0.40581095616902       -1.37850727741423
H            2.48888477239666        0.49555165177240       -2.44486883857075
C            1.44289288617811       -0.49606830512616       -0.88173955822483
H            0.86614965251828       -1.12274503441370       -1.54522077898416
C            1.27299232349875       -0.57941686774633        0.50103444488170
34
 energy: -56.480047084160 gnorm: 0.001727615346 xtb: 6.7.1-6.fc44.fc44
O           -0.81713084734598        1.03979864509592       -2.47137874968156
C           -0.64372015088388        1.93815482018039       -1.52208284757490
O            0.19038442960619        2.79694887984655       -1.56718612842171
H           -1.52327500363207        0.37759757021376       -2.23375613702448
C           -1.64583644144466        1.84103817716971       -0.35136703603745
H           -2.65161572446831        1.95601174960938       -0.77521299091054
H           -1.44942764587943        2.65760431903528        0.34224344565123
N           -1.59725658425549        0.58627912725264        0.37796067910231
H           -1.11706526107660        0.57648319495859        1.26387253839950
C           -2.02598161253595       -0.58029898458597       -0.13148004131715
O           -2.43766532888445       -0.68354215170176       -1.28312559190634
C           -2.00846827502860       -1.76680809042486        0.83076377117766
H           -2.29327419670786       -1.41690550758561        1.83040998823423
N           -2.93429459866089       -2.80888008978795        0.43862675198722
H           -2.71208048978061       -3.11705095198573       -0.50449937302950
H           -3.88357983416429       -2.45069390166911        0.41635789347570
C           -0.58315313277121       -2.36281277097135        0.89438591647983
H           -0.32010077983074       -2.73151083764080       -0.09833477810520
H           -0.62389874019009       -3.21442714679379        1.57479056157074
C            0.43522810601988       -1.37245328538595        1.34763883848790
C            0.72500278175517       -1.00540851496279        2.63172870671613
H            0.31713306802215       -1.37816507708625        3.55188828626819
N            1.68436203182041       -0.02820228981370        2.63684236820552
H            2.10560138109443        0.37400875672948        3.45639196058325
C            2.04473226865920        0.24940166845882        1.34703384637157
C            2.96231243750500        1.16085232751152        0.83977856199706
H            3.54084286458111        1.79245428537762        1.49774546388766
C            3.10216505518462        1.22776630957431       -0.52883123435568
H            3.80033010407251        1.92897385576251       -0.95924458652965
C            2.35534306637642        0.40664462152137       -1.37812705312513
H            2.49211192845326        0.49507996696891       -2.44447187407521
C            1.44394312036444       -0.49544863705155       -0.88250108302980
H            0.86792937106122       -1.12154949680143       -1.54704969483454
C            1.27328996684331       -0.57951570378234        0.50009235337496
34
 energy: -56.480051526117 gnorm: 0.001527837348 xtb: 6.7.1-6.fc44.fc44
O           -0.81615399998331        1.03537753221645       -2.46964570306249
C           -0.64321092754570        1.93608512945706       -1.52262390704448
O            0.18912555681366        2.79658348408273       -1.57117351824944
H           -1.52236725317505        0.37355957849800       -2.23140826781132
C           -1.64416402360151        1.84020959423539       -0.35049630077370
H           -2.65051161830063        1.95548049351905       -0.77404639167566
H           -1.44722993721115        2.65742010025256        0.34237597515240
N           -1.59578709438337        0.58597150595539        0.38001165809126
H           -1.11552354038668        0.57649780749449        1.26612084379600
C           -2.02587904781359       -0.58006251894384       -0.12947516986745
O           -2.43893617006224       -0.68271313459572       -1.28062595176315
C           -2.00981964920547       -1.76793486313815        0.83122249984519
H           -2.29396623816954       -1.42038108842276        1.83197747944488
N           -2.93551366281694       -2.80957699533772        0.43649665065589
H           -2.71540970566099       -3.10860815920664       -0.50924589667541
H           -3.88544932213979       -2.45303737565107        0.42184687580579
C           -0.58384540094342       -2.36230657492586        0.89296841289271
H           -0.32024603212177       -2.73052636048122       -0.10004794246395
H           -0.62375172594172       -3.21447945925351        1.57284588254935
C            0.43407052104762       -1.37181852745379        1.34672943680181
C            0.72435668041777       -1.00512069406417        2.63051938784438
H            0.31559563507511       -1.37720322713927        3.55089076204509
N            1.68312645361326       -0.02738600669965        2.63619413124649
H            2.10400975969130        0.37426850008475        3.45599362055447
C            2.04427084781980        0.24985131799770        1.34613283230684
C            2.96209204434332        1.16167747637278        0.84032407393044
H            3.53911310011204        1.79343032426285        1.49924427259538
C            3.10333128158618        1.22851968864333       -0.52831403548507
H            3.80036109552543        1.93076135261005       -0.95862985182568
C            2.35777106183702        0.40689076946707       -1.37806474823512
H            2.49477514332588        0.49548676483118       -2.44443879200530
C            1.44537954371411       -0.49557963108147       -0.88335570634674
H            0.86993659985568       -1.12089310050878       -1.54926471781896
C            1.27333735856288       -0.57901886584135        0.49886483755738
34
 energy: -56.480054729301 gnorm: 0.001335072370 xtb: 6.7.1-6.fc44.fc44
O           -0.81622394368109        1.03426198150569       -2.46927626622155
C           -0.64338184402942        1.93529203221885       -1.52264235248101
O            0.18826348656787        2.79638725978717       -1.57304564742344
H           -1.52237739738663        0.37194305041604       -2.23064175729694
C           -1.64360388414655        1.84038285585578       -0.34997106185994
H           -2.64968736498130        1.95566753377098       -0.77318199801127
H           -1.44610531891518        2.65789357478562        0.34219613243476
N           -1.59525256189605        0.58587406240421        0.38023090243163
H           -1.11591415444987        0.57595884206496        1.26660643281359
C           -2.02716594742946       -0.57921768429258       -0.12909026764848
O           -2.44110420632504       -0.68092549915928       -1.28049115116392
C           -2.00926555382057       -1.76766837478278        0.83111015495141
H           -2.29265353497454       -1.42071793509159        1.83213133720098
N           -2.93420838536064       -2.80956679337618        0.43530161138227
H           -2.71648612030284       -3.10487699822384       -0.51213283023632
H           -3.88485005003565       -2.45546185780040        0.42527796919128
C           -0.58337508038173       -2.36272314144212        0.89277489542438
H           -0.32004642136906       -2.72973123269641       -0.10065045261707
H           -0.62317261081708       -3.21562598044977        1.57192285763012
C            0.43422028150766       -1.37218393794607        1.34680322395979
C            0.72337105857450       -1.00454080417428        2.63061889860047
H            0.31363210745011       -1.37610422267070        3.55091982643886
N            1.68283446029700       -0.02733644901725        2.63627880094387
H            2.10344681982823        0.37450944895348        3.45608734144331
C            2.04414924839746        0.24961124109638        1.34624337157943
C            2.96177071705844        1.16173136224193        0.84049783604251
H            3.53870867737015        1.79384237020456        1.49911269336964
C            3.10369325359779        1.22801009677378       -0.52808571689011
H            3.80043090745795        1.93060209178625       -0.95789481940184
C            2.35825950979412        0.40662104633998       -1.37811702325818
H            2.49548763862683        0.49571253955241       -2.44434814289160
C            1.44558760360553       -0.49591610897964       -0.88346578012158
H            0.87048121745687       -1.12100031284901       -1.55001456510426
C            1.27342472659037       -0.57927921957029        0.49883827880104
34
 energy: -56.480057818827 gnorm: 0.001118573930 xtb: 6.7.1-6.fc44.fc44
O           -0.81649515259034        1.03309451951864       -2.46826781549215
C           -0.64424411192543        1.93523404314639       -1.52290743437721
O            0.18718039891195        2.79647867907813       -1.57527231743200
H           -1.52321875727362        0.37112238995614       -2.22931316888124
C           -1.64326911591444        1.84045413560184       -0.34969880946498
H           -2.64968088990202        1.95551133291407       -0.77143040802407
H           -1.44414993314995        2.65838907221888        0.34114418828335
N           -1.59413945293672        0.58588576120690        0.38014857374080
H           -1.11527663659685        0.57616652662287        1.26692599399177
C           -2.02708841293764       -0.57906570591952       -0.12844443149414
O           -2.44140831509256       -0.68096944111921       -1.27961280524080
C           -2.00945163702066       -1.76756597777720        0.83154243856975
H           -2.29244872123033       -1.42096796786705        1.83261986096838
N           -2.93305251955474       -2.81007144150466        0.43445345197968
H           -2.71897450827005       -3.10050402566683       -0.51566299454714
H           -3.88477785357664       -2.45887898353012        0.42964741040139
C           -0.58325458208165       -2.36219423988540        0.89174441644760
H           -0.32079779536654       -2.72808343178143       -0.10219957470408
H           -0.62303672102441       -3.21593579225936        1.56978449306063
C            0.43490318314424       -1.37264706509529        1.34650187353965
C            0.72320413485619       -1.00469916521535        2.63037553499397
H            0.31247351380545       -1.37596564249147        3.55036191956758
N            1.68152672520781       -0.02665342844454        2.63626580848344
H            2.10119622384104        0.37600149915835        3.45625447411004
C            2.04389645226758        0.24958326793380        1.34662432796162
C            2.96173338572062        1.16151503557425        0.84063654022635
H            3.53911853490357        1.79380119893280        1.49895196286810
C            3.10357387871031        1.22803933392320       -0.52774329233677
H            3.80058080167417        1.93046248489449       -0.95693594054580
C            2.35871362007896        0.40641058975920       -1.37786792819869
H            2.49717594904743        0.49520587804675       -2.44376944881848
C            1.44630907301173       -0.49632008973959       -0.88328338242028
H            0.87196850325792       -1.12141719327082       -1.55060542130721
C            1.27409807188380       -0.57999131968300        0.49893463610280
34
 energy: -56.480060787547 gnorm: 0.000386987326 xtb: 6.7.1-6.fc44.fc44
O           -0.81672648244473        1.03275410312718       -2.46890053270917
C           -0.64458702972264        1.93536441878578       -1.52363334371966
O            0.18744460521093        2.79603366035442       -1.57560546131678
H           -1.52424890289535        0.37177993834559       -2.23000759758773
C           -1.64323045985000        1.84070369590130       -0.34976349505710
H           -2.65001770561167        1.95620223728355       -0.77102676260795
H           -1.44442056094188        2.65794916821944        0.34235282049297
N           -1.59413794294306        0.58600558847592        0.38008115478756
H           -1.11496893037456        0.57621502514918        1.26662543751286
C           -2.02715548299727       -0.57909114546948       -0.12852648927057
O           -2.44165440531976       -0.68100109422547       -1.27948582686782
C           -2.00916715602140       -1.76777166568131        0.83111379184651
H           -2.29242224464728       -1.42116468638678        1.83221426214779
N           -2.93270527474113       -2.81039051233536        0.43464788764248
H           -2.72219412538038       -3.09992405065701       -0.51617271126619
H           -3.88483812359662       -2.45953700413283        0.43252530715955
C           -0.58286151203271       -2.36226356385396        0.89111963913053
H           -0.32034489972776       -2.72812032162576       -0.10286313462135
H           -0.62251540961229       -3.21595695764335        1.56910353583186
C            0.43470065883629       -1.37212051311947        1.34603414566783
C            0.72273382042066       -1.00432317562546        2.63002562687471
H            0.31240884652409       -1.37630148352265        3.54981628418607
N            1.68178118668524       -0.02683841228952        2.63638712761542
H            2.10039399238823        0.37549294930253        3.45719504051329
C            2.04407165788776        0.24997262526134        1.34680037962941
C            2.96192050504052        1.16180796872983        0.84095123094613
H            3.53892676153210        1.79437418499069        1.49932489347296
C            3.10402598760367        1.22810142225292       -0.52755717644567
H            3.80171949471551        1.93033530914475       -0.95673551467157
C            2.35915777943591        0.40634492069055       -1.37781325410797
H            2.49695792715890        0.49523194537726       -2.44393476402993
C            1.44711126766459       -0.49633033487791       -0.88316887174739
H            0.87345017865961       -1.12258988474531       -1.55018115643200
C            1.27427931297467       -0.57951951796475        0.49896025901277
