34
 energy: -55.569005921927 gnorm: 1.845502546972 xtb: 6.7.1-6.fc44.fc44
O           -3.33151568099938        2.22623685160075       -0.09960780766667
C           -2.05067644512862        2.94588671154641       -0.15047427118086
O           -1.77877724697359        4.03481644276176        0.31736683497517
H           -3.47761157689166        1.49672032467419       -0.29477514764748
C           -0.85432481016517        2.06561980479209       -0.61709881381524
H           -0.11277293120847        2.33707857657565       -0.65423605264384
H           -1.21391724932852        1.69380796018756       -1.46333835404455
N           -0.91644736910533        0.74689516941975        0.36055176630745
H           -0.07530292565153        0.56929237709364        0.84932039761946
C           -1.89875605667257       -0.37866249621628        0.22531898280971
O           -3.04928135839777       -0.30573461937154       -0.58382801141161
C           -1.57539429132275       -1.61927992186848        0.95387961940736
H           -1.05584238034107       -1.22193714686178        1.63862113346681
N           -2.49205683583730       -2.39624739067507        1.29862440094482
H           -3.14447433610819       -2.49516097394333        0.44050103575659
H           -3.06776181031119       -1.82809577207114        2.03908515423870
C           -0.39328471442856       -2.44551669602962       -0.11150126931546
H           -1.01369670078269       -2.87990555002674       -0.72608421296978
H            0.01662048369796       -3.48982700392775        0.35225544451164
C            0.71156756123212       -1.53093077874627       -0.75766654573708
C            0.66895172774621       -1.00583386537426       -1.97451098662831
H            0.15860833530616       -1.18481637226034       -2.65502452322546
N            1.97173392445704       -0.38872545023286       -2.17783274979075
H            2.20694615179629        0.03199501538368       -2.97191735710495
C            2.55007261059462       -0.19612111309921       -0.71340546775351
C            3.46126691947620        0.59283609128170       -0.26827430800795
H            4.37927070078310        1.01116163998958       -0.96071704773435
C            3.92352900501052        0.34006092746141        0.91352505075603
H            4.93343965503276        0.84467814509195        1.37594930481910
C            3.19578996345221       -0.40069494285086        1.65886473376590
H            3.71164587689560       -0.64714908149485        2.91942925444772
C            2.39587798735884       -1.00787357811762        1.74963468423056
H            1.61237668976508       -1.71257103772943        2.13385984308740
C            1.62674096500622       -0.82712164826672        0.26425214669128
34
 energy: -56.150895843039 gnorm: 0.572959878175 xtb: 6.7.1-6.fc44.fc44
O           -3.31191930202663        2.30411742975900       -0.08290347892918
C           -2.05495420079977        2.94367698228136       -0.13497266190834
O           -1.78968097994187        4.02863768159057        0.31172491523646
H           -3.48315876793696        1.43727808348471       -0.31261616296540
C           -0.92931115140103        2.02289531861990       -0.59623332078781
H           -0.01901836850844        2.37315888505129       -0.64329858254015
H           -1.23548483344778        1.67540094968696       -1.49272812657903
N           -0.94023155919763        0.73992809532587        0.34685212494943
H           -0.07911860484867        0.56780972018789        0.84648998324112
C           -1.90384316850781       -0.35789877089991        0.19652442046223
O           -3.01200202221794       -0.30508878604792       -0.55937510107333
C           -1.54937655043807       -1.61160723637846        0.92227272784345
H           -1.02401810307773       -1.20874304652790        1.66968634571947
N           -2.52804599049964       -2.40932960403405        1.29980604583660
H           -3.14720706501667       -2.49891655693441        0.44910275128409
H           -3.06806055416394       -1.84053262463061        2.03192768620707
C           -0.38785374300661       -2.44292079526063       -0.09413620474266
H           -1.03061550097786       -2.88441986142483       -0.75050465097271
H            0.01622111183587       -3.46722680800149        0.35534156746292
C            0.69693089704182       -1.53422989026454       -0.71464362901383
C            0.70888796279786       -1.00354535375458       -1.93962175605118
H            0.12780857635997       -1.19547244639290       -2.70257628988603
N            1.96677415205804       -0.38935759068442       -2.14035417786823
H            2.21284220747912        0.04148326400700       -2.97871764162312
C            2.51805737576981       -0.20207714588285       -0.72997238068705
C            3.50003961146915        0.60327289068653       -0.29630503301566
H            4.36439709423480        1.01378133010576       -0.96224081582053
C            3.98234423803350        0.38464716495338        0.92084231266855
H            4.92736180188005        0.84477624009864        1.36790658389408
C            3.27830804625653       -0.36133327784195        1.69160324228125
H            3.72055945296214       -0.63740573831030        2.91161078476841
C            2.26671907596122       -1.08533761670940        1.74366890898026
H            1.59278316148718       -1.72997116010641        2.14190679849570
C            1.63640953834460       -0.84056912705535        0.23467967629097
34
 energy: -56.352128239918 gnorm: 0.318463265493 xtb: 6.7.1-6.fc44.fc44
O           -3.29324145737631        2.34916938588576       -0.08259308957534
C           -2.05780601731008        2.91759257612833       -0.09987575078716
O           -1.81722689862155        4.02071496645045        0.30112310669185
H           -3.45825130156260        1.43961349258542       -0.31774887382198
C           -0.95873082774671        1.97670256653231       -0.57052728370659
H           -0.00882672210055        2.37308878651063       -0.61713208877401
H           -1.24397561721583        1.65445480560236       -1.53537849943992
N           -0.97613015597180        0.73090579568652        0.31601868805011
H           -0.10602115711110        0.56575668937418        0.83118391959085
C           -1.88900411162005       -0.33660765715473        0.15509178393930
O           -2.94131366696785       -0.28236786770648       -0.51817736411740
C           -1.50306893676700       -1.60345258626280        0.89157314514303
H           -0.97880973527158       -1.20412374691368        1.70764972578053
N           -2.55309986675307       -2.40814356494639        1.28991448106507
H           -3.15563612442117       -2.50526769484600        0.46251183584909
H           -3.07036813222437       -1.86588446816701        2.01214809792592
C           -0.41122552131074       -2.43827117353371       -0.07609647494712
H           -1.05088870760542       -2.87990310944962       -0.79556148562680
H            0.01336771673213       -3.40578774133578        0.37253249663738
C            0.65784359083202       -1.53066688875564       -0.64527097231361
C            0.74758191931601       -1.02719128219366       -1.91154498791594
H            0.12592324786006       -1.20810324435923       -2.72016661884220
N            1.95453123884524       -0.37188740524749       -2.07616102569381
H            2.21887920358259        0.05068025491811       -2.95096502241636
C            2.49319398822045       -0.19204953224394       -0.74738387661896
C            3.55979157168734        0.58853498926379       -0.33209316390287
H            4.33262170700970        1.02428430964067       -0.97782986244727
C            4.01767179184201        0.41698603643601        0.94656736962292
H            4.91673117832797        0.84769158497762        1.35363739930635
C            3.29442987866787       -0.38997117446456        1.73882755314634
H            3.72082535384717       -0.60926957089956        2.85759789366819
C            2.20006529019927       -1.08510366512298        1.69117247371245
H            1.56514130713282       -1.75507864419858        2.15053517994216
C            1.67756981181173       -0.88216462349432        0.20716815203359
34
 energy: -56.444682113658 gnorm: 0.148741988437 xtb: 6.7.1-6.fc44.fc44
O           -3.28524264426233        2.39023968298336       -0.07592043042630
C           -2.06943610685255        2.89858637135391       -0.08094527396105
O           -1.83483747634768        4.01301325444366        0.28960056204633
H           -3.43135091082923        1.44195499602580       -0.32366722940674
C           -0.98962161461573        1.92251233157430       -0.54759709453782
H           -0.00365242330447        2.37098003017668       -0.59178964751257
H           -1.25227028310905        1.64018497423925       -1.56978510985587
N           -0.99686042297859        0.71537226408996        0.28654045250719
H           -0.13123361179395        0.56034133689966        0.81550016120548
C           -1.86553486924159       -0.32107328294727        0.12544851254829
O           -2.89070444976997       -0.25462701552785       -0.49645591461646
C           -1.44160322182382       -1.60732261355953        0.86533687713403
H           -0.93559948685182       -1.21860096234442        1.74501068410810
N           -2.56452627965561       -2.40365102990186        1.27930822949361
H           -3.16263584932938       -2.51086121658893        0.47130535505018
H           -3.07024718082163       -1.88680785831762        1.99019682328212
C           -0.43811611436358       -2.41806858601193       -0.05544788455845
H           -1.05903594340849       -2.85845721508650       -0.83810834844513
H           -0.00604743239948       -3.32823277726801        0.40425295022338
C            0.63778614168476       -1.52600647788224       -0.58819553664778
C            0.78176368055804       -1.05458283118332       -1.88012132769869
H            0.13028774743259       -1.22464634855136       -2.72377009971950
N            1.93935514818922       -0.34426895099832       -2.00148315747034
H            2.22651871799385        0.05684145902771       -2.90194838941099
C            2.47417084339761       -0.18778947906672       -0.75007736079137
C            3.61202583108270        0.55675155428317       -0.34901906553140
H            4.30020119888360        1.04001455163457       -1.00359211827575
C            4.03846039300540        0.42490790834875        0.96665252225091
H            4.92137893116609        0.86138653740231        1.34912930390574
C            3.30262715006644       -0.41260975559623        1.78372382428396
H            3.70773155820594       -0.57781576956990        2.77894491003213
C            2.13978011803019       -1.09602443760524        1.58728320952944
H            1.54500601574017       -1.77312109671458        2.15591491119403
C            1.69400668427891       -0.91363894906529        0.19452156122910
34
 energy: -56.466627752508 gnorm: 0.083685934253 xtb: 6.7.1-6.fc44.fc44
O           -3.30019900256092        2.41462252856501       -0.08107917750613
C           -2.07381626424623        2.88822578008455       -0.05765481866152
O           -1.83381124733611        4.01457302175619        0.27994445026750
H           -3.42055003527827        1.45223915751997       -0.33635949707016
C           -1.00698293252456        1.89642444663261       -0.54466758178980
H           -0.00869521971932        2.36519526990981       -0.58138190792044
H           -1.26318751226600        1.62523947316286       -1.58558136415178
N           -0.98058797133015        0.70487117261658        0.27380814444106
H           -0.12907152774217        0.55216982855418        0.80480305116250
C           -1.82552252792138       -0.32553809970558        0.10868536421114
O           -2.89855025540901       -0.22450429383001       -0.48802382695324
C           -1.40447747015988       -1.61155509355504        0.86100867649144
H           -0.89250442736245       -1.25097809385809        1.76757050927057
N           -2.55765202478242       -2.40534590810907        1.26502162702174
H           -3.16688705892854       -2.51659940219766        0.46310956775301
H           -3.07544045528746       -1.90778139466761        1.97675405487594
C           -0.46958471386470       -2.39460933925294       -0.06355094278962
H           -1.06821930464311       -2.82764748545119       -0.88389434573101
H           -0.04215083880726       -3.24747837215432        0.48230830859814
C            0.63129546249985       -1.53082500110046       -0.57372716483443
C            0.79211601083287       -1.08805872864997       -1.86830618275197
H            0.14297264255527       -1.26361322395874       -2.72489510591435
N            1.91444858818695       -0.30747072131876       -1.96224202869361
H            2.21741542617548        0.09394192863118       -2.85048932752367
C            2.48453440907319       -0.19336969355300       -0.73981624534679
C            3.63911116076616        0.52539198640708       -0.34959148827567
H            4.25602649821782        1.08924061026800       -1.05464498877731
C            4.05095799530832        0.39905250439525        0.96504198438402
H            4.93206544208908        0.88089776479980        1.34694853057913
C            3.29715882315199       -0.42245715486518        1.80196585904948
H            3.69679442054223       -0.55932494403380        2.80540023508958
C            2.12915275243057       -1.12036064411198        1.51603594890125
H            1.54207124798559       -1.76640711506482        2.15504324456181
C            1.71431374831105       -0.96328016516870        0.18320329919102
34
 energy: -56.473111046194 gnorm: 0.059930615577 xtb: 6.7.1-6.fc44.fc44
O           -3.30653643304638        2.41834973793315       -0.07001884772284
C           -2.08489197481000        2.89735478639518       -0.06482741677126
O           -1.82711013758435        4.01252132876354        0.28130303563566
H           -3.39657531164787        1.45179575255641       -0.33972913821085
C           -1.02210759612562        1.89595429297767       -0.55282082484880
H           -0.02065331136622        2.37055399471761       -0.58262284639344
H           -1.27841832911013        1.61837413352247       -1.59195322084305
N           -0.96287482783202        0.70715423770852        0.26476640287866
H           -0.11955969186739        0.54839071361835        0.79267601413786
C           -1.83635836355533       -0.29544091362717        0.15117162585941
O           -2.85775979181834       -0.20349103688572       -0.50931289263333
C           -1.40591382539700       -1.59623479864342        0.86112580679522
H           -0.87618742762535       -1.28214760655657        1.78259458586045
N           -2.55344866655854       -2.41144780655524        1.24195157791691
H           -3.17189254083467       -2.51706531930783        0.44323513800878
H           -3.08643004866819       -1.94753569434132        1.97089935578978
C           -0.46426412236882       -2.38953276937518       -0.05466466096785
H           -1.06379332774020       -2.79394879993154       -0.88829354174453
H           -0.06729999163980       -3.22978768386737        0.51356378248631
C            0.64732979962557       -1.55147358389956       -0.58545626507487
C            0.79229877876454       -1.10124395854344       -1.86379436497050
H            0.14783661552109       -1.27888385307796       -2.72113000766943
N            1.89232075233808       -0.28456649339851       -1.95654183657475
H            2.19959900730386        0.13629681767401       -2.82109295508341
C            2.50195271090468       -0.21275656785011       -0.74112045753399
C            3.64407881614722        0.49858974129832       -0.35429768028916
H            4.21126255114212        1.08565550884271       -1.07541775572999
C            4.04940839627919        0.37746782917199        0.95833222688193
H            4.92582483224203        0.88832957888963        1.32911157977522
C            3.30285475313043       -0.43113707594308        1.81919735054509
H            3.67289929517242       -0.51699251017060        2.83833873570698
C            2.13204667986689       -1.12288551892895        1.49823430765872
H            1.56840718001543       -1.75824849662122        2.17438609796376
C            1.73649938909910       -1.00708736784848        0.16295395031912
34
 energy: -56.476509227996 gnorm: 0.038879807429 xtb: 6.7.1-6.fc44.fc44
O           -3.32194386419759        2.42190206126514       -0.07026796601787
C           -2.09170600315853        2.89713069382750       -0.06036110483937
O           -1.82168501072167        4.01214460147753        0.27904584787658
H           -3.38309023562407        1.45644793114971       -0.35160507515321
C           -1.02684498193341        1.90203788302351       -0.55988600687624
H           -0.02945318702600        2.38192862336046       -0.58305743774774
H           -1.28746209024364        1.61027628768828       -1.58899313414110
N           -0.93819532859866        0.70857968194363        0.25821788401197
H           -0.09949754558198        0.55633990244810        0.78908997718997
C           -1.81555967884665       -0.29974206892113        0.14275404427796
O           -2.86762704405284       -0.18566433629438       -0.48044504437458
C           -1.40941329363534       -1.58566855464218        0.86549387976529
H           -0.86104515494946       -1.30601130063306        1.78554831704739
N           -2.54804133369103       -2.41330062049143        1.23130197664797
H           -3.16275384392598       -2.52593405180316        0.42772796063527
H           -3.09856363498935       -1.96748362548827        1.96016860543441
C           -0.46801507010128       -2.39146130352533       -0.06123934196684
H           -1.06139075058857       -2.77948204829128       -0.89913548138478
H           -0.08907689046801       -3.22183566159523        0.53088296923219
C            0.64630376096793       -1.55376452916561       -0.59401547757809
C            0.78563960603232       -1.09078551617800       -1.86102383427247
H            0.15575734126186       -1.27292019138194       -2.71945669163309
N            1.88236064926489       -0.28269410937595       -1.95541199995804
H            2.20751408013796        0.14893433337308       -2.79888976078868
C            2.50478150573219       -0.22611572191499       -0.73963987404195
C            3.63685470246067        0.47772005086926       -0.35984830854781
H            4.17212405883964        1.06774525347082       -1.08028052532942
C            4.03493675811794        0.36723953214862        0.95452641618384
H            4.91475770651791        0.88291246445700        1.30629545950182
C            3.29722779233157       -0.41752288661122        1.84312744796232
H            3.65962016484325       -0.48769698912168        2.85650762906355
C            2.16091274573492       -1.14273826705651        1.48857776351024
H            1.59722526092240       -1.73379831891414        2.20011329465938
C            1.74789264712497       -1.03183860040070        0.15492445280896
34
 energy: -56.477340686378 gnorm: 0.033123528317 xtb: 6.7.1-6.fc44.fc44
O           -3.32141115601536        2.41779888811015       -0.06469677177568
C           -2.09105754207344        2.89708306557486       -0.06080147914941
O           -1.81754783413325        4.01320279367362        0.27696187217529
H           -3.36255725954142        1.45511471298731       -0.34952590628662
C           -1.02228073203531        1.90910628965155       -0.56618877813497
H           -0.03201643539996        2.39122345303169       -0.58441454672538
H           -1.28966635838510        1.61147261510783       -1.58778380255054
N           -0.93169732462800        0.71405215890908        0.25502904774198
H           -0.08985977660425        0.56957478375386        0.78639459200629
C           -1.81505545913950       -0.29750693570396        0.15134748537734
O           -2.87437206734437       -0.17957280037959       -0.46208316032077
C           -1.41865417309676       -1.57938522436222        0.86988939213735
H           -0.86440750398863       -1.31934883014554        1.78598502882459
N           -2.54669404631699       -2.41681043170353        1.22335920712658
H           -3.15102601560403       -2.53142131480411        0.41264041760577
H           -3.10753881983347       -1.98119024447898        1.94924751913805
C           -0.47668008894486       -2.39114605414216       -0.05930415338509
H           -1.06539384875936       -2.77408087158872       -0.89450176250339
H           -0.09184900920254       -3.22835052262579        0.51383940095984
C            0.64212579024500       -1.55712734101472       -0.58793175290536
C            0.78076206537671       -1.09196385362960       -1.85916287331054
H            0.16061396704301       -1.27856112548407       -2.71636672104145
N            1.87921938238626       -0.28918606285590       -1.95743755083097
H            2.21713310099367        0.14838920997000       -2.79255308039564
C            2.50104664834689       -0.24061427467373       -0.74175586699634
C            3.63509529613120        0.45653183866418       -0.36833279694135
H            4.15225303323131        1.08259998545640       -1.08916067152268
C            4.03250578859662        0.35298283141913        0.94609554132127
H            4.90284626270399        0.88877365986076        1.29374047499897
C            3.31081531333123       -0.42828486843525        1.84811467696479
H            3.63102971943689       -0.45534712972665        2.89126407891931
C            2.15768623439262       -1.11468529427488        1.49709244247752
H            1.64416563017557       -1.75160086104056        2.19284862716305
C            1.74501105661192       -1.02684164640373        0.15889873099607
34
 energy: -56.478134978522 gnorm: 0.020581966508 xtb: 6.7.1-6.fc44.fc44
O           -3.31424596059987        2.41020474341048       -0.05912021436799
C           -2.08959381081380        2.89710522974619       -0.06814412905137
O           -1.81707315544185        4.01364709549501        0.27115801786437
H           -3.34124635834362        1.44882238044789       -0.34283368344433
C           -1.01791093944823        1.91056724181977       -0.57099134716924
H           -0.03398987587059        2.39525134441014       -0.58505792801531
H           -1.29032388201245        1.61367371186663       -1.59048826808709
N           -0.93412420594666        0.71707644233954        0.25445452089222
H           -0.08701292860303        0.57863706321857        0.78458208618600
C           -1.82320603711174       -0.29155449123281        0.16978182174925
O           -2.86955714395943       -0.18087537874356       -0.45700637378192
C           -1.42522379170283       -1.57864785223459        0.87386688554097
H           -0.87385847501837       -1.32887285555530        1.78922119671714
N           -2.54840538043221       -2.42128767801603        1.21745633584916
H           -3.14115511984453       -2.53490784636901        0.39987225305993
H           -3.11496419048389       -1.99013941714866        1.93940189581684
C           -0.48204687895500       -2.38730522694138       -0.05613039044574
H           -1.06933972883819       -2.76897766047417       -0.88842267638373
H           -0.09966041094865       -3.23528552179742        0.50763743259391
C            0.64277492727577       -1.56149053154340       -0.58082151998410
C            0.77877689989856       -1.09595624311094       -1.85855133407495
H            0.16296038628003       -1.28663456302896       -2.71494874553240
N            1.87928566378974       -0.29254455916266       -1.95909057700658
H            2.22579259941580        0.14387692975918       -2.79499486410514
C            2.48630150086266       -0.22858710583605       -0.74132747253185
C            3.62780002416509        0.46342850060117       -0.36936154562341
H            4.15763618050261        1.07635670750677       -1.07935712787601
C            4.02093907615988        0.36356056254211        0.94758662288525
H            4.89805381755584        0.88997378387346        1.28821154612582
C            3.30360668290227       -0.41244524313760        1.85624315060709
H            3.65160939095619       -0.48630584524009        2.87141685444048
C            2.17532738232527       -1.12306550352426        1.48756706703915
H            1.64259839690552       -1.72100225339837        2.20297322029403
C            1.74201918333606       -1.02141536184486        0.16596415097735
34
 energy: -56.478448405817 gnorm: 0.015833412947 xtb: 6.7.1-6.fc44.fc44
O           -3.31274525809047        2.40882462427287       -0.05954276162356
C           -2.08786672359843        2.89509232666229       -0.06838939099996
O           -1.81857270501671        4.01369266976082        0.26759707070298
H           -3.34032780133188        1.44823209835336       -0.33813620202867
C           -1.01614422002749        1.90480770765269       -0.56659553725610
H           -0.03579473308813        2.39103954703944       -0.57952330633548
H           -1.28898363582435        1.61175888366790       -1.58866111615955
N           -0.93320431720510        0.71193198312468        0.26021245484666
H           -0.08374931137051        0.57323971490148        0.78674156143906
C           -1.81724482276982       -0.29587564387444        0.16839630586130
O           -2.87043200673973       -0.18063644327918       -0.45017356186241
C           -1.42067212512011       -1.58502577398530        0.87590392168244
H           -0.87598422720111       -1.33076363415483        1.79178566421434
N           -2.55010658483194       -2.42072328708280        1.21867207694328
H           -3.13753665026341       -2.53563945616798        0.39759461867365
H           -3.11788754601609       -1.98249860892068        1.93455260088888
C           -0.47955908802455       -2.38509063499827       -0.06129316795353
H           -1.07001242184649       -2.76635237608045       -0.89337677017340
H           -0.11428858476257       -3.23688528960439        0.52007773259410
C            0.64686144907570       -1.56269656432902       -0.58642699262660
C            0.77691324357535       -1.09751319874208       -1.86387627472826
H            0.15779821965832       -1.28844857210929       -2.71862463575374
N            1.87905738857125       -0.29419398383804       -1.96643932715617
H            2.22132432540856        0.13967026571186       -2.80659198729355
C            2.48862762271892       -0.22131291851422       -0.74750021174413
C            3.62898150881420        0.47237674573481       -0.36780964678256
H            4.17642401487550        1.06723243759634       -1.07023206197671
C            4.01963744688920        0.36906141141532        0.94973291986716
H            4.89922173852425        0.89194117146880        1.29138098208472
C            3.30589855744503       -0.41778382355149        1.85294322419721
H            3.65113083713224       -0.48141391847223        2.87517557705169
C            2.16860743523524       -1.11304302599196        1.48819858177137
H            1.63148942165319       -1.71258578713472        2.20606555209896
C            1.74168339150827       -1.01553804783444        0.15890896869436
34
 energy: -56.478618293512 gnorm: 0.010745605129 xtb: 6.7.1-6.fc44.fc44
O           -3.31400281275648        2.40864533617627       -0.06251562964014
C           -2.08721517607687        2.89288529084251       -0.06796847125088
O           -1.82056024049184        4.01461879242959        0.26065030934702
H           -3.34005252714384        1.44797027778690       -0.33577103032419
C           -1.01423187026052        1.90146689307967       -0.56399316827314
H           -0.03775320024547        2.39132567947868       -0.57585719840189
H           -1.28680692385235        1.60880680067588       -1.58732716941335
N           -0.92884836136399        0.71039631461717        0.26385384190708
H           -0.07774176110888        0.56955382353119        0.78586761445537
C           -1.81264555832997       -0.29466455615458        0.16803187122294
O           -2.87132150772869       -0.17820640239301       -0.44487680289862
C           -1.41639108626314       -1.58603651712176        0.87702088961592
H           -0.87665786889014       -1.33108586830595        1.79514407843916
N           -2.55124377751564       -2.41715678252287        1.21767617983009
H           -3.13500816320973       -2.53470987630843        0.39418121112884
H           -3.12200220456791       -1.97435284739355        1.92900663419676
C           -0.47601056702584       -2.38863925481440       -0.05825464615402
H           -1.06991287645218       -2.76420401404369       -0.89365825186983
H           -0.10857134821763       -3.24635845733102        0.50565422386730
C            0.64571060713665       -1.56171054508695       -0.58403661431497
C            0.77248490472611       -1.09900506488094       -1.86167699451438
H            0.15127930846568       -1.29166790104669       -2.71559702751269
N            1.87535343197127       -0.29738177551466       -1.96748701559974
H            2.21370504878315        0.13305491034028       -2.81124233081347
C            2.49077605314269       -0.22149508181713       -0.74951995023694
C            3.63107892576988        0.47235160729361       -0.36475405549139
H            4.18038391486524        1.08004684339674       -1.07141811261335
C            4.02103613436157        0.36731955296621        0.95259992716794
H            4.90038136983867        0.89233292103017        1.29449302811697
C            3.30190457827966       -0.41568400186245        1.85700680482650
H            3.65266958284484       -0.48183657069087        2.87590169065847
C            2.16450499231308       -1.10762045974085        1.48743414024399
H            1.62814395288570       -1.71287152698231        2.20443153327426
C            1.74010886407325       -1.01120694093578        0.15774735218213
34
 energy: -56.478735341828 gnorm: 0.007135590072 xtb: 6.7.1-6.fc44.fc44
O           -3.31468730421401        2.40487564431161       -0.06210269132031
C           -2.08927129654073        2.89270800886755       -0.06966889776657
O           -1.82414709286579        4.01513268626458        0.25578502711155
H           -3.33559479137183        1.44418080170512       -0.33238495367459
C           -1.01237915650948        1.90335151235889       -0.56211370695842
H           -0.04042201222587        2.39789540374745       -0.57139264881824
H           -1.28324497640933        1.60823039597151       -1.58510787020054
N           -0.92467952562255        0.71160248745971        0.26485735040501
H           -0.07149160389716        0.57006047268520        0.78304539271783
C           -1.81051118789349       -0.29347383061408        0.17379396524223
O           -2.86730492186262       -0.18011096547673       -0.44097171922551
C           -1.41477638695581       -1.58707548340006        0.88092000157384
H           -0.87730810484718       -1.33546685723763        1.80078351572338
N           -2.55178741323387       -2.41656932072988        1.21793448316862
H           -3.13258428425081       -2.53545433368620        0.39248475278996
H           -3.12585634486927       -1.97105240993642        1.92568155337612
C           -0.47759555639383       -2.38737525932269       -0.05774180862482
H           -1.07170970688163       -2.76192186684233       -0.89394988580665
H           -0.10359045144136       -3.24491193091060        0.50200229981534
C            0.64334524623490       -1.55859844400334       -0.58330281859050
C            0.77343478880552       -1.10038268813210       -1.86315858718746
H            0.15306284255700       -1.29521930543097       -2.71708086112520
N            1.87618942153110       -0.29796606235673       -1.96976797095353
H            2.21281264912020        0.13079201023284       -2.81490915515796
C            2.48949348930261       -0.22113606520359       -0.75244169848281
C            3.62927784234979        0.47225911140519       -0.36431638378466
H            4.18489507861905        1.07228136293542       -1.07028324456137
C            4.01893422021564        0.36532089091221        0.95265189066079
H            4.89889711693702        0.88993625811195        1.29351200221529
C            3.29823576474908       -0.41534724469089        1.85917608474037
H            3.64279820891894       -0.47498097355753        2.88324561563427
C            2.16359266863493       -1.10584646654012        1.48289963454309
H            1.62806928571296       -1.71332959760779        2.19577077962653
C            1.73844733255419       -1.00752734259252        0.15689741405271
34
 energy: -56.478786598878 gnorm: 0.005868508193 xtb: 6.7.1-6.fc44.fc44
O           -3.31733546076803        2.39968643986615       -0.06204470444496
C           -2.09381096216336        2.89272164459280       -0.07171156787731
O           -1.83137479197361        4.01698419662710        0.24788077768596
H           -3.33183962357751        1.43896618351073       -0.32743617924202
C           -1.01030501287000        1.90677610876460       -0.55796931423983
H           -0.04508896754568        2.40879905381677       -0.56232711380716
H           -1.27672717669173        1.60830135102719       -1.58097086214172
N           -0.92076945542622        0.71471163824546        0.26891197176534
H           -0.06460324436568        0.57196696175026        0.78198681176266
C           -1.80639215181071       -0.29248998008871        0.18117809533264
O           -2.86246601738800       -0.18104056568407       -0.43356583389501
C           -1.41143349014603       -1.58933697243758        0.88503887747555
H           -0.87533040691712       -1.34303455731920        1.80648481525879
N           -2.55133008749494       -2.41541922205113        1.21890383831539
H           -3.12957953789781       -2.53595791867447        0.39197516017944
H           -3.12794770042976       -1.96435861079471        1.92170953316313
C           -0.47743326408823       -2.38543414939956       -0.05822911761910
H           -1.07494011237985       -2.75870024751798       -0.89161932644693
H           -0.09976577345175       -3.24224177228384        0.50350344754667
C            0.64435519964168       -1.55895122699677       -0.58853722594492
C            0.77823444756259       -1.10410525288113       -1.86931743840241
H            0.15779075142009       -1.29957689555533       -2.72272558480348
N            1.88100237510905       -0.30030362081714       -1.97653208284447
H            2.21322866644733        0.12851068873364       -2.82281933493108
C            2.49112123698839       -0.22466652785600       -0.75908976297205
C            3.62742819118962        0.46956237648881       -0.36417581500855
H            4.19185231847257        1.06296076127200       -1.06846189991632
C            4.01319722798670        0.36411266544785        0.95478445260728
H            4.89389023877389        0.88789859314509        1.29493670687722
C            3.28870563643717       -0.41074962824423        1.86506922632189
H            3.63511177299033       -0.48034923092577        2.88322210504686
C            2.15553091077348       -1.09488324342090        1.48246886050431
H            1.62115190787085       -1.70837921284245        2.18879095830259
C            1.73841619367856       -1.00709922880045        0.15143438754940
34
 energy: -56.478826763654 gnorm: 0.004164324637 xtb: 6.7.1-6.fc44.fc44
O           -3.32049891515693        2.39749609575323       -0.06327134353069
C           -2.09824009445420        2.89290631316027       -0.07241509010052
O           -1.83872704032078        4.01935605448122        0.24240002480799
H           -3.33312045542284        1.43621865108928       -0.32521578078474
C           -1.01050113043848        1.90862337059569       -0.55388509167325
H           -0.04844272455721        2.41553409095081       -0.55468280293705
H           -1.27212123967862        1.60930587604480       -1.57822592236758
N           -0.92039077888320        0.71753093957099        0.27388088078763
H           -0.06288576635287        0.57326119020731        0.78462276937979
C           -1.80348678024908       -0.29101391742037        0.18336865228345
O           -2.86000392681710       -0.17998969356255       -0.43013515188898
C           -1.40757265161740       -1.58926768264310        0.88532791145646
H           -0.87117781961030       -1.34488129275616        1.80734848576028
N           -2.54893295567284       -2.41310356089457        1.21997455210769
H           -3.12751637433336       -2.53508518267694        0.39366235976698
H           -3.12487969061481       -1.95833714245986        1.92079979964905
C           -0.47501267084540       -2.38642098817990       -0.05841528995791
H           -1.07610972346839       -2.75874891528338       -0.88928119780143
H           -0.09542348149328       -3.24369786872254        0.50020655555396
C            0.64411856521351       -1.55833316576561       -0.59255864783503
C            0.77975998096581       -1.10441887488568       -1.87280470912356
H            0.15843668459316       -1.29956626457042       -2.72597041838663
N            1.88438409793604       -0.30434842357785       -1.98053185774125
H            2.21434926576071        0.12292086473892       -2.82854167858383
C            2.49317980078758       -0.22670245839838       -0.76294974228435
C            3.62810649516890        0.46763758183353       -0.36374341359137
H            4.19596694223254        1.06007214952135       -1.06748035752202
C            4.01212381151252        0.36153766441448        0.95566395481537
H            4.89179421597064        0.88541529397426        1.29752464030378
C            3.28798718131647       -0.41701335379420        1.86387687378978
H            3.62394961519924       -0.47445780149720        2.88934801200075
C            2.15794161114869       -1.10181692375503        1.47679932574338
H            1.60549408998838       -1.69664930939516        2.18847777191133
C            1.73999570014920       -1.00908271740023        0.14757278715033
34
 energy: -56.478859580625 gnorm: 0.003270443086 xtb: 6.7.1-6.fc44.fc44
O           -3.32299999022319        2.39760929897769       -0.06437576988793
C           -2.10157323481937        2.89370740585691       -0.07228538335917
O           -1.84396271266842        4.02114981906241        0.24116469052511
H           -3.33636040347256        1.43552094620151       -0.32580481513782
C           -1.01222761881266        1.90970680873797       -0.55124601322063
H           -0.04986344486222        2.41830847494621       -0.55037350060901
H           -1.27026588673635        1.61131199580377       -1.57706066527784
N           -0.92077293257420        0.71857620379958        0.27632220429990
H           -0.06325381266448        0.57324062548704        0.78672178716569
C           -1.80214196679982       -0.29036525839552        0.18222546585874
O           -2.85987551501240       -0.17979203074227       -0.43040379916642
C           -1.40477136410949       -1.58748876436730        0.88456840904978
H           -0.86663511312441       -1.34230673543076        1.80591291551808
N           -2.54553593917905       -2.41119923338322        1.22243074870225
H           -3.12620333615148       -2.53445117594084        0.39765771366265
H           -3.11950674678481       -1.95581397271669        1.92419453295217
C           -0.47419887336647       -2.38715567307427       -0.06033419194623
H           -1.07543461150513       -2.76116001182944       -0.89065473432998
H           -0.09351580775985       -3.24307297873214        0.49805977500930
C            0.64306326907216       -1.55690333777449       -0.59446045821284
C            0.77989261204287       -1.10434836130050       -1.87455303926467
H            0.15903349604604       -1.30026228395102       -2.72820900341977
N            1.88587532196237       -0.30656024855272       -1.98094933898357
H            2.21700486921681        0.11870524996973       -2.82977884752957
C            2.49522388252527       -0.22752521575715       -0.76292446497249
C            3.63227887210922        0.46481528027723       -0.36397621342502
H            4.20067477292153        1.05340418681780       -1.06653553580846
C            4.01268449464511        0.35981174356919        0.95663226029917
H            4.89189026429436        0.88264880426494        1.30065577850889
C            3.28274170523007       -0.41406958996764        1.86395655026185
H            3.61849874464670       -0.47369574175266        2.88905018574478
C            2.15255222537893       -1.09933726923593        1.47577646035718
H            1.60251250389734       -1.70158886526450        2.18322577800729
C            1.73771611459390       -1.00653949690597        0.14611737978644
34
 energy: -56.478883703444 gnorm: 0.002027383394 xtb: 6.7.1-6.fc44.fc44
O           -3.32648254049276        2.39647656689664       -0.06603992398907
C           -2.10619376472415        2.89473725159265       -0.07234733664968
O           -1.85152406973963        4.02333265806133        0.23936486055604
H           -3.33917301458374        1.43354003534865       -0.32666306330312
C           -1.01328655620156        1.91268879854165       -0.54762197157789
H           -0.05159517367130        2.42397055766718       -0.54323681209625
H           -1.26609338294034        1.61505397180134       -1.57487473987132
N           -0.92153115313798        0.72069777527782        0.27884755165261
H           -0.06354886022697        0.57490673601470        0.78856939550730
C           -1.80123891521613       -0.28989732065137        0.18275426338553
O           -2.85881331489722       -0.18064710917081       -0.43047458341910
C           -1.40285334488823       -1.58594750078042        0.88470726365324
H           -0.86164451273028       -1.34091020056275        1.80428673481574
N           -2.54221493809322       -2.40952600525707        1.22672067582842
H           -3.12497786741701       -2.53436943269002        0.40355445190014
H           -3.11405184743576       -1.95311947331543        1.92952127701963
C           -0.47472248523586       -2.38555249701474       -0.06333193848281
H           -1.07676242985275       -2.76160524885382       -0.89192416582768
H           -0.09364154464468       -3.24014579941125        0.49732762709898
C            0.64356748368210       -1.55772521737163       -0.59881859631882
C            0.78318122207358       -1.10665989042113       -1.87912496158665
H            0.16307540337617       -1.30257441053307       -2.73317349865932
N            1.89031213263029       -0.30915153020282       -1.98390596479554
H            2.22245703102696        0.11575432088913       -2.83257554075655
C            2.49751389209520       -0.23027592360837       -0.76419337715856
C            3.63509042733732        0.46036695715189       -0.36404566967590
H            4.20287736613365        1.05200190563483       -1.06631330483227
C            4.01157960581021        0.35715673467128        0.95769623381587
H            4.89087364784136        0.87901833138904        1.30316220004558
C            3.27786438751630       -0.41380128404475        1.86418168625258
H            3.61252245884574       -0.47337031794541        2.88917646013166
C            2.14829542604879       -1.09874662578227        1.47540986041229
H            1.59632189790119       -1.70252651078864        2.18044212603167
C            1.73736117176703       -1.00826970383549        0.14368964205116
34
 energy: -56.478905171431 gnorm: 0.002004114468 xtb: 6.7.1-6.fc44.fc44
O           -3.33254168668436        2.39398993533683       -0.06800875073456
C           -2.11379215850500        2.89573605529906       -0.07192546215349
O           -1.86389967756539        4.02662812257187        0.23559255336617
H           -3.34247098647113        1.42981302184200       -0.32683767771297
C           -1.01475508839963        1.91739851533175       -0.54191924213496
H           -0.05525946318592        2.43383421055653       -0.53100873446189
H           -1.25935890109730        1.62124602688746       -1.57138679231781
N           -0.92257815263101        0.72464460654401        0.28282635617482
H           -0.06323910662588        0.57802448416184        0.79026170963613
C           -1.79999721364383       -0.28805554484686        0.18451192868730
O           -2.85807333310114       -0.17990814258373       -0.42872344406745
C           -1.39930509493965       -1.58377516248845        0.88382546531326
H           -0.85288754729047       -1.34063453230256        1.80078746026335
N           -2.53660938901108       -2.40726218338869        1.23214335022071
H           -3.12241360236439       -2.53471035515353        0.41160246853542
H           -3.10575394793610       -1.94949224488510        1.93634521565034
C           -0.47468406627404       -2.38371340288204       -0.06630899290771
H           -1.07990092672758       -2.75965362133686       -0.89268151465289
H           -0.09301604400645       -3.23891268361935        0.49244790770395
C            0.64391100574074       -1.55819862778613       -0.60427034300883
C            0.78781409615644       -1.10934599831456       -1.88489668150822
H            0.16896284256883       -1.30539917391292       -2.73959878936746
N            1.89770617765644       -0.31527349105430       -1.98859005722525
H            2.23201834716425        0.10833957851895       -2.83713892633856
C            2.50084222854927       -0.23466164212430       -0.76721918330900
C            3.63885063913784        0.45350623487762       -0.36474476165476
H            4.20892643645574        1.04383781329654       -1.06571228204060
C            4.00889003887372        0.35368161602379        0.95905388395171
H            4.88828497659566        0.87478861927886        1.30630852842587
C            3.27123320074680       -0.41459615553381        1.86484386262116
H            3.60211426699993       -0.47229168784632        2.89041192198159
C            2.14156301185799       -1.09623987872046        1.47387714613553
H            1.58486038718015       -1.69866890341705        2.17711052436669
C            1.73710256873280       -1.00979480963339        0.13976821372036
34
 energy: -56.478919982140 gnorm: 0.002332342940 xtb: 6.7.1-6.fc44.fc44
O           -3.33778057318565        2.39036154725142       -0.06941355990231
C           -2.12154715462879        2.89712155362591       -0.07257292500903
O           -1.87651400795968        4.02953469668836        0.23245015876815
H           -3.34405600299732        1.42528127913640       -0.32706293688143
C           -1.01656335789441        1.92227733067830       -0.53682124076519
H           -0.05957155259328        2.44331697284941       -0.51889959746307
H           -1.25323663680532        1.62837251210139       -1.56859097420387
N           -0.92342639779926        0.72803458888682        0.28579943784364
H           -0.06269569755135        0.58096273910008        0.79092836868164
C           -1.79869011878637       -0.28637714610295        0.18647388703962
O           -2.85656017439917       -0.18008697984126       -0.42705640679713
C           -1.39546747760592       -1.58166476460786        0.88409111738522
H           -0.84466410342620       -1.33919973450139        1.79833596514790
N           -2.53084150917839       -2.40515572634830        1.23870895514530
H           -3.11909628260554       -2.53550143146416        0.42043022832021
H           -3.09813520382409       -1.94601803806548        1.94351599882945
C           -0.47588322018347       -2.38202228405429       -0.07108252584579
H           -1.08419208119560       -2.75636383711395       -0.89645327534717
H           -0.09487333162683       -3.23890831963473        0.48657724409044
C            0.64352479247931       -1.55759330339258       -0.60905079836850
C            0.79177723834484       -1.11166704033529       -1.89033541568627
H            0.17486080497472       -1.30854061629989       -2.74604493791768
N            1.90438018336594       -0.32107479515458       -1.99292635152723
H            2.24154824144111        0.10094180324698       -2.84120176366084
C            2.50422829513519       -0.23900254270952       -0.76998701632468
C            3.64288991885252        0.44666838400303       -0.36502035903685
H            4.21630798193329        1.03576820616234       -1.06527966757572
C            4.00723045726953        0.34958617032611        0.96039394935758
H            4.88589370906057        0.87047111974188        1.30987876276114
C            3.26516239359320       -0.41535115300016        1.86574409601330
H            3.59189656469294       -0.47034335318735        2.89304920509216
C            2.13657086716662       -1.09547499372556        1.47172010518857
H            1.57400287476645       -1.69368362165818        2.17400525572840
C            1.73606439912668       -1.00978862390435        0.13644387807810
34
 energy: -56.478933474164 gnorm: 0.002402571497 xtb: 6.7.1-6.fc44.fc44
O           -3.34306808193318        2.38742853270416       -0.07140617405919
C           -2.12830085111178        2.89765583387225       -0.07188543419150
O           -1.88804455725546        4.03211928515065        0.23012904309016
H           -3.34588395496247        1.42162869731518       -0.32816801493090
C           -1.01848900680126        1.92660936345473       -0.53287581172903
H           -0.06346124925454        2.45081446140881       -0.50855704409354
H           -1.24865622564473        1.63567240522853       -1.56663470632977
N           -0.92465885931579        0.73071268246486        0.28726735384069
H           -0.06303979991615        0.58360342853421        0.79082224122360
C           -1.79851240377182       -0.28474814601483        0.18752316697293
O           -2.85686047231186       -0.18041158995978       -0.42547608896853
C           -1.39240509273327       -1.57967925912223        0.88403915057820
H           -0.83704606352342       -1.33674437705032        1.79523487804103
N           -2.52570889559456       -2.40352720863864        1.24560354509654
H           -3.11686651198698       -2.53646862532173        0.42992623486642
H           -3.09083230915131       -1.94374794956997        1.95164863490811
C           -0.47762494505728       -2.37961883591887       -0.07564122337351
H           -1.08955462874475       -2.74947690709693       -0.90109488397104
H           -0.09810278860635       -3.24024372931390        0.47683406135190
C            0.64378172994769       -1.55766004698708       -0.61284246354408
C            0.79584427211637       -1.11457850085460       -1.89476131057283
H            0.18116517577503       -1.31228517109493       -2.75186150806290
N            1.91028755892748       -0.32584518707232       -1.99613613130681
H            2.25087927058787        0.09488650938722       -2.84361919210459
C            2.50692663976444       -0.24236893855591       -0.77173664907232
C            3.64601945082796        0.44144350605157       -0.36478102950648
H            4.22390529191090        1.02626251659011       -1.06456733115242
C            4.00615003387301        0.34660678820804        0.96164622159770
H            4.88491006088883        0.86616022424341        1.31242917209487
C            3.26056420353248       -0.41554936274933        1.86680253928357
H            3.58412614822907       -0.46781080322806        2.89566723663847
C            2.13256541399282       -1.09480020815902        1.47052770127683
H            1.56719297207664       -1.69055274264915        2.17238012772118
C            1.73534231318266       -1.01060604655968        0.13431054954532
34
 energy: -56.478946705399 gnorm: 0.002327076930 xtb: 6.7.1-6.fc44.fc44
O           -3.34920549503765        2.38384348663018       -0.07299703065234
C           -2.13672079613024        2.89888869053354       -0.07191161743053
O           -1.90145659089788        4.03406613478392        0.23005756210239
H           -3.34781594408679        1.41775532555214       -0.33024183448676
C           -1.02160633529789        1.93233810980494       -0.52923187064791
H           -0.06839573909838        2.45897612007848       -0.49685981512034
H           -1.24437362734755        1.64567601710866       -1.56551056261595
N           -0.92679666781558        0.73351739015813        0.28692440926580
H           -0.06472259422953        0.58680372589680        0.78963467096461
C           -1.79930372098506       -0.28299111903388        0.18757669790722
O           -2.85873941807332       -0.18108520404722       -0.42406782671980
C           -1.38877260491156       -1.57746335754788        0.88312281564534
H           -0.82722080660609       -1.33291018285054        1.79018700964774
N           -2.51908152288964       -2.40217848760162        1.25395992755521
H           -3.11492057038110       -2.53774433326713        0.44220220171284
H           -3.08058760611367       -1.94225566546900        1.96276076067126
C           -0.48072408143302       -2.37693786327160       -0.08209474080744
H           -1.09695088928494       -2.73847304266190       -0.90876012123475
H           -0.10511503292594       -3.24331729350705        0.46473186230088
C            0.64350120592469       -1.55702987656208       -0.61636196421193
C            0.80048579012171       -1.11710773922739       -1.89881561119265
H            0.18908309590776       -1.31558727324503       -2.75820096347383
N            1.91750604344684       -0.33258027838731       -1.99873188019176
H            2.26363019519917        0.08588701625110       -2.84503052532519
C            2.51018674699357       -0.24695158733219       -0.77282211281438
C            3.64963211392711        0.43526620034918       -0.36430132787920
H            4.23278009474075        1.01493821273360       -1.06433598290712
C            4.00583622856600        0.34349677496622        0.96319347257262
H            4.88476956987622        0.86192262871997        1.31528916152904
C            3.25646013229207       -0.41544515747258        1.86816827938104
H            3.57696488787890       -0.46584712200860        2.89797574231451
C            2.12822338309558       -1.09384686008630        1.47005100063969
H            1.56179175727130       -1.68760420438306        2.17222740027753
C            1.73420263626045       -1.01113858690826        0.13295967438235
34
 energy: -56.478952778254 gnorm: 0.001568352094 xtb: 6.7.1-6.fc44.fc44
O           -3.35328826743268        2.38239786808611       -0.07398854741323
C           -2.14123838956779        2.89900757079015       -0.07076768419574
O           -1.90856776102148        4.03548740372764        0.23008202230894
H           -3.34985481828602        1.41632162360470       -0.33072427143357
C           -1.02377576035813        1.93520941224954       -0.52797924626641
H           -0.07148683109946        2.46249711783396       -0.49192199397890
H           -1.24372597715415        1.65057243660781       -1.56513889422541
N           -0.92823208526428        0.73489332836637        0.28621385903097
H           -0.06621458140205        0.58840578685986        0.78899817139766
C           -1.80022176653647       -0.28202478760528        0.18755138874955
O           -2.85986216362097       -0.18148564663254       -0.42369131970483
C           -1.38712962268461       -1.57626817372629        0.88289685590754
H           -0.82219126158723       -1.33022396242872        1.78771872993196
N           -2.51575243350329       -2.40133896903586        1.25850555405572
H           -3.11464906999955       -2.53764312068034        0.44909194111434
H           -3.07458952129050       -1.94129339119892        1.96936888973893
C           -0.48296645788300       -2.37549194631975       -0.08636214309069
H           -1.10084019477695       -2.73082179381317       -0.91426414542628
H           -0.10992710871837       -3.24553629603295        0.45665103903444
C            0.64382898977771       -1.55725063343128       -0.61822334166485
C            0.80363726859133       -1.11941248970228       -1.90095110274389
H            0.19426143158238       -1.31823610141313       -2.76177656656712
N            1.92122235061422       -0.33532162440567       -1.99973304875693
H            2.27002255605443        0.08183880592609       -2.84541572549097
C            2.51254123632654       -0.24981987640312       -0.77299840301575
C            3.65202302807923        0.43194230157445       -0.36379690509250
H            4.23806801543059        1.00826042199646       -1.06409189141137
C            4.00680572939960        0.34165995663684        0.96421641545883
H            4.88559251050327        0.85983254334398        1.31714094689197
C            3.25504159110640       -0.41503804510198        1.86887548594124
H            3.57423070960057       -0.46560955098722        2.89919778949437
C            2.12642032963953       -1.09349709791692        1.47026688653984
H            1.55972490236598       -1.68582051984298        2.17328650931405
C            1.73363726107147       -1.01131195222947        0.13250960672631
34
 energy: -56.478956675632 gnorm: 0.000642305031 xtb: 6.7.1-6.fc44.fc44
O           -3.35400573330402        2.38185101113279       -0.07325679886686
C           -2.14241314570592        2.89923355159809       -0.07162161321742
O           -1.90956298307812        4.03483229392676        0.23186359403796
H           -3.34992537423085        1.41634787115315       -0.33023511308502
C           -1.02458503197520        1.93532370976382       -0.52808511267644
H           -0.07297997514229        2.46368261276367       -0.49133308732859
H           -1.24525894479704        1.65012276039176       -1.56531838510281
N           -0.92855286485639        0.73492746706025        0.28600474893364
H           -0.06656944563818        0.58851982518163        0.78902030616148
C           -1.80013320758399       -0.28237135474018        0.18691633578887
O           -2.86020793836907       -0.18181352515097       -0.42376143863994
C           -1.38729715711494       -1.57644539558886        0.88275415494369
H           -0.82199467453565       -1.33041778649955        1.78752363744032
N           -2.51632599833959       -2.40043216051463        1.25768005231568
H           -3.11571038422101       -2.53598209151242        0.44846860452709
H           -3.07430016896627       -1.93986004064906        1.96888817603439
C           -0.48309511082118       -2.37547360286912       -0.08641040612437
H           -1.09950894685135       -2.72833652650660       -0.91504080572657
H           -0.11089662729826       -3.24595939748075        0.45618359148603
C            0.64408503408395       -1.55760007418064       -0.61801309055567
C            0.80440385990079       -1.12024105129773       -1.90059090951261
H            0.19482018390603       -1.31832725290910       -2.76146553581378
N            1.92195284779666       -0.33632925488171       -1.99946329494683
H            2.27067184850514        0.07970392201576       -2.84577453343957
C            2.51294589326619       -0.25031005250027       -0.77263125597742
C            3.65247201543798        0.43171969521935       -0.36376098456237
H            4.23743378039106        1.00887318841684       -1.06428646197413
C            4.00818766149348        0.34112593703068        0.96418023183437
H            4.88734608180922        0.85887140130407        1.31663337490651
C            3.25577935099117       -0.41453213565752        1.86869778322600
H            3.57533289532279       -0.46547237971384        2.89872461549924
C            2.12625117746279       -1.09287752770396        1.47093616709574
H            1.56030552777642       -1.68568189696413        2.17430037538873
C            1.73387939264194       -1.01179114094146        0.13301993908890
