34
 energy: -55.810951304319 gnorm: 1.617050524038 xtb: 6.7.1-6.fc44.fc44
O           -2.90283559724054        2.42523088540143        0.98480285073394
C           -3.61828440247830        2.31745957211188       -0.04672698176044
O           -4.91465091214955        2.91548533030104       -0.59180379357743
H           -2.20015479474026        2.05181199392018        0.90523684742503
C           -2.95154398478346        1.64662030035580       -1.20827039498211
H           -2.04737281160855        2.29777571286485       -1.55410736576147
H           -3.64135502504057        1.54790483631992       -2.42513271885853
N           -2.44739979162365        0.22572155863515       -1.16144207002457
H           -2.83035019600045       -0.27418853751268       -1.45252604810415
C           -1.48467072453936        0.07349473216132       -0.25797664457385
O           -0.99179511318732        0.97631562269901        0.55310876944315
C           -1.14687202922175       -1.30722444592995        0.16285175092891
H           -0.63084435305161       -1.49527283141483        1.00117995761508
N           -2.34924655254205       -2.31022100104046       -0.35787096724365
H           -2.92769884529920       -2.32877257541062        0.28838572346763
H           -1.97933029745118       -3.05471923634739       -0.56663979327009
C            0.02306555784279       -1.74304748561865       -1.04310671874422
H           -0.36865160856123       -1.37371838000222       -2.08825121923874
H            0.37908589847393       -2.82869826819689       -1.12421816283831
C            1.21847516482546       -0.95322916214623       -0.57453602122656
C            1.54476621137545        0.45559579043073       -1.24962733548973
H            1.15265718568429        1.04116659383069       -2.15236175597105
N            2.76103079310036        0.71972603975540       -0.83138269995287
H            2.94631996910586        1.63630718206557       -1.04311776268656
C            3.14578917115847        0.02389083551796        0.15304085481785
C            4.11587332875803        0.19459924721030        0.93440511683089
H            4.95699705265967        0.98729106124370        0.96664712393943
C            4.31246818201163       -1.09072817278910        1.70755320589520
H            5.13310696022346       -1.11484598820592        2.58718631464776
C            3.43107133694144       -2.09127814199156        1.94548401153678
H            3.68105005733866       -2.76834081388128        2.61364704579339
C            2.50693318704449       -2.12831093683416        1.12369034624056
H            1.82924299795993       -2.93879922823119        1.01674830847060
C            2.15466580761088       -1.00703874924848        0.34369437924369
34
 energy: -56.248166908058 gnorm: 0.468112015593 xtb: 6.7.1-6.fc44.fc44
O           -2.96612871798678        2.45512039259491        0.98632665824688
C           -3.65436195401370        2.33200007174396       -0.08572795768626
O           -4.86578197092110        2.89483001707799       -0.56038150517251
H           -2.15411104420538        2.02992285297654        0.90570831455568
C           -2.95069127312811        1.65987478502375       -1.24329358148049
H           -2.05528801965622        2.29568275905769       -1.54911460928257
H           -3.62989766571505        1.55517143162327       -2.39198965669572
N           -2.38100785439980        0.32280988218761       -1.10538560081213
H           -2.92316171686913       -0.39557072221539       -1.52899260783283
C           -1.46994257555042        0.08651645527515       -0.21755820338743
O           -0.98553700797914        0.96840158852166        0.54406983593695
C           -1.14504269328330       -1.32740839150547        0.11551028703642
H           -0.63330582500365       -1.50147786991776        1.01172858865621
N           -2.33029936242501       -2.26588078461142       -0.36357351158024
H           -2.96666312926543       -2.31801577677943        0.32902273393731
H           -1.94938766732524       -3.09864460269419       -0.58812035792568
C            0.02416101604095       -1.73229283188576       -1.04154981853056
H           -0.36268650747598       -1.38054077086343       -2.07096589173852
H            0.36707301867352       -2.81564251931726       -1.11898994257519
C            1.20518281604702       -0.91984167517475       -0.61237690775442
C            1.52643345667267        0.43153301740288       -1.26270329989383
H            1.15075516065353        1.02787310011611       -2.14101497345042
N            2.74601110007496        0.73445630029104       -0.84250859649492
H            2.95687905691521        1.65840779449758       -1.04896276574717
C            3.13571513126882        0.01459458098057        0.15840975440932
C            4.15668635627011        0.17333709037975        0.96643916718551
H            4.94905337512942        0.97622235384620        0.96752226828163
C            4.34057327407575       -1.05852642013526        1.73724568697033
H            5.13186823189772       -1.10646492016129        2.57435315225732
C            3.45329126520954       -2.08240472025897        1.94810998308346
H            3.69234345674101       -2.78909960543419        2.63384047173630
C            2.47236982402451       -2.13033897103754        1.10455736601359
H            1.81487764097610       -2.94913548763067        1.01632339598782
C            2.15956262712836       -1.01750506395057        0.33260627647172
34
 energy: -56.421350359171 gnorm: 0.200669692380 xtb: 6.7.1-6.fc44.fc44
O           -3.02698452868514        2.46738249956474        0.96151351318217
C           -3.68607962813779        2.35414151020294       -0.15954789293642
O           -4.77189922537543        2.85480635718470       -0.49116759333764
H           -2.15844718022791        2.02730961835016        0.89913640934516
C           -2.95167610638395        1.65728597872898       -1.31150865418851
H           -2.07193055877288        2.30059299474025       -1.54924534068219
H           -3.59969793705466        1.57679594890682       -2.31008191874528
N           -2.38903338921322        0.33290633561683       -1.09543844592427
H           -2.92708956344676       -0.40520848245454       -1.52933532149404
C           -1.48440701641506        0.07491940605605       -0.17747664117150
O           -0.98549755497931        0.95995116909221        0.53165717784535
C           -1.12847933568160       -1.37129770489798        0.04346336402134
H           -0.65423358878141       -1.51605361143884        1.00971062327124
N           -2.30107765248411       -2.23298268210611       -0.35364725113751
H           -2.98438749871499       -2.30636388811047        0.35763938885285
H           -1.93849236007666       -3.12127854133828       -0.59716201519310
C            0.02601228327963       -1.70385751624665       -1.04044264598770
H           -0.35529980120444       -1.39346053823021       -2.04224409711452
H            0.33717620872732       -2.78223675285604       -1.10122304483510
C            1.19644998014424       -0.86282734138042       -0.67510264953881
C            1.51205605994064        0.39120459269545       -1.28853784174341
H            1.13456665714040        0.99302723978008       -2.12404503424593
N            2.72763445964808        0.76379607267736       -0.84269797970788
H            2.97460373617466        1.69751203441719       -1.05393375424463
C            3.13102817744807        0.00940159498019        0.17045494115749
C            4.20002843013080        0.13357430863268        0.99687297923391
H            4.93690315584853        0.94852606700186        0.97332165843953
C            4.36819428569315       -1.01509480968907        1.79448285773850
H            5.14682095850744       -1.07972026314051        2.55723964002433
C            3.47867339922847       -2.07640725390746        1.94134783376928
H            3.70560216810802       -2.81468548036025        2.65248369508381
C            2.44061794332842       -2.13330798833149        1.09184888521598
H            1.78790748029771       -2.96897750547152        1.02306458324867
C            2.16997936458554       -1.03141002864534        0.29716472452442
34
 energy: -56.464397597708 gnorm: 0.102032313139 xtb: 6.7.1-6.fc44.fc44
O           -3.06806289407107        2.46642411519764        0.93338973778846
C           -3.70725895269112        2.37113063407690       -0.22238753822433
O           -4.75150116539927        2.85035747864887       -0.42896576246007
H           -2.16636830451156        2.02493796137107        0.88693266038787
C           -2.93252103272844        1.65288717935957       -1.36297856114276
H           -2.07862638528340        2.31137008558259       -1.57083858804637
H           -3.54772375076714        1.59843652004482       -2.21457441897563
N           -2.40048911637343        0.32789134219948       -1.08734086262597
H           -2.92948301942606       -0.42657800879792       -1.52516195965174
C           -1.49057771639866        0.06672337143203       -0.15174786314145
O           -0.98389635874764        0.95074649796300        0.53368281668347
C           -1.11479290012996       -1.40394394929128       -0.01394449369440
H           -0.68511545461536       -1.53039390526368        1.00161325803458
N           -2.26752057482846       -2.21831977022432       -0.35009201873788
H           -2.97132831660595       -2.29184537474368        0.37228628514680
H           -1.93995828068659       -3.14467839135089       -0.59820654986166
C            0.01141332516077       -1.67161543533388       -1.04005478125313
H           -0.35836025879966       -1.40545183707323       -2.03142188437549
H            0.30412534622314       -2.73830087855114       -1.06794766777484
C            1.19298052235647       -0.81376726139887       -0.73424640625747
C            1.51517539426429        0.35533093062138       -1.31966030598018
H            1.10216485096614        0.94793468989362       -2.11693707827651
N            2.71436904398459        0.80378077510369       -0.83385053923934
H            2.99801389288845        1.73982956386568       -1.04463315052294
C            3.12463697413936        0.01008112026323        0.17812221013237
C            4.22429219995869        0.09196068560232        1.01404614012415
H            4.92397888835570        0.91705699375397        0.97867329732886
C            4.38233062634486       -0.98832334178085        1.84972510631171
H            5.18477391468022       -1.04385827817658        2.55670574246696
C            3.49488370595677       -2.07330214650353        1.93030622041905
H            3.70832328006692       -2.83460472050091        2.65443330443033
C            2.41995577086540       -2.13717658094149        1.08673350420582
H            1.76448613375248       -2.98652222185429        1.04414055068598
C            2.18722243469531       -1.05023450316996        0.25276374882135
34
 energy: -56.469387538242 gnorm: 0.092767586639 xtb: 6.7.1-6.fc44.fc44
O           -3.05213856867050        2.45258196854815        0.91868977837913
C           -3.67926149423956        2.38245722255658       -0.24670689718642
O           -4.82298778222997        2.84915855340521       -0.37005894237870
H           -2.14500736583512        2.02241685091310        0.87164301003257
C           -2.89722420642939        1.66702667163090       -1.38116289196549
H           -2.05012399847961        2.32670354217406       -1.59524750003055
H           -3.60928671262630        1.61580675274186       -2.23702110167388
N           -2.41315594348986        0.32578278812668       -1.07531490507952
H           -2.93888599445141       -0.42694310957039       -1.50952628389679
C           -1.49816354365487        0.05895762965182       -0.13816732191892
O           -0.96964242195174        0.93487466300632        0.54041146718243
C           -1.11384777894350       -1.41759113747474       -0.03596580006060
H           -0.70423259492790       -1.55726183797699        0.98593740953340
N           -2.26451089054739       -2.23038165080787       -0.35748466268677
H           -2.95273574394905       -2.28361354378495        0.38416846535663
H           -1.95348309579645       -3.16920627778865       -0.59574961469425
C            0.00574883848129       -1.65160646108409       -1.05354234379316
H           -0.37221503501647       -1.41807956162829       -2.04810638721827
H            0.27343358716810       -2.71595301814431       -1.03224226827311
C            1.20237466343442       -0.81073890347047       -0.76733129021811
C            1.53658967983462        0.36323583212122       -1.35331475257070
H            1.07753351858788        0.92889755892632       -2.13960355562082
N            2.71707085420109        0.84042399307578       -0.82432732455273
H            3.01980701492429        1.78045887174966       -1.01861688973174
C            3.12538460967624        0.01113801059092        0.17610462845825
C            4.22863526311032        0.06872742689236        1.02050089925271
H            4.92166570014338        0.89156176035782        0.99464509276985
C            4.38476223753801       -0.98224570936051        1.89415295660717
H            5.22862312543709       -1.00450950910784        2.57114235662930
C            3.50005891613042       -2.07629724045689        1.93658689426631
H            3.70639632942973       -2.85022828853404        2.65965106144979
C            2.41790963998640       -2.14097260269455        1.09028159776103
H            1.74640126069784       -2.98881284528703        1.07391512729102
C            2.20404975505374       -1.06780505927364        0.22022414130669
34
 energy: -56.474598191879 gnorm: 0.034372796761 xtb: 6.7.1-6.fc44.fc44
O           -3.05920410659339        2.46778819360075        0.93050431228625
C           -3.69863607025174        2.35912872947209       -0.21782541119413
O           -4.76726789616469        2.85567285383894       -0.44276486672369
H           -2.15882349282342        2.02407560777396        0.89533889684086
C           -2.90977864723105        1.66974021387542       -1.35781460684356
H           -2.06408628140445        2.32362028710540       -1.59388680048362
H           -3.55993215103858        1.61995945847592       -2.25664457259086
N           -2.43691895233525        0.32925863734587       -1.05213787714085
H           -2.95565340985530       -0.42664790768088       -1.48531324616932
C           -1.50816440881247        0.06330447478752       -0.12745712201421
O           -0.97520839269965        0.93200245187153        0.55462769065655
C           -1.11697998704317       -1.41239096570250       -0.04094920801156
H           -0.71035131819243       -1.56634036340512        0.97513821022877
N           -2.26320100081982       -2.24101988269858       -0.36820172094991
H           -2.93413195164364       -2.28064499329026        0.38963233110771
H           -1.95847856384886       -3.18423499448243       -0.59394172315753
C            0.00286875991454       -1.64864234555215       -1.06652736686821
H           -0.38538172821929       -1.43068553456945       -2.06525056862377
H            0.26936906685277       -2.70833745092284       -1.02231893920004
C            1.20646614492214       -0.81525613893040       -0.78447447153982
C            1.54534493142471        0.37742148190014       -1.36810942252781
H            1.05754058517773        0.92331834580209       -2.15432030329842
N            2.71574309995205        0.85920105242481       -0.82170404174964
H            3.03590619422431        1.79884827149026       -1.00284655172040
C            3.12320412196420        0.00812989896801        0.16820046239874
C            4.22774983759758        0.05342610636295        1.01421581241298
H            4.91910268827117        0.87922407570716        0.99244259043123
C            4.39110971146743       -0.98681954684525        1.90432270975160
H            5.24508145468089       -0.97906399723760        2.57704999567114
C            3.50483002197642       -2.07559726669450        1.93656027945424
H            3.70645219324582       -2.85840552177317        2.65438514787156
C            2.41997050888203       -2.13967483831741        1.09117950453877
H            1.73952244801822       -2.98414718134757        1.09587264032326
C            2.21147841300100       -1.07824787132908        0.20158238955942
34
 energy: -56.475926264431 gnorm: 0.025113516239 xtb: 6.7.1-6.fc44.fc44
O           -3.06084478638112        2.47688989957351        0.92304931347252
C           -3.69165211106733        2.38660909852851       -0.23091155323330
O           -4.78828708323357        2.82630047385973       -0.42993601584877
H           -2.15910011665846        2.03713242236698        0.88748771392522
C           -2.91367777638675        1.67319345488851       -1.35984389086649
H           -2.04389807016468        2.30343160156441       -1.58512813724485
H           -3.52652798822414        1.61623702623837       -2.24001145658248
N           -2.45115323707703        0.33128655260933       -1.04075416268089
H           -2.96530589755577       -0.42924490044706       -1.47079483258360
C           -1.51042048874494        0.06655940060324       -0.12914774335002
O           -0.97729404562040        0.93230083176137        0.55519507201853
C           -1.11639990119971       -1.40463138921902       -0.04517886835432
H           -0.70707065000184       -1.56771350068094        0.96534715086205
N           -2.26471696423970       -2.23766978187150       -0.37902550886082
H           -2.92641694018222       -2.27107612141908        0.38771258344365
H           -1.96153454844184       -3.18273592782937       -0.59356881132159
C            0.01032227493846       -1.65606962715615       -1.07432967245181
H           -0.38174094766642       -1.43518929888549       -2.07019891176182
H            0.28899223738944       -2.71085886411705       -1.03805163761494
C            1.20793458752640       -0.81584295035665       -0.78591387827772
C            1.53839049234456        0.38109121050473       -1.35497160080206
H            1.04381485679748        0.91881183979962       -2.14316920102735
N            2.70803951377350        0.85623608273820       -0.81781100404863
H            3.04360639041108        1.79017262390377       -0.99786903863063
C            3.11849372472037        0.00290392560101        0.16759593725018
C            4.22401894437446        0.04821783559583        1.01071222543378
H            4.91485773592162        0.87907638902039        0.98269652695213
C            4.39694161750569       -0.99288106076980        1.89538948881477
H            5.22829657942188       -0.97318588780048        2.58114021985027
C            3.50743649852811       -2.07175004503035        1.93509285225452
H            3.70516555742238       -2.86028671170795        2.64797759672751
C            2.42034763432094       -2.13396173239145        1.09379389356689
H            1.74018717372864       -2.97599536040419        1.10925938843294
C            2.20873755631672       -1.07939416904734        0.20273011526285
34
 energy: -56.476495649142 gnorm: 0.021521144191 xtb: 6.7.1-6.fc44.fc44
O           -3.06240475645351        2.47873985413211        0.91274579926131
C           -3.69030540922810        2.38400934456176       -0.24101016783959
O           -4.78339815428613        2.82325815199072       -0.43288866336062
H           -2.16068848549684        2.03915399596587        0.88291619412515
C           -2.90192615360374        1.67239508750240       -1.36378416274328
H           -2.01515984290871        2.29142288085989       -1.57115838280103
H           -3.55655007899233        1.63076426577305       -2.23470296936365
N           -2.45580815085122        0.32728591012946       -1.03109223101914
H           -2.96489823159071       -0.43668772343422       -1.45925577509723
C           -1.50773554779235        0.06128166772218       -0.12782566906941
O           -0.97473631358658        0.92657442211383        0.55715730209219
C           -1.11251270314918       -1.40722026909571       -0.05027490094218
H           -0.70507455657747       -1.57947635547747        0.95827293119157
N           -2.26769421425282       -2.23270534226919       -0.38499467678074
H           -2.92364450406197       -2.25823579153036        0.38802491952494
H           -1.96948266740932       -3.18177790853392       -0.58825875983327
C            0.01439198235060       -1.65521677699643       -1.08085941231841
H           -0.37411706249362       -1.43609454124963       -2.07707142392009
H            0.29081136529882       -2.71117936453686       -1.03997729530443
C            1.20957820115815       -0.81339147494902       -0.78933729727565
C            1.53673935283588        0.38081586801310       -1.35162549614502
H            1.03624881875158        0.91559386321602       -2.13722611067256
N            2.70151346789193        0.85854405281217       -0.81271511347882
H            3.05090793180258        1.78673234845251       -0.99171884446486
C            3.11425895258262        0.00295695232860        0.16888048642995
C            4.21834035898371        0.05051002431663        1.01195534022447
H            4.90825229806679        0.88293788630479        0.97795816851710
C            4.39626085318741       -0.99008493206269        1.89540142300675
H            5.23151313732058       -0.97407077402517        2.57609806539637
C            3.50806538936047       -2.06785126674376        1.93465945957743
H            3.70176757364632       -2.86209779355784        2.64282037627796
C            2.41948309353628       -2.12899339911994        1.09571549041925
H            1.74052015426097       -2.97006957838568        1.12029359161291
C            2.20702572429573       -1.07985994420352        0.20144195749837
34
 energy: -56.476981108720 gnorm: 0.015354019174 xtb: 6.7.1-6.fc44.fc44
O           -3.05400652001865        2.48529522659045        0.90790263492395
C           -3.69010322978017        2.37532041323046       -0.23767399848139
O           -4.79425456995866        2.81504425356338       -0.41607585520240
H           -2.15335760805806        2.04660664681319        0.88054325468572
C           -2.89724966690490        1.66918564388019       -1.35972245435215
H           -2.01192291747762        2.28303762656457       -1.57279029816316
H           -3.52388097345856        1.63967501309037       -2.25412481888188
N           -2.46657210666189        0.32275263553600       -1.02091957488221
H           -2.96907309513711       -0.44594308619970       -1.44531890784471
C           -1.50724146473370        0.05565086453857       -0.12923798337490
O           -0.96856360582630        0.92226151800207        0.55202415720356
C           -1.11133317962580       -1.41023286367857       -0.05880956390612
H           -0.70608362609157       -1.59255530123609        0.94794005442972
N           -2.27193832390190       -2.23022132112094       -0.38996862158659
H           -2.92358946044825       -2.24499914006082        0.38827214127910
H           -1.97906786766724       -3.18443343014989       -0.57703749504371
C            0.01441643679965       -1.65290844731788       -1.08676378022736
H           -0.37004140672572       -1.43760760173900       -2.08435386928449
H            0.28433024925436       -2.71136928653306       -1.03815117321592
C            1.20960130062489       -0.81232323774896       -0.79373178483594
C            1.53889329001056        0.38118141825978       -1.35652997045776
H            1.03337898112434        0.91616671490338       -2.13761749914993
N            2.69480275487295        0.86536322391103       -0.80615069356044
H            3.06147720714820        1.78648206720592       -0.98324556994406
C            3.10951452648261        0.00502167899361        0.17020153263405
C            4.21093967041070        0.05581681988096        1.01473163322850
H            4.89941281281086        0.88811270814629        0.97705550499931
C            4.39256584631569       -0.98433761791910        1.89914957306412
H            5.24311242683045       -0.97527687139897        2.56731078774553
C            3.50749530551729       -2.06480101432513        1.93496973536067
H            3.69579643813006       -2.86469742960049        2.63853668697353
C            2.41754151546185       -2.12544132843759        1.09755038829188
H            1.73951496487319       -2.96603121979135        1.13285285877336
C            2.20502771840423       -1.08183193582887        0.19774712152795
34
 energy: -56.477232768553 gnorm: 0.010772767748 xtb: 6.7.1-6.fc44.fc44
O           -3.04603728252587        2.49438014109677        0.90703082312684
C           -3.68610400017787        2.37512127086524       -0.23614520093463
O           -4.79508800978127        2.80064814987659       -0.41688991590505
H           -2.14613148035170        2.05682950330815        0.88303319470147
C           -2.89001708216219        1.67230062720259       -1.35705579695481
H           -1.99910349805477        2.28151854633328       -1.55892753553059
H           -3.51127957097460        1.61472769796646       -2.25259143455419
N           -2.47222141002329        0.32539956787492       -1.01596534312548
H           -2.96752604289328       -0.44800836690349       -1.43829566569006
C           -1.50655667003595        0.05590945519558       -0.13040133255129
O           -0.96307178461033        0.92316227137370        0.54710770637607
C           -1.11434514639462       -1.40911884094064       -0.06382237109498
H           -0.71023756268582       -1.59838173779283        0.94216158506105
N           -2.27221565078528       -2.23184548442039       -0.39656371276621
H           -2.92627901440731       -2.23859374705759        0.38013929177104
H           -1.98158666480963       -3.18973324491305       -0.56645224654407
C            0.01112702527218       -1.65433759578193       -1.08967750575855
H           -0.37252883433705       -1.43907882551245       -2.08773498813287
H            0.28423927238401       -2.71102130196209       -1.04534273823876
C            1.20618367277368       -0.81304797622723       -0.79478832850736
C            1.53810731114774        0.38354690914271       -1.35997269881046
H            1.03287706546548        0.92119175214169       -2.13886574663115
N            2.68730810706879        0.87055593711392       -0.80044943568443
H            3.07169638441649        1.78396145006665       -0.97842594346639
C            3.10496850813025        0.00596943486957        0.17047530818483
C            4.20611972014112        0.05930574861651        1.01455488051802
H            4.89184528024911        0.89301014896892        0.97765126248764
C            4.39158573512043       -0.98272443150893        1.89659100866208
H            5.24170876261123       -0.97150337062240        2.56360734970516
C            3.50714517351509       -2.06346815314781        1.93360896708230
H            3.69015591897681       -2.86570824811771        2.63508731289887
C            2.41515715503936       -2.12424446987232        1.09830042400538
H            1.73839867321254       -2.96518669327246        1.14162296439845
C            2.20124776208233       -1.08357278393605        0.19596001462798
34
 energy: -56.477437527071 gnorm: 0.008707144601 xtb: 6.7.1-6.fc44.fc44
O           -3.03648575523710        2.50446900755579        0.90280442765791
C           -3.68295312141421        2.37255607834662       -0.23734378832735
O           -4.79608717355681        2.77808479853712       -0.42188272839635
H           -2.13752970098326        2.06858507878133        0.88230846672223
C           -2.88639437444820        1.66562347297839       -1.35496830402218
H           -1.99147066498845        2.27126573097748       -1.54531122378704
H           -3.49775244336538        1.63869126157708       -2.25580430488180
N           -2.47465406844878        0.32028164122454       -1.00744109841825
H           -2.95794503748071       -0.46144743895310       -1.42767889825963
C           -1.50351704435672        0.05207097486320       -0.12694985664941
O           -0.95714189097151        0.92181783421380        0.54443744710729
C           -1.11477271389638       -1.41220280891221       -0.06303857068596
H           -0.70986462691136       -1.60700612207692        0.94193072445555
N           -2.27340748863392       -2.23366797788840       -0.40127722542887
H           -2.93495521705418       -2.23153029952970        0.36891465488237
H           -1.98705162949799       -3.19606662640198       -0.55175965107642
C            0.00891646929228       -1.65621032643456       -1.09362424199209
H           -0.37667302476777       -1.43787307483311       -2.09149592720425
H            0.28716232638153       -2.71131862461098       -1.05634179749999
C            1.20277600114052       -0.81333048331002       -0.79458274126454
C            1.53381549153246        0.38693645990108       -1.35978370083266
H            1.03175172483436        0.92766875897548       -2.13885438863494
N            2.67780914468396        0.87388197671325       -0.79506736675475
H            3.08466672665650        1.77608339799936       -0.97913725695648
C            3.10049877261999        0.00684805838125        0.16996414558807
C            4.20268016871270        0.06401524887534        1.01188713619072
H            4.88460384489394        0.90080479626200        0.97780576653275
C            4.39182883321738       -0.98145157575541        1.89020891660425
H            5.23549951468881       -0.96586838758053        2.56111805535208
C            3.50640328289426       -2.06063407305534        1.93224383212230
H            3.68350573246429       -2.86346288602927        2.63267202245523
C            2.41222948621175       -2.12220641539998        1.09941399400068
H            1.73806425437116       -2.96435476466051        1.14885431668920
C            2.19598602401275       -1.08308935070707        0.19634331743827
34
 energy: -56.477536242239 gnorm: 0.005737198465 xtb: 6.7.1-6.fc44.fc44
O           -3.03381534886300        2.50673904108321        0.90181066324572
C           -3.68323459331846        2.36952704978614       -0.23722893069641
O           -4.79529583698789        2.77637489925480       -0.41832073767355
H           -2.13458562922529        2.07238990552527        0.88141013291023
C           -2.88315538577815        1.66432614096760       -1.35494928610652
H           -1.98617333596134        2.26930228353342       -1.53948822607939
H           -3.49148924152700        1.63154744099120       -2.25609222746831
N           -2.47183498234255        0.31947323550736       -1.00774857491476
H           -2.94863160379549       -0.46569961436369       -1.42975847148185
C           -1.50263008265423        0.05027944543244       -0.12474819570228
O           -0.95603576016672        0.91872981323377        0.54627129649609
C           -1.11503220979326       -1.41612364363136       -0.06278167287221
H           -0.70826165381359       -1.61076035330403        0.94201135142666
N           -2.27655784485743       -2.23378149111303       -0.40143942355126
H           -2.94447151583854       -2.22888846159057        0.36315677721520
H           -1.99274693436007       -3.19777874601352       -0.54632222983518
C            0.00928260507253       -1.65407612606597       -1.09575105253233
H           -0.37919637704520       -1.43113415406634       -2.09156726936019
H            0.28558038163781       -2.71110908040873       -1.05953279023215
C            1.20269373573191       -0.81139019074825       -0.79515317538703
C            1.53042874519053        0.38724150977693       -1.35749080895795
H            1.03053018731392        0.92794410000709       -2.13870055705467
N            2.67444468511372        0.87415033895850       -0.79379504210668
H            3.08918123555391        1.77063506710820       -0.98542669650633
C            3.09940898433497        0.00820521531772        0.17031368678734
C            4.20216529752466        0.06698370122333        1.01175497173011
H            4.88320756779344        0.90461608458490        0.97965449450476
C            4.39064254010594       -0.97902091097064        1.88957277454087
H            5.23689841757210       -0.96623550007399        2.55983788321810
C            3.50473883534344       -2.05849984527141        1.93238450776275
H            3.68109606098101       -2.86023505560655        2.63363692214836
C            2.41052439846829       -2.12102798847802        1.09926160944995
H            1.73795150101718       -2.96440874224277        1.14630221378311
C            2.19391498016875       -1.08033202831895        0.19748023602578
34
 energy: -56.477598749516 gnorm: 0.004508561120 xtb: 6.7.1-6.fc44.fc44
O           -3.03194783291427        2.50972270924261        0.90110185420514
C           -3.68236785917244        2.36809668599749       -0.23802895501751
O           -4.79676400774652        2.77152620314341       -0.41440443514644
H           -2.13193646866370        2.07770277941896        0.88088078165243
C           -2.87895422645588        1.66366001317231       -1.35512584366734
H           -1.98323841965996        2.27027031246665       -1.53826362456232
H           -3.48793002940321        1.62828644646308       -2.25781506545824
N           -2.46693146265536        0.31884978845195       -1.00770076463958
H           -2.93588678456325       -0.47036697098963       -1.43197929701083
C           -1.50162578040498        0.05022667026101       -0.11979813470581
O           -0.95457577531303        0.91741248163053        0.55135893024565
C           -1.11536274527302       -1.41829857941843       -0.05844619955223
H           -0.70627027617845       -1.61222957350415        0.94584764855396
N           -2.27383997529580       -2.23464502794630       -0.40179508888075
H           -2.95028148796954       -2.22804614717109        0.35536038587569
H           -1.99113789752830       -3.19909578555426       -0.54214295870800
C            0.00607877264740       -1.65388844880946       -1.09439008670796
H           -0.38344140390158       -1.42489297769705       -2.08784065692923
H            0.28296209854639       -2.71067204762770       -1.06579104392292
C            1.19999887385031       -0.81100673633634       -0.79532710524516
C            1.52726959330681        0.38662738000731       -1.35777990143204
H            1.02938578849252        0.92660893339269       -2.14136218148855
N            2.67084107895439        0.87564763812243       -0.79248043878190
H            3.09204604388995        1.76636885813969       -0.99380428109989
C            3.09714514352030        0.00968242993018        0.17095696660714
C            4.20012369059068        0.06897116098760        1.01296634961260
H            4.88165503727146        0.90604781307940        0.98235348114253
C            4.38836065128117       -0.97682492756904        1.88996201481545
H            5.23546403933997       -0.96532458853598        2.56072669204942
C            3.50284778205183       -2.05776823037228        1.93138966696829
H            3.68025097143031       -2.85758098386884        2.63449171618391
C            2.40906255952826       -2.12189454659750        1.09731363897822
H            1.73691870438098       -2.96633812266826        1.14062610709849
C            2.19162342661247       -1.07887126921685        0.19750398169379
34
 energy: -56.477589710918 gnorm: 0.006906682978 xtb: 6.7.1-6.fc44.fc44
O           -3.03010327818624        2.51267459984182        0.90039944022322
C           -3.68150881786442        2.36669586676059       -0.23882759981559
O           -4.79822379052442        2.76675748260482       -0.41051200620474
H           -2.12931593721810        2.08296194942879        0.88035306460163
C           -2.87479344493660        1.66300749519116       -1.35530601343335
H           -1.98032630113257        2.27122790502268       -1.53705143575659
H           -3.48443592715047        1.62504133247830       -2.25952342037116
N           -2.46208523193353        0.31823498236053       -1.00765498982831
H           -2.92330893087637       -0.47497256218678       -1.43416774678128
C           -1.50063661297333        0.05017747157811       -0.11490322083709
O           -0.95312840869156        0.91612178173227        0.55637105710619
C           -1.11569494634987       -1.42044444941376       -0.05415054720130
H           -0.70430814230073       -1.61367113210909        0.94965219640529
N           -2.27113564533075       -2.23549731535829       -0.40216627982299
H           -2.95601357634210       -2.22723212699576        0.34762801247353
H           -1.98951790364293       -3.20039019519865       -0.53803402216799
C            0.00290385075328       -1.65371445055578       -1.09303451439010
H           -0.38762563125690       -1.41871874912333       -2.08414287466049
H            0.28037999589936       -2.71024438918685       -1.07198397026249
C            1.19732677022306       -0.81063009391522       -0.79549289192476
C            1.52413629462586        0.38600563552444       -1.35806056225356
H            1.02824761302760        0.92527121566338       -2.14399474671477
N            2.66727110901528        0.87711736264691       -0.79117914181824
H            3.09485951499806        1.76214888597970       -1.00206656370341
C            3.09490371076410        0.01114044188214        0.17159730960746
C            4.19810538560131        0.07093854813301        1.01416456979972
H            4.88011934972621        0.90746406048440        0.98502658264816
C            4.38611108639061       -0.97465067618080        1.89034088825083
H            5.23407772856369       -0.96443175099638        2.56158572409615
C            3.50098360959749       -2.05704367932300        1.93040586631106
H            3.67941294725346       -2.85495322060830        2.63533843304705
C            2.40761543108886       -2.12275116627974        1.09539268093014
H            1.73589869219672       -2.96824804861454        1.13502967371026
C            2.18935125958187       -1.07742967124259        0.19753120146356
34
 energy: -56.477637035676 gnorm: 0.003510022339 xtb: 6.7.1-6.fc44.fc44
O           -3.02981638682789        2.51148312285862        0.90055094480039
C           -3.68100121020256        2.36545555139387       -0.23796028158977
O           -4.79782133904468        2.76386743935222       -0.41321739994563
H           -2.12961679126700        2.08107783494574        0.88070338299287
C           -2.87595052847717        1.66284545100301       -1.35484649652135
H           -1.98135636831627        2.27121331013687       -1.53839565015273
H           -3.48641328485207        1.62748602179719       -2.25676393467073
N           -2.46263368785478        0.31826125632060       -1.00822749799602
H           -2.92300995588017       -0.47476968213216       -1.43543543544847
C           -1.50029762171398        0.04985301912601       -0.11672701230170
O           -0.95383223499194        0.91453929190180        0.55765094761485
C           -1.11510954586060       -1.42042183671084       -0.05667578234820
H           -0.70421455593799       -1.61491758358286        0.94670861429310
N           -2.27463789378563       -2.23543227967224       -0.39950385575676
H           -2.95615489875995       -2.22442347038243        0.35313323239484
H           -1.99463231201682       -3.20101577974858       -0.53614394656904
C            0.00484630031184       -1.65207832256629       -1.09471122469718
H           -0.38836479615938       -1.42022202952594       -2.08655334210567
H            0.27994587429161       -2.70965202038410       -1.06980657667528
C            1.19940188015950       -0.81053872026278       -0.79637969823176
C            1.52672943985370        0.38810332613236       -1.35883848209700
H            1.02947627783896        0.92729856988220       -2.14361506356426
N            2.66947402095818        0.87838319876910       -0.79154461844365
H            3.09663526401248        1.76372123849189       -1.00264415385039
C            3.09609918441595        0.01119835351780        0.17103395533862
C            4.19841964149466        0.07011615317093        1.01430460769790
H            4.88072037292931        0.90683407083773        0.98445756626209
C            4.38570949348417       -0.97562200100523        1.89162253172094
H            5.23051028517430       -0.96361391131947        2.56455227331423
C            3.50069528414664       -2.05746442242232        1.93080114060365
H            3.68008040743813       -2.85625296477204        2.63493032541119
C            2.40848731322699       -2.12256085086212        1.09512990201707
H            1.73608025704587       -2.96734339160966        1.13407836161105
C            2.19109393776250       -1.07744460265465        0.19689681961885
34
 energy: -56.477661538011 gnorm: 0.002278055154 xtb: 6.7.1-6.fc44.fc44
O           -3.03052559853933        2.51081766559649        0.90101560126277
C           -3.68079864120778        2.36355136714002       -0.23702240923989
O           -4.79771859701771        2.75998999833103       -0.41457256428991
H           -2.13074391282450        2.07982243730008        0.88217636472621
C           -2.87677308696093        1.66269296823230       -1.35453743093119
H           -1.98252967723305        2.27153765041597       -1.54054804000587
H           -3.48723198459324        1.62802311632517       -2.25553126731516
N           -2.46133513934384        0.31877302490357       -1.00808864885461
H           -2.91756362239195       -0.47563953118604       -1.43707243009972
C           -1.49957186708467        0.05086656880833       -0.11622266233695
O           -0.95534246533664        0.91454238291683        0.56172949448074
C           -1.11363621789178       -1.41854959922938       -0.05648997300129
H           -0.70325614921860       -1.61451876329403        0.94658066475947
N           -2.27405299166555       -2.23378913637768       -0.39804042353108
H           -2.95367061707400       -2.21935293098536        0.35616857643753
H           -1.99507708778684       -3.19980598270253       -0.53408075088801
C            0.00512569252967       -1.65148159746692       -1.09583675664791
H           -0.38749378395704       -1.42075180948823       -2.08847844822756
H            0.28047936317789       -2.70892305908252       -1.07040514664529
C            1.19976372426485       -0.81072533100553       -0.79727040178179
C            1.52785593785418        0.38835486650345       -1.35972903406963
H            1.02908476564646        0.92736961628883       -2.14319823816952
N            2.66991302385112        0.87882435767685       -0.79207971188785
H            3.09798554553805        1.76285929497279       -1.00707048276453
C            3.09579916972035        0.01083979027141        0.17037128402267
C            4.19676442236374        0.06932460322195        1.01502350416653
H            4.87940546247546        0.90608483289080        0.98433722816144
C            4.38313042632230       -0.97610180866327        1.89340269738753
H            5.22739472291416       -0.96339238902015        2.56651943043806
C            3.49897162224502       -2.05804463448479        1.93103330505129
H            3.68061881355404       -2.85773738744924        2.63416429137941
C            2.40806011761371       -2.12278553506794        1.09447985097428
H            1.73513670939623       -2.96708946847280        1.13157669700452
C            2.19137374325615       -1.07762223779524        0.19625998316135
34
 energy: -56.477678314104 gnorm: 0.002010472066 xtb: 6.7.1-6.fc44.fc44
O           -3.03151596707955        2.51094491469074        0.90154667244125
C           -3.68042546319289        2.36127203516208       -0.23645908029804
O           -4.79886588430698        2.75358524266185       -0.41466184415342
H           -2.13191522735629        2.07956852379255        0.88449351040669
C           -2.87598905185678        1.66243477759105       -1.35438094530438
H           -1.98350206872911        2.27325136926642       -1.54290890989292
H           -3.48771399834330        1.62642847729713       -2.25477479204061
N           -2.45763627827787        0.31939323340988       -1.00822348690781
H           -2.90525254938808       -0.47810153555053       -1.44091730807612
C           -1.49847879763928        0.05170217181619       -0.11384147348795
O           -0.95760058586046        0.91400828793652        0.56887693452452
C           -1.11188535788149       -1.41758681877461       -0.05599187528687
H           -0.70046610787519       -1.61499910921010        0.94607092523766
N           -2.27396689620671       -2.23182282674238       -0.39561526133118
H           -2.95340435705235       -2.21216577177499        0.35858616011920
H           -1.99691532662387       -3.19856362616316       -0.52955058920889
C            0.00526926502360       -1.65103841146959       -1.09640005488920
H           -0.38978657912664       -1.41907188701594       -2.08769880180656
H            0.28017332826034       -2.70862292116455       -1.07274788755756
C            1.20032935999209       -0.81065930410115       -0.79897875017320
C            1.52914090199261        0.38816904257733       -1.36148436106424
H            1.02945159321915        0.92751123723674       -2.14396819477353
N            2.66990106552088        0.88008100251225       -0.79216920697126
H            3.10099345228501        1.76049616849292       -1.01530298742845
C            3.09555580411804        0.01109210649093        0.16968425780176
C            4.19458339874375        0.06931711653925        1.01676448861608
H            4.87736917944336        0.90597998285818        0.98656987126765
C            4.37974997340985       -0.97617579323725        1.89489649518716
H            5.22198341384290       -0.96254360932501        2.56981328971034
C            3.49669894810232       -2.05886014404011        1.93030349906943
H            3.68094306941765       -2.85865549032697        2.63317177750091
C            2.40736515025327       -2.12350496440346        1.09240881009292
H            1.73362676514576       -2.96743296332398        1.12653492746546
C            2.19172765062223       -1.07746717368405        0.19491834393722
34
 energy: -56.477684823779 gnorm: 0.001628488665 xtb: 6.7.1-6.fc44.fc44
O           -3.03328756331575        2.51072891775120        0.90178324114976
C           -3.68112892093537        2.35993686631120       -0.23650781117739
O           -4.79992106018565        2.75139777389879       -0.41482963722012
H           -2.13364658729932        2.07875893003293        0.88616215970707
C           -2.87531287455817        1.66217412069639       -1.35444029621448
H           -1.98427017435912        2.27484628112707       -1.54371314433449
H           -3.48810261972237        1.62401952464859       -2.25385187412420
N           -2.45452240921549        0.31992756057116       -1.00807085042671
H           -2.89650683538263       -0.47932131755545       -1.44351631002366
C           -1.49754083067258        0.05226564688521       -0.11141344197069
O           -0.95966215143752        0.91434415695796        0.57402461329474
C           -1.11066813202550       -1.41680676406102       -0.05440023373992
H           -0.69858617420090       -1.61466117390877        0.94734264459760
N           -2.27288805035588       -2.23029964936071       -0.39433446083748
H           -2.95261649004211       -2.20814421699464        0.35943899328579
H           -1.99645373767118       -3.19718562851724       -0.52708139489389
C            0.00457478727556       -1.65047199884768       -1.09695149666430
H           -0.38935751363957       -1.41857057523972       -2.08867318220729
H            0.27929405624844       -2.70812662809249       -1.07338847873683
C            1.20025871645853       -0.81052173576211       -0.80023724827067
C            1.52959792074003        0.38790255540901       -1.36289371181193
H            1.03028124856851        0.92763566051355       -2.14527926467820
N            2.66976805764329        0.88017354788003       -0.79273079777630
H            3.10261106111429        1.75857115107157       -1.02032753832186
C            3.09552969866319        0.01092735127318        0.16874613658922
C            4.19348142168302        0.06932196333940        1.01732566742252
H            4.87585469798964        0.90627456598425        0.98842194019288
C            4.37765959971042       -0.97629204170851        1.89548973483187
H            5.21973082262402       -0.96290597533068        2.57117780724723
C            3.49508495423141       -2.05955370201201        1.92973890386293
H            3.68007435783897       -2.85916363582303        2.63264774950537
C            2.40640922463541       -2.12395731885288        1.09105022908625
H            1.73229078916896       -2.96772330289047        1.12405423212999
C            2.19151253302132       -1.07753756936993        0.19380127325324
34
 energy: -56.477688904704 gnorm: 0.001150808855 xtb: 6.7.1-6.fc44.fc44
O           -3.03628985515944        2.50992090867381        0.90228267827335
C           -3.68295844563616        2.35951699566531       -0.23662312498546
O           -4.80130968618085        2.75175467338417       -0.41545512719339
H           -2.13655686761246        2.07663248585021        0.88818506100096
C           -2.87568522570139        1.66217201338117       -1.35457586821871
H           -1.98646456908747        2.27715159348537       -1.54404311387027
H           -3.48867582990563        1.62198988827474       -2.25446910368063
N           -2.45215412479568        0.32103546873901       -1.00800581844453
H           -2.88880719621717       -0.47928499523928       -1.44667052470355
C           -1.49711547545689        0.05299993829319       -0.10926223880261
O           -0.96259015968263        0.91504588525258        0.57896698528770
C           -1.10936334131114       -1.41585971865357       -0.05418630988137
H           -0.69584206555779       -1.61376969743141        0.94700542519734
N           -2.27198570493556       -2.22908465725780       -0.39257254663648
H           -2.95142791328902       -2.20499783564691        0.36127467816904
H           -1.99596339653328       -3.19609132665570       -0.52458139508028
C            0.00483692686029       -1.65086835728592       -1.09705352706935
H           -0.39087197382888       -1.41847740117557       -2.08751472849909
H            0.28012452111539       -2.70805514714658       -1.07430942833675
C            1.20076306819897       -0.81040294097286       -0.80155580258011
C            1.53025722544322        0.38742513432095       -1.36417114799870
H            1.03185293973721        0.92754772642811       -2.14697640075053
N            2.67017079254005        0.87958888195905       -0.79346817253488
H            3.10396025294856        1.75683035151517       -1.02341390458071
C            3.09642339256585        0.01032021180289        0.16750631324154
C            4.19347831484538        0.06906130767082        1.01750148974716
H            4.87507472631938        0.90647409509418        0.99059192727744
C            4.37679562813259       -0.97682888543173        1.89533996388922
H            5.21844095398365       -0.96366249162747        2.57210835392025
C            3.49425857071073       -2.06040973144996        1.92904065389574
H            3.67840031038962       -2.85968355270850        2.63224053976135
C            2.40572746579540       -2.12426363263540        1.08979475704672
H            1.73126268269537       -2.96780518061687        1.12323884585296
C            2.19177588120574       -1.07795866783108        0.19239476401270
34
 energy: -56.477691439519 gnorm: 0.000801270566 xtb: 6.7.1-6.fc44.fc44
O           -3.03791595880408        2.50890113029239        0.90238570683456
C           -3.68402877712424        2.36013824922097       -0.23700796256025
O           -4.80192758879248        2.75361478415709       -0.41692601214277
H           -2.13811711642553        2.07486631901383        0.88859797242705
C           -2.87635350345126        1.66202869693423       -1.35453641273955
H           -1.98774620106824        2.27788737697141       -1.54398867417209
H           -3.48936369000076        1.62094045561440       -2.25420965748563
N           -2.45214951709457        0.32111684814374       -1.00764528763981
H           -2.88809848579961       -0.47867708093832       -1.44738830123862
C           -1.49722322937550        0.05296232690983       -0.10863787208107
O           -0.96374389892811        0.91498606464418        0.58049800523389
C           -1.10899028254786       -1.41570188149127       -0.05371847342501
H           -0.69481260207533       -1.61313673336322        0.94742019558081
N           -2.27175180156886       -2.22888026334213       -0.39174721459896
H           -2.95103870941997       -2.20519881038546        0.36217710777374
H           -1.99553541483237       -3.19578840473550       -0.52420540478615
C            0.00480710059293       -1.64999410174455       -1.09751520114804
H           -0.39020189974756       -1.41853061908116       -2.08857881679737
H            0.27935920406680       -2.70754205883215       -1.07305364118680
C            1.20110358933984       -0.81004091770689       -0.80221003147069
C            1.53096765446236        0.38782101227541       -1.36470423889755
H            1.03315969434070        0.92801030101866       -2.14797891255877
N            2.67125005679582        0.87913526791960       -0.79398960231986
H            3.10449175627647        1.75715404666362       -1.02206535333025
C            3.09737592746913        0.00982298917823        0.16689068555960
C            4.19434109564194        0.06844410959987        1.01712175071740
H            4.87610949703507        0.90564835498107        0.99063043625930
C            4.37743902730442       -0.97758779343351        1.89470348846705
H            5.21847137102213       -0.96429476318267        2.57201507934448
C            3.49429854851817       -2.06065164809582        1.92876678034783
H            3.67678557287217       -2.85985384544417        2.63223762266883
C            2.40554657427145       -2.12405738922934        1.08946662010697
H            1.73097771481207       -2.96741116318646        1.12416871090257
C            2.19205611483079       -1.07816751932181        0.19159106108118
