37
 energy: -60.965964481883 gnorm: 1.243761320709 xtb: 6.7.1-6.fc44.fc44
O           -4.56128952001899        1.62352908481855       -0.71670872085662
C           -4.48624904679379        0.51319491432929        0.03728896950803
O           -4.68582941174025        0.27039476217520        1.16267362379031
H           -4.40303812393815       -0.66798314405487        1.31420907997352
C           -4.19925928460113       -0.63458460142568       -1.29642804452709
H           -4.33915042752897       -0.39781931260790       -2.15859488811702
H           -4.88059570497894       -1.32550916973340       -0.88067956431802
N           -2.92449691672889       -1.34144709019843       -0.92846019225572
H           -2.19426129890624       -1.23639984038327       -1.50654421796003
C           -2.82973277393431       -1.78000745287012        0.40943261782680
O           -3.67887856501344       -2.20700338154912        1.17571077069850
C           -1.24808707557331       -2.47458823758930        0.37701298367762
H           -1.07884037558760       -2.97921759246201       -0.51018975883753
H           -1.35473967765392       -3.27429602632748        1.14079887677147
N           -0.25980566657663       -1.56119122948624        0.41709693845338
H            0.10454736495591       -1.36965861319433        1.37414695297955
C            0.19612822657889       -0.62015909695752       -0.68466442097353
O           -0.41329318421706       -0.68270739137504       -1.50076091194796
C            1.28568130361536        0.20697832105722       -0.07928475632635
N            1.18589630173736        0.46302477793755        1.34316094350401
H            0.20075249033702        1.28861542936591        1.43266602328644
H            1.82818567691337        1.13040878481109        1.63652083550147
H            1.05909612997404        1.09481960916913       -0.72813791555322
C            2.70145010981722       -0.27087129030694       -0.34395375166143
H            2.76437134192716       -1.00205023183420        0.15410555248514
H            2.56020196341172       -0.74319888128540       -1.29671716375255
C            3.73155783494395        0.53910450583925       -0.22609260070490
C            4.25351469436509        0.44424998316224        1.04558487374096
H            4.13015335685739       -0.05851946011996        1.90316684523902
C            5.15703840425161        1.46620544158077        1.27414118823277
H            5.96618430974020        1.29892632539662        2.02846924801258
C            5.79180674226553        2.50746942420119        0.21060624437779
H            6.38654150717480        3.10320089201429        0.41951136891814
C            5.00110613361320        2.54585456166539       -0.84235354670517
H            5.04490351499477        3.24976192357785       -1.51581661992866
C            3.98688804469153        1.61901124562986       -1.15987645271947
H            3.34147782659846        1.58477047613690       -1.73932032622705
37
 energy: -61.354828673747 gnorm: 0.442357500478 xtb: 6.7.1-6.fc44.fc44
O           -4.56362466760255        1.62403899203974       -0.68542244006407
C           -4.48681175135496        0.53932539175443       -0.03427290432616
O           -4.68043677193345        0.26766011535221        1.16221291084953
H           -4.40620376898567       -0.67523749003298        1.31761798676215
C           -4.19642778799183       -0.65023004013622       -1.22734521958307
H           -4.33765474780061       -0.37432857505428       -2.19395383318290
H           -4.90499379451581       -1.34753667215143       -0.87657287439449
N           -2.94321301459928       -1.33776941689980       -0.90110478309877
H           -2.18426356874653       -1.23220444359334       -1.51401006452378
C           -2.80385851931865       -1.82278910530203        0.37812512745594
O           -3.67134822299996       -2.18522129710066        1.17129154958645
C           -1.26590498066333       -2.47511350174589        0.38373107806481
H           -1.09259535490235       -2.98886105880375       -0.52814155561506
H           -1.34730838801067       -3.26657833221583        1.14625956952792
N           -0.24039430993078       -1.55380562896262        0.44599983496902
H            0.10855907262873       -1.36596076935637        1.37808566702740
C            0.21068347866174       -0.63631986381803       -0.61321443944693
O           -0.45097064708977       -0.68445136280872       -1.58837316159494
C            1.27858288233820        0.23093312869156       -0.07612601416439
N            1.14400528541135        0.49134862735807        1.34068712869595
H            0.22304454757030        1.26026553313810        1.43508175555877
H            1.84256322998992        1.13516272935593        1.64000789555834
H            1.06694020593963        1.10761073399640       -0.72552974222199
C            2.67095235096416       -0.27645113815569       -0.37929400753002
H            2.76256478263665       -1.07659870010070        0.20539059560322
H            2.55962076107984       -0.74814483644204       -1.33075736328042
C            3.74463145907773        0.57354033974874       -0.22207906140002
C            4.28330080731560        0.48394997031245        1.04198156036498
H            4.12432230910951       -0.07266635641937        1.90976737942342
C            5.21119635323782        1.47366964125213        1.26582264125962
H            5.96108496537772        1.30631359460906        2.04105072148373
C            5.74165327536271        2.45808643226267        0.23388908466251
H            6.43861615892300        3.13977758756834        0.45142019532593
C            4.98635967148499        2.53007703594909       -0.84544537553313
H            5.05349006885095        3.27640302257339       -1.54479244642229
C            4.01257083469660        1.60938398989720       -1.11887668892837
H            3.29120402076202        1.58503014234727       -1.80139062326368
37
 energy: -61.503491533804 gnorm: 0.179136875271 xtb: 6.7.1-6.fc44.fc44
O           -4.56725519555254        1.63006167760259       -0.64576370615882
C           -4.49037897089567        0.55826538689721       -0.11607388089558
O           -4.66344913290487        0.26876576512755        1.13043097022502
H           -4.41310917553699       -0.68042288548015        1.30641134389700
C           -4.20503947745321       -0.65846233089212       -1.15678445174660
H           -4.32403288197438       -0.35355201218293       -2.17291488895698
H           -4.95142661137589       -1.38048673109371       -0.88082023048898
N           -2.95623702389553       -1.32392592870316       -0.87529979191382
H           -2.17938011425107       -1.22013654525447       -1.51268792200833
C           -2.76281735117328       -1.88655514957861        0.32769785431417
O           -3.64014141768026       -2.15209041434918        1.16216586738334
C           -1.29052949597259       -2.47909159096679        0.37998077312261
H           -1.11818829665660       -3.00185382857752       -0.55154104725422
H           -1.32607929976279       -3.24938742343118        1.15858589111303
N           -0.23504917382724       -1.53956061246710        0.45877582481738
H            0.11937505073660       -1.35262381686941        1.37791983930060
C            0.17832656164124       -0.66693593711775       -0.55540500928956
O           -0.43965454544799       -0.69907595852345       -1.59677696314327
C            1.25134562709532        0.25441880624709       -0.08404451561815
N            1.08501688512347        0.54510231891127        1.33299780914023
H            0.26333323036453        1.20780283424535        1.43611866647903
H            1.86056831808396        1.13312073834808        1.64148859109155
H            1.08036104903034        1.13190251815741       -0.72865294038482
C            2.63283758113352       -0.31171866305676       -0.39768457779661
H            2.75470273817149       -1.13201218928239        0.24126475759336
H            2.56112838165205       -0.75892441909527       -1.37317903083926
C            3.72817243255961        0.59583842919584       -0.20575767569870
C            4.32009246543621        0.53319938779425        1.04160413176841
H            4.12346396889586       -0.08283047635094        1.90011006427524
C            5.29978249858702        1.48274197083736        1.24428704801248
H            5.96470596298451        1.32812596590176        2.07583150295106
C            5.70188760116619        2.43238817410288        0.28025755654261
H            6.45625069559712        3.13280994972923        0.47920896853912
C            4.97032497506460        2.52811657779131       -0.85636462862778
H            5.07435286426527        3.30158791952778       -1.57277645244760
C            3.99879697030685        1.59882956136308       -1.09980637131822
H            3.27787853143815        1.58887735059991       -1.85108329237373
37
 energy: -61.547401532324 gnorm: 0.079836787515 xtb: 6.7.1-6.fc44.fc44
O           -4.57133225149941        1.66795477852415       -0.62257349594860
C           -4.49100256552858        0.55490159507153       -0.17734111030201
O           -4.64417943242213        0.25757277054757        1.09924051838323
H           -4.42216452227333       -0.69600163219418        1.29153040343321
C           -4.22763052099951       -0.66242660684787       -1.10787471491017
H           -4.31549106140537       -0.33918910958528       -2.14974993785620
H           -5.00162830862665       -1.40544859877672       -0.89171451886915
N           -2.96057182476900       -1.29734201303195       -0.85620850561064
H           -2.17922128972773       -1.18832314052528       -1.50749467766833
C           -2.72054955185589       -1.92277298982073        0.29511855746648
O           -3.58515896703876       -2.13236847510907        1.15433548951758
C           -1.30951459938324       -2.49644750198319        0.36895907011482
H           -1.13536125416628       -3.02628329574866       -0.57198676818891
H           -1.29348576885207       -3.23289657584204        1.17802314940871
N           -0.24700506857261       -1.52958182953021        0.47306039442945
H            0.12483017269061       -1.34160802239638        1.39054182777759
C            0.13206240751831       -0.69325458756691       -0.50935650577602
O           -0.42989970896158       -0.71734620595477       -1.60618890795355
C            1.22113023412964        0.26963881130939       -0.09302776040863
N            1.06022053447955        0.58421052087613        1.32655831047702
H            0.28039616287995        1.17092224552109        1.43298180515151
H            1.87535196587847        1.12737526482863        1.63843022617207
H            1.09280043248849        1.15265724237120       -0.73893962942484
C            2.59401776859150       -0.35258992777019       -0.39386861202273
H            2.73681555111772       -1.18645130135366        0.27508629019780
H            2.56197302284645       -0.75998486619166       -1.40352705188220
C            3.69411893607043        0.60392752255614       -0.17273134726328
C            4.34977759309102        0.56183740323626        1.04668499481055
H            4.12612417252230       -0.10121792254440        1.87880912386090
C            5.37296442776329        1.47817955440126        1.23871492708457
H            5.97541700892477        1.36195291734057        2.12955504037626
C            5.68457328511637        2.43087634530073        0.30380687319123
H            6.47888257153792        3.13679838626898        0.48456354573455
C            4.95747537009748        2.53390783220995       -0.86485406491619
H            5.09931884530798        3.31591665553513       -1.59131770193670
C            3.97508756519668        1.59752861275527       -1.09234533118748
H            3.28079489280628        1.59768456322626       -1.91317982185673
37
 energy: -61.555883340688 gnorm: 0.056565659708 xtb: 6.7.1-6.fc44.fc44
O           -4.57244966878188        1.67277146585281       -0.62421127128508
C           -4.49896167712811        0.55639676139373       -0.20009817770033
O           -4.63039818490823        0.26907926730471        1.08835195138915
H           -4.43901099809276       -0.69319566794161        1.28176425865003
C           -4.25313968342762       -0.66380358330879       -1.09674787569660
H           -4.31764602724903       -0.33597471388599       -2.14342689930204
H           -5.03910936855986       -1.41170436752373       -0.90221419268326
N           -2.96384273848052       -1.26724067045177       -0.84858281671952
H           -2.18412297149658       -1.13485344969540       -1.50087133408034
C           -2.70208530737545       -1.94234668408978        0.27782463335832
O           -3.54764210075227       -2.12475406301090        1.15690033764444
C           -1.30182423531021       -2.52541854534593        0.35998487009178
H           -1.12488162019555       -3.06339167876212       -0.58093162498472
H           -1.25740495329922       -3.22774810812144        1.19795455245846
N           -0.25575913831689       -1.53070938625193        0.48844073704958
H            0.12275058061300       -1.33312037367400        1.40643550219031
C            0.10330462540373       -0.70260199373112       -0.49654315265191
O           -0.42501222900648       -0.73297104086509       -1.61153090869311
C            1.20403083703507        0.27504134623193       -0.10881274899065
N            1.07634210907094        0.58775109573113        1.31205614937304
H            0.21236319602366        1.16481714878382        1.48448780184602
H            1.88427988118418        1.12501234290810        1.62194124758715
H            1.10095364396227        1.16436767587447       -0.75423280225561
C            2.57249067894398       -0.37801137068365       -0.38870041163255
H            2.71501682079412       -1.22262497397253        0.28623294404050
H            2.56372949549744       -0.75286909588822       -1.42064824275704
C            3.67250853263787        0.60543893136256       -0.14982375088213
C            4.37774940529472        0.56535359470930        1.04714030711502
H            4.14876654324244       -0.13190690703241        1.85104240986993
C            5.41597235557466        1.46714375166442        1.25124689424999
H            5.99237927996660        1.39872757771436        2.17112818819317
C            5.68316408798557        2.44894279762505        0.31129455907667
H            6.49052266350069        3.15514567669933        0.48032799351631
C            4.94701869753346        2.53571767056385       -0.86328624965198
H            5.11798599572528        3.30901152649930       -1.60199994889846
C            3.95610565772083        1.59792898260975       -1.08619722854553
H            3.29579203964316        1.59890747981486       -1.95397561668384
37
 energy: -61.559193333444 gnorm: 0.035800407287 xtb: 6.7.1-6.fc44.fc44
O           -4.58271122220506        1.67194655754746       -0.62217176901853
C           -4.50940054162287        0.55694486528621       -0.19975717933554
O           -4.63016869923949        0.27543731787919        1.09285215720433
H           -4.44467866356896       -0.68645003814668        1.28591120700512
C           -4.26056287783081       -0.66688930312652       -1.09832786101326
H           -4.31175687138556       -0.34618791292304       -2.14694141889832
H           -5.04982986167477       -1.40896007100646       -0.90469991527432
N           -2.96235291517453       -1.25626505737424       -0.84155906430415
H           -2.18126648294755       -1.09617971592301       -1.48612019293643
C           -2.70146783110433       -1.94650040413647        0.27506410619934
O           -3.53232092039057       -2.12678038349069        1.16036092139364
C           -1.29635879065510       -2.54510567612216        0.34345243609899
H           -1.10602102583083       -3.09329437466546       -0.59008501843876
H           -1.24478846548104       -3.22494647966137        1.19660038701011
N           -0.26637639093329       -1.53236870109236        0.49259080684835
H            0.10982272794713       -1.32724666247418        1.41101957468424
C            0.08876385890357       -0.70343561955652       -0.49696799926207
O           -0.41597797546823       -0.73888474635572       -1.62169810693376
C            1.18691152863584        0.27645939805657       -0.10862169625735
N            1.05948135074635        0.57853945953285        1.31310462477300
H            0.25805705006739        1.18875219853430        1.44827186596352
H            1.86976014182286        1.10519934364913        1.62662392859978
H            1.10113379212671        1.16466652952727       -0.75987729814735
C            2.55531627228404       -0.38591711217115       -0.37658014464291
H            2.69262120508371       -1.23881537538282        0.29618220092159
H            2.55942919059288       -0.74006236686184       -1.41666973108657
C            3.65940390413741        0.60660252279141       -0.13392244463101
C            4.39670019626043        0.56827549688477        1.04556840224927
H            4.17554402890785       -0.15554340795916        1.82639755623406
C            5.41682466687490        1.48116708476456        1.26128006711228
H            5.99953595039815        1.43672293331584        2.16807354382061
C            5.69025367534805        2.45027934122384        0.31481379892869
H            6.49568130005408        3.16144601702050        0.48056818593193
C            4.94302657931770        2.52534850912892       -0.85431844621611
H            5.12819716701652        3.29497149002394       -1.59491328431404
C            3.94283382493172        1.59587079235242       -1.07541432414923
H            3.30667734902873        1.60351197001775       -1.96836979251393
37
 energy: -61.560445234526 gnorm: 0.022192325543 xtb: 6.7.1-6.fc44.fc44
O           -4.60297378357238        1.68204894149250       -0.61782751506080
C           -4.51602647396637        0.56228424517427       -0.19418545939015
O           -4.64124190942660        0.27304475525206        1.09287093994968
H           -4.43920393982877       -0.68085107697016        1.28311414383601
C           -4.25339971447850       -0.66256007052661       -1.09952519450595
H           -4.29740465149174       -0.34552482455048       -2.14460888426083
H           -5.04170720715519       -1.40189882649584       -0.90556304080929
N           -2.96074035719359       -1.26642363451727       -0.84202617486628
H           -2.17889834423566       -1.08473445861251       -1.47774452111756
C           -2.70817807818145       -1.96210067809622        0.27010298579085
O           -3.52988575758843       -2.13484796252957        1.16504738629318
C           -1.29197042996353       -2.54926221857900        0.33636265701488
H           -1.09772466349649       -3.10261628299722       -0.59038983775414
H           -1.24186386273058       -3.22122758844580        1.19185053815788
N           -0.27429170139849       -1.52771321341848        0.49064765750062
H            0.09985610244348       -1.31453096947148        1.40694935721616
C            0.08691005481264       -0.70020728660959       -0.50350489605650
O           -0.40493357701589       -0.74146852829431       -1.62802014879498
C            1.18202545008382        0.27805928358540       -0.10833213773186
N            1.05062889483831        0.58723536761912        1.31115321161081
H            0.25103288974134        1.18167770824845        1.47479713070809
H            1.87056141214702        1.10210017335418        1.62523774373296
H            1.09939674112706        1.16008132039648       -0.76487204212994
C            2.55065375599293       -0.38623026087984       -0.36997351910006
H            2.67608905940493       -1.24152498281344        0.30047112428599
H            2.56167089539373       -0.73534298296704       -1.40645663130109
C            3.66100705842169        0.60186351345113       -0.13055159731711
C            4.40687323613893        0.56765808568190        1.04116895891685
H            4.19247627459514       -0.16917439945423        1.80666037910222
C            5.41745570555681        1.48772505522231        1.25960469554482
H            5.99308223446606        1.45872609031555        2.17658056613300
C            5.69594898466880        2.45340399402492        0.30874188703236
H            6.49056877756162        3.17050020484592        0.47601238986801
C            4.94342547344259        2.51294723834644       -0.85429837810130
H            5.13348121971975        3.27808592441161       -1.59454520631842
C            3.93879115173299        1.58909015200469       -1.07208853986451
H            3.31844530440707        1.60401661190926       -1.97113994460840
37
 energy: -61.560999711840 gnorm: 0.014867318792 xtb: 6.7.1-6.fc44.fc44
O           -4.62124358001195        1.66779412013656       -0.62969989115147
C           -4.51433898528483        0.56152411484261       -0.19063403980278
O           -4.63944703513694        0.27693800520527        1.09471488629936
H           -4.43103993611967       -0.67292804126041        1.28893628943118
C           -4.24718161547537       -0.65780861173538       -1.09983288800541
H           -4.28431244517305       -0.34297585220668       -2.14176047866385
H           -5.03403101757148       -1.39640561927030       -0.90683181936045
N           -2.95738298469463       -1.26919716890452       -0.84000788400154
H           -2.17619492739054       -1.06818193217657       -1.46898653741146
C           -2.70811304780987       -1.96749351762164        0.26817474561424
O           -3.52119949046710       -2.13703722734382        1.16886273885151
C           -1.29218665330070       -2.55271077796087        0.33067284510274
H           -1.09781318657645       -3.10499469613041       -0.59366559057126
H           -1.23649125723703       -3.22541473835923        1.18407979514568
N           -0.28662807033534       -1.52275329733098        0.48576671124257
H            0.08774755820234       -1.30496693453391        1.39951248790292
C            0.08546127095928       -0.69816927989421       -0.50690001340870
O           -0.39162338361294       -0.74285580269300       -1.63329485924215
C            1.17671860326067        0.27996921335403       -0.10217436717552
N            1.04738267669506        0.58969590529897        1.31587116243266
H            0.23594180545091        1.17139833478507        1.48109283299881
H            1.86891848601592        1.09895628612522        1.62898811247878
H            1.09308469320574        1.15863322265668       -0.76014757622493
C            2.54540970088742       -0.38304518697600       -0.36092205909626
H            2.65854157665776       -1.24075419107045        0.30698755711255
H            2.56473539688786       -0.72900840457815       -1.39418326100459
C            3.66124441980831        0.60028265590811       -0.12476377674705
C            4.41234244767925        0.56990010071429        1.04188922274817
H            4.20695779415250       -0.18351595035302        1.79115590857356
C            5.41969527735237        1.49335008980203        1.26058989478591
H            5.99746961628444        1.45878792124998        2.16805827687725
C            5.69141647094518        2.46058606473456        0.30642041321344
H            6.47987065183542        3.18027001608960        0.47368225861100
C            4.94124941578713        2.50332509073328       -0.85683431529752
H            5.14243421560924        3.26032634800456       -1.60125010626184
C            3.93261867896535        1.58399052778381       -1.06869383109006
H            3.32992308452877        1.60679763208202       -1.97315276130034
37
 energy: -61.561182215321 gnorm: 0.009539899980 xtb: 6.7.1-6.fc44.fc44
O           -4.62772258756593        1.67601957974343       -0.62591483186775
C           -4.52305411320670        0.56250197062570       -0.19194675249440
O           -4.62959178496587        0.27736594159876        1.09544625627425
H           -4.43372415881434       -0.67762042510969        1.28204313872964
C           -4.24348723973917       -0.65534791835468       -1.09822703351901
H           -4.27619892430974       -0.33929179768291       -2.13835267230820
H           -5.02994439373817       -1.39661035717554       -0.90983909988329
N           -2.95445729200026       -1.26984380258180       -0.83743581688338
H           -2.17452944331653       -1.06455562128997       -1.46459084158258
C           -2.70610372530922       -1.97267472646539        0.26936539257088
O           -3.51884202871304       -2.13888801617485        1.17095807703407
C           -1.29013783982071       -2.55485068655204        0.33022745349866
H           -1.09405023963013       -3.10341205338260       -0.59514267701144
H           -1.22922084224413       -3.23211892658955        1.18118752887657
N           -0.29269761153731       -1.51857137957145        0.48367359679387
H            0.08107962331445       -1.29961145986108        1.39747931089249
C            0.08592392763306       -0.69734191810323       -0.50858234025707
O           -0.38149697904551       -0.74500377710489       -1.63715654825582
C            1.17482407106622        0.28218247393308       -0.09827575864379
N            1.04421856201908        0.58658369026309        1.31981925371046
H            0.23319952402393        1.17703889571289        1.48164027758326
H            1.86319588147974        1.09423002811370        1.63608368889096
H            1.08936846323930        1.16207841049534       -0.75493345150759
C            2.54296206184945       -0.38096076345677       -0.35679835893662
H            2.64838175200680       -1.23880251176592        0.31014717155281
H            2.56573407492560       -0.72799100841046       -1.38893767018443
C            3.66144651804976        0.59804444787268       -0.12386090663860
C            4.41280822957995        0.56948752885488        1.04244127883114
H            4.21117420024332       -0.18871277036538        1.78574855819188
C            5.41942631865451        1.49511085943418        1.25734146740838
H            5.99128019031910        1.46269582548386        2.17369755242501
C            5.68742590829612        2.46295927490961        0.30341492054699
H            6.47272413318019        3.18340444169426        0.47145585583559
C            4.94096814072260        2.49866158061155       -0.86220907714016
H            5.14773995993825        3.25128048013540       -1.60897011527726
C            3.93191385774041        1.57876012926374       -1.07168060352388
H            3.33940003064796        1.60611278035917       -1.97759614012655
37
 energy: -61.561283004872 gnorm: 0.006838955134 xtb: 6.7.1-6.fc44.fc44
O           -4.63790838850620        1.67233819990001       -0.62955482745693
C           -4.51331047416288        0.56263796487812       -0.19239723563383
O           -4.61943704788824        0.27890945795314        1.09528984272808
H           -4.41867593767914       -0.67420243821923        1.28690350508443
C           -4.24420274405182       -0.65696637780791       -1.09769772585025
H           -4.27411308464638       -0.33902570776121       -2.13791735182177
H           -5.03119959085748       -1.39967637401650       -0.91301889896444
N           -2.95395096841640       -1.26779007382089       -0.83480099905972
H           -2.17468313132940       -1.06500218122034       -1.46249847915982
C           -2.70571343411831       -1.97400527711362        0.27139717019602
O           -3.52172024857441       -2.13916908892761        1.17036176759911
C           -1.28994785987462       -2.55422812436642        0.32970031921542
H           -1.09141246090708       -3.09850970704953       -0.59854183168963
H           -1.22646239045493       -3.23606205042738        1.17780659508897
N           -0.29604043247547       -1.51462640204682        0.48316399513460
H            0.07565849565829       -1.29602554799399        1.39853868602973
C            0.08590442524768       -0.69714973638945       -0.50919584061227
O           -0.37414738409943       -0.74752862488454       -1.64118938642934
C            1.17398779017939        0.28435477664774       -0.09689554753258
N            1.03912998029810        0.58485389849070        1.32184762110883
H            0.23470390814912        1.18504150524682        1.48587906254289
H            1.86093621307408        1.08728569501483        1.64382745434451
H            1.08816753213453        1.16706903644918       -0.75118865742993
C            2.54132142907543       -0.38031556976808       -0.35626561670747
H            2.64286588656288       -1.23771969746370        0.31109912128811
H            2.56483556150725       -0.72924999062168       -1.38895198317678
C            3.66038358603526        0.59686249849348       -0.12462426181905
C            4.41029872450500        0.56833508994335        1.04312256585430
H            4.20977759777547       -0.19156125466508        1.78478247562453
C            5.41617315843352        1.49576609825479        1.25623629986097
H            5.98743760004023        1.46276285535858        2.17442368046945
C            5.68305803457834        2.46318923925498        0.30417522668118
H            6.46830169165070        3.18359280103976        0.47264594873496
C            4.94020090415551        2.49817018056441       -0.86453126081345
H            5.14968110935507        3.24919235989773       -1.61224584258607
C            3.93298183850999        1.57562596090743       -1.07484547413084
H            3.34705633608944        1.60513502537602       -1.98312003310684
37
 energy: -61.561346863855 gnorm: 0.005361352623 xtb: 6.7.1-6.fc44.fc44
O           -4.64075957923449        1.66811014972020       -0.63170299208750
C           -4.51547560583602        0.56104755622484       -0.19365338588789
O           -4.60937500122741        0.28253078788384        1.09732525738111
H           -4.41199151516144       -0.67205425268541        1.29101620296501
C           -4.24133106804711       -0.65739576949161       -1.09833715900135
H           -4.27026605690289       -0.33901275650175       -2.13934149651171
H           -5.03018736386366       -1.39777749114424       -0.91422870072833
N           -2.95213467232960       -1.26843837701310       -0.83422995532605
H           -2.17321216949768       -1.07196891497845       -1.46355334764183
C           -2.70472871146684       -1.97292626768723        0.27263327302040
O           -3.52375597223205       -2.13835838768676        1.16918541405576
C           -1.28977307179503       -2.55281114535641        0.33088209663808
H           -1.08987794695206       -3.09269109853009       -0.60083856098564
H           -1.22536880594739       -3.23816575954083        1.17614795338819
N           -0.29745449952901       -1.51157043965431        0.48518054146905
H            0.07091444097247       -1.29215212192355        1.40227864497490
C            0.08569547401813       -0.69735320750288       -0.50828274539222
O           -0.36845760791802       -0.75097059454092       -1.64297270526042
C            1.17364771085214        0.28621617162363       -0.09561938956432
N            1.03695536733111        0.58465216367111        1.32409079939350
H            0.23623117696510        1.18797837008580        1.48556320046564
H            1.86216609641533        1.08189338763034        1.65019472590274
H            1.08704388318350        1.17140849704624       -0.74711935533617
C            2.53996968861741       -0.37989469893332       -0.35726023006071
H            2.63958180727163       -1.23690242046777        0.31067794036170
H            2.56089311889968       -0.73060735994184       -1.39057105187642
C            3.65887695332186        0.59652995372766       -0.12660953080575
C            4.40701728611634        0.56674861733683        1.04295912525859
H            4.20686694307368       -0.19429828307864        1.78423983041575
C            5.41242428900164        1.49517142267064        1.25721862213874
H            5.98862919637138        1.45799555776980        2.16872223141957
C            5.67849636601517        2.46390485218937        0.30634776369108
H            6.46459353278393        3.18427290063735        0.47471344878067
C            4.93821891956594        2.50000998439010       -0.86462751145069
H            5.14843623946496        3.25047837309343       -1.61257333009120
C            3.93389010659109        1.57427846477422       -1.07731688470995
H            3.35353727608126        1.60443055529082       -1.98881865539723
37
 energy: -61.561380633974 gnorm: 0.003304360223 xtb: 6.7.1-6.fc44.fc44
O           -4.64852843102198        1.66805537726954       -0.63153875079291
C           -4.51482957200728        0.56138669040725       -0.19375664748599
O           -4.60268245830415        0.28309284694154        1.09754631132322
H           -4.40327085609037       -0.67098089390632        1.29171251307015
C           -4.23996666602124       -0.65678502640736       -1.09921308254263
H           -4.26888452626128       -0.33753768025870       -2.14004620901963
H           -5.02922235662796       -1.39613244910794       -0.91547245372356
N           -2.95143820064401       -1.26887856186824       -0.83534348822008
H           -2.17304673139428       -1.07611940731296       -1.46645800047405
C           -2.70415213919029       -1.97276126792520        0.27209490314742
O           -3.52325944940710       -2.14079955931824        1.16772336966539
C           -1.28902995898409       -2.55221156219287        0.33272932979343
H           -1.08825725466886       -3.08925690887334       -0.60083240746076
H           -1.22441979864427       -3.23888006751502        1.17662044414588
N           -0.29821544575615       -1.50988075205109        0.48833695232941
H            0.06625844966677       -1.28738176944782        1.40631670007110
C            0.08549272100068       -0.69728355476510       -0.50667283686305
O           -0.36475855284633       -0.75418867758458       -1.64196882814993
C            1.17359145663035        0.28705380565606       -0.09400846079960
N            1.03923148465909        0.58434530892009        1.32646556521676
H            0.23857488243613        1.18764482271572        1.48249622405033
H            1.86363851587499        1.08022595658569        1.65279999462909
H            1.08555149728091        1.17310298451260       -0.74361710331379
C            2.53899524805494       -0.37969085207271       -0.35854876026269
H            2.63748122525233       -1.23655514653477        0.30950780891326
H            2.55506873110825       -0.73156184251873       -1.39151506583845
C            3.65826569563767        0.59570467224708       -0.12968318485965
C            4.40485963268537        0.56540330120390        1.04113282649761
H            4.20398686829267       -0.19488047287888        1.78270087557396
C            5.41008519586208        1.49376713020045        1.25730639830222
H            5.98628384757110        1.45725394051889        2.17018319436660
C            5.67701329089728        2.46347344018668        0.30692976206473
H            6.46231932926585        3.18469769124720        0.47584972120649
C            4.93729385699098        2.50057842469963       -0.86417568849888
H            5.14644009741715        3.25149889291331       -1.61127118295971
C            3.93472588541549        1.57318057404250       -1.07932090922721
H            3.35874071084262        1.60360901137883       -1.99328975026937
37
 energy: -61.561405855369 gnorm: 0.002345184485 xtb: 6.7.1-6.fc44.fc44
O           -4.65767539556346        1.66782682985166       -0.63163672399723
C           -4.51526819652662        0.56179875120807       -0.19400272528759
O           -4.59444876185227        0.28432597282977        1.09769560985010
H           -4.39525928947335       -0.66983485932770        1.29168227290631
C           -4.23837270682186       -0.65588014208743       -1.09988897592270
H           -4.26670110644342       -0.33534867807404       -2.14039625832135
H           -5.02842331666501       -1.39459948073215       -0.91769686845391
N           -2.95075633210438       -1.26976076583076       -0.83597353265898
H           -2.17287665417227       -1.08124698524690       -1.46941421380513
C           -2.70385588664054       -1.97417367093115        0.27160953879011
O           -3.52274504516066       -2.14324154266808        1.16797087051218
C           -1.28797905470697       -2.55195622246659        0.33299327818032
H           -1.08426645307152       -3.08742784582725       -0.60093695847762
H           -1.22399135791677       -3.23812419439087        1.17698581916171
N           -0.29945076179518       -1.50785833858671        0.49134654100880
H            0.05906993865972       -1.27981012081841        1.41018215959613
C            0.08541628858198       -0.69724153883146       -0.50513099957312
O           -0.35905007998945       -0.75920137023765       -1.64154535382394
C            1.17326579302765        0.28767193942810       -0.09276139575026
N            1.04154442700443        0.58419302266512        1.32832409239961
H            0.24321811794978        1.19027919167540        1.48927038429551
H            1.86735471840208        1.07602520022083        1.65500069908713
H            1.08452910688539        1.17412820107736       -0.74101222559978
C            2.53764042047017       -0.37986320492024       -0.36075533899026
H            2.63541568486037       -1.23679775644126        0.30738412530112
H            2.54798200750215       -0.73250047120021       -1.39349250158052
C            3.65722755433525        0.59497058351947       -0.13371274376266
C            4.40174834619817        0.56519649872152        1.03854721448330
H            4.19944324691130       -0.19422077063279        1.78036149456251
C            5.40637445632149        1.49306482245425        1.25764513199701
H            5.98261789311513        1.45619333784840        2.17077619644538
C            5.67561606679462        2.46242774459663        0.30806810458150
H            6.45966920923170        3.18490078800244        0.47799586022617
C            4.93700614967786        2.50053360171234       -0.86338157338327
H            5.14537049654481        3.25239750492068       -1.60937756362645
C            3.93540909586552        1.57237781394221       -1.08171706091323
H            3.36513760553721        1.60308457368449       -1.99928629585177
37
 energy: -61.561416880504 gnorm: 0.001930759151 xtb: 6.7.1-6.fc44.fc44
O           -4.66284727146917        1.66694275839607       -0.63167258847790
C           -4.51536499057841        0.56172287150728       -0.19371161868823
O           -4.58939938047058        0.28483803991269        1.09792711887155
H           -4.39112522691824       -0.66942907775805        1.29163662484255
C           -4.23767669528348       -0.65509241782353       -1.10055666397387
H           -4.26535939711447       -0.33347635749798       -2.14075870431352
H           -5.02830742371511       -1.39399161530765       -0.92010214579634
N           -2.95035478022632       -1.26954041780547       -0.83592809848940
H           -2.17259652796950       -1.08327711809202       -1.47053088528875
C           -2.70429461998825       -1.97509645307458        0.27104898948743
O           -3.52311917079549       -2.14484823911819        1.16727856110648
C           -1.28800524832812       -2.55177842779039        0.33310558106739
H           -1.08177226791623       -3.08697927185251       -0.60004256110582
H           -1.22400403235648       -3.23736529614395        1.17757349032784
N           -0.30087530074919       -1.50663839620337        0.49336242442889
H            0.05379474970642       -1.27448456433553        1.41247261361977
C            0.08570368053480       -0.69732587447516       -0.50372232525042
O           -0.35461656497705       -0.76321701862250       -1.64130834525386
C            1.17273805035288        0.28779802574923       -0.09139119706147
N            1.04329573401786        0.58381776642418        1.32987517012711
H            0.24807871345417        1.19327476625962        1.49300689159575
H            1.87265248172937        1.07092867944880        1.65628896506318
H            1.08411090283707        1.17420220448151       -0.73958153432758
C            2.53662868167451       -0.38009126800384       -0.36219158632581
H            2.63519560990391       -1.23748966506376        0.30543207783519
H            2.54364687914690       -0.73225931686336       -1.39523783838501
C            3.65641932909904        0.59467778715102       -0.13604400290809
C            4.39975569232690        0.56532075172699        1.03707624543041
H            4.19591365714323       -0.19331484335429        1.77938056974847
C            5.40504333046774        1.49177309494850        1.25768407496605
H            5.97919923062418        1.45484160652188        2.17292429552655
C            5.67427462621846        2.46296728418712        0.30852488395940
H            6.45734699809745        3.18646366106371        0.47908308384561
C            4.93707539147357        2.50052507712385       -0.86362143596328
H            5.14507818699669        3.25299999352512       -1.60932967693855
C            3.93556293382211        1.57229977526256       -1.08347692409698
H            3.36814026420187        1.60260991460310       -2.00275344559961
37
 energy: -61.561424547142 gnorm: 0.001982898171 xtb: 6.7.1-6.fc44.fc44
O           -4.66938412971384        1.66664305858320       -0.63119342478788
C           -4.51570953198048        0.56200277821753       -0.19326609399715
O           -4.58381100105691        0.28504164612699        1.09784994749106
H           -4.38702815929009       -0.66936773875268        1.29069108746907
C           -4.23687744887844       -0.65374757824540       -1.10128868836373
H           -4.26373888479452       -0.33050090902065       -2.14094075767281
H           -5.02797180896294       -1.39337758546992       -0.92357978875925
N           -2.94961240192282       -1.26836998118580       -0.83548943140314
H           -2.17211490626550       -1.08469810255546       -1.47129831690452
C           -2.70500499518546       -1.97682785327849        0.26977637059449
O           -3.52429289269573       -2.14645268353120        1.16551498206253
C           -1.28859001038196       -2.55192399743802        0.33442441086815
H           -1.07933646272951       -3.08712458634563       -0.59722652818879
H           -1.22421858423550       -3.23702098941527        1.17945945615363
N           -0.30319583034488       -1.50551497089412        0.49644125126331
H            0.04730848696451       -1.26818003012845        1.41565446600344
C            0.08653255395746       -0.69863173708505       -0.50158869226181
O           -0.34878514038191       -0.77030565416308       -1.64074927497511
C            1.17180177141426        0.28731686469228       -0.08956358888423
N            1.04649333874141        0.58214552436998        1.33188407973246
H            0.25502801055693        1.19645260171415        1.49793055567197
H            1.88016779309815        1.06299813717341        1.65676862660298
H            1.08232184397045        1.17364609953752       -0.73767183061053
C            2.53552192720194       -0.37995464990192       -0.36492784537963
H            2.63710889399992       -1.23854032947319        0.30107704505212
H            2.53969424763476       -0.73019908854340       -1.39892027670187
C            3.65521290557993        0.59527879100595       -0.13897968096309
C            4.39641396583397        0.56715578770471        1.03554230699610
H            4.19041391323613       -0.19065877508880        1.77874946727816
C            5.40110581045170        1.49282014639262        1.25802813556779
H            5.97346414905033        1.45426117384181        2.17289124055223
C            5.67328247553203        2.46225206497299        0.30957289596412
H            6.45542776766037        3.18653577263594        0.48155253378055
C            4.93855139185671        2.49986409191726       -0.86389522522248
H            5.14690871333606        3.25366231830535       -1.60902852555312
C            3.93611443686599        1.57296110387733       -1.08607942077805
H            3.37073401685052        1.60266769855466       -2.00640138409187
37
 energy: -61.561431057660 gnorm: 0.001654788279 xtb: 6.7.1-6.fc44.fc44
O           -4.66947030207184        1.66596775296252       -0.63210514881394
C           -4.51628975249550        0.56234727634238       -0.19331843839388
O           -4.58382800328703        0.28597669398758        1.09777292593965
H           -4.38802062661108       -0.66871092700526        1.29090560142672
C           -4.23628937308366       -0.65346885082621       -1.10131797742801
H           -4.26281222228669       -0.33030833145081       -2.14092335977488
H           -5.02722912359993       -1.39296577790431       -0.92384572886016
N           -2.94889154042678       -1.26721526770649       -0.83430603714035
H           -2.17150187329499       -1.08386241352437       -1.46983689119108
C           -2.70536629288778       -1.97618168635890        0.27046013070198
O           -3.52569561002150       -2.14521175143574        1.16541660215707
C           -1.28953833055449       -2.55214099727938        0.33501360225273
H           -1.07996999811098       -3.08748329844728       -0.59645744938994
H           -1.22617308024168       -3.23744332561410        1.17983455550982
N           -0.30423897460551       -1.50578310337107        0.49697498655128
H            0.04649137666737       -1.26876739102343        1.41627461423814
C            0.08716520266109       -0.70029378208838       -0.50145141889749
O           -0.34784158337311       -0.77325744396746       -1.64076563562973
C            1.17181900300501        0.28619767252223       -0.08956509853459
N            1.04730209166757        0.57989000548434        1.33203727732918
H            0.25828383294185        1.19644332948342        1.49912267928877
H            1.88153098773607        1.05904080558548        1.65662865001471
H            1.08083234832625        1.17305848332921       -0.73693722082382
C            2.53599331425253       -0.37964948786559       -0.36665102988694
H            2.63976739315224       -1.23923874115957        0.29767910756826
H            2.54111536737099       -0.72779968213163       -1.40135576616994
C            3.65551096426578        0.59571231733666       -0.13944012793679
C            4.39577462494541        0.56746683461505        1.03563518080665
H            4.18889588614413       -0.19012031471925        1.77912353905590
C            5.40065109509258        1.49331730479785        1.25818184819475
H            5.97034500992093        1.45643018219777        2.17574284555048
C            5.67262305333379        2.46350933025807        0.30955930263598
H            6.45480046132760        3.18766235934722        0.48191383479813
C            4.93901550020326        2.50018506568095       -0.86470870790960
H            5.14804155879824        3.25370176530892       -1.61020162977966
C            3.93684948421598        1.57325923578881       -1.08698236387484
H            3.37028435589689        1.60204457795794       -2.00638716997947
37
 energy: -61.561436316730 gnorm: 0.001353378731 xtb: 6.7.1-6.fc44.fc44
O           -4.67230409302268        1.66724510059478       -0.63217475353093
C           -4.51723335786902        0.56312202962058       -0.19380081943183
O           -4.58475870016006        0.28594932063232        1.09719914193247
H           -4.38805399128561       -0.66868652400124        1.29040985160958
C           -4.23550941224464       -0.65247160656040       -1.10150849050996
H           -4.26105882203438       -0.32928442865132       -2.14113481382988
H           -5.02612370334212       -1.39223148641411       -0.92475306368097
N           -2.94827258808550       -1.26560947386323       -0.83331937217727
H           -2.17090425773240       -1.08223333996182       -1.46828288936396
C           -2.70612821310917       -1.97573066681038        0.27116968653855
O           -3.52763838899779       -2.14502239124403        1.16480326022029
C           -1.29054871323581       -2.55240459983919        0.33675077807250
H           -1.08114632401095       -3.08748580286246       -0.59535455043201
H           -1.22798863391381       -3.23826406985243        1.18130170871540
N           -0.30556464109390       -1.50580280049365        0.49820578235500
H            0.04622408074637       -1.27027022153802        1.41768815131209
C            0.08752758175288       -0.70261654469450       -0.50120381520921
O           -0.34715490671590       -0.77686205926852       -1.64064798380914
C            1.17209096679168        0.28468063464536       -0.08970752272254
N            1.04802084185221        0.57718896103032        1.33232420368691
H            0.26082301466790        1.19569151380748        1.49881070087278
H            1.88408564469913        1.05315494687006        1.65786776440249
H            1.07909286020681        1.17249097375812       -0.73584159822141
C            2.53674845051523       -0.37909190907060       -0.36859489207691
H            2.64263265290619       -1.23997246460167        0.29353739757342
H            2.54320738435860       -0.72445990732642       -1.40400560149801
C            3.65598013494712        0.59630525076376       -0.13946696771988
C            4.39487790175384        0.56826085494793        1.03646883562960
H            4.18764842143674       -0.18938713517518        1.77974076304041
C            5.39919615753441        1.49540282593246        1.25932403459120
H            5.96841517012296        1.45954864550982        2.17625392560476
C            5.67147009348282        2.46532924559108        0.30975087323912
H            6.45411243101916        3.18892169590447        0.48229216055738
C            4.93942048096284        2.50056807212222       -0.86577300277061
H            5.15005849912855        3.25276137137117       -1.61207877993458
C            3.93809101327414        1.57303441278741       -1.08779638840103
H            3.37060118966714        1.60053999544704       -2.00673363102875
37
 energy: -61.561439412460 gnorm: 0.001339814236 xtb: 6.7.1-6.fc44.fc44
O           -4.67548122453105        1.66725931964634       -0.63256931696318
C           -4.51850026021837        0.56377814369046       -0.19399996980632
O           -4.58473791999908        0.28685061563815        1.09720123480485
H           -4.38790586023574       -0.66799857462887        1.29072893570469
C           -4.23464762990013       -0.65094954816016       -1.10198979076058
H           -4.25859514087770       -0.32728215669071       -2.14163580019717
H           -5.02552831503259       -1.39082286983271       -0.92672553726415
N           -2.94795165540430       -1.26440582450443       -0.83249859474338
H           -2.17034466889599       -1.08177530580877       -1.46730298902802
C           -2.70730704393471       -1.97546103740563        0.27177039774256
O           -3.52968007388882       -2.14521288670077        1.16467957436198
C           -1.29184166700597       -2.55261018598376        0.33856998612329
H           -1.08230172246141       -3.08758150193773       -0.59392587861719
H           -1.23000677222054       -3.23846251372678        1.18324753822019
N           -0.30704535832725       -1.50590766292185        0.50013686773969
H            0.04504602491411       -1.27084357185971        1.41965916115761
C            0.08800354754745       -0.70522662537465       -0.50028435813120
O           -0.34522071254714       -0.78155685011539       -1.64013334182179
C            1.17272727102715        0.28264212301533       -0.08947192789848
N            1.05048343608702        0.57363317825618        1.33326437646322
H            0.26479769215926        1.19401071033961        1.50072706112000
H            1.88831201408486        1.04553316511503        1.65964526003256
H            1.07734307566155        1.17130915783016       -0.73406391443366
C            2.53747347427828       -0.37881087174153       -0.37189465957890
H            2.64579105151565       -1.24144001693311        0.28759939091992
H            2.54332141857341       -0.72065387449152       -1.40815263250701
C            3.65632177696448        0.59683356208956       -0.14104430398151
C            4.39320226687654        0.57007793852060        1.03613316797423
H            4.18524169573215       -0.18700120201720        1.77939729000948
C            5.39587718908754        1.49880155546161        1.25988459326351
H            5.96263330690056        1.46590337114855        2.17947939199816
C            5.67115315352616        2.46570639419397        0.30984900881149
H            6.45355342832817        3.18925668664355        0.48349021960480
C            4.94071335150837        2.50052614889474       -0.86676819807673
H            5.15266576162755        3.25215222136470       -1.61288428198025
C            3.93986597377896        1.57278618731409       -1.08945045790245
H            3.37250534027452        1.59925102077993       -2.00894741875522
37
 energy: -61.561441963658 gnorm: 0.001003738474 xtb: 6.7.1-6.fc44.fc44
O           -4.67837733801676        1.66798027081931       -0.63278192608555
C           -4.51912378794405        0.56466814757771       -0.19439787055185
O           -4.58479580836205        0.28753904352519        1.09659744246002
H           -4.38782375099786       -0.66729582530243        1.28993873990302
C           -4.23430564087112       -0.65006274602713       -1.10253007326024
H           -4.25695472807461       -0.32569925352178       -2.14196348708735
H           -5.02569367219943       -1.38995790149044       -0.92873461983329
N           -2.94792147743652       -1.26422856024657       -0.83210097168438
H           -2.16994989570837       -1.08252672442255       -1.46699207928798
C           -2.70816576760378       -1.97547068606816        0.27208084486725
O           -3.53088037662321       -2.14549430438941        1.16484434867825
C           -1.29276291660078       -2.55265974588741        0.33950757240043
H           -1.08278754452825       -3.08801410590244       -0.59253629590428
H           -1.23153871467531       -3.23792795473950        1.18457293768390
N           -0.30788841629199       -1.50616881337608        0.50157011439878
H            0.04367934068223       -1.27026210238547        1.42096459475518
C            0.08868465350168       -0.70660818755297       -0.49924110131240
O           -0.34291473043677       -0.78449746008708       -1.63943773600669
C            1.17343135070631        0.28118525555857       -0.08856401650371
N            1.05285037732197        0.57088856592868        1.33459369258681
H            0.26889137294104        1.19308499692381        1.50433018291747
H            1.89115299047651        1.04037159092319        1.66116603227785
H            1.07668704346335        1.17022657268305       -0.73225968129968
C            2.53804299854153       -0.37889860772124       -0.37398959825959
H            2.64772766003972       -1.24288463566661        0.28355549978667
H            2.54215758718325       -0.71830836337773       -1.41099726049357
C            3.65638897670000        0.59719335476236       -0.14231444044135
C            4.39170358237866        0.57155322749657        1.03590535005995
H            4.18352157558357       -0.18550395092697        1.77908700742066
C            5.39397025634729        1.50029300276064        1.26074808162561
H            5.96021637824794        1.46726281265818        2.17985456303696
C            5.66995127168752        2.46734536053770        0.31018196596162
H            6.45188414501906        3.19118761690438        0.48444284941033
C            4.94129800184172        2.50089757136473       -0.86755184386376
H            5.15431144120681        3.25178265596156       -1.61394004139257
C            3.94073973987598        1.57288410500736       -1.09071216748220
H            3.37453004759762        1.59843419680631       -2.01117652587527
37
 energy: -61.561443628503 gnorm: 0.000710741847 xtb: 6.7.1-6.fc44.fc44
O           -4.67912533300405        1.66820796441973       -0.63283601806370
C           -4.51965719921482        0.56471918807383       -0.19474656727897
O           -4.58596889265492        0.28734580431181        1.09619746246631
H           -4.38892478301851       -0.66740348597641        1.28924051452579
C           -4.23430020389806       -0.64932904139584       -1.10317407916327
H           -4.25607936047131       -0.32465845587770       -2.14245715917806
H           -5.02593898475813       -1.38906249787800       -0.93012666508422
N           -2.94803361684466       -1.26368387869107       -0.83187723773563
H           -2.16964069752440       -1.08261231776692       -1.46658168802640
C           -2.70865704042799       -1.97522108296804        0.27235716421777
O           -3.53177569170775       -2.14555847984045        1.16451771393038
C           -1.29342128602232       -2.55266827228606        0.34020394145634
H           -1.08333210803750       -3.08853384439856       -0.59133669789608
H           -1.23224342382669       -3.23768287526493        1.18549469388320
N           -0.30816560150591       -1.50649448226190        0.50220212014078
H            0.04361791880066       -1.27040907746524        1.42142139727797
C            0.08904992495822       -0.70692988813083       -0.49840595437463
O           -0.34189525082648       -0.78483065712799       -1.63882940584062
C            1.17402314375821        0.28046253518652       -0.08750103037399
N            1.05412378142846        0.56898350154519        1.33584894666679
H            0.27141437343653        1.19247496734037        1.50620170807635
H            1.89400600783429        1.03632772562507        1.66303894741799
H            1.07683468705507        1.16996847578061       -0.73054733651194
C            2.53854219021803       -0.37911033976330       -0.37494473165277
H            2.64858180915019       -1.24404098115742        0.28129172592541
H            2.54132533688666       -0.71713870284696       -1.41246786474406
C            3.65652743374475        0.59721901529987       -0.14313221290417
C            4.39091438356838        0.57257476009699        1.03575008875771
H            4.18290483790890       -0.18454433768378        1.77892916376048
C            5.39285049615581        1.50140786172587        1.26080210479262
H            5.95836210440693        1.46854107645536        2.18041941272833
C            5.66907934086895        2.46848785513810        0.31004531734440
H            6.45050788766209        3.19272081844888        0.48470885643647
C            4.94162139982600        2.50100631641196       -0.86838740181134
H            5.15538209076687        3.25131374316101       -1.61507460995403
C            3.94137145697192        1.57260682912988       -1.09179666350585
H            3.37605509330949        1.59785267973770       -2.01272787210030
