37
 energy: -61.557632531990 gnorm: 0.000239219149 xtb: 6.7.1-6.fc44.fc44
O           -3.40964577160000        3.22423639590000       -0.01327000650000
C           -3.05960102750000        2.17153091370000       -0.46496599680000
O           -2.23237355910000        2.05764198510000       -1.48327134080000
H           -1.96335256790000        1.11403571440000       -1.64796951930000
C           -3.60358247620000        0.83266681730000        0.08850648480000
H           -4.07321682550000        0.30172803660000       -0.74906719240000
H           -4.35590083070000        1.05572821750000        0.84373698260000
N           -2.58668055120000       -0.02336279090000        0.67707595480000
H           -2.61379680730000       -0.16099959030000        1.67410348200000
C           -1.67279652520000       -0.67801303350000       -0.05562014700000
O           -1.52636463790000       -0.48242391620000       -1.25464623780000
C           -0.86246813350000       -1.71765690190000        0.69162162150000
H           -1.47001384400000       -2.63299559740000        0.75886463290000
H           -0.62572119320000       -1.39532583510000        1.71142827300000
N            0.36283206160000       -1.97385891350000       -0.01429134430000
H            0.43605766510000       -1.61636077620000       -0.96035040600000
C            1.49434929860000       -2.32495355700000        0.62524860210000
O            1.52745379620000       -2.66720022890000        1.78914519590000
C            2.74405160750000       -2.20778239060000       -0.24645576960000
N            2.38564417540000       -2.23319922800000       -1.65578012670000
H            2.02176322760000       -3.14515694800000       -1.91111115120000
H            3.20389349520000       -2.05546559330000       -2.22852246390000
H            3.43758149720000       -3.01557855560000        0.04329494070000
C            3.39955024920000       -0.85458601770000        0.11726712970000
H            3.89403144460000       -0.96698688190000        1.08267192600000
H            4.15281392160000       -0.61721149110000       -0.63744063200000
C            2.37405128990000        0.24178040590000        0.20120080490000
C            1.85970643850000        0.62067448520000        1.43522243910000
H            2.22950143030000        0.14748572600000        2.33374106880000
C            0.87413733680000        1.58843199240000        1.52036351690000
H            0.48506921820000        1.87576394220000        2.48715849320000
C            0.39321669950000        2.19369649150000        0.37186873710000
H           -0.36960610310000        2.95522639920000        0.43642781280000
C            0.89995095820000        1.82176336910000       -0.86200908360000
H            0.52333343470000        2.29041239370000       -1.75838286200000
C            1.88233139420000        0.85097340920000       -0.94643299670000
H            2.26889778560000        0.55773643220000       -1.91081612990000
