34
 energy: -56.476331922125 gnorm: 0.000132764778 xtb: 6.7.1-6.fc44.fc44
O           -3.65914885330000        2.55688943970000       -0.11575453570000
C           -3.49595300370000        2.41305867900000       -1.41698382930000
O           -4.29424195160000        2.79289639160000       -2.22583940410000
H           -2.91815775150000        2.14047526220000        0.40598355720000
C           -2.17042647370000        1.73658880460000       -1.83231088740000
H           -1.35109565430000        2.35943632650000       -1.45150799510000
H           -2.12306599980000        1.69971922290000       -2.91988432050000
N           -2.02005180350000        0.39555335650000       -1.30497069140000
H           -2.13603752470000       -0.40011981640000       -1.91715312210000
C           -1.78211722410000        0.12644041860000       -0.01715832210000
O           -1.77233586660000        0.98687885310000        0.85696415540000
C           -1.53056669800000       -1.35016338740000        0.25514617480000
H           -1.67485039030000       -1.52468057840000        1.33315911260000
N           -2.43865169300000       -2.11951492430000       -0.59191929200000
H           -3.40062469770000       -1.98432899070000       -0.29763477730000
H           -2.23289217380000       -3.10998832290000       -0.51812587460000
C           -0.08805568590000       -1.71421916660000       -0.12413518230000
H            0.05830801140000       -1.49896672100000       -1.18683764160000
H            0.03121029640000       -2.79656379730000        0.00266438130000
C            0.96736947200000       -1.01649335340000        0.67327515950000
C            0.84285541290000       -0.23202984140000        1.78178774540000
H           -0.03941486160000        0.08635249290000        2.30032418280000
N            2.07709169080000        0.18384232560000        2.20360585060000
H            2.24553746650000        0.78639161700000        2.99048438120000
C            3.03061531090000       -0.32945208820000        1.37541652370000
C            4.41353243040000       -0.19903793200000        1.39323750750000
H            4.90766287930000        0.39232692220000        2.15016363460000
C            5.12848512110000       -0.85123931030000        0.41235295850000
H            6.20542715420000       -0.77241801970000        0.39631831240000
C            4.48774084850000       -1.61663690900000       -0.56617552710000
H            5.08668371140000       -2.11218452010000       -1.31620037610000
C            3.11786389630000       -1.74943086300000       -0.58964925370000
H            2.63231650880000       -2.34449091380000       -1.34909991360000
C            2.36759050000000       -1.10043313090000        0.39076074400000
