34
 energy: -55.581745398504 gnorm: 2.158653770088 xtb: 6.7.1-6.fc44.fc44
O           -3.56254011328995        2.93908970791307       -0.67943312643656
C           -3.86448402676282        2.39100840466438       -1.81775821518806
O           -4.30528549527940        3.18271840416203       -2.80439787739774
H           -3.25816670183807        2.16206311881115        0.00203443222948
C           -3.81932082069398        0.63334599117559       -2.04003295420437
H           -3.95404681187287        0.68192112286669       -2.79674106329765
H           -4.68810171031327        0.53161519941560       -1.03130443952779
N           -2.61150221912178        0.27496579201685       -1.39449194145259
H           -1.90127500910678       -0.36338659032920       -2.01255336397954
C           -2.09412490632206        0.21221556776817       -0.21148552483016
O           -2.79573658896556        0.86428778980128        0.58333932865117
C           -0.98727640880329       -0.55714608627085        0.10857867547167
H           -1.18603430695250       -1.41387869568081        0.30990925031184
N           -0.19852953767825       -0.68383550392759       -1.23592523834792
H            0.62927583556021       -1.37737912801890       -1.04086248232108
H            0.12604249484380        0.24258112077317       -1.56886558339488
C            0.06195570240857        0.01174241236950        1.14797931800398
H           -0.72928355301616        0.39764496082914        1.84921320824535
H            0.42455811244603        1.10859378687247        0.54895852645585
C            1.27529048108292       -0.65625358442410        1.47624916467416
C            1.08547157990878       -1.72047174498855        2.53635486855063
H            0.30657020677493       -2.01359694351761        3.27978418856766
N            2.44813368375763       -2.28557502357620        2.50742392339180
H            2.81876984080391       -2.90126434913724        3.07575034857749
C            3.06788062121765       -1.60637662089246        1.33225023937831
C            4.42141415152691       -2.04873117263277        1.15277890608112
H            4.98754844802190       -2.91004611606670        1.84439961384384
C            4.86886896857283       -1.43193858975129        0.21459863275735
H            6.07049999867499       -1.70750346859530       -0.17051350517336
C            4.34868422028221       -0.35767392671343       -0.44812675631976
H            4.64986462854615        0.02181897856938       -1.54405974480040
C            3.06929641004673       -0.25153251134303       -0.01606720104914
H            2.51119531626317        0.76393980085233       -0.65991689049034
C            2.51341844066890       -1.01603838689441        0.78020334367292
34
 energy: -56.224119544338 gnorm: 0.582532682360 xtb: 6.7.1-6.fc44.fc44
O           -3.56105579919302        2.92982482426804       -0.68309700731178
C           -3.87411716344238        2.40418791389257       -1.83180798231421
O           -4.29443961868071        3.15907280333102       -2.78384942242297
H           -3.26130222934997        2.16492970238256       -0.00129517837714
C           -3.81088482698297        0.66264000704760       -1.93840943295501
H           -3.98082935004310        0.67957847883767       -2.89416200500602
H           -4.68052802560454        0.52761786259731       -1.04579421943606
N           -2.59395244168381        0.25836924048067       -1.40903736487591
H           -1.90951796991641       -0.35809362788377       -2.01284983165488
C           -2.10682731864377        0.22604265774534       -0.20774576665263
O           -2.79567905935319        0.87156609674499        0.60254294795931
C           -0.95425761364007       -0.53393002329826        0.08866064043544
H           -1.19261167813944       -1.45962699416465        0.32267519006614
N           -0.19549773785989       -0.69116691605018       -1.23571904385334
H            0.61980401170863       -1.36537539205348       -1.04496113485915
H            0.12751598242385        0.23495767475598       -1.56450771602906
C            0.04861959506013        0.04484257429164        1.13592185214467
H           -0.71991446641707        0.39689800669511        1.85532467856924
H            0.41919837431579        1.09526236486128        0.55821079065525
C            1.23663313295772       -0.67031403141298        1.49197009553257
C            1.10632602684648       -1.71132843232346        2.52448035087683
H            0.31912115653180       -2.00751562852756        3.26926802486299
N            2.43229296422902       -2.28296669303072        2.50823350815300
H            2.82155405812261       -2.91922652109102        3.09479440834734
C            3.13555947982721       -1.71342344796594        1.43084185677376
C            4.43822187852896       -2.08715262044200        1.18585230495788
H            4.98044971543637       -2.90049679530648        1.83574673690192
C            4.91549793286000       -1.42828673000245        0.18828193778289
H            6.05775856852712       -1.70372621755321       -0.16704808014977
C            4.34611441956183       -0.35638844086259       -0.47416973364309
H            4.65169735016460        0.02099413422291       -1.52639397179309
C            3.06448654161129       -0.18387888416613       -0.07832306714238
H            2.51463852602142        0.75338491223143       -0.65237924260829
C            2.42495651560700       -0.94034814215085        0.73601493771881
34
 energy: -56.403544626819 gnorm: 0.268273677900 xtb: 6.7.1-6.fc44.fc44
O           -3.55370184538041        2.91899769590412       -0.68436990631198
C           -3.88651752349032        2.41460762749592       -1.83789241101572
O           -4.27455592489461        3.10651992207235       -2.75463141325594
H           -3.27170275750061        2.16981969613537       -0.00667774543425
C           -3.82055997493777        0.74052886483572       -1.89786899458574
H           -4.01049131709453        0.66062869750579       -2.89743164517441
H           -4.64171398612345        0.51510492215254       -1.10564546067965
N           -2.58065858178841        0.24031862131498       -1.44027615208591
H           -1.93396889126627       -0.34954476921841       -2.02253981002193
C           -2.12330749774567        0.24131931742225       -0.20429934749356
O           -2.78359560913328        0.88480634066667        0.63685749097330
C           -0.91449505063126       -0.53089226906528        0.05843147054845
H           -1.19140496126350       -1.49809928636006        0.33775645541864
N           -0.19670414788650       -0.70638351383342       -1.24195299370057
H            0.60374895812446       -1.33956553875784       -1.05682280412767
H            0.13459708381420        0.21371878312372       -1.55501058655247
C            0.02756595030199        0.09844968521445        1.11099681212823
H           -0.69750849736769        0.40289720350557        1.87542898225462
H            0.40552481075408        1.06651367132214        0.58838527617251
C            1.18163170254469       -0.71225823333606        1.51174043547408
C            1.13430905156995       -1.69510308247264        2.51209511320942
H            0.35512842911699       -1.98870202409710        3.24326493787614
N            2.40787303233106       -2.27332279057902        2.50200216282744
H            2.81419435051749       -2.93516224382522        3.11126539974754
C            3.13473358112019       -1.74295714162277        1.47384862957374
C            4.44878430843466       -2.10453480009631        1.19427443763131
H            4.96316614338432       -2.87023580465432        1.80929677202018
C            4.97633725602910       -1.42936446304460        0.15932668872120
H            6.02459937582674       -1.69327470155650       -0.15874058469430
C            4.34507328132676       -0.38107280144901       -0.51747718942753
H            4.66908886589232        0.02390327919530       -1.48934895838793
C            3.05899089453366       -0.13575844659207       -0.11767685864744
H            2.53003452633971        0.71565428448706       -0.63111470804011
C            2.39453589593336       -0.91063298569295        0.77207656571363
34
 energy: -56.462552645011 gnorm: 0.092649947113 xtb: 6.7.1-6.fc44.fc44
O           -3.54252281443879        2.91230208728513       -0.66733341227726
C           -3.88169906632033        2.40932751942033       -1.82472406471018
O           -4.26121908651916        3.05080912271787       -2.74800520695578
H           -3.28067453947018        2.18135939696392       -0.00063594973365
C           -3.82915465693965        0.82480400376350       -1.86976951744650
H           -4.03991160099874        0.61557324922570       -2.90586096229639
H           -4.60749055012534        0.51342064003594       -1.16937188503696
N           -2.57390538293647        0.23118922137041       -1.46226517375961
H           -1.97173747731689       -0.33487432655197       -2.04339318009246
C           -2.14158979242223        0.25671180969554       -0.20162506690941
O           -2.76063166371015        0.88854614660312        0.66752228689606
C           -0.88763735730216       -0.53290569898068        0.03032991307280
H           -1.19614530518511       -1.52125489100204        0.35523749781642
N           -0.19733220424818       -0.71596672574309       -1.24339702951600
H            0.59578777486578       -1.32175578053082       -1.07783071877893
H            0.14637464792771        0.19234276564581       -1.55432216993565
C            0.00785820436293        0.13786830580813        1.08504605972736
H           -0.66929721847541        0.40926692504687        1.89907917138742
H            0.39254201921479        1.03874970793812        0.63258170341291
C            1.13335102736065       -0.74647058848349        1.51504198351082
C            1.15691370856430       -1.67986237546940        2.50342387326884
H            0.39047315495504       -1.96433289311552        3.21762059141779
N            2.38708306369188       -2.27809122487687        2.51013119783403
H            2.78730725876495       -2.95446822088123        3.13614305329429
C            3.14292242995242       -1.76311999649952        1.50801544337143
C            4.45641315682584       -2.11264329920964        1.19303993080604
H            4.96459115035801       -2.84963475472132        1.78222908830980
C            5.01904781720114       -1.43550137834561        0.13730334808324
H            6.00599107627309       -1.68200483199173       -0.15679100404907
C            4.32395164846991       -0.41883829512248       -0.54768073241949
H            4.70203147983769        0.03491819032246       -1.44913255904571
C            3.04157315207298       -0.10053678111336       -0.15155995137066
H            2.53608286554931        0.69931955461814       -0.62973974271189
C            2.37968401155183       -0.86732286772187        0.80796324548968
34
 energy: -56.473393293254 gnorm: 0.051726545501 xtb: 6.7.1-6.fc44.fc44
O           -3.52717038757285        2.92508060689133       -0.65152865118223
C           -3.87935153329030        2.40065033929757       -1.79930374037035
O           -4.23117050776618        3.02562407890226       -2.76129401263967
H           -3.29755059773493        2.20294350233175        0.02211778860878
C           -3.83285895501361        0.85951136515755       -1.87117547704398
H           -4.04717983587314        0.59559197683447       -2.91407044222128
H           -4.63359544380206        0.45484742069304       -1.21210178404152
N           -2.57948908260873        0.24553776074982       -1.46669362081219
H           -2.00404466075830       -0.31231595851707       -2.08561156699482
C           -2.14771764650065        0.26647973460734       -0.20134641823597
O           -2.73148294015003        0.89370476946489        0.69015387000023
C           -0.88173388985616       -0.53954206269888        0.01610578667313
H           -1.20125001583744       -1.53249607890947        0.36313621386165
N           -0.20585345096507       -0.72960454376105       -1.25946346515732
H            0.59419883991087       -1.33093352265446       -1.11430477897926
H            0.15585280192178        0.16864899650835       -1.57031927340719
C           -0.01171951139232        0.13899581502630        1.08821908359362
H           -0.64914564620398        0.40861147441420        1.93744591598616
H            0.41242499463353        1.06210243854023        0.67324335311924
C            1.11059321691027       -0.75487687364774        1.50943669913043
C            1.16377265844206       -1.66716998071933        2.51918678133317
H            0.40828059629084       -1.93330954475312        3.23090119593866
N            2.37682481100118       -2.28980775200123        2.52815723295820
H            2.75116838476384       -2.97625150698704        3.16543164959912
C            3.14649809123614       -1.76850402608765        1.52751310309871
C            4.45440572258036       -2.11614725836833        1.18600058081177
H            4.98789587997450       -2.85264860539466        1.76242884419385
C            5.02034067815853       -1.44545118115313        0.12172700547923
H            6.03536077160636       -1.68410931749766       -0.18030023288351
C            4.30401740913277       -0.44699367343200       -0.56025787155514
H            4.75987692864016        0.07036446062212       -1.40908355594450
C            3.02801658406530       -0.09603899821920       -0.16705382444926
H            2.50331362755681        0.71750059346586       -0.67252982890652
C            2.37750303989196       -0.84307073260471        0.83250350109206
34
 energy: -56.475852370764 gnorm: 0.047593682845 xtb: 6.7.1-6.fc44.fc44
O           -3.54499524035170        2.91606668441829       -0.64551492612796
C           -3.86295629655462        2.38422988524116       -1.80275268896995
O           -4.21848354053522        3.01991085318705       -2.75880961748695
H           -3.31277726610312        2.20869669728520        0.03173535456772
C           -3.84627399275363        0.84271574967574       -1.87137795033497
H           -4.05940744139120        0.55499008779329       -2.91465513980387
H           -4.64325964475879        0.53915415776343       -1.23457312501870
N           -2.58805234915705        0.24935062709985       -1.46466515003911
H           -2.02450545888041       -0.28562237851827       -2.11903818520764
C           -2.14777914657450        0.27238422777068       -0.20107064525979
O           -2.71335652098344        0.88417642953860        0.70470399180950
C           -0.87205964410359       -0.53779683950807        0.01206740200838
H           -1.19333374427102       -1.53247082874233        0.37128743949327
N           -0.20514406939482       -0.73261985079305       -1.26721174096831
H            0.59400226591036       -1.34743971077173       -1.14832063924910
H            0.17067472832238        0.15665188099241       -1.58663253927487
C           -0.01210432872656        0.13399333660556        1.09869364190570
H           -0.63709226024901        0.38681719297836        1.95918607100390
H            0.38783892580383        1.06352331376460        0.68644951555850
C            1.11335953016986       -0.75527629194737        1.50845475814192
C            1.16474644543957       -1.66499661397526        2.52233896049104
H            0.40985215342537       -1.91395087577367        3.23730557353536
N            2.37597847760422       -2.29381057834369        2.54077208578901
H            2.71881971206367       -2.98705190324136        3.18994535116584
C            3.15849007497067       -1.77286003817290        1.54106462144966
C            4.46020829198614       -2.11273484734329        1.18111508275535
H            5.01142453673708       -2.85907479829287        1.73695932381336
C            5.02284752238928       -1.44036790199535        0.11600990629845
H            6.03050560628268       -1.67618030830549       -0.20583427389278
C            4.29830779262123       -0.44727899617769       -0.55372917057506
H            4.77685068187528        0.07701331525916       -1.37117025915480
C            3.02490279155183       -0.09331724874695       -0.17403316086027
H            2.50472913525339        0.70368736404325       -0.69153926001899
C            2.38707320377341       -0.82358807666684        0.85010945310946
34
 energy: -56.477207688777 gnorm: 0.038425046842 xtb: 6.7.1-6.fc44.fc44
O           -3.56176146279443        2.92117292684061       -0.64701771195414
C           -3.86119095056599        2.39966351664203       -1.81722858658557
O           -4.18926199578618        3.06626566641178       -2.76069757343027
H           -3.33303106547725        2.21885120709511        0.03057961049483
C           -3.84783530112203        0.85161292977330       -1.87356870267803
H           -4.05179172063662        0.55388939491783       -2.91373425342750
H           -4.68301130193585        0.44490789291517       -1.25427764659069
N           -2.59374705897325        0.26438078166945       -1.45620717125889
H           -2.04363602907164       -0.25385482001885       -2.13606841936092
C           -2.14872061068313        0.27597711593639       -0.19570644403020
O           -2.69779823548948        0.88005375012722        0.71802492936810
C           -0.86833195388794       -0.53654862725724        0.01665407674971
H           -1.18773850211949       -1.52989371316011        0.38349017614730
N           -0.20630189200982       -0.73612022267325       -1.26486740125220
H            0.58198624454864       -1.37349496590310       -1.16481838800898
H            0.18541307285511        0.14447929744712       -1.59298137586105
C           -0.00316488617049        0.13008559275596        1.10582159833349
H           -0.62918395569838        0.36067687383230        1.96661110571046
H            0.36718009380646        1.06899293135951        0.70212882072109
C            1.12928493346684       -0.74767478194359        1.50559022961016
C            1.16715353173941       -1.65841924273840        2.52092288934065
H            0.40893940965901       -1.89046740646278        3.24278631615315
N            2.38238687481148       -2.28653912168828        2.55153541308178
H            2.69075997475104       -2.98276505808807        3.21400851742674
C            3.17262888532569       -1.77714831398007        1.54882631248388
C            4.46701154553509       -2.11144216895065        1.17552779542875
H            5.02677657578119       -2.86669718250083        1.71321274716007
C            5.02321192035814       -1.43915298369882        0.11005736001271
H            6.01511286071787       -1.67203726622784       -0.22435826874090
C            4.29810734431570       -0.44630740202612       -0.54968288989164
H            4.78128669984352        0.07364480600537       -1.34747618237691
C            3.02474848646545       -0.09878856229293       -0.18430490851325
H            2.51170583261123        0.67853922452460       -0.70595603930943
C            2.40184356722165       -0.80891835254243        0.86044412570101
34
 energy: -56.478093839164 gnorm: 0.029770768318 xtb: 6.7.1-6.fc44.fc44
O           -3.56325112507674        2.92026970969804       -0.65120213210391
C           -3.90462032356287        2.39348610040953       -1.80800187207666
O           -4.16908635162099        3.06480398450359       -2.77219731956047
H           -3.34715391327456        2.21853440567335        0.03377453229985
C           -3.84846671100916        0.84778650832357       -1.88153785781708
H           -4.05109322951527        0.56196003780662       -2.91715489293539
H           -4.66864075408683        0.48097354723001       -1.23991740526846
N           -2.59528712300519        0.26232714047155       -1.45804825511471
H           -2.04378184952989       -0.25600251501486       -2.12836933415845
C           -2.14838489170612        0.26899582166230       -0.19896296430486
O           -2.69984421697494        0.87332596189496        0.71422827590418
C           -0.87103713166149       -0.54188088928475        0.01538197580126
H           -1.18646199900358       -1.53291645113897        0.37905164251783
N           -0.20528755393311       -0.74020429874461       -1.26357206089713
H            0.57063241836843       -1.38554102239798       -1.15206663446458
H            0.19247207003968        0.14096824556539       -1.58328300959934
C           -0.00005209433642        0.12893790827424        1.10098041887154
H           -0.63822002067196        0.34374421306212        1.95847127648601
H            0.38019161900328        1.08421304266191        0.71989088830004
C            1.13764935621414       -0.74180295889946        1.50182893503544
C            1.17039935079339       -1.65429747972632        2.51743235259969
H            0.40920644988528       -1.88877919193645        3.23890555376859
N            2.38788824810689       -2.27958259044923        2.54976311660288
H            2.68713129735163       -2.97475311322648        3.21436821707761
C            3.17442290683655       -1.77947228377292        1.54635249315904
C            4.46763305994506       -2.11660238288492        1.17514630625009
H            5.02011272878107       -2.87222267911947        1.71232914689665
C            5.02205963198764       -1.44433814077934        0.11064020710114
H            6.02044402449365       -1.67513489494875       -0.21486260951766
C            4.30291788727339       -0.44671546338797       -0.55098661407115
H            4.79369423476827        0.09476849373825       -1.34980471977103
C            3.02560189858603       -0.10586085210917       -0.18715904397278
H            2.50001703782436        0.67845930386931       -0.71134204331568
C            2.40722600010200       -0.81052350092262        0.85719349093083
34
 energy: -56.478220779901 gnorm: 0.028577749707 xtb: 6.7.1-6.fc44.fc44
O           -3.59433746484279        2.91928492776134       -0.64232398056110
C           -3.85955101804439        2.39754207469310       -1.82173535599752
O           -4.19786585738923        3.04128874841782       -2.76733036654490
H           -3.34181888881679        2.22671234802690        0.03645306737101
C           -3.85164459643903        0.85194466909366       -1.88536817948396
H           -4.05629010545406        0.57181412098196       -2.91714388315220
H           -4.64748194167718        0.50771370718717       -1.22449123033012
N           -2.59670959973774        0.26261260834174       -1.46149557318210
H           -2.04230304721205       -0.25929083912630       -2.12139748899367
C           -2.14650995994464        0.26651007804451       -0.20361919896521
O           -2.70327510905949        0.87048147301066        0.70926432801449
C           -0.87287668197077       -0.54410948643430        0.01119925925407
H           -1.18630633733675       -1.53257089998000        0.37213673252565
N           -0.20445628080807       -0.74479273478884       -1.26551331355376
H            0.56025500974418       -1.39586278548371       -1.14123552259436
H            0.19967613842132        0.13663049507117       -1.57457789023093
C           -0.00252965629800        0.12884182032067        1.09850378843476
H           -0.65000256839545        0.33215881833943        1.95488885327503
H            0.38295684273399        1.08661472304560        0.71838012050505
C            1.14081922846281       -0.73740743863401        1.49990629937073
C            1.17450793568988       -1.65026498848613        2.51653452909919
H            0.41167603714781       -1.89230907385467        3.23381465948364
N            2.39115401668306       -2.27546342849875        2.54652785735985
H            2.68408094032800       -2.97078041815408        3.21096801652442
C            3.17391672838813       -1.78041500397629        1.54522220568190
C            4.46825606308141       -2.11988792219239        1.17780588658971
H            5.01370095331643       -2.87745604895891        1.71599620291051
C            5.02231962642849       -1.44606981380479        0.11433832543695
H            6.03277762680852       -1.67912506549325       -0.20266750401407
C            4.30823497985337       -0.44408153889158       -0.55180500197300
H            4.79425362337015        0.10223762598671       -1.35999972253883
C            3.02565849444290       -0.10983416348017       -0.18740641208773
H            2.48782095666662        0.68540920732388       -0.71171135670712
C            2.41092484325095       -0.81115207930768        0.85515190972696
34
 energy: -56.479066556113 gnorm: 0.012425436571 xtb: 6.7.1-6.fc44.fc44
O           -3.59292783087449        2.92228680607611       -0.64307933538202
C           -3.87676949250613        2.39876299075521       -1.81732574948209
O           -4.17743618405171        3.05188436893780       -2.77752494456168
H           -3.35833888677637        2.22820400722275        0.03911598784289
C           -3.85140166681196        0.85503133626062       -1.88043639239422
H           -4.05660022193658        0.56524935529209       -2.91249797613021
H           -4.65684380221324        0.49506942534241       -1.23021523995480
N           -2.59426255956150        0.26700909695639       -1.45931877951799
H           -2.04048582575929       -0.25198120436668       -2.12776743672759
C           -2.14346254820506        0.27153345686087       -0.20137114210007
O           -2.69919236224715        0.87143127773141        0.71380856454724
C           -0.86852703940657       -0.54088747059918        0.01160295725403
H           -1.18392954706371       -1.52910878757878        0.37604619138712
N           -0.20223305380523       -0.74582804906481       -1.26618844070712
H            0.56215454360399       -1.40242610377410       -1.15171259995065
H            0.20718216469318        0.13167903074250       -1.57806978903984
C           -0.00417298746950        0.12861278671828        1.10418666975089
H           -0.64606091818650        0.33400779851473        1.96212987863456
H            0.36200909844062        1.07550147180803        0.70666083622839
C            1.14071406931805       -0.73782017277954        1.50152958190261
C            1.17543895736844       -1.65060191033989        2.51701994192675
H            0.41312399637995       -1.89211551179343        3.23245189412018
N            2.39008334800312       -2.27854830070499        2.54740863997038
H            2.67557922597059       -2.97680613963345        3.21336585641810
C            3.17686388243442       -1.78022384845955        1.54853324077417
C            4.47167222687459       -2.11600972202553        1.17801635494463
H            5.02165397373527       -2.87818819629969        1.71161715397666
C            5.02538166584117       -1.43937959892259        0.11501437695272
H            6.03098535306596       -1.67485488453705       -0.20808894598356
C            4.30899734439610       -0.43902865370074       -0.55014679009228
H            4.78224169408902        0.08377821285275       -1.36082152614199
C            3.02573703629199       -0.10660459161512       -0.18811980751419
H            2.49735617369353        0.68188815377480       -0.70826572482419
C            2.41450110406660       -0.80459271355112        0.85971255452652
34
 energy: -56.479190505259 gnorm: 0.011370349476 xtb: 6.7.1-6.fc44.fc44
O           -3.59900863758787        2.92351649782577       -0.64435238218303
C           -3.88032589709955        2.40019080305423       -1.81964733209926
O           -4.16387725559121        3.05963636587007       -2.78194411863805
H           -3.37065758620753        2.22985567966129        0.03904171551818
C           -3.85319275196291        0.85393351264058       -1.87762478677711
H           -4.05847557655679        0.55861819519361       -2.90835406361369
H           -4.66304720145730        0.49039412244291       -1.23004814282897
N           -2.59461587712780        0.26848464677059       -1.45754190775260
H           -2.03966668577668       -0.24719812831461       -2.12917589940295
C           -2.14374168348693        0.27182912530934       -0.19962518061665
O           -2.69976342960535        0.86976785292088        0.71566625342116
C           -0.86984883840844       -0.54243775407538        0.01286978625015
H           -1.18603385137535       -1.52952467219871        0.37959429322843
N           -0.20240337358945       -0.74813896125171       -1.26406137262539
H            0.55725050591943       -1.41308474218045       -1.15513163156264
H            0.21514179112202        0.12553742822081       -1.57615589012249
C           -0.00308346776295        0.12876883369340        1.10188675090312
H           -0.64255983862706        0.33287025101625        1.96040177986927
H            0.36414215385028        1.09008099345135        0.72702103825530
C            1.14336468596506       -0.73649364919918        1.49877078815271
C            1.17411028873429       -1.64959931943893        2.51304616437441
H            0.41070898109803       -1.88889749164295        3.22839388920696
N            2.38836591265055       -2.27935126628001        2.54648973528978
H            2.66493903886549       -2.97898767335949        3.21499451270536
C            3.17817364308046       -1.78272348125047        1.54844670075318
C            4.47293863101397       -2.11715746179337        1.17684645453124
H            5.02463578239846       -2.87865226230163        1.70942015133732
C            5.02646634832623       -1.43880522437328        0.11447854057454
H            6.02848961661213       -1.67039744754015       -0.20685130725957
C            4.31082206160259       -0.43978221050406       -0.55215326458831
H            4.79414922520542        0.09248001111542       -1.36010757470334
C            3.02590538727678       -0.10930275640591       -0.19269911115271
H            2.50111563007925        0.67327836124112       -0.71441141453846
C            2.41861319981438       -0.80178446221681        0.85978688674744
34
 energy: -56.479319798749 gnorm: 0.007241625731 xtb: 6.7.1-6.fc44.fc44
O           -3.60774672303453        2.92469751730066       -0.64210674078367
C           -3.87987969819332        2.40029369847385       -1.81928593854274
O           -4.15638486263069        3.05766057443779       -2.78363604985171
H           -3.37938526372966        2.23242220843868        0.04158077612384
C           -3.85201915870663        0.85485275942713       -1.87790556244867
H           -4.05767624894170        0.55718475400161       -2.90698082099384
H           -4.65961018406750        0.49268325229667       -1.22681090296371
N           -2.59254056541720        0.27101410121493       -1.45784863164777
H           -2.03476103144871       -0.24250779703624       -2.12769104166261
C           -2.14280284055179        0.27279909023084       -0.19909493362354
O           -2.70256008592390        0.86827931930650        0.71554521561326
C           -0.86942977249275       -0.54115756236216        0.01384659872918
H           -1.18572792578450       -1.52701454128955        0.38158524378382
N           -0.20256403696806       -0.74929956354767       -1.26310803975482
H            0.55115667912783       -1.41997428561709       -1.15342593297858
H            0.22223318953843        0.12153145703226       -1.57269100995123
C           -0.00305302136236        0.13052875229549        1.10294403885801
H           -0.64385896902453        0.32827413357764        1.96341386025986
H            0.36130279347345        1.08749410942499        0.71986805392814
C            1.14574423592287       -0.73369982320138        1.49837358312691
C            1.17424138023031       -1.64870859731919        2.51053057803603
H            0.40920212712681       -1.88966724831343        3.22373641457453
N            2.38773133027630       -2.28000219877572        2.54486194668424
H            2.65849900409359       -2.98112755286121        3.21356731819111
C            3.17857073925922       -1.78352904161134        1.54893805328792
C            4.47413012959008       -2.11682271107522        1.17797054630844
H            5.02529955500738       -2.87827196816728        1.70958219041805
C            5.02763610936493       -1.43677521322371        0.11615842795305
H            6.03161684056098       -1.66747255121985       -0.20257346763402
C            4.31325589317658       -0.43831240858393       -0.55305265225768
H            4.79304376652229        0.08967508540251       -1.36505385667750
C            3.02632810751875       -0.11038340115935       -0.19437522302506
H            2.49683239981205        0.67158109473314       -0.71994876414826
C            2.42220703906764       -0.79932172612984        0.86035678372235
34
 energy: -56.479408640700 gnorm: 0.005459170678 xtb: 6.7.1-6.fc44.fc44
O           -3.62346454332147        2.92528195213564       -0.63832474248330
C           -3.87547273456596        2.40041391736783       -1.82045514638504
O           -4.13881636588208        3.05540650035536       -2.78942130600916
H           -3.39672921972312        2.23407354364277        0.04566843541221
C           -3.85070694786863        0.85588951972559       -1.87655006297646
H           -4.05808640009156        0.55303576825346       -2.90275194726980
H           -4.65169479429812        0.49630688596566       -1.21865081022585
N           -2.58924413074627        0.27493548741903       -1.45829968357414
H           -2.02530195819942       -0.23395124843891       -2.12640817173255
C           -2.14266402672689        0.27327355157686       -0.19780917115759
O           -2.70946240289550        0.86437443425951        0.71591010986990
C           -0.86992657402764       -0.54013060123650        0.01500692699110
H           -1.18695814970236       -1.52394866013575        0.38489899355189
N           -0.20424325630910       -0.75153293723647       -1.26207136203588
H            0.53983505113001       -1.43187125661598       -1.15214071940812
H            0.23316200299397        0.11477251184186       -1.56552420026102
C           -0.00291490036596        0.13285278695778        1.10232873401394
H           -0.64148798954112        0.32960731511879        1.96378794289387
H            0.35873574580703        1.09044438894491        0.71973669601824
C            1.14862180855598       -0.73023285666404        1.49632080540277
C            1.17367991498338       -1.64823930331958        2.50600281311449
H            0.40589333427083       -1.89207599671423        3.21529826000896
N            2.38539342039634       -2.28296301278298        2.54061431647171
H            2.64852034121036       -2.98658430378739        3.20854794419103
C            3.17808951810337       -1.78498202486739        1.54885298390339
C            4.47606736875496       -2.11407871734889        1.18067071866363
H            5.02784744130244       -2.87620419595434        1.71064710404427
C            5.02996897410084       -1.43076366044100        0.12009797590280
H            6.03804471987386       -1.66122318059755       -0.19515640918245
C            4.31637977780574       -0.43559385924154       -0.55526482132630
H            4.78798273961841        0.08077381581329       -1.37527330410633
C            3.02648039255982       -0.11247008193362       -0.19837379930025
H            2.49386056221364        0.66830541891355       -0.72475106866060
C            2.42764221197591       -0.79597818487518        0.86010602629397
34
 energy: -56.479444328307 gnorm: 0.004681126263 xtb: 6.7.1-6.fc44.fc44
O           -3.63243618779650        2.92459549994373       -0.63672788972420
C           -3.87266790447781        2.40007238019838       -1.82174666447796
O           -4.12424256279257        3.05602840955549       -2.79326595557346
H           -3.40869079089153        2.23305190749054        0.04742473032485
C           -3.84922240731722        0.85548785976881       -1.87390884869410
H           -4.05813370819972        0.54767754844654       -2.89843453611316
H           -4.64809591987079        0.49608517995437       -1.21285873597037
N           -2.58608107334244        0.27781103990733       -1.45751735824767
H           -2.01737672748354       -0.22652030990972       -2.12568642206168
C           -2.14328830827910        0.27398905968380       -0.19534725927824
O           -2.71544218284825        0.86144597198967        0.71733774164406
C           -0.86978640139885       -0.53788977658832        0.01787434528283
H           -1.18745352679811       -1.52059934501095        0.39040162264654
N           -0.20578894907370       -0.75219730822426       -1.25986360171042
H            0.53263141583507       -1.43943264870167       -1.15268279794341
H            0.23937388751964        0.11062316721085       -1.56113409303044
C           -0.00153210460144        0.13647191101563        1.10279854756297
H           -0.63803542079944        0.33246625112599        1.96635922204290
H            0.35829833248647        1.09011903456977        0.71232314637486
C            1.15020589739646       -0.72780934883655        1.49519038982305
C            1.17143895186742       -1.64877510862689        2.50187406728811
H            0.40159809702026       -1.89345495855361        3.20861591037469
N            2.38199337582796       -2.28578807424850        2.53746918139167
H            2.64200872257115       -2.99133078435180        3.20420497425097
C            3.17637308052114       -1.78663428128603        1.54800304340637
C            4.47581484561615       -2.11298760580479        1.18145862881617
H            5.02942861522936       -2.87352835072261        1.71196345523346
C            5.03053549385568       -1.42818919534824        0.12164287339473
H            6.03993341792145       -1.65544396114893       -0.18918182774961
C            4.31673480173231       -0.43670994839036       -0.55797116865638
H            4.79185067510497        0.08252252798030       -1.37916950749533
C            3.02605341370841       -0.11420863854974       -0.20206081960268
H            2.49298183873751        0.66431663428549       -0.72963106731638
C            2.43005024441131       -0.79434102272314        0.85951673444059
34
 energy: -56.479474419300 gnorm: 0.003590619203 xtb: 6.7.1-6.fc44.fc44
O           -3.63616691773621        2.92277883576150       -0.63512540704816
C           -3.87089289517973        2.39898550605580       -1.82138891755050
O           -4.11471285372556        3.05620966962443       -2.79359927593783
H           -3.41460960039446        2.23000042238649        0.04861985774282
C           -3.84767849625766        0.85461841076974       -1.87282426189840
H           -4.05789721387387        0.54401435371271       -2.89636612928410
H           -4.64581446468736        0.49557015456797       -1.20968536883300
N           -2.58351055097521        0.27950110969734       -1.45763770434001
H           -2.01141710676525       -0.22092535207264       -2.12605476783892
C           -2.14498017106542        0.27326216147403       -0.19394622666842
O           -2.72099431849495        0.85768958298700        0.71816246743604
C           -0.87035311215560       -0.53698935953170        0.01979671813379
H           -1.18838605918209       -1.51928366296504        0.39438949330483
N           -0.20720009850998       -0.75224230632464       -1.25813332892329
H            0.52831003550577       -1.44298580555661       -1.15305445396695
H            0.24176462410789        0.10882799963775       -1.55827031582406
C            0.00036487845559        0.13929724688634        1.10133401690834
H           -0.63382820705137        0.33830474196020        1.96582825809322
H            0.36303688393084        1.09384249960567        0.71193908123213
C            1.15061850846679       -0.72668087302973        1.49376680385897
C            1.16897523658126       -1.64945999985841        2.49870042073924
H            0.39767896978929       -1.89396032368469        3.20392042063503
N            2.37883697968673       -2.28785280664299        2.53498210951355
H            2.63960259183244       -2.99477649851768        3.20002412025353
C            3.17477660780076       -1.78715020084761        1.54714271536489
C            4.47535194040675       -2.11111811818593        1.18242982985679
H            5.03014513113355       -2.86990405665131        1.71407048093423
C            5.03102803234103       -1.42617778221657        0.12301508800243
H            6.04014285307172       -1.65200861139118       -0.18571850523521
C            4.31659623837535       -0.43772835327964       -0.55918580997719
H            4.79049899584245        0.07870764941164       -1.38123007248652
C            3.02639905625214       -0.11425020400773       -0.20391951758802
H            2.49225015689538        0.66241718186447       -0.73360025966797
C            2.43109527697075       -0.79360949553841        0.85888850171203
34
 energy: -56.479493059386 gnorm: 0.002351197648 xtb: 6.7.1-6.fc44.fc44
O           -3.63824924151714        2.91995482366129       -0.63279069400077
C           -3.86835147501317        2.39804263742676       -1.82065739876470
O           -4.10478380990975        3.05676713085041       -2.79406872513965
H           -3.41929819173763        2.22496819870894        0.05038461693530
C           -3.84690880921447        0.85337742849335       -1.87190553926482
H           -4.05913312105743        0.54130494220961       -2.89436597378743
H           -4.64239248087526        0.49426819131106       -1.20586038989592
N           -2.58138683396633        0.28105703659301       -1.45794102014819
H           -2.00684775085861       -0.21608906759275       -2.12661251289178
C           -2.14693766085200        0.27202913352160       -0.19318061321269
O           -2.72655734461464        0.85287008946527        0.71909898963079
C           -0.87076637926780       -0.53598433170247        0.02117328078459
H           -1.18871962637359       -1.51786297928572        0.39813434361006
N           -0.20890945355630       -0.75283097427367       -1.25718859286751
H            0.52472231705626       -1.44520410869393       -1.15246356245580
H            0.24195069811124        0.10740845203569       -1.55674636625753
C            0.00243590550057        0.14217328811466        1.09949824208330
H           -0.62936211262204        0.34868410869993        1.96313461197678
H            0.36692680270213        1.09526011439967        0.70815720168388
C            1.15026716287286       -0.72573773914533        1.49242195467782
C            1.16665458284867       -1.64980953149655        2.49672127519005
H            0.39430729784905       -1.89407563726730        3.20088000051999
N            2.37577203842890       -2.28949850040765        2.53230673041837
H            2.64018796610117       -2.99773147576453        3.19473148568604
C            3.17235030447282       -1.78738601761811        1.54551681744845
C            4.47393537302569       -2.10962354207235        1.18304326404621
H            5.02919598145927       -2.86717628298697        1.71631044140026
C            5.03087122142330       -1.42533198710676        0.12420126309485
H            6.04123210821590       -1.65067084750821       -0.18324016356784
C            4.31562400862537       -0.43921492813112       -0.55976962134255
H            4.79045831632023        0.07745673568604       -1.38111297234386
C            3.02661986508005       -0.11361563842763       -0.20477040324627
H            2.49337774479331        0.66291578355515       -0.73367211184499
C            2.43074552794112       -0.79377078915080        0.85790220249885
34
 energy: -56.479500094711 gnorm: 0.001672007904 xtb: 6.7.1-6.fc44.fc44
O           -3.63969326621051        2.91813268721300       -0.63103518940860
C           -3.86774850497360        2.39781785449464       -1.82010627163112
O           -4.10148584887183        3.05738342524567       -2.79345711479843
H           -3.42133826923893        2.22226185050443        0.05149855552727
C           -3.84692270908683        0.85324987660213       -1.87173034500662
H           -4.06040446927969        0.54045601596574       -2.89347985741545
H           -4.64133357791955        0.49425871583657       -1.20453483660877
N           -2.58048759041355        0.28203140842566       -1.45822605273065
H           -2.00578698223118       -0.21406882995080       -2.12745766785557
C           -2.14746772059461        0.27127577293307       -0.19327827473574
O           -2.72828021717515        0.84986960647108        0.71969540697836
C           -0.87056138037416       -0.53568764961499        0.02144555354928
H           -1.18811260894060       -1.51711020040065        0.40020103776637
N           -0.20922539327157       -0.75424669378647       -1.25690387601555
H            0.52366849234210       -1.44755209460713       -1.15217235387351
H            0.24228353619685        0.10548550965445       -1.55733683688214
C            0.00343959224673        0.14411408440725        1.09834479955447
H           -0.62852958664132        0.35247807206839        1.96201716780392
H            0.36975657794459        1.09585879859841        0.70430189590896
C            1.15010529554818       -0.72461580373405        1.49188818028271
C            1.16561680986758       -1.64927348812843        2.49571681942938
H            0.39293534678175       -1.89332757585961        3.19951962417020
N            2.37442980178173       -2.28926907939999        2.53136986538117
H            2.64020076098609       -2.99835958632417        3.19275053208258
C            3.17142252373559       -1.78716769487597        1.54484126347155
C            4.47314573806026       -2.10963741645508        1.18303239984667
H            5.02776443180123       -2.86758899367932        1.71667473769367
C            5.03081985965803       -1.42586514180784        0.12458409966578
H            6.04082731795712       -1.65157706928518       -0.18292669338388
C            4.31583694744961       -0.43936648640142       -0.55913799620971
H            4.79125835249334        0.07743652036698       -1.37966226934658
C            3.02734340624245       -0.11228240892089       -0.20427361279868
H            2.49479076066867        0.66482501461867       -0.73288950961217
C            2.43076350485291       -0.79301528407357        0.85799687985413
34
 energy: -56.479508675617 gnorm: 0.001883821662 xtb: 6.7.1-6.fc44.fc44
O           -3.64347088406365        2.91432933902095       -0.62637472148874
C           -3.86768145304093        2.39770674880045       -1.81809173347693
O           -4.09589094579265        3.05920723020318       -2.79090523398804
H           -3.42601215897220        2.21687667675501        0.05460687173620
C           -3.84752309729305        0.85329986799776       -1.87179458112473
H           -4.06425918154245        0.53886487318572       -2.89154265844192
H           -4.63965918349694        0.49431443224733       -1.20170825131913
N           -2.57878099715545        0.28446305368261       -1.45936911141088
H           -2.00484506462127       -0.21026711251145       -2.12995041594624
C           -2.14788601579722        0.26935463419679       -0.19433466286562
O           -2.73097428339494        0.84240888983490        0.72066823745181
C           -0.86977205581744       -0.53559104241633        0.02126705214485
H           -1.18597151038959       -1.51527427780881        0.40520269757938
N           -0.20953129873007       -0.75967298353472       -1.25668807741133
H            0.52195582794183       -1.45413295044702       -1.15002640185443
H            0.24330886880673        0.09838552863305       -1.56053034470837
C            0.00564111010362        0.14844449465249        1.09487740018082
H           -0.62704112628046        0.36328005566534        1.95661817216750
H            0.37269691639126        1.09657013247529        0.69473301489264
C            1.15028256564138       -0.72100888306803        1.49120335021182
C            1.16382398749386       -1.64682591836374        2.49399291359701
H            0.39040859524589       -1.89072468344895        3.19698706192995
N            2.37175515413295       -2.28812649235476        2.52940736835291
H            2.63895685790714       -2.99946816677923        3.18861954217110
C            3.16985559787415       -1.78661758363272        1.54336989982648
C            4.47123040141374       -2.11168127143633        1.18216565846159
H            5.02283416535738       -2.87184943492998        1.71577299837881
C            5.03074512784344       -1.42871231122528        0.12499079841892
H            6.04008723980517       -1.65574983870431       -0.18307015686518
C            4.31796419188214       -0.43833037154492       -0.55622121763355
H            4.79552198078076        0.07975047464674       -1.37469557522783
C            3.03028899888414       -0.10795528697140       -0.20145458937935
H            2.49942303535192        0.67179678405579       -0.72954848104768
C            2.43154956492252       -0.79014089077486        0.85909323734147
34
 energy: -56.479513389651 gnorm: 0.001390454758 xtb: 6.7.1-6.fc44.fc44
O           -3.64473168789760        2.91428891005481       -0.62586563713417
C           -3.86788845063807        2.39788177354049       -1.81793475676313
O           -4.09468985094707        3.05984552916380       -2.79106451330104
H           -3.42815085787559        2.21698673504902        0.05530731849630
C           -3.84802599314393        0.85331714108610       -1.87126115983552
H           -4.06577966095191        0.53780963288845       -2.89038177194611
H           -4.63899303869825        0.49415160401068       -1.20022841705017
N           -2.57882080694801        0.28476182980612       -1.45966377444575
H           -2.00543443940613       -0.21025584788489       -2.13045455177102
C           -2.14759334268941        0.26869582529834       -0.19456891700071
O           -2.73100125028908        0.84096091789739        0.72064089679355
C           -0.86960959962222       -0.53613488438757        0.02104504140056
H           -1.18523534433026       -1.51488781752608        0.40697462071074
N           -0.20968395561526       -0.76226892905654       -1.25661710093722
H            0.52157041541129       -1.45662336172500       -1.14859360210861
H            0.24378568448423        0.09483880587274       -1.56174921948009
C            0.00564674568219        0.14990521727282        1.09360674985887
H           -0.62760900163642        0.36405376379719        1.95578366506135
H            0.37384802760455        1.09753029476124        0.69206010492933
C            1.15060727547040       -0.71901693540706        1.49112392168251
C            1.16341895819632       -1.64565965832751        2.49310538156007
H            0.38978184758592       -1.89004212743336        3.19571118020340
N            2.37092429059218       -2.28785020586916        2.52838718511821
H            2.63617748180808       -2.99975390077680        3.18748618814402
C            3.16964916970620       -1.78635428187556        1.54287318039962
C            4.47057542142139       -2.11314217722599        1.18137608350336
H            5.02068813489103       -2.87535430270243        1.71352117918237
C            5.03085317535149       -1.42931127141005        0.12502283299897
H            6.04001759541119       -1.65801311356655       -0.18392967041459
C            4.31982638428325       -0.43619906595686       -0.55468220375716
H            4.79779409413726        0.08143372940757       -1.37318371943059
C            3.03188452284708       -0.10589191928980       -0.20005557528909
H            2.50291513508000        0.67538458270693       -0.72612193024615
C            2.43231385211686       -0.78816277609193        0.85960105152117
34
 energy: -56.479517299238 gnorm: 0.000913098697 xtb: 6.7.1-6.fc44.fc44
O           -3.64553384873750        2.91462929172129       -0.62593361478160
C           -3.86816681814053        2.39750490134842       -1.81764864330351
O           -4.09577390352513        3.05925301054877       -2.79048997900505
H           -3.42890624585743        2.21793811385062        0.05542958372512
C           -3.84774082665483        0.85318775348288       -1.87043208102242
H           -4.06642604756700        0.53645596455788       -2.88909297212352
H           -4.63834679290840        0.49437588387809       -1.19848264691655
N           -2.57838984188571        0.28484612660706       -1.46009919235323
H           -2.00518133218252       -0.21028328232546       -2.13106119220455
C           -2.14734505552894        0.26792998684398       -0.19450646665437
O           -2.73149216594448        0.83989614786841        0.72026464614814
C           -0.86952722401234       -0.53676218571415        0.02127144953041
H           -1.18474686306657       -1.51448738842036        0.40959037462661
N           -0.20996051115136       -0.76506141834719       -1.25606073936711
H            0.52123204509330       -1.45960578606079       -1.14724445243658
H            0.24410039596293        0.09107978142785       -1.56262177019442
C            0.00583488466196        0.15133898574174        1.09226241340095
H           -0.62649563037991        0.36768565567038        1.95398314157710
H            0.37286616604871        1.09867815891027        0.68989350022616
C            1.15115295999007       -0.71691090753569        1.49130404260956
C            1.16277382792037       -1.64492646835162        2.49190247100417
H            0.38863229748543       -1.88985205010799        3.19380062643893
N            2.36974604983494       -2.28831704364536        2.52699185499086
H            2.63248290016571       -3.00077192891028        3.18598926487581
C            3.16938153701596       -1.78633388312916        1.54234903936985
C            4.46963695648080       -2.11514791697794        1.18023349305251
H            5.01847256288181       -2.87959231245963        1.71048864236180
C            5.03094298622111       -1.43001250421372        0.12487851940398
H            6.03947054784629       -1.66003618418055       -0.18442537565583
C            4.32204794518530       -0.43389489483513       -0.55291311935772
H            4.80102548801269        0.08423036191959       -1.37093543832154
C            3.03410024815916       -0.10340155765124       -0.19816338006098
H            2.50599267529057        0.67942356201272       -0.72347989789885
C            2.43317156467721       -0.78613225742314        0.86022795896916
