37
 energy: -61.558121548375 gnorm: 0.000086588760 xtb: 6.7.1-6.fc44.fc44
O           -2.62022610630000        3.06678021440000       -0.96722289600000
C           -2.92791374810000        1.97284061760000       -0.58827681220000
O           -3.85959744240000        1.23891986820000       -1.16769084310000
H           -3.94387120260000        0.34058663040000       -0.75552720300000
C           -2.26173261070000        1.31272339020000        0.63777704220000
H           -3.05273364410000        1.04108743660000        1.34666459050000
H           -1.57684049180000        2.02333527030000        1.09874166370000
N           -1.52409544850000        0.11362406500000        0.28978866090000
H           -0.52351941340000        0.19829114010000        0.16534803330000
C           -2.14392314340000       -1.04315913740000        0.01283379430000
O           -3.36295691850000       -1.14013186760000       -0.03670239110000
C           -1.23468417090000       -2.23571052210000       -0.22538747660000
H           -1.05523494350000       -2.32288452350000       -1.30410053820000
H           -1.75906931810000       -3.13682614860000        0.10728956050000
N            0.05847091270000       -2.10936240200000        0.39959004070000
H            0.10329475650000       -2.15961470110000        1.40454314280000
C            1.20166405550000       -2.10396130740000       -0.32694122590000
O            1.20452511220000       -2.15224171510000       -1.53724497820000
C            2.48718130770000       -1.99713276270000        0.49024054730000
N            3.21351855190000       -3.23775718330000        0.30394732550000
H            4.15033384590000       -3.16824373440000        0.68675013500000
H            3.29072938330000       -3.44077612260000       -0.68780886110000
H            2.25835054460000       -1.89755541460000        1.55882555310000
C            3.24307092820000       -0.73105878020000        0.01330203040000
H            4.20085626820000       -0.67967607250000        0.53688341430000
H            3.42848210540000       -0.83342045210000       -1.05783490120000
C            2.43729293040000        0.50543738110000        0.28220831860000
C            2.48085770010000        1.11833430380000        1.52911062570000
H            3.12057498950000        0.71210744090000        2.30005779650000
C            1.73336815570000        2.25504907860000        1.78431227680000
H            1.78977687490000        2.72824789780000        2.75363974910000
C            0.92701238920000        2.79247305860000        0.79498604560000
H            0.35844151180000        3.69119039830000        0.98169365140000
C            0.86137995100000        2.18026736550000       -0.44703473990000
H            0.22842258780000        2.59642048010000       -1.21644530830000
C            1.60914664180000        1.04100395120000       -0.69935667220000
H            1.56384663560000        0.56913564480000       -1.67025038630000
