34
 energy: -56.113245419633 gnorm: 0.743095547222 xtb: 6.7.1-6.fc44.fc44
O            0.47815558571534        1.74476940875753       -1.19737673090627
C           -0.80615153686339        2.29336242677042       -1.46703624243711
O           -1.20965591454725        3.31430979681758       -1.89925264191541
H            0.24743412656115        0.94026909098184       -0.67320762512103
C           -2.18130817305212        1.66337931031991       -0.76474639463423
H           -2.98553124510109        1.97486232984061       -1.56271316681324
H           -2.17771538496574        1.94174341765532        0.51572828669480
N           -1.77563387067273        0.21099909694235       -0.53985442286971
H           -1.57731879613130       -0.37292307614833       -1.30335782125952
C           -2.12123674352312       -0.40477072221036        0.48390480730734
O           -2.37417361255319       -0.09918560409493        1.63268561507186
C           -2.01300436317888       -1.94377934252149        0.29492630559048
H           -2.84570420166880       -2.47745295260688        0.75093537246504
N           -2.01241715077053       -2.36521692895031       -1.05350127089420
H           -2.83896133980143       -2.45771395824996       -1.51217924557100
H           -1.70807189605675       -3.29819407922689       -1.18793084810652
C           -0.66400761462969       -2.45203221296214        0.89632268020275
H           -0.64972444555520       -3.65549495384281        0.93734699336434
H           -0.65426050457634       -2.30521642210484        1.98629904794967
C            0.48120433647813       -2.13714937153670        0.36684459262329
C            1.39013668731766       -2.37634955228890       -0.70766329204266
H            1.21516273952631       -3.18452108433307       -1.17313460162136
N            2.35963330617856       -1.41935890364199       -0.82538554621491
H            3.10478981529177       -1.57992627710418       -1.53551107945556
C            2.19435025341031       -0.47906231076726       -0.01829464372605
C            3.02081742213230        0.59669336570264        0.17386211554908
H            4.08204885475379        0.65137585976792       -0.47384045336323
C            2.90785113225293        1.63039969453492        1.03996389363127
H            3.50741653090702        2.39089658650087        1.24562048647748
C            1.69051248598833        1.33660340658268        1.97044448200281
H            1.31609529240610        2.26679562236622        2.65550770620831
C            0.77489851028277        0.31544636137887        1.81271537741809
H           -0.07304220679480        0.22313452886832        2.44877600667168
C            0.95835519291753       -0.54944780526891        1.00349235805026
34
 energy: -56.350491026663 gnorm: 0.346322613016 xtb: 6.7.1-6.fc44.fc44
O            0.41966029839509        1.74928997160367       -1.21486418973589
C           -0.83057103090363        2.31831156798638       -1.41421898536191
O           -1.16285269646295        3.34278383241025       -1.93953072584204
H            0.25082857758942        0.94662868739412       -0.67074668593633
C           -2.13151350024667        1.64333890125519       -0.74628673281872
H           -2.95675924672328        1.94776237438109       -1.50578033119791
H           -2.19174273452508        1.95043260787486        0.44939339137809
N           -1.79581709041925        0.21389685597381       -0.55920976059463
H           -1.57891740729430       -0.37804115792889       -1.33145843272110
C           -2.12195211540216       -0.43977512545121        0.51324319404940
O           -2.38511666535998       -0.08466150339826        1.64325150807158
C           -2.00797550792674       -1.97258169469816        0.30109626000656
H           -2.85055198338556       -2.47309695300895        0.77688670170122
N           -1.99477499938520       -2.36333913135368       -1.07545143618332
H           -2.87335629862228       -2.44039733878095       -1.52532385582782
H           -1.68617335613659       -3.31170568891369       -1.18818013956026
C           -0.68213882849815       -2.49528587463624        0.92835425428414
H           -0.66921201613921       -3.65321452312493        0.92602264508014
H           -0.66963116455610       -2.29306113242296        1.99968401384564
C            0.51225933777854       -2.05684545766835        0.35426126427714
C            1.37725818691595       -2.35976705160603       -0.67881962676676
H            1.20551379227778       -3.22952656873517       -1.19470997226621
N            2.35961473180060       -1.43472101075597       -0.83687844429464
H            3.09767250386732       -1.58160608278804       -1.53057474423966
C            2.20725110168352       -0.45177724914246        0.00112459609234
C            3.05199712618939        0.60779318765573        0.16915600330419
H            4.04798365367523        0.64800151748015       -0.46423553483434
C            2.86435087216256        1.60342143497674        1.07684354893058
H            3.50244785855434        2.40928001865446        1.26014575982383
C            1.68803734536499        1.38946548992465        1.95990979620794
H            1.33755446125933        2.24437926994423        2.64279254131601
C            0.79010251130152        0.32620383139795        1.82262402606474
H           -0.07451839246418        0.23104041075923        2.45850327428593
C            1.01198594731335       -0.61538166933055        0.91336691978862
34
 energy: -56.455520387536 gnorm: 0.086347041545 xtb: 6.7.1-6.fc44.fc44
O            0.34947648645239        1.76788046958809       -1.21617532138526
C           -0.86194941735920        2.32405342154580       -1.37904324506928
O           -1.11290198480560        3.35005748720428       -1.96193239107887
H            0.25518305399966        0.95254421267988       -0.67120401999531
C           -2.07539057983531        1.63026636330216       -0.71872952531879
H           -2.92098242411805        1.91463085846062       -1.42820302231823
H           -2.20135949120513        1.95708595434898        0.35501193454359
N           -1.82024823874249        0.21884282091146       -0.57302200281558
H           -1.58505598294240       -0.37657962837560       -1.35498706902236
C           -2.11599818920070       -0.47666383049219        0.53202738226194
O           -2.39427558344751       -0.06444186975883        1.63698573371359
C           -1.99508525176143       -2.00068729691887        0.30331195948800
H           -2.85161877097758       -2.46844608644293        0.80188781301449
N           -1.97806561897265       -2.36122699895112       -1.10190957726955
H           -2.89908179196931       -2.41700157296094       -1.52364479793939
H           -1.66367271795467       -3.32051330225059       -1.18998111638404
C           -0.68785186467072       -2.52833897198752        0.95584341878862
H           -0.67108998712949       -3.62751197605430        0.91050499138356
H           -0.68350076353097       -2.27987220111108        2.01155696204480
C            0.52964453311962       -1.93152492614494        0.36668219015763
C            1.35113105877630       -2.34723021071037       -0.63961264660319
H            1.20070332398520       -3.24433960530417       -1.19547141652675
N            2.35123282717915       -1.45505175601568       -0.84517056294369
H            3.08688521631649       -1.57984443228190       -1.52222700321130
C            2.21159563199222       -0.43946322453557        0.02803176035980
C            3.08737592130622        0.61899057574049        0.16482750660483
H            3.99921515316758        0.65370546611867       -0.43956423776347
C            2.81387419772021        1.57632715806660        1.11928622846505
H            3.48205851374069        2.41154852620988        1.26943620357925
C            1.67483369029731        1.40906502415150        1.92776573412294
H            1.37115805618209        2.19931747427914        2.61622538963627
C            0.80988621293983        0.31301480069317        1.80024103110682
H           -0.06129564152422        0.22408337092253        2.44504886526533
C            1.06611369465010       -0.66543134799864        0.83659295143512
34
 energy: -56.470584345121 gnorm: 0.049301751329 xtb: 6.7.1-6.fc44.fc44
O            0.32289049045076        1.76757758239668       -1.23199239726362
C           -0.86390552463124        2.35914403389592       -1.33960409729665
O           -1.06064446942364        3.37337425002121       -1.96934574979122
H            0.25503637538808        0.97287820978408       -0.65736436410207
C           -2.04133004760597        1.60702201533515       -0.71554256528585
H           -2.92476549431357        1.86013451692876       -1.34528055916564
H           -2.21184016644922        2.01060729835199        0.28793234263793
N           -1.83093502644678        0.19090270933890       -0.58825958182296
H           -1.60684450481615       -0.39678806669381       -1.38227064925711
C           -2.11553076410446       -0.51088709928685        0.52742080022928
O           -2.40479667073390       -0.05512687331414        1.61461519739288
C           -1.99230397411531       -2.02718140172690        0.31053472853327
H           -2.84897658077994       -2.48010794006282        0.83246885763521
N           -1.97259816050163       -2.36378240428996       -1.10959752235977
H           -2.90786379590601       -2.39229358683080       -1.51593755299494
H           -1.63641091259752       -3.31707402718021       -1.21098518928836
C           -0.69172571638355       -2.52808343732164        0.97696670683355
H           -0.66365467340869       -3.61664765281654        0.88471032123517
H           -0.71125419309563       -2.26563063197261        2.03368371848305
C            0.52831483700837       -1.89300829168878        0.38671215455970
C            1.32807445385229       -2.35095728238094       -0.63009115026639
H            1.19005407726353       -3.25441479320608       -1.19276916975815
N            2.35386191868677       -1.47917943263662       -0.85567812445906
H            3.08611496987678       -1.60246629591104       -1.53083962831457
C            2.23864991708084       -0.44797821438704        0.02689611657955
C            3.11399511586491        0.61718986534397        0.17169408513397
H            3.98955477183098        0.68473122668195       -0.44409419394973
C            2.79974872765811        1.56161890636616        1.13260926359179
H            3.45935030629081        2.40883045684621        1.27632843875526
C            1.64895098289949        1.41936491339410        1.90903111261567
H            1.39788593736003        2.17937614911405        2.63984884669209
C            0.80397684164534        0.32932826809389        1.78172595975062
H           -0.05451974264255        0.22918546294660        2.43473203241067
C            1.08438396647634       -0.65241368720487        0.81213191263301
34
 energy: -56.472427466136 gnorm: 0.044244389211 xtb: 6.7.1-6.fc44.fc44
O            0.31027159236847        1.78286906461412       -1.19783745672978
C           -0.86755455275763        2.33842175960435       -1.38815441757019
O           -1.03090377025267        3.38661134185603       -1.93274957645294
H            0.24897972723382        0.95729255160110       -0.68048357910258
C           -2.02349357645915        1.60439466430506       -0.71215778465160
H           -2.91898308447309        1.82368591301002       -1.30560960765461
H           -2.22323162831032        1.99384032769828        0.28380967934621
N           -1.83027270330678        0.18583314015955       -0.59590142886839
H           -1.62512925301076       -0.39085310427679       -1.40574347472456
C           -2.11751594585174       -0.52071500085962        0.52046706762969
O           -2.41923407289185       -0.04050417826430        1.59371353777495
C           -1.99750085007011       -2.03476041768809        0.31332050407703
H           -2.84653369026060       -2.48769769851865        0.85242837045271
N           -1.97425859761618       -2.35955132006885       -1.11277405483803
H           -2.91605551063396       -2.36969669370462       -1.50759897699567
H           -1.61125116699490       -3.30276613928685       -1.23356519139689
C           -0.70030774912802       -2.52120741746646        0.98332692849437
H           -0.64727966271224       -3.60686466323912        0.87867188532225
H           -0.74219855910122       -2.26266925274612        2.04265207731603
C            0.51823205293091       -1.87586802972472        0.39080280281909
C            1.31014300183611       -2.35555853290593       -0.62087061645087
H            1.18233163749890       -3.26464552952276       -1.18273075611501
N            2.35358385387355       -1.49908615251615       -0.85790995281737
H            3.08187266745432       -1.63080611719728       -1.53505545236952
C            2.26006277060605       -0.45059020778918        0.01728439876971
C            3.12207672090455        0.62755473461415        0.16863553996441
H            3.99876245194457        0.71944543430508       -0.44707591125570
C            2.78952702036208        1.56304985119503        1.13063401556272
H            3.43783510128756        2.41662362753080        1.27794700596161
C            1.64563129538365        1.42010362094524        1.91250435585010
H            1.41752814135233        2.17112381751848        2.65004460844545
C            0.81625070591842        0.33047134934929        1.78698657917369
H           -0.05573303666392        0.23647238663528        2.41715159807222
C            1.11529194121751       -0.64670838323838        0.81622738328812
34
 energy: -56.474806025210 gnorm: 0.019868967080 xtb: 6.7.1-6.fc44.fc44
O            0.31420596148096        1.74611049487788       -1.22305443407129
C           -0.86666248183176        2.34636239254105       -1.34210336974260
O           -1.00368794730261        3.38484361051738       -1.92277464196236
H            0.26527255550511        0.95829862722393       -0.64777994504494
C           -2.04951221645475        1.59983873804647       -0.72160429697326
H           -2.94305197492970        1.80402287488891       -1.30945258477888
H           -2.20478707672157        1.99713899025605        0.28194909169628
N           -1.83227322238805        0.18606936298858       -0.59991375734920
H           -1.63528807140837       -0.38120743751482       -1.41934763911185
C           -2.12395349274743       -0.52286889638902        0.51266471829735
O           -2.43978365779728       -0.03151691492078        1.57584879058922
C           -1.99827796232386       -2.03577215191050        0.31326025660481
H           -2.84023057798039       -2.49502313798227        0.85877729447823
N           -1.97538616549936       -2.35682560459153       -1.11284023702826
H           -2.91848976601485       -2.35791637833051       -1.49841053903876
H           -1.59333558162142       -3.29043381735525       -1.24962984171623
C           -0.69958542958046       -2.51095055125982        0.98557018707677
H           -0.62963524418089       -3.59726479112685        0.88493889393796
H           -0.75936771132695       -2.26251323065650        2.04711645324675
C            0.51861439239560       -1.87399118919175        0.39609607397836
C            1.29952426511665       -2.35723903506936       -0.61616174070098
H            1.17747075844780       -3.26746190442801       -1.17470000984910
N            2.35080316142070       -1.51038058894120       -0.85894755346978
H            3.07613482951672       -1.65146195644981       -1.53942926274484
C            2.27230453552560       -0.45278197220677        0.00715222989187
C            3.12179640554898        0.63597741604458        0.16395578144670
H            4.00712587911431        0.74599520506568       -0.45005930718972
C            2.78735286210885        1.56553548649024        1.12544058109511
H            3.42569843660336        2.42175974148166        1.27771459869064
C            1.64706701247527        1.41246274192350        1.91815802653093
H            1.43050589365148        2.16345628523937        2.65938750730771
C            0.81850104463987        0.32803627678423        1.78522498625541
H           -0.06157207308547        0.23365026716998        2.40115216209217
C            1.12344593132161       -0.63670420728676        0.81219162788254
34
 energy: -56.475261878718 gnorm: 0.013497698290 xtb: 6.7.1-6.fc44.fc44
O            0.31481141052115        1.72911259900871       -1.21232783526001
C           -0.86249555171721        2.33916424051371       -1.34278150814101
O           -0.98694273847895        3.38146500660383       -1.92588210645005
H            0.26056435291432        0.94462874155070       -0.63534252767864
C           -2.04889585649244        1.60463831220387       -0.71897254043944
H           -2.94222603552403        1.83324474927098       -1.30699477691003
H           -2.21140076627430        1.99821510447664        0.29692322616544
N           -1.83008726629413        0.18562311725189       -0.60147118824714
H           -1.64155043499297       -0.37650871568667       -1.42557929206367
C           -2.13240258518246       -0.52279433714225        0.50698381240511
O           -2.45070598999526       -0.02948691744498        1.56733589649045
C           -1.99318079158265       -2.03455264774412        0.31121515647430
H           -2.83383875350975       -2.49778194673856        0.85350618309997
N           -1.97447172711820       -2.35891336491747       -1.11171084285930
H           -2.91751853575492       -2.36055160279121       -1.49133968754198
H           -1.58965484004441       -3.28817556046844       -1.25104875430954
C           -0.69030197861745       -2.50147658725915        0.98822625153223
H           -0.62224301195897       -3.58837927711845        0.89284376356600
H           -0.75592675922526       -2.25395819719184        2.04938838463365
C            0.52952243947658       -1.87249646233806        0.40132394460281
C            1.30286125506178       -2.35828901530631       -0.61243370243261
H            1.18243179415917       -3.26859023249419       -1.16930221976135
N            2.34945751928960       -1.51228719932272       -0.86010679318964
H            3.07286345353286       -1.65632530276591       -1.54292197221884
C            2.27339612304377       -0.45428166798487        0.00172929780570
C            3.11735139147992        0.63867678798647        0.15832580485420
H            4.00063917015653        0.75177167625229       -0.45237014622495
C            2.78815275410857        1.56400827840301        1.12269691579157
H            3.42251121437569        2.42325975299453        1.27450398670489
C            1.64344798188769        1.40918133277602        1.91536552842569
H            1.42870836713136        2.15707789593483        2.66760828644564
C            0.80788602536936        0.32662287195890        1.77400721032009
H           -0.06325886092328        0.21704929398350        2.40041290962172
C            1.11344050285606       -0.63164598052671        0.79857943511561
34
 energy: -56.475449089539 gnorm: 0.007631475236 xtb: 6.7.1-6.fc44.fc44
O            0.31488306530766        1.72648148679791       -1.20582555966705
C           -0.86146436433843        2.33587497116649       -1.34224577332043
O           -0.98198505935431        3.37661039649579       -1.92464668398817
H            0.26229143591421        0.94228260767816       -0.62711302118758
C           -2.04751250762979        1.60687828843277       -0.71519931093637
H           -2.94440728823928        1.84826115442831       -1.30037582673291
H           -2.19315763293947        1.98361188909458        0.30291078514236
N           -1.83006963181999        0.18548909335806       -0.60467013197473
H           -1.64940783370075       -0.37091866352696       -1.43369539739558
C           -2.14172539291179       -0.52302540720792        0.50109123679253
O           -2.46561672887536       -0.02613212368693        1.55788373054438
C           -1.99530540483107       -2.03399885818288        0.30804682421831
H           -2.83394520602297       -2.50127645869487        0.84917338417820
N           -1.97772410287931       -2.36126866383246       -1.11280341985992
H           -2.92063507340144       -2.36392002250368       -1.48771654122832
H           -1.58904410282093       -3.28682483783106       -1.25326051337409
C           -0.69027398185155       -2.49567219138145        0.98673299240167
H           -0.61949924452409       -3.58285211778909        0.89509739369088
H           -0.75761918942899       -2.24426928075128        2.04684689853000
C            0.52695942455973       -1.86546939527070        0.39724607618645
C            1.30752001214470       -2.36302518703890       -0.60615954436247
H            1.19187465246285       -3.27452163304714       -1.16152065338954
N            2.35022128845267       -1.51594680825896       -0.85781703405914
H            3.07202768886958       -1.66208762744597       -1.54218008197439
C            2.27504850912678       -0.45440598742367       -0.00236580317008
C            3.11219975780310        0.64465687449014        0.15070588146698
H            3.99345542183189        0.76039422324066       -0.45888120762055
C            2.78408177663264        1.56714467892643        1.11773062945944
H            3.41441785816749        2.43027593965554        1.26718484389183
C            1.64772453065824        1.40858998937094        1.91944609083926
H            1.42189144339329        2.15751778227899        2.66162003108721
C            0.81600436312099        0.31961753728528        1.78145816645319
H           -0.05671755670086        0.20566027676600        2.40595196640706
C            1.12645234550229       -0.63648717966409        0.80773967327840
34
 energy: -56.475535492164 gnorm: 0.004154216960 xtb: 6.7.1-6.fc44.fc44
O            0.31891849207705        1.72780194072688       -1.19742930443598
C           -0.85730766706921        2.33314664542797       -1.33955272272651
O           -0.97729334186230        3.36981041155156       -1.92500014706451
H            0.26715234704424        0.94312797913127       -0.61861691519431
C           -2.04364312808699        1.60606424269915       -0.71088620069182
H           -2.93822917800921        1.84487491005532       -1.29762267383235
H           -2.19071474235049        1.98492985143879        0.30740375531557
N           -1.82824477514013        0.18510004374006       -0.60581606888011
H           -1.65056731828055       -0.36656851417243       -1.43818713661802
C           -2.14552916540810       -0.52475969890404        0.49832928329542
O           -2.47709932567676       -0.02594187916023        1.55209850172910
C           -1.99602336183266       -2.03544298182430        0.30680437966577
H           -2.83368900390064       -2.50474827375779        0.84839981124930
N           -1.97856582883500       -2.36369227340203       -1.11381072773008
H           -2.92188404462686       -2.36609374131333       -1.48641333024063
H           -1.58775363576292       -3.28775116190175       -1.25521934882092
C           -0.69155178494140       -2.49596062279642        0.98851540426769
H           -0.62186732379427       -3.58304921951577        0.90139409992944
H           -0.76176234514108       -2.23865255378676        2.04727720725564
C            0.52662048047670       -1.86856688547451        0.40001157301144
C            1.30471974920499       -2.36250312781700       -0.60608065052388
H            1.19212344471709       -3.27370267996072       -1.16231902741389
N            2.34988310940924       -1.51740278113901       -0.85670639911496
H            3.07082081475440       -1.66559637076795       -1.54157033537761
C            2.27758456523258       -0.45432716602047       -0.00376444826724
C            3.11297045895805        0.64624759224170        0.14902818764227
H            3.98921976447402        0.77062223197017       -0.47046216669140
C            2.78193846699380        1.56868366577343        1.11593396526286
H            3.40934492929282        2.43415744049157        1.26461743666051
C            1.64860587595198        1.40832646254361        1.91895633849106
H            1.42634082133212        2.15542030350774        2.66584390567585
C            0.81658491341880        0.32063673806506        1.77923308854662
H           -0.05672042530434        0.20500556617895        2.40269474537390
C            1.12656143436285       -0.63195134790068        0.80330602057866
34
 energy: -56.475568928290 gnorm: 0.003187515645 xtb: 6.7.1-6.fc44.fc44
O            0.32380715063766        1.72395406363674       -1.18855146181007
C           -0.85064751710617        2.33158617905696       -1.33538063711469
O           -0.96715542793827        3.36512023589541       -1.92937875937010
H            0.26829210361502        0.94074310551077       -0.60891992418088
C           -2.03962316820143        1.60641255116250       -0.70811377150454
H           -2.93397898896349        1.84539077501975       -1.29416934898281
H           -2.19248834046401        1.98252248547595        0.31114420801035
N           -1.82700747047495        0.18543970505001       -0.60597021248591
H           -1.64981045328821       -0.36275951693528       -1.44012552446086
C           -2.14847361903337       -0.52571134078910        0.49704350619890
O           -2.48604615052712       -0.02676694539833        1.54868618112074
C           -1.99714988843699       -2.03615505321298        0.30648312026460
H           -2.83367809906775       -2.50732203379569        0.84906597811668
N           -1.97973164435904       -2.36533357300726       -1.11426478554812
H           -2.92354836723714       -2.36888775023706       -1.48564845665404
H           -1.58777489281383       -3.28905676775273       -1.25533627213732
C           -0.69195906702046       -2.49432839616282        0.98890687246309
H           -0.62255742851282       -3.58177219370368        0.90516942025388
H           -0.76180882959750       -2.23375126704982        2.04639850500200
C            0.52620537578246       -1.86790663940124        0.39921989966311
C            1.30410621869178       -2.36171911222183       -0.60727734759616
H            1.19409303140011       -3.27317017153408       -1.16348439578338
N            2.34963992653069       -1.51650521622888       -0.85768107013281
H            3.07035116779964       -1.66516041786622       -1.54262801662566
C            2.27657141676040       -0.45262515199575       -0.00644082867382
C            3.11041385988571        0.64929055209175        0.14453529515818
H            3.98718693338407        0.77243382802351       -0.47285601471706
C            2.77873107056284        1.57116013537446        1.11238289609071
H            3.40551315243955        2.43725742786248        1.26021861540260
C            1.64716632717309        1.40828187805807        1.91719789483461
H            1.42805919698748        2.15439348419916        2.66693824519565
C            0.81592613639846        0.31988989578670        1.77878705088202
H           -0.05711886917647        0.20376233736165        2.40231422253801
C            1.12543842584788       -0.63146234634509        0.80212501690998
34
 energy: -56.475592157654 gnorm: 0.002406083563 xtb: 6.7.1-6.fc44.fc44
O            0.32967032923313        1.72261247056026       -1.17738646088338
C           -0.84402208166938        2.32950895288430       -1.33166177208949
O           -0.95957161334155        3.35888651593959       -1.93245189731214
H            0.27055881188434        0.93923490730463       -0.59806908247895
C           -2.03502899887769        1.60587555245027       -0.70449385192313
H           -2.92869625775598        1.85045646523739       -1.28972811067626
H           -2.18221414010414        1.98347954336317        0.31415884419493
N           -1.82501807253162        0.18452725555696       -0.60589948751542
H           -1.64740300597673       -0.35967680003027       -1.44177353639680
C           -2.15219513943363       -0.52786851075299        0.49559813485113
O           -2.49726678126078       -0.02934793193014        1.54473581916855
C           -1.99846401240232       -2.03776943159495        0.30616365945364
H           -2.83394741889852       -2.51067561177831        0.84950899085055
N           -1.98084179965826       -2.36814195509401       -1.11473990579578
H           -2.92508672348765       -2.37351473744845       -1.48558213143544
H           -1.58877919160595       -3.29213314040640       -1.25449097422293
C           -0.69217337492312       -2.49244799335057        0.98950619793998
H           -0.62358637408385       -3.58051440370199        0.91017212478621
H           -0.76091638622756       -2.22742399212249        2.04539564003228
C            0.52610288467500       -1.86746376026910        0.39787143335727
C            1.30408162977525       -2.36107111448132       -0.60892865421065
H            1.19637574197376       -3.27221804643314       -1.16588409361181
N            2.34921820540921       -1.51492146553083       -0.85860267309027
H            3.06922019249344       -1.66290595032547       -1.54439141578848
C            2.27479644179408       -0.45155681300167       -0.00767964888944
C            3.10730140342650        0.65127935157648        0.14099312038965
H            3.98229423203150        0.77565328439761       -0.47838682305270
C            2.77585903914616        1.57261372252128        1.10989732095176
H            3.40167210230081        2.44007886935109        1.25514417350838
C            1.64431999546599        1.40861038698400        1.91535114379272
H            1.42598697311821        2.15458070551168        2.66433116004565
C            0.81362961009162        0.31939873248556        1.77770046769002
H           -0.05760715239416        0.20160345775521        2.40331620824713
C            1.12267420349174       -0.63150376969937        0.80069618044013
34
 energy: -56.475602410831 gnorm: 0.001643728878 xtb: 6.7.1-6.fc44.fc44
O            0.33484641923039        1.72147793006400       -1.17259263333418
C           -0.83887638047215        2.32792276186919       -1.33061900440826
O           -0.95401487364331        3.35456569772737       -1.93577607031203
H            0.27353664838723        0.93971752538431       -0.59006502775541
C           -2.03079689121956        1.60616355255173       -0.70227447710103
H           -2.92565102218980        1.85416974455746       -1.28557355507588
H           -2.17723258938666        1.98126041833713        0.31760049104389
N           -1.82342952216080        0.18384587871313       -0.60499467001047
H           -1.64464288267822       -0.35838151382101       -1.44164187535438
C           -2.15538683888174       -0.52912830560993        0.49490667992413
O           -2.50467433720648       -0.03131300032715        1.54270821489310
C           -1.99966524500943       -2.03872822909451        0.30596029859073
H           -2.83462874485304       -2.51235129157943        0.84928903811436
N           -1.98096946663290       -2.36998041264930       -1.11490193904728
H           -2.92501551766493       -2.37649439973617       -1.48657119854006
H           -1.58952636637515       -3.29463551032918       -1.25309436054628
C           -0.69307648532749       -2.49192573943553        0.98960892829474
H           -0.62417689994173       -3.58035920425932        0.91311928199451
H           -0.76111768702085       -2.22408746584933        2.04480674164171
C            0.52513004722463       -1.86785562090771        0.39645322365800
C            1.30373702730192       -2.36089076163170       -0.61027986085489
H            1.19686854671925       -3.27146387205336       -1.16806177093282
N            2.34816905469413       -1.51349064992879       -0.85969168257158
H            3.06724520275064       -1.66024410644017       -1.54675240626656
C            2.27297098583356       -0.45081521414619       -0.00819195068816
C            3.10466524976249        0.65260731442127        0.13899334604305
H            3.97873893480179        0.77780760654803       -0.48159853771177
C            2.77328339781513        1.57448533666055        1.10730272270174
H            3.39864606431149        2.44236422818522        1.25104832433244
C            1.64288543500697        1.40976437520369        1.91417952259114
H            1.42398692063230        2.15489181030240        2.66414152838051
C            0.81353474917637        0.31929498319562        1.77765751978512
H           -0.05691896027886        0.20107582610545        2.40436260035627
C            1.12249929897272       -0.63202494609971        0.80093265849252
34
 energy: -56.475608028211 gnorm: 0.001446077964 xtb: 6.7.1-6.fc44.fc44
O            0.33896366537489        1.71990295359941       -1.16638393701326
C           -0.83476328009990        2.32477970900531       -1.33072333590891
O           -0.94830669186766        3.34932185423734       -1.93980020393483
H            0.27539407061129        0.94014168766365       -0.58084219835221
C           -2.02653400315124        1.60623404498060       -0.69984902957466
H           -2.92130395459359        1.85540251696918       -1.28154241406142
H           -2.16777646890644        1.98120529338311        0.32084095081767
N           -1.82056544126672        0.18332693799459       -0.60285708075377
H           -1.63842845011374       -0.35774100700655       -1.43974490376394
C           -2.15778651791337       -0.53032326421492        0.49485321325971
O           -2.51198565353213       -0.03286594553272        1.54122917953876
C           -2.00039874966982       -2.03978152763192        0.30605165993957
H           -2.83521319713886       -2.51349508415679        0.84897033098187
N           -1.97961901422943       -2.37152204951861       -1.11475387035607
H           -2.92317292769157       -2.37796675403636       -1.48855234903738
H           -1.58965591845831       -3.29740727319116       -1.25099753996211
C           -0.69405242291216       -2.49180117129625        0.99029986865207
H           -0.62461107953448       -3.58025080004349        0.91545729104016
H           -0.76215986290087       -2.22245887203793        2.04532904030955
C            0.52446133806403       -1.86875445213810        0.39578758717371
C            1.30183436632249       -2.35994383222606       -0.61256844754622
H            1.19461456605271       -3.26963029827630       -1.17172479938859
N            2.34589797969642       -1.51159512910515       -0.86252052155440
H            3.06331067557142       -1.65629923186866       -1.55173887151238
C            2.27072436784968       -0.44985140988044       -0.00916080660690
C            3.10165152633810        0.65432839251226        0.13726739262652
H            3.97557094538646        0.77959030488577       -0.48296320196099
C            2.76998087763986        1.57647326488267        1.10503939026543
H            3.39460287084659        2.44477855365885        1.24762400485242
C            1.64152460582419        1.41001126311297        1.91385359986695
H            1.42071598642536        2.15571115861976        2.66170910660171
C            0.81334729609690        0.31897522901289        1.77775322239976
H           -0.05718616281547        0.20153251551742        2.40465412941776
C            1.12186793037330       -0.63278283194628        0.80039364387138
34
 energy: -56.475611071159 gnorm: 0.001252709460 xtb: 6.7.1-6.fc44.fc44
O            0.34097278626892        1.72048991541193       -1.16625222833085
C           -0.83345165247746        2.32399628129078       -1.33159329521319
O           -0.94724616073674        3.34736615115263       -1.94165218083848
H            0.27788224474451        0.94182096590070       -0.57925335322747
C           -2.02458671450982        1.60565772569376       -0.69954231358819
H           -2.92149789131513        1.85376350396505       -1.27871048203797
H           -2.16473704030024        1.98087457330852        0.32143749798312
N           -1.81806154841415        0.18282616183180       -0.60160822390562
H           -1.63360687605381       -0.35881699486515       -1.43786763843001
C           -2.15753979727258       -0.53061763121431        0.49505908584418
O           -2.51318919648603       -0.03294933029279        1.54098671575838
C           -2.00066265460766       -2.04025246506794        0.30638176438259
H           -2.83579583205645       -2.51378991957567        0.84875764623962
N           -1.97852885753650       -2.37171711135226       -1.11426056702637
H           -2.92141530102529       -2.37667489985022       -1.48985219302994
H           -1.58985314719183       -3.29822670706934       -1.24996425142081
C           -0.69451204824800       -2.49198531606742        0.99084972300134
H           -0.62458640539223       -3.58038632401465        0.91539647354921
H           -0.76270890804854       -2.22355025860141        2.04617277735249
C            0.52364034819687       -1.86864149734211        0.39565332644495
C            1.30035856123843       -2.35949261118108       -0.61341959306657
H            1.19176519682237       -3.26854249524159       -1.17333028492762
N            2.34446492633830       -1.51129772122576       -0.86388326071440
H            3.06070376738104       -1.65498431318796       -1.55450595038105
C            2.27022888431479       -0.45002449557001       -0.00931350261253
C            3.10093553647985        0.65457463986037        0.13735156057520
H            3.97366163406999        0.78165014445243       -0.48548946559449
C            2.76942635811494        1.57663500634072        1.10504546089659
H            3.39294090437026        2.44579822874159        1.24698648255104
C            1.63949562041240        1.41099744968596        1.91290827405816
H            1.41942377357073        2.15669551933821        2.66234220287112
C            0.81248477190437        0.31888399123635        1.77811429048039
H           -0.05718707102573        0.20072801849398        2.40614902147210
C            1.12172506014838       -0.63356343905705        0.80129658121198
34
 energy: -56.475613720807 gnorm: 0.000922119547 xtb: 6.7.1-6.fc44.fc44
O            0.34135691976266        1.72131971921230       -1.16773408993455
C           -0.83355282767822        2.32438996272709       -1.33216346407015
O           -0.94803682772208        3.34661490625899       -1.94406594095650
H            0.27972253664167        0.94351639790056       -0.57966591393289
C           -2.02362755793964        1.60517818087760       -0.69903283076290
H           -2.92103718722881        1.85299977942535       -1.27747045054205
H           -2.16490166790259        1.98123682611592        0.32170206918254
N           -1.81639176784771        0.18241008503082       -0.60081025035244
H           -1.63070818119195       -0.35987826007051       -1.43642107284401
C           -2.15676079190927       -0.53092131236268        0.49541176023642
O           -2.51223233933520       -0.03337282637416        1.54135706651472
C           -2.00032865520019       -2.04065810939048        0.30661726120432
H           -2.83591290016990       -2.51424592999033        0.84842166652618
N           -1.97772576927935       -2.37146230552044       -1.11394878179638
H           -2.92012655537766       -2.37449271475035       -1.49050510398731
H           -1.59011487041925       -3.29816011082434       -1.25007231780633
C           -0.69430110697482       -2.49279722782928        0.99141751459085
H           -0.62446885604405       -3.58116027232086        0.91522070758494
H           -0.76276876412092       -2.22503443652533        2.04687193031970
C            0.52357799817040       -1.86889454400836        0.39658573873653
C            1.29924226592337       -2.35898908110857       -0.61361959550374
H            1.18974049182207       -3.26781554562052       -1.17379484513054
N            2.34310298128361       -1.51105171925550       -0.86439226519547
H            3.05881633328860       -1.65448584906444       -1.55557916136111
C            2.26963747945740       -0.44980540632007       -0.00981081286777
C            3.10014547844585        0.65503137768404        0.13700198296216
H            3.97300595970736        0.78155760729783       -0.48525328096976
C            2.76884867416152        1.57680428345055        1.10501492345835
H            3.39190948152413        2.44628266590584        1.24718203822873
C            1.63969001761290        1.41043378297422        1.91362255696264
H            1.41882649769259        2.15712596639687        2.66117744839133
C            0.81236406212006        0.31862534836831        1.77882388516826
H           -0.05725451286856        0.20012505147639        2.40688279631587
C            1.12120723327393       -0.63318154383835        0.80141893195728
