37
 energy: -61.557477515862 gnorm: 0.000096708041 xtb: 6.7.1-6.fc44.fc44
O           -4.84194293220000        2.24572855090000       -0.23104790120000
C           -3.73122495190000        1.84278443960000       -0.42626172970000
O           -3.26047536390000        1.56666793400000       -1.62738347790000
H           -2.33709484780000        1.20072060410000       -1.59629581930000
C           -2.72400417770000        1.63869887990000        0.72780810500000
H           -3.19102550650000        1.96120162740000        1.65717937350000
H           -1.84770584840000        2.26351751880000        0.51767743300000
N           -2.28331053080000        0.26068406750000        0.87119837090000
H           -2.60043610260000       -0.25058924290000        1.67853188690000
C           -1.42586849190000       -0.31444911390000        0.01460145170000
O           -1.05130899650000        0.23492596930000       -1.01232472550000
C           -0.97379241580000       -1.71803318630000        0.37935275070000
H           -1.71956844530000       -2.42520633910000       -0.01149586840000
H           -0.89053257670000       -1.85787544070000        1.46132727560000
N            0.31743156390000       -1.97557589330000       -0.19790989610000
H            0.53317352830000       -1.51665494870000       -1.07555759770000
C            1.34824035260000       -2.41883800130000        0.54814634120000
O            1.22723113430000       -2.83200482800000        1.68345596250000
C            2.69572197340000       -2.34190194280000       -0.16586042640000
N            2.50852158370000       -2.25527816640000       -1.60521812970000
H            2.10771383230000       -3.11651607030000       -1.96124865160000
H            3.40148392460000       -2.11641836960000       -2.06592918730000
H            3.28791594910000       -3.21947900220000        0.14707065090000
C            3.41031748360000       -1.07769970240000        0.36139030210000
H            3.68190123500000       -1.25818155850000        1.40235377700000
H            4.32487559400000       -0.92982922560000       -0.21784912920000
C            2.53834431000000        0.14368087020000        0.27093019410000
C            1.81768694860000        0.57220274010000        1.37911718460000
H            1.88969472150000        0.02107589300000        2.30602405850000
C            1.01437135720000        1.69641787860000        1.30611710260000
H            0.46944407440000        2.02374716440000        2.18095269290000
C            0.91916578810000        2.40531976490000        0.12062033180000
H            0.30922918820000        3.29626822760000        0.06422968090000
C            1.61620513230000        1.97385381150000       -0.99406846250000
H            1.53459462480000        2.51587796530000       -1.92413664530000
C            2.42075273690000        0.85136262020000       -0.91830713950000
H            2.96347292040000        0.52019236500000       -1.79059219230000
