37
 energy: -60.927392220611 gnorm: 1.539228801245 xtb: 6.7.1-6.fc44.fc44
O           -4.24174368750119        2.59466879829525       -1.06441260248118
C           -3.36571955214778        2.07950450994179       -0.44952043786101
O           -2.31143273656876        2.47547761096240        0.09934405662400
H           -1.84680980176846        1.74412063495354        0.69645092490593
C           -3.91967625903753        0.58507041865436       -0.04322341601129
H           -4.90614894339473        0.44074417029822       -0.56843096247076
H           -4.14592686779604        0.49022166059403        0.98064952534677
N           -2.73484644180813       -0.47634853085779       -0.30800480300547
H           -3.26015493503344       -1.20747824123149       -1.05055898332041
C           -1.79976668905938       -0.50817598530962        0.26220416355476
O           -1.36525388679704        0.19099495181393        1.27191759108834
C           -1.10396453335390       -1.85588567712406       -0.15668216857150
H           -0.90207833224594       -2.01332162263322       -1.19373081259605
H           -1.44317274538887       -2.80751177613578        0.15550413878880
N            0.30942539058075       -1.63230626069501        0.31078717382300
H            0.50099092837997       -1.22128053633114        1.01248894030293
C            1.40111396569290       -2.47923127641380       -0.11098934151621
O            1.37327189483230       -3.21435601864924       -1.09715354339669
C            2.68461263468493       -2.15001638225008        0.50260833127084
N            3.54653001080992       -3.28402917869309        0.46581999635074
H            3.87232557970945       -3.62006439062688       -0.49399609749072
H            3.20488908865528       -3.89606232277114        1.04577937978187
H            2.55668872706310       -1.85415496195562        1.51327704708048
C            3.41280892928469       -1.03180563213135       -0.10970945019190
H            4.23405720724980       -0.75090995943696        0.12302784411915
H            3.45131782712823       -1.18028189957164       -1.25582588534676
C            2.55911086177230        0.37815123659285       -0.05482898008828
C            2.47023401053774        1.12717042620164        1.05490813727674
H            3.05306785415976        0.90895195042306        1.90448784549914
C            1.86349465445525        1.99749672255739        1.21538525088295
H            1.65734308538356        2.61456729356966        2.23114203013127
C            0.59670246334133        2.58627617300726        0.19134232155733
H            0.30257034790858        3.30250475373017        0.42804519488609
C            0.90699666581833        1.88794390455682       -0.87875852816150
H            0.12481529912032        2.15001105137792       -1.61517942296515
C            1.48777139345903        0.63893599987563       -1.11798373445565
H            1.56144107366611        0.14438433685824       -2.06364062534404
37
 energy: -61.387610461419 gnorm: 0.463407221499 xtb: 6.7.1-6.fc44.fc44
O           -4.23756407027531        2.61228421085521       -1.07616713480638
C           -3.38895779787669        2.06723535018296       -0.43552360569551
O           -2.30555357739594        2.46676245114708        0.10053736633608
H           -1.84749077471740        1.74461287178337        0.69514780282448
C           -3.91376070895030        0.58539716279347       -0.04926811820293
H           -4.89089525409536        0.43806742833520       -0.57051722818589
H           -4.14276544853177        0.49242850048808        0.98994522163513
N           -2.81997320787984       -0.47203332990376       -0.34931103107993
H           -3.25261749499507       -1.19720938117721       -1.04451516352410
C           -1.76258852316996       -0.52537749207297        0.29648530326979
O           -1.36069904935265        0.18962476598377        1.25707255968828
C           -1.07380577123333       -1.85431718704173       -0.15485203327273
H           -0.90867022910806       -2.00663532353197       -1.20596481437949
H           -1.44960578945719       -2.80757989273854        0.16688027678965
N            0.31227110414076       -1.67191626327703        0.27285736623514
H            0.51361234127344       -1.18982805585452        1.06531143488707
C            1.39069878415458       -2.47114566643955       -0.13131837568695
O            1.36315161402717       -3.21670212161231       -1.09354531908353
C            2.68569039174439       -2.14927825922502        0.50352919049877
N            3.56711391113153       -3.27425090560708        0.45478381516631
H            3.86266286901669       -3.61469865804307       -0.48455235988193
H            3.19950109111562       -3.92575665925022        1.06001847088784
H            2.55468174886805       -1.85543666043462        1.52629164378156
C            3.36961060873049       -1.01371416796628       -0.14716940970364
H            4.28425213270194       -0.73679546180121        0.14126348134287
H            3.45050350032469       -1.18506581667820       -1.25429079128675
C            2.54726380401202        0.33861033098209       -0.09459888567998
C            2.50882808930339        1.07839145832281        1.04995171009320
H            3.07978458592606        0.88555908958551        1.91165743564840
C            1.77155847543976        2.09655772430779        1.24196303273560
H            1.65744387402321        2.62065654872583        2.22962857273386
C            0.66062947698920        2.52768316773555        0.19576347394168
H            0.26435987412449        3.38510292726996        0.46483034655633
C            0.88615789891500        1.86298797413531       -0.90438443926809
H            0.12262307643855        2.14638389975400       -1.63205001615682
C            1.52786673287556        0.64067702057722       -1.10487376632748
H            1.55956619355471        0.14269437113633       -2.05847591483337
37
 energy: -61.514792007791 gnorm: 0.181716767971 xtb: 6.7.1-6.fc44.fc44
O           -4.22102281977273        2.64391177695914       -1.09498394992104
C           -3.43035509272519        2.04998494073660       -0.40716519287321
O           -2.30460541342273        2.44424837539670        0.09667393951102
H           -1.85612618126870        1.74538825500017        0.68856517407910
C           -3.89523497513617        0.57641723075518       -0.05032409504832
H           -4.85271989856386        0.42827525172362       -0.57910046667366
H           -4.13194210470572        0.50114765850553        1.00537855617321
N           -2.88222877654775       -0.47110345346467       -0.36701031389608
H           -3.23058707103766       -1.16810017890866       -1.02183919674245
C           -1.77869869367441       -0.56278128468573        0.30498123262601
O           -1.37107708058230        0.17275703685107        1.20311761423372
C           -1.03341999537761       -1.84530148269687       -0.15245236167117
H           -0.93165559928345       -1.98490729757726       -1.22860626090785
H           -1.46022911097854       -2.79280143202952        0.19218750821353
N            0.33293856515957       -1.70108988342749        0.27651037710235
H            0.52106381428712       -1.17943025713656        1.08930342309433
C            1.38644062289481       -2.45070831827714       -0.15637088260420
O            1.33632578940843       -3.22427244841250       -1.09217574894919
C            2.69887358859138       -2.13959711601674        0.50457242517331
N            3.59514313339131       -3.26824106225838        0.46388293623132
H            3.83870111989278       -3.60369764614160       -0.46659565574463
H            3.20218421921237       -3.95942120541769        1.06152839931955
H            2.55393969767750       -1.85883758721711        1.54507425124211
C            3.34260648029586       -0.96624637411772       -0.19041560242288
H            4.30896356348531       -0.72781123388493        0.15418035613661
H            3.45439670182370       -1.19702638994758       -1.25933590836333
C            2.50782152988801        0.31454872216081       -0.11024667529605
C            2.49516412692859        1.07520640893356        1.04965626673569
H            3.09898106325955        0.88202509809090        1.91311253925765
C            1.69964166429952        2.11934069850653        1.24351101096358
H            1.66169306837026        2.61884355162225        2.20237110843703
C            0.76433409467030        2.52448079092313        0.24712136995834
H            0.27045942625222        3.39448999644502        0.49709594813388
C            0.83997554020498        1.83316410696422       -0.92216381616606
H            0.10884042692368        2.13552810693027       -1.65982292727914
C            1.58903614258202        0.66018074075233       -1.10033918288046
H            1.55726291536993        0.13541185580736       -2.04733610118608
37
 energy: -61.547129767677 gnorm: 0.063221622197 xtb: 6.7.1-6.fc44.fc44
O           -4.20058849686224        2.66566370188313       -1.09022884069527
C           -3.44833261065265        2.01963222522560       -0.40931675767760
O           -2.31694810379154        2.42592649032932        0.10543417496819
H           -1.86414941714345        1.74015669844285        0.66880126986133
C           -3.89075320380687        0.57246691279264       -0.04277528955332
H           -4.82369503809220        0.40525984142862       -0.58612340960117
H           -4.12052343406297        0.52351374864940        1.02796864619338
N           -2.92507844939694       -0.45960326700687       -0.38117326738726
H           -3.21857861571334       -1.15452097478642       -1.02884546795105
C           -1.78578499728410       -0.59264816198260        0.29533542760384
O           -1.37180816287137        0.15605698643388        1.15886283927518
C           -1.00337342464028       -1.83678200921930       -0.15306718688662
H           -0.96338207744340       -1.95489219983512       -1.24724500511801
H           -1.47546663719835       -2.76662820542475        0.22111568809937
N            0.35004598129898       -1.72524905874073        0.30033967628863
H            0.52194462327261       -1.16359925268129        1.11791596943726
C            1.38824218051146       -2.43837766229037       -0.17330068904087
O            1.30802628098471       -3.23265588720857       -1.09198297911498
C            2.71728508348858       -2.13075502349146        0.50568013514787
N            3.62576371300496       -3.25944040933643        0.48367805053581
H            3.80191612840806       -3.59164880846667       -0.45744335702998
H            3.21014599242377       -3.98857198344870        1.05253217597405
H            2.55588632332878       -1.86165205498956        1.55651821805590
C            3.33542980841633       -0.93171161377069       -0.22469576829694
H            4.33063753237493       -0.73030503193254        0.16907183159977
H            3.45817409506567       -1.20233473643148       -1.27377129450197
C            2.48565300815025        0.29611927661892       -0.10317051106243
C            2.50008462665164        1.05780868465422        1.06536140167330
H            3.13734414334835        0.84658599247989        1.91225355507611
C            1.66794169469423        2.12403962798758        1.25746062931122
H            1.68238808572856        2.63172060056467        2.20781097165813
C            0.81973265745225        2.52854017867914        0.26147369236475
H            0.22670035799725        3.40086825601001        0.47542201923338
C            0.80208338122960        1.81950453489490       -0.93153186741225
H            0.10333885257498        2.12560912315223       -1.68921123148857
C            1.61497537845504        0.69231720368370       -1.09549243814310
H            1.54960722189096        0.14356220857909       -2.03112091339959
37
 energy: -61.553044020096 gnorm: 0.045618428864 xtb: 6.7.1-6.fc44.fc44
O           -4.18412587013168        2.69431461980474       -1.09384554454748
C           -3.47455879643503        2.01867110334219       -0.39115620649017
O           -2.32308688817753        2.41755858940448        0.10267616293549
H           -1.88124261510901        1.73795265812781        0.66738856719846
C           -3.89943467870115        0.57026514723376       -0.04259917261226
H           -4.82536704991691        0.37776789768088       -0.58247524035429
H           -4.10645761297757        0.54120615244577        1.03780159017814
N           -2.93942889092235       -0.46049604131889       -0.38872707785031
H           -3.20866103184979       -1.16117441818831       -1.06076493615772
C           -1.78440090498257       -0.61094042770662        0.27952819452730
O           -1.36718325658926        0.15544099486308        1.13045111474270
C           -0.99192310968918       -1.83850338736083       -0.15010367383613
H           -0.97314291880463       -1.93899449719113       -1.24656121592106
H           -1.48591381787358       -2.74994220185290        0.24509055891879
N            0.35435101593315       -1.74181831163003        0.33386463512231
H            0.51450348920251       -1.15424369739316        1.14496099577106
C            1.39205169492427       -2.43802219421741       -0.16984434367165
O            1.28843820354836       -3.23180436713298       -1.08598020357146
C            2.73225179573077       -2.12679752332933        0.50689282201929
N            3.64699149654891       -3.25349852340157        0.48991295744258
H            3.76393272830686       -3.58368664779234       -0.46730592897555
H            3.23176624315699       -4.00459002012418        1.03967437946512
H            2.56622983094407       -1.85992926968234        1.55959152329670
C            3.34058799017575       -0.91951659081219       -0.24164061570298
H            4.34161090895182       -0.73029394544577        0.17018129945833
H            3.45622824187382       -1.19754484709241       -1.28909385499182
C            2.47242797763178        0.29157509225280       -0.08652822837450
C            2.49857531804876        1.03276356660785        1.09366887106209
H            3.16573469892179        0.79617116079569        1.91573842041895
C            1.66341397634202        2.11360434818812        1.28825882697292
H            1.70534253774586        2.64716478538800        2.22682250614366
C            0.81592419260784        2.53825574623471        0.24778911660294
H            0.18697589467464        3.41066030422301        0.43055590396984
C            0.79218131527129        1.81878158016938       -0.93635309714566
H            0.12860646050179        2.12975503149878       -1.73197097156469
C            1.61139310900741        0.70851344894679       -1.09261412775750
H            1.56029280390204        0.15535063591077       -2.02074390872501
37
 energy: -61.555271505381 gnorm: 0.030808318386 xtb: 6.7.1-6.fc44.fc44
O           -4.18832927350600        2.70140056504264       -1.08465517702372
C           -3.48026044323187        2.00696793257816       -0.41455380829988
O           -2.34638296391349        2.42044562476050        0.10908892359491
H           -1.88241432217424        1.72826530436642        0.63904141628132
C           -3.90921007992088        0.56947762269280       -0.04249774023733
H           -4.83882373535470        0.35948817979691       -0.56778655152788
H           -4.08931466725699        0.55323287952312        1.04496421934221
N           -2.93936310918040       -0.44997613098328       -0.39823270843786
H           -3.20056349636901       -1.14049644434760       -1.08812757973087
C           -1.77366661051049       -0.61389809798656        0.26157466358743
O           -1.36584230188954        0.15711996821793        1.11577900746056
C           -0.98922425119360       -1.84284346388740       -0.14520687017891
H           -0.96484540302525       -1.93695971808770       -1.23578281920255
H           -1.50076272300230       -2.73753281537123        0.26185249815099
N            0.34994291499288       -1.75726777994450        0.36753597084147
H            0.49884299485574       -1.14352339348303        1.16754017959915
C            1.39025943647664       -2.44137325786336       -0.15515828265987
O            1.27202593589519       -3.22759226193191       -1.07356372574089
C            2.73892126437156       -2.12366449711687        0.51099062917916
N            3.65740227923185       -3.24826356089679        0.48665414529283
H            3.73709351451045       -3.57629037618896       -0.47749128799377
H            3.25528558197260       -4.01514667980850        1.02611139146228
H            2.57531596626592       -1.85472053413103        1.56271964941811
C            3.34291039394200       -0.91510676399266       -0.24891642273810
H            4.34650922913185       -0.73501289529879        0.16832564898841
H            3.44602771001538       -1.18945077902282       -1.29806763997787
C            2.47988542561658        0.29862363159277       -0.09449758591655
C            2.51203664222517        1.03057123330586        1.08714968300736
H            3.17802371522301        0.75929148542312        1.89947393351285
C            1.67883814643052        2.12503471299676        1.27452170348329
H            1.70721035010849        2.66808495101526        2.20149341083298
C            0.81335861699496        2.51768469845181        0.27647230291383
H            0.17118937511997        3.38830120927122        0.44470484009849
C            0.78401190785466        1.80907350707049       -0.91306705134242
H            0.14288994165825        2.13292404234015       -1.72708512678202
C            1.60657552140615        0.71142814659051       -1.08961521304641
H            1.56933099802089        0.16567970675282       -2.01914852821435
37
 energy: -61.556409416592 gnorm: 0.019748655607 xtb: 6.7.1-6.fc44.fc44
O           -4.18842978044527        2.70963364965878       -1.09359168864717
C           -3.49158268840612        2.01301412166218       -0.41381546956177
O           -2.35610781904272        2.42467783061293        0.10938873012573
H           -1.89272516165262        1.72764259549197        0.63970324622828
C           -3.91273609432691        0.56950615279486       -0.04834843179656
H           -4.84890834680680        0.35140584061483       -0.56034866677743
H           -4.07836092529215        0.54826290005817        1.03841297770744
N           -2.93305347381066       -0.44483436385076       -0.40359853693036
H           -3.19923727488503       -1.11942817578716       -1.10083999633323
C           -1.76879238941832       -0.61267343427191        0.25333783209591
O           -1.36988305409220        0.16120447488260        1.11248501001173
C           -0.99171371369645       -1.85020288103564       -0.14057285964040
H           -0.94765023184220       -1.94897211390154       -1.22540622868688
H           -1.50895333752792       -2.73676065738854        0.26550980712384
N            0.34358772036632       -1.76540146034078        0.38596915026496
H            0.48609843725347       -1.13754486164063        1.17414284700026
C            1.38713676884712       -2.44321613972158       -0.14249879053760
O            1.26556026604685       -3.22309052282965       -1.06456087454332
C            2.73792896721326       -2.12144537861295        0.51210478092758
N            3.65786542543370       -3.24362660371600        0.47321578205817
H            3.73720195935886       -3.56771674718487       -0.48687815998156
H            3.27497168625333       -4.01577938655813        1.01338482278657
H            2.58121256623138       -1.84938414066682        1.56217803374219
C            3.34216611706057       -0.91629180024509       -0.24783324091555
H            4.34246477749737       -0.73693534273834        0.16411551812100
H            3.43983595491782       -1.18650473900417       -1.30036387518777
C            2.48312779449151        0.30397257471770       -0.09043751372249
C            2.51015068701671        1.02564826687349        1.09441516860702
H            3.18361463747533        0.74234171998371        1.89448919491025
C            1.68343913282900        2.12456902318571        1.27951199862486
H            1.72069778738653        2.68013633027364        2.20662501863977
C            0.82123344580959        2.51801347015264        0.27489643624400
H            0.17956394082075        3.38367795368494        0.43726263422401
C            0.78571922383125        1.80911273195960       -0.91459533119337
H            0.12052186647492        2.10759746626945       -1.70775267914704
C            1.61281224291117        0.71363760605998       -1.09486803268806
H            1.57610736751044        0.15972999200370       -2.02229851515672
37
 energy: -61.557018553751 gnorm: 0.013072332652 xtb: 6.7.1-6.fc44.fc44
O           -4.18561259546743        2.70874527291547       -1.11333001467500
C           -3.50009669794018        2.01576532813858       -0.41725655223170
O           -2.36681474653943        2.42865304006750        0.11141126240336
H           -1.90827824309341        1.72942139685237        0.64811800156091
C           -3.91324562686519        0.57117096479112       -0.04798432440966
H           -4.85238356325167        0.34506559927990       -0.55143432484822
H           -4.06851253290289        0.54855635477399        1.03742753107728
N           -2.92942737642834       -0.43978830381548       -0.40719741496756
H           -3.19007738760878       -1.09641405965715       -1.12715989875456
C           -1.76933759253954       -0.61060705361210        0.24925735453606
O           -1.38081634899906        0.16525581582724        1.11270606465017
C           -0.99308618354947       -1.85467017429809       -0.13312668971920
H           -0.92811826346412       -1.96173130498062       -1.21639225385471
H           -1.52031642454476       -2.73283607358495        0.26768673020900
N            0.33809450130186       -1.77376088988290        0.40862739332381
H            0.47338658691987       -1.12784515182539        1.17962315168531
C            1.38462873863078       -2.44104751142110       -0.12792281096339
O            1.25876755139499       -3.21732896155670       -1.05305619871276
C            2.73797565383817       -2.11899679756291        0.51373129110196
N            3.66028911468513       -3.23720284682587        0.45376942547899
H            3.73007247618102       -3.55639747347548       -0.50842217364048
H            3.30132316056250       -4.01498709166324        0.99734077173978
H            2.59243528059253       -1.84571091862856        1.56371866054382
C            3.34111629664184       -0.91730795810067       -0.24513625528800
H            4.33878094702875       -0.73976816030799        0.15777044485637
H            3.43310011278234       -1.18540223893981       -1.29989562772847
C            2.48464680776740        0.30708622899090       -0.08522818863543
C            2.51259710459981        1.02498421713089        1.10099701260385
H            3.18762010006625        0.72494117599375        1.89075231623952
C            1.69237573657985        2.12747175432383        1.28254370678500
H            1.72404040175397        2.68137292224457        2.20875827448300
C            0.82379900912701        2.51636279912723        0.27356252308191
H            0.18956281751298        3.37966959410894        0.42391951573456
C            0.78521765065890        1.80132953384632       -0.91076365432049
H            0.11180247824652        2.09768392727379       -1.70001390836943
C            1.60869089043525        0.70370496579192       -1.08864854250141
H            1.58068464767830        0.14853803010699       -2.01621250047802
37
 energy: -61.557292422217 gnorm: 0.009854721555 xtb: 6.7.1-6.fc44.fc44
O           -4.18147609900963        2.69784011659762       -1.13197429727116
C           -3.49985307721012        2.01315518440278       -0.42606155441419
O           -2.37465893818394        2.43422942237824        0.11543462371402
H           -1.91788401530239        1.73554428385348        0.65528423119904
C           -3.91051013323900        0.57199493445277       -0.04617798647445
H           -4.85284413956128        0.34125334432112       -0.54129996976116
H           -4.05645729387675        0.55229767576402        1.04022365882547
N           -2.92729310025216       -0.43607677499491       -0.41163670158423
H           -3.18117949095452       -1.07864450504564       -1.14625002732939
C           -1.76940902408306       -0.60919268720822        0.24508409638124
O           -1.38510176100045        0.16787999621298        1.10964062806488
C           -0.99279604277501       -1.85642261848281       -0.12713075401017
H           -0.91466614970528       -1.97192600049305       -1.21150388758607
H           -1.53146748869289       -2.72857662097643        0.27003600658824
N            0.33416559052500       -1.78220122546133        0.42778497439573
H            0.46394678817902       -1.11862510884870        1.18271662743663
C            1.38231060756823       -2.43875666463200       -0.11796827203016
O            1.25401732172062       -3.21172213573160       -1.04626279989028
C            2.73847998859144       -2.12044659898342        0.51561289604944
N            3.66351762637588       -3.23458076710325        0.43841805327015
H            3.72145182434748       -3.54780941494929       -0.52778629895030
H            3.32047736656724       -4.01846875450150        0.98321695640099
H            2.60182162936404       -1.85130898373467        1.56796346290707
C            3.33922404612278       -0.91811028273297       -0.24070127081030
H            4.33688649233244       -0.74356317275903        0.15781104189580
H            3.42897774173104       -1.18400689625598       -1.29581340115592
C            2.48104567317776        0.30410177838618       -0.08041540219173
C            2.51189748181017        1.02415423695747        1.10567018251258
H            3.19354024139499        0.71913989102632        1.88695189871787
C            1.69435685829664        2.12842701514077        1.28288629665572
H            1.73298937583923        2.68774297303417        2.20783483494111
C            0.82556175562690        2.51604529433056        0.27419458438934
H            0.19065455757160        3.37641751108224        0.41518260929308
C            0.78241538983152        1.79831787156231       -0.90833484692521
H            0.10059995037313        2.09331767947116       -1.69191787929319
C            1.60582613425157        0.70062587449153       -1.08582868068082
H            1.57631679403941        0.14193008087541       -2.01234353528366
37
 energy: -61.557472518077 gnorm: 0.007398255038 xtb: 6.7.1-6.fc44.fc44
O           -4.16914407752615        2.68673739010129       -1.15883867957389
C           -3.49673114590713        2.01326503524292       -0.43022933328016
O           -2.37688836502518        2.44087505309887        0.12047625930130
H           -1.92735042766933        1.74589621741669        0.66919586384439
C           -3.90396912079768        0.57294999795685       -0.04600122574858
H           -4.85090307035345        0.34040697037381       -0.53113104890560
H           -4.03968241330305        0.55510489584990        1.04218742461189
N           -2.92448733447636       -0.43485189295468       -0.41666902821260
H           -3.16997360089876       -1.06473691769707       -1.16320562161614
C           -1.76880850259785       -0.60919412668627        0.24205879191252
O           -1.38568097840435        0.16857577622388        1.10647151328711
C           -0.99172245606880       -1.85809090332150       -0.12086389687953
H           -0.90250957316045       -1.98191532093248       -1.20684561911244
H           -1.54139050555610       -2.72612875720196        0.27168989884844
N            0.32989128026042       -1.79234884920053        0.44743550603530
H            0.45546514022145       -1.10851298897816        1.18359670459408
C            1.37897157400271       -2.43628204960610       -0.11047256136874
O            1.24930909771151       -3.20431724647082       -1.04339663151824
C            2.73860699672299       -2.12386563836928        0.51637003592618
N            3.66544059146534       -3.23454780494935        0.42229875407575
H            3.71270015291731       -3.54136181580461       -0.54622280092505
H            3.33456381197063       -4.02407170877542        0.96742815418489
H            2.61065401964311       -1.86359377358501        1.57289659175309
C            3.33521312963157       -0.91710958917708       -0.23647225227039
H            4.33462890053892       -0.74652908293655        0.15989361875709
H            3.42633459313086       -1.18376887773701       -1.29127594612962
C            2.47834081902643        0.30361294958757       -0.07624034915347
C            2.51343328389693        1.03036656073544        1.10811783786619
H            3.19711551750618        0.72300269477752        1.88576010746230
C            1.69500174532308        2.13352655351042        1.28046203447095
H            1.73393773990987        2.69223182213967        2.20332660126029
C            0.82252077595268        2.51375176780411        0.27657829897150
H            0.18314737821674        3.37143097331370        0.40709167518921
C            0.77674338588820        1.79278999797872       -0.90364793955681
H            0.09289614695714        2.09098456733489       -1.68606107132076
C            1.60060581358335        0.69502372656910       -1.07895273913882
H            1.56860415905883        0.13467034581488       -2.00426882964575
37
 energy: -61.557567120756 gnorm: 0.005752358234 xtb: 6.7.1-6.fc44.fc44
O           -4.16334923664810        2.67541873269527       -1.17079194168227
C           -3.48825785877196        2.01122292103780       -0.43957338575927
O           -2.37794978149371        2.44724460558266        0.12413629859143
H           -1.92423715299109        1.75166967116031        0.66758961220404
C           -3.89661147544891        0.57396524929398       -0.04369975343245
H           -4.84693221310369        0.34267303840543       -0.52264586261263
H           -4.02492830863859        0.55745006490490        1.04635076095301
N           -2.92105770026235       -0.43508233684865       -0.41839423170830
H           -3.16084988748915       -1.05901955114683       -1.17149927217268
C           -1.76670770487379       -0.60864008522987        0.24262280014322
O           -1.38277667230543        0.16784005975085        1.10724798986562
C           -0.99045455015921       -1.85818669283249       -0.11736512523832
H           -0.89716575284072       -1.98425034636370       -1.20395222712503
H           -1.54439603270453       -2.72618458665829        0.27086366690312
N            0.32795010078618       -1.79901320932911        0.45821682122498
H            0.45345341649042       -1.10283032528762        1.18184329728224
C            1.37683241797056       -2.43507507619024       -0.10871009540609
O            1.24647374532598       -3.19823890765573       -1.04586819636417
C            2.73878771867612       -2.12778819701745        0.51609978448546
N            3.66484989971135       -3.23787663733418        0.41232810419429
H            3.70452443498537       -3.54167390121417       -0.55741455580113
H            3.33671581360049       -4.02886083674942        0.95722461857432
H            2.61506657893718       -1.87611377406593        1.57587878908584
C            3.33242493396362       -0.91570856507352       -0.23321387061722
H            4.33316026890683       -0.74587047322563        0.16411607467482
H            3.42541280737480       -1.18139455564843       -1.28793625771830
C            2.47345835946842        0.30277542480138       -0.07124597092710
C            2.51064621647667        1.03500315822652        1.11156876294338
H            3.19756493954189        0.73339304080866        1.88892194915104
C            1.69003710707440        2.13540624243167        1.28188944121951
H            1.73324390508621        2.69667604514139        2.20318138161824
C            0.81789861186920        2.51473476572551        0.27530784621002
H            0.17445267745808        3.37104097009154        0.40040019843661
C            0.77197001957262        1.79011750182858       -0.90287425862952
H            0.08915663050580        2.08862474167361       -1.68629777159937
C            1.59568958630183        0.69153112321026       -1.07422689741293
H            1.56078861943879        0.12899665254732       -1.99753842555864
37
 energy: -61.557634617130 gnorm: 0.005000595966 xtb: 6.7.1-6.fc44.fc44
O           -4.15281134883878        2.67110318634005       -1.18181288340653
C           -3.48162677716025        2.01148614167229       -0.44137890029853
O           -2.37254535424612        2.44883700201452        0.12277072770247
H           -1.92086699942313        1.75545593675410        0.66913037450649
C           -3.89143635603461        0.57474588878843       -0.04290878203665
H           -4.84348365006272        0.34443613800214       -0.51918763731527
H           -4.01570585115673        0.55911409892203        1.04782338841670
N           -2.91785454977948       -0.43651874448233       -0.41771216474517
H           -3.15574318109179       -1.05948279700776       -1.17247636279668
C           -1.76413290804316       -0.60890004222862        0.24534526286548
O           -1.37876882796003        0.16739733083931        1.10967259412380
C           -0.98934897028041       -1.85872257111640       -0.11553278976733
H           -0.89585930177342       -1.98192256210681       -1.20172377724827
H           -1.54336823172598       -2.72828181434967        0.26937296952049
N            0.32779946228668       -1.80343127763282        0.46336523483846
H            0.45543601821419       -1.09992350143563        1.17916556595806
C            1.37639651838490       -2.43498840959050       -0.10934137547289
O            1.24516860324044       -3.19399635997064       -1.04971992192892
C            2.73953249246040       -2.13065439552293        0.51597216164729
N            3.66356903160129       -3.24188465663553        0.40684475001772
H            3.69653627288917       -3.54496432902534       -0.56423863340838
H            3.33336744057563       -4.03220995791194        0.95109157565057
H            2.61667366995401       -1.88481543211326        1.57712062539907
C            3.33200456755788       -0.91457326040086       -0.23003220356166
H            4.33278201923619       -0.74313789837817        0.16980861393883
H            3.42550028058286       -1.17676079203609       -1.28520014138972
C            2.46962772814228        0.30181341464297       -0.06888303004841
C            2.50727757421837        1.03808386577459        1.11161402080917
H            3.19514478580245        0.74343244516719        1.89134099092755
C            1.68472061603966        2.13627154163692        1.28084096100610
H            1.72893727582239        2.70111769332574        2.20066304975978
C            0.81204523793475        2.51434990256051        0.27602221897422
H            0.16644305547460        3.36982655488895        0.40043447492218
C            0.76736165942911        1.78893318226282       -0.90191131187366
H            0.08746498302224        2.08697711725711       -1.68745658870128
C            1.59085110417623        0.68994656360684       -1.07227565697660
H            1.55379639232244        0.12581674893522       -1.99406730201276
37
 energy: -61.557689821816 gnorm: 0.004035236140 xtb: 6.7.1-6.fc44.fc44
O           -4.13788757121578        2.66729485673947       -1.19421019507867
C           -3.47198396006824        2.01107170112681       -0.44546282883749
O           -2.36382524020179        2.44922659913998        0.11824424570340
H           -1.91391400615269        1.75834443034243        0.66822886853731
C           -3.88551780121653        0.57668277085077       -0.04105712063342
H           -4.83951797082283        0.34680092973219       -0.51386244961022
H           -4.00445348467345        0.56407633196734        1.05012325822647
N           -2.91386251586828       -0.43740746197881       -0.41477827485112
H           -3.15278469179215       -1.06008163004281       -1.16812516427024
C           -1.76034463317364       -0.60900860751971        0.24996368485410
O           -1.37324350328072        0.16732741936975        1.11344776033659
C           -0.98841173504301       -1.85958471836025       -0.11369637050050
H           -0.89516523808253       -1.97597281058367       -1.19919475778749
H           -1.54220399655233       -2.73104162742243        0.26703197291586
N            0.32794918708379       -1.80915974754314        0.46834655515918
H            0.45980704198368       -1.09571797620320        1.17376766261568
C            1.37622313007521       -2.43486279845624       -0.11185010756844
O            1.24337839193489       -3.18864473537143       -1.05594815082735
C            2.74007929989268       -2.13282432390067        0.51448305022083
N            3.66136946446934       -3.24616239165230        0.39886267237298
H            3.68925891302137       -3.54759514275000       -0.57177596299229
H            3.32788103056274       -4.03605283771314        0.94177622657596
H            2.61673513985514       -1.89304194329598        1.57632259904538
C            3.33174686107342       -0.91207867829141       -0.22619398961105
H            4.33101399250288       -0.73736704367172        0.17858964955903
H            3.42947939586820       -1.17226528934446       -1.28210121934012
C            2.46695531640838        0.30309047287843       -0.06512935308878
C            2.50298663970012        1.04233964353716        1.11258389339513
H            3.18891564729264        0.75429699881434        1.89687811988396
C            1.67767897470914        2.13807456536133        1.28117574999175
H            1.71722917036301        2.70373083106701        2.19966544699283
C            0.80394794672972        2.51299385594371        0.27541688325890
H            0.15590416724220        3.36741324830766        0.39933579241894
C            0.76118152381492        1.78538815662949       -0.90140529682088
H            0.08399214028815        2.07903639861260       -1.68974534244829
C            1.58597885924881        0.68648037138267       -1.06884468439565
H            1.54830859581514        0.11917613374464       -1.98832272540660
37
 energy: -61.557716103636 gnorm: 0.003382243843 xtb: 6.7.1-6.fc44.fc44
O           -4.12675103998217        2.66559602530775       -1.20419312482823
C           -3.46576670656123        2.01053218738460       -0.45003561379442
O           -2.35793026044016        2.44882161663705        0.11387665603036
H           -1.90944535365661        1.75945385611687        0.66729125509051
C           -3.88239969480857        0.57891522319602       -0.03950489675223
H           -4.83740880980228        0.34857712913043       -0.50976350059330
H           -3.99842545641293        0.57052332744450        1.05153016761897
N           -2.91209602010244       -0.43760989250739       -0.41108126893823
H           -3.15125347760245       -1.06023087625797       -1.16572265402358
C           -1.75873017784156       -0.60920320691436        0.25421677568655
O           -1.37172546740864        0.16752794382082        1.11709315546485
C           -0.98761736404075       -1.85994813485197       -0.11173417243654
H           -0.89313771030662       -1.97075669864118       -1.19721360936928
H           -1.54206110477902       -2.73206474362089        0.26538061482494
N            0.32823592178454       -1.81303717702676        0.47288285588961
H            0.46308527034190       -1.09216915799015        1.17040744416255
C            1.37653469813836       -2.43430546776669       -0.11268913571483
O            1.24231371517018       -3.18471690249936       -1.05909445918306
C            2.74075992494458       -2.13356194626159        0.51345637948305
N            3.66102488469682       -3.24773220335747        0.39170395501079
H            3.68284041993670       -3.54718498159706       -0.58015855897758
H            3.32780917987179       -4.03799557282628        0.93443377923732
H            2.61764269219734       -1.89713080950011        1.57560460119023
C            3.33237177936634       -0.91057410420044       -0.22286247125579
H            4.32936302839114       -0.73294996186421        0.18544098753025
H            3.43365832345514       -1.16798826611430       -1.27908277856334
C            2.46452419392871        0.30290499034719       -0.06281911978532
C            2.49893519258169        1.04312055478663        1.11336104419280
H            3.18476490802067        0.75861689245063        1.89931617457955
C            1.67218848195401        2.13803780560378        1.28171717773740
H            1.71095288961710        2.70574818143246        2.20007637948432
C            0.79879428262899        2.51092608133800        0.27486615981188
H            0.15040062412173        3.36456026554851        0.39843017515984
C            0.75668567630417        1.78144894224081       -0.90097503635759
H            0.07924807465271        2.07145910050683       -1.69013259638107
C            1.58194914723030        0.68284772527986       -1.06662655209386
H            1.54554981620207        0.11351820667192       -1.98485609114191
37
 energy: -61.557734350367 gnorm: 0.002478743985 xtb: 6.7.1-6.fc44.fc44
O           -4.11691724208309        2.66400573197190       -1.21360654364704
C           -3.46038251750013        2.01000430763114       -0.45545590420752
O           -2.35270114198720        2.44871931148103        0.10904097191074
H           -1.90572062774643        1.76107778916140        0.66639917391821
C           -3.88016916705014        0.58178568794054       -0.03774996955355
H           -4.83598236995391        0.35030821827281       -0.50556690483512
H           -3.99456330429300        0.57917171712006        1.05306103667394
N           -2.91171869738536       -0.43753216658655       -0.40660348226634
H           -3.15352402189751       -1.06144795538370       -1.15826287311510
C           -1.75774269829596       -0.60929471017957        0.25764935643332
O           -1.36988710654868        0.16883747902980        1.11878088065321
C           -0.98687518270031       -1.85998359204108       -0.11010605075917
H           -0.89119902577426       -1.96597368643840       -1.19616754644802
H           -1.54210247342584       -2.73246601789965        0.26377163546244
N            0.32862879345710       -1.81555318712948        0.47606442414082
H            0.46635118595726       -1.08894592629214        1.16684650426767
C            1.37699310144428       -2.43316259713242       -0.11385026057178
O            1.24183294568522       -3.18131168742343       -1.06178796387232
C            2.74137382958667       -2.13384678064327        0.51187378722135
N            3.66118316007313       -3.24828052949060        0.38487278018131
H            3.67908301842406       -3.54535112557391       -0.58747031912564
H            3.32952273212700       -4.03919432400196        0.92782616534937
H            2.61862605379013       -1.90009485259927        1.57445710873366
C            3.33387352614880       -0.90958445875326       -0.21969895011489
H            4.32805779628905       -0.72941518199549        0.19252855574535
H            3.44019527456647       -1.16447375429195       -1.27590420225313
C            2.46297845425853        0.30198688127885       -0.06080787031365
C            2.49538058607726        1.04266762059652        1.11439982953567
H            3.18045451851317        0.76000309625938        1.90160967280509
C            1.66738749546471        2.13747987920963        1.28227179845820
H            1.70325700406863        2.70492819296576        2.20040701720905
C            0.79396841756981        2.50836689266107        0.27423716051634
H            0.14551565728915        3.36134787971392        0.39762755738126
C            0.75242392383812        1.77698725963635       -0.90050107701280
H            0.07327758331386        2.06392409033328       -1.68964456513132
C            1.57950490515771        0.67964161064328       -1.06522251776879
H            1.54450009533318        0.10864483939589       -1.98277831760526
37
 energy: -61.557742916395 gnorm: 0.001613186881 xtb: 6.7.1-6.fc44.fc44
O           -4.11095642506431        2.66275916105030       -1.22037468140439
C           -3.45759180904959        2.00969015110386       -0.45889732922883
O           -2.35015539644176        2.44882248924937        0.10682891839718
H           -1.90434832620763        1.76214324315533        0.66642871281225
C           -3.87972928052004        0.58385333751100       -0.03652320330588
H           -4.83588179496905        0.35202620366571       -0.50324139337942
H           -3.99420946156844        0.58535169921723        1.05418545635589
N           -2.91259005630858       -0.43723103258006       -0.40319109507333
H           -3.15531671031856       -1.06307966369430       -1.15388945796454
C           -1.75761602391032       -0.60886971669504        0.25928685559194
O           -1.36921722501636        0.16975211491706        1.11946134359819
C           -0.98639442627042       -1.85922541560453       -0.10913465910473
H           -0.88985430774756       -1.96337363068193       -1.19580391945593
H           -1.54231618488168       -2.73191704156523        0.26281618835816
N            0.32886865410130       -1.81597417766054        0.47767893833238
H            0.46812406007476       -1.08698106270039        1.16520705231751
C            1.37709241428781       -2.43219550694656       -0.11419708023741
O            1.24149372529186       -3.17963512341179       -1.06267094877333
C            2.74187038868004       -2.13392072080525        0.51056742805396
N            3.66178559243204       -3.24803679892922        0.38082193081293
H            3.67754840407675       -3.54385522338127       -0.59178912466672
H            3.33232924643329       -4.03947398295853        0.92439779475656
H            2.61996268122064       -1.90185186512621        1.57379831155476
C            3.33489773044160       -0.90888336761227       -0.21835603886999
H            4.32732171334017       -0.72776124111532        0.19655895425130
H            3.44526027269686       -1.16313828428243       -1.27434185690451
C            2.46256223553914        0.30158990208985       -0.06032825721034
C            2.49338773685209        1.04195223427569        1.11506958936729
H            3.17857779817191        0.75959259428085        1.90224459017395
C            1.66426195151598        2.13668294983130        1.28270332548016
H            1.70038755617192        2.70420275667837        2.20105374453301
C            0.79093100829854        2.50586792303344        0.27414334698450
H            0.14212960956340        3.35852446572164        0.39738563340452
C            0.74977142232096        1.77337769984807       -0.89994132930795
H            0.06889994103227        2.05918907598894       -1.68840636607015
C            1.57868768776011        0.67755439233017       -1.06466573953850
H            1.54491007976234        0.10644741324916       -1.98234553664493
37
 energy: -61.557748708344 gnorm: 0.001533517118 xtb: 6.7.1-6.fc44.fc44
O           -4.10552036912730        2.66068483108709       -1.22804492429438
C           -3.45505248152529        2.01003487579766       -0.46258358973981
O           -2.34836338927204        2.45029572713807        0.10487692956284
H           -1.90327626066884        1.76450953854217        0.66587009133883
C           -3.87948041269032        0.58645879848149       -0.03517839883325
H           -4.83596008949447        0.35465776872061       -0.50127337201808
H           -3.99493013407292        0.59190668935581        1.05554217717935
N           -2.91447443906770       -0.43736279101224       -0.39880268786428
H           -3.16016186132409       -1.06710760778041       -1.14472895319644
C           -1.75737987707753       -0.60814330411738        0.26012645113579
O           -1.36650566511795        0.17212810907245        1.11799677400570
C           -0.98576346961982       -1.85797822379311       -0.10880381854125
H           -0.88890978026142       -1.96177672052033       -1.19601966191597
H           -1.54164843345042       -2.73125937615032        0.26191123806037
N            0.32937183533543       -1.81494960330677        0.47798321054537
H            0.47017137072383       -1.08480262866333        1.16349716330092
C            1.37732452220782       -2.43114728269379       -0.11444363967738
O            1.24139359762428       -3.17880358000601       -1.06284982069181
C            2.74285581264489       -2.13435082950300        0.50921558886951
N            3.66274819097111       -3.24798920138786        0.37700309931952
H            3.67590938285725       -3.54334303299111       -0.59621119130398
H            3.33611163661375       -4.03969956961265        0.92168071561724
H            2.62228357041957       -1.90444356808577        1.57345306123124
C            3.33663350476596       -0.90819970512197       -0.21718962562371
H            4.32741777568314       -0.72668887172562        0.20092084791916
H            3.45052859997792       -1.16098796000581       -1.27286659210251
C            2.46245110854686        0.30087905459689       -0.06032620904142
C            2.49156001630389        1.04073381199963        1.11582887728076
H            3.17674956225727        0.75820741529340        1.90287294090526
C            1.66099054652383        2.13513290774537        1.28300027537010
H            1.69699872623967        2.70207219460670        2.20129331477494
C            0.78723155694768        2.50297374845629        0.27440221466190
H            0.13777891510288        3.35539481965500        0.39803769799338
C            0.74705414452901        1.76966500216390       -0.89922926160747
H            0.06437539575522        2.05519802675296       -1.68663482302786
C            1.57840870410078        0.67614612272824       -1.06473505138727
H            1.54596266842947        0.10593036573026       -1.98305095020979
37
 energy: -61.557751581248 gnorm: 0.001053055439 xtb: 6.7.1-6.fc44.fc44
O           -4.10393083908266        2.65902477989524       -1.23098477957131
C           -3.45434861207085        2.01016177239832       -0.46291495637746
O           -2.34844471911148        2.45112562705186        0.10522660074671
H           -1.90327869287967        1.76541282025630        0.66598776582188
C           -3.87983929627508        0.58703468395253       -0.03423482359386
H           -4.83631707950049        0.35583497313637       -0.50080674652009
H           -3.99582182944403        0.59297995195075        1.05658720597077
N           -2.91527487756718       -0.43752249207134       -0.39738800484244
H           -3.16178158547834       -1.06919384558331       -1.14218474339981
C           -1.75699308017587       -0.60713256366911        0.25968868899180
O           -1.36501598651109        0.17322043141887        1.11688442850335
C           -0.98567326675396       -1.85703086010940       -0.10920311859873
H           -0.88920313156210       -1.96170596481583       -1.19625314201695
H           -1.54090337569491       -2.73081731732631        0.26180401460754
N            0.32967171700488       -1.81370005998217        0.47704154331020
H            0.47088277234760       -1.08391722131074        1.16301572325131
C            1.37729342165363       -2.43110805315620       -0.11473465893220
O            1.24114671432655       -3.17948894989156       -1.06261636189956
C            2.74313656851055       -2.13477637922590        0.50877953140122
N            3.66271008838141       -3.24837231856169        0.37627848775932
H            3.67687647279292       -3.54418375554639       -0.59608422368941
H            3.33660356592183       -4.04010637769624        0.92111178769389
H            2.62286542484363       -1.90558410245034        1.57320667308247
C            3.33705903811538       -0.90794115193390       -0.21733089611408
H            4.32775170443878       -0.72684378591111        0.20177396912690
H            3.45146481572358       -1.16100201684225       -1.27302476201823
C            2.46262972626492        0.30098422040631       -0.06018667440933
C            2.49114924726591        1.04076649475186        1.11622231956328
H            3.17634357579523        0.75834860503933        1.90326693570981
C            1.66005217864872        2.13460082302256        1.28294301747719
H            1.69607575570054        2.70185913755901        2.20106905616484
C            0.78591619562402        2.50205915670469        0.27475645771126
H            0.13599488931647        3.35431076108746        0.39896462525559
C            0.74654731809081        1.76906944955148       -0.89910555078494
H            0.06394031688230        2.05471149091800       -1.68644162368695
C            1.57891748479365        0.67638971269665       -1.06502063449277
H            1.54668186145583        0.10650827573274       -1.98355303320569
37
 energy: -61.557753303361 gnorm: 0.000832761800 xtb: 6.7.1-6.fc44.fc44
O           -4.10274520399596        2.65694490814082       -1.23395387638806
C           -3.45388808566038        2.01023366261289       -0.46343899677919
O           -2.34905179380492        2.45233493901342        0.10514559981809
H           -1.90320021134606        1.76671808957162        0.66547144613178
C           -3.88000039631930        0.58740977319861       -0.03346716905750
H           -4.83663928622708        0.35666463070876       -0.50010219272163
H           -3.99581452909401        0.59364646264674        1.05745425353997
N           -2.91601658000508       -0.43804433164085       -0.39590064778277
H           -3.16429929463430       -1.07139198647784       -1.13833689712577
C           -1.75646784359044       -0.60623715031345        0.25932281457434
O           -1.36302645745814        0.17532761780867        1.11495804819848
C           -0.98537889397252       -1.85615888644894       -0.10972342294857
H           -0.88948602961759       -1.96130224708241       -1.19650510850965
H           -1.53983786821213       -2.73035744612263        0.26181968785306
N            0.33024317958549       -1.81247788744354        0.47608890762376
H            0.47168716295680       -1.08300419368162        1.16272136457377
C            1.37742116035125       -2.43144423140161       -0.11474679245792
O            1.24080864230771       -3.18044259870724       -1.06202938628036
C            2.74354911250495       -2.13524647809174        0.50872875964282
N            3.66304074879658       -3.24867667648171        0.37510245535826
H            3.67518947597654       -3.54506870309232       -0.59794760718458
H            3.33762968894843       -4.04054615995019        0.92012457742263
H            2.62356230500154       -1.90679326042896        1.57317676074031
C            3.33723010294936       -0.90745829996451       -0.21712100657643
H            4.32796211930980       -0.72686539294781        0.20263778264654
H            3.45123886925944       -1.16022975516922       -1.27291563979979
C            2.46300699271784        0.30152552697287       -0.05980646844732
C            2.49095050012277        1.04101312400760        1.11681405834674
H            3.17604556808128        0.75850068624818        1.90391429709875
C            1.65925298201536        2.13404520994955        1.28320715240768
H            1.69472808305748        2.70154153316061        2.20139891125850
C            0.78495068037802        2.50130341452076        0.27488863941082
H            0.13453938449991        3.35327247456225        0.39959439032394
C            0.74634375244224        1.76854528612442       -0.89918574980762
H            0.06423366476521        2.05373401922290       -1.68687524379153
C            1.57929081500347        0.67636012031539       -1.06471621915211
H            1.54783196469780        0.10660015810706       -1.98325738416392
