37
 energy: -60.834843661522 gnorm: 1.711357961634 xtb: 6.7.1-6.fc44.fc44
O           -2.04648153348516        2.86631596142121        0.94866276959594
C           -1.91648963223832        1.88013085996715        0.79207265851939
O           -1.17800490460293        1.03721264448539        1.86118382503179
H           -0.94073475094972        0.08215759803891        1.38295345057265
C           -2.29107403055112        1.18439337986522       -0.35532753748539
H           -2.24436952586646        2.04517307994247       -1.36487545206709
H           -3.37617390602044        0.65292526883519       -0.30391938181683
N           -1.60216753293230       -0.21689879081635       -0.83533539672777
H           -0.67729019433851        0.11696748603839       -0.95112614087828
C           -2.06590501099574       -1.09914573703496       -0.66711783722232
O           -3.46717498320950       -1.56571867157794       -0.37407572538909
C           -1.15229710165420       -2.44194701155101       -1.32535111352623
H           -1.16113869560703       -2.45710802750638       -2.51454648575255
H           -1.49416912361626       -3.19793482621643       -0.98559976502392
N            0.17786022689743       -2.09424829330545       -0.95837910398988
H            1.00082320462360       -2.73849823001649       -1.34044143020415
C            0.57837419923564       -1.86496153206486        0.28203893512501
O           -0.22927175069229       -1.32041322915671        1.07545000831749
C            2.03049662245281       -1.81004903200970        0.65490985880647
N            2.91086805107286       -2.60785097162264       -0.47892037070893
H            3.51561264323533       -3.07184476920670        0.07013785829960
H            3.17988357431973       -2.11441635381842       -1.14373711889882
H            2.10933360922621       -2.63473755221154        1.39579287248506
C            2.64507285430563       -0.45622276499482        1.04694403310449
H            2.47809986814272       -0.41094948140922        2.01706311708415
H            3.80891533207696       -0.36098549362382        0.86594074113082
C            2.05691750339132        0.76399530847702        0.28399668945025
C            1.95219806366575        0.45965259762747       -0.94370855564528
H            2.17398597263312       -0.41895391523439       -1.72366341609556
C            1.32771209436749        1.56401836588086       -1.80885663429165
H            1.05846053577957        1.48309929965390       -2.77152269980545
C            0.73413996732565        2.53547751172793       -1.00303759348014
H            0.24253347455866        3.58136759563290       -1.41319874438804
C            0.90574041571815        2.72963301258973        0.19258154158865
H            0.82838665740679        3.74496481585470        1.01518841102294
C            1.75241437554487        1.79811260931697        0.89112640561435
H            1.75129125412458        1.82522704871314        2.00996119114946
37
 energy: -61.328229156895 gnorm: 0.523161110155 xtb: 6.7.1-6.fc44.fc44
O           -2.05674777412849        2.95706612957248        0.97790701970164
C           -1.89586784176545        1.82019624904106        0.79500025136982
O           -1.18314022662726        1.02583122373488        1.83511070022218
H           -0.94353605883705        0.09531575492323        1.39863924442176
C           -2.30767329244341        1.16703990447061       -0.39285052942811
H           -2.24693904379499        2.02130280119166       -1.34144571733710
H           -3.36758115212448        0.66470388671963       -0.30424864919069
N           -1.57210087688355       -0.12886838092498       -0.83819119916165
H           -0.64998307200522        0.13601224506677       -0.96018005926346
C           -2.14111029633476       -1.21436404222650       -0.67235757765673
O           -3.43418379049742       -1.55533793103799       -0.37909473977373
C           -1.14282130761454       -2.40523448877806       -1.34503677765739
H           -1.16451633245531       -2.45069466652248       -2.50004441603889
H           -1.51673819191175       -3.24445208885850       -0.96598195455059
N            0.19913046275018       -2.10906101983398       -0.96440635596581
H            0.99243295428018       -2.73283475568619       -1.34306726778383
C            0.57818292350028       -1.84167934929352        0.28714575693011
O           -0.22650927928031       -1.32616005197664        1.07960623908123
C            2.04590156749503       -1.82826359544763        0.63940457652390
N            2.87845499417625       -2.61543473472772       -0.45220826954471
H            3.52982687645424       -3.08647392922784        0.08274732859503
H            3.18906745985117       -2.08507153719222       -1.17664657832315
H            2.10940454895227       -2.62567297923181        1.40213895908428
C            2.65863245978364       -0.46727667450540        1.03371142865633
H            2.47576113767915       -0.40573687785850        2.04375686039324
H            3.79562085714377       -0.36987421127838        0.86727656492961
C            2.06876074739442        0.72560794223564        0.28481028728075
C            1.93933048542145        0.46610700835353       -1.00762551167891
H            2.17478750690475       -0.40867940381372       -1.70991863277087
C            1.31774165809418        1.55374407731587       -1.78865340652325
H            1.06020459023258        1.47951128833430       -2.78807243959238
C            0.73215703569966        2.56557542774363       -1.03037799702134
H            0.24360841076144        3.56193672411389       -1.42454666723308
C            0.92776143790752        2.75488716209542        0.25015915969146
H            0.81925640468833        3.72794438196007        0.99380659201623
C            1.73416225261222        1.81577945993474        0.92534372947516
H            1.75563958826618        1.83054881230539        2.01165391162407
37
 energy: -61.496568721999 gnorm: 0.211102031510 xtb: 6.7.1-6.fc44.fc44
O           -2.05307964836149        2.95773117481785        0.99678256109989
C           -1.87231922884661        1.79610411865206        0.80873045513474
O           -1.20560833324505        1.03233100910990        1.77932759085600
H           -0.95391347981187        0.11746879678905        1.42014759783733
C           -2.32001427888442        1.14249980334302       -0.42705968062989
H           -2.26098167285994        1.95884550384250       -1.28746354593597
H           -3.35501107684224        0.70161598810693       -0.30894123420627
N           -1.59710101348279       -0.09215870965650       -0.82694091839939
H           -0.63621901299097        0.12713182879529       -0.97081975420803
C           -2.18223880793674       -1.24455807595449       -0.72038283855568
O           -3.30492703759533       -1.52699171230173       -0.40662939470072
C           -1.15657993180998       -2.37574172559556       -1.33945731637175
H           -1.17818787415251       -2.43042714440537       -2.46010608333378
H           -1.53220706568494       -3.27601702200362       -0.95258395595385
N            0.21611825997808       -2.13154965687391       -0.96438022582193
H            0.97314900117226       -2.72405565968437       -1.35340732028923
C            0.58448109987995       -1.80016894544918        0.28752591301951
O           -0.21993612158974       -1.33279712729319        1.09117422621005
C            2.07327764067563       -1.85680744925585        0.61450812995822
N            2.84565075646001       -2.61261232839719       -0.43478901415360
H            3.54772382235696       -3.09835915648512        0.07932176220362
H            3.18948003348442       -2.06424878496823       -1.18407305587755
H            2.10879386883808       -2.60547979550715        1.42205473189341
C            2.67051110981332       -0.48525683450897        1.02647753249190
H            2.47512924688925       -0.39762645284684        2.07067981577040
H            3.77279458142240       -0.39745832705034        0.87046218050284
C            2.06974402032615        0.68101064264941        0.28029464278230
C            1.91504429696005        0.49246251852513       -1.06831974563993
H            2.17616514090474       -0.38038806249050       -1.68442633818343
C            1.28225312943930        1.54801387621342       -1.75969188551781
H            1.06419497083700        1.48140602876172       -2.80152021863308
C            0.74782207563344        2.62223166242147       -1.03699784423521
H            0.24667299791535        3.52279176365453       -1.44914876731476
C            0.97243895481237        2.79067909078540        0.29826367348580
H            0.79581206597664        3.68927451895440        0.94297773981791
C            1.70567205425179        1.80533327660397        0.95210684976548
H            1.77177327941230        1.83371112939278        2.01956759863356
37
 energy: -61.544605746553 gnorm: 0.071932286016 xtb: 6.7.1-6.fc44.fc44
O           -2.05164031116429        2.95440488228437        1.01721031953192
C           -1.85412790844474        1.78258121237053        0.82865035411674
O           -1.22489441428180        1.04580515693324        1.72850593680528
H           -0.97415075327641        0.13492645477233        1.43459298733344
C           -2.32042644730332        1.12082129128129       -0.44365052862052
H           -2.28810655483095        1.87326387649323       -1.23057250975111
H           -3.35519741934375        0.76752140922370       -0.31431918237264
N           -1.57657057174195       -0.05849874037105       -0.83465959692505
H           -0.60153455892099        0.12487709776484       -1.00367810025119
C           -2.15920409955363       -1.26206807400817       -0.78806678590908
O           -3.27080416133707       -1.51551204394008       -0.40718335013281
C           -1.16045846537354       -2.36938830320990       -1.32900744280683
H           -1.20213163375267       -2.40053889079208       -2.42270514311519
H           -1.53425128998703       -3.30920664885338       -0.94321582082631
N            0.22876271319590       -2.15254856123031       -0.95470451103493
H            0.95450040759005       -2.72034980849285       -1.37532133886200
C            0.59329780729691       -1.76959124081297        0.28949489209157
O           -0.20465961520266       -1.33324467842422        1.10542112392107
C            2.09471196672735       -1.88497766842749        0.60147901396998
N            2.82449160068804       -2.61213213751616       -0.42456772471980
H            3.56943835215990       -3.10908595250468        0.05147420035988
H            3.18572643805457       -2.04334853347161       -1.17674996156186
H            2.10580936000324       -2.57781687819343        1.45972159034086
C            2.67356019965671       -0.50637761361429        1.02795434312375
H            2.47530192499814       -0.39144385105933        2.09055364071853
H            3.75552756029709       -0.45073871922542        0.87587853615639
C            2.05931792407980        0.64215665687038        0.28169365368410
C            1.88167399677724        0.52450821962525       -1.09768958263677
H            2.18057009845225       -0.34505432401459       -1.66121816685109
C            1.24122782776645        1.55901944004841       -1.74433082721806
H            1.05791711312481        1.49709522752172       -2.81041637895243
C            0.76968280915388        2.67170863659473       -1.03867285032026
H            0.24763633604741        3.49105040972970       -1.49124593382053
C            1.01786101354501        2.81218540733290        0.32111497865350
H            0.75978067958832        3.67016505870870        0.89271734082704
C            1.67816383826606        1.77857365265456        0.97096348156896
H            1.79957606039056        1.82919833864285        2.03781320698649
37
 energy: -61.553182920965 gnorm: 0.050602090064 xtb: 6.7.1-6.fc44.fc44
O           -2.06065627353914        2.96015295280051        1.02603557590773
C           -1.84802490248633        1.78821488312186        0.83671191890271
O           -1.21664046521965        1.05484756473951        1.72127282925914
H           -1.00067150430363        0.12630011075788        1.46161765212638
C           -2.32099728609309        1.11649469441951       -0.44867166730815
H           -2.31175533719334        1.87446395474383       -1.23756158700841
H           -3.35676885926259        0.79030309221358       -0.29586548295959
N           -1.54420439308636       -0.04254128744066       -0.84125761114627
H           -0.57359518958770        0.13805221418229       -1.04081343993692
C           -2.10088268780614       -1.26928743362022       -0.79788505477500
O           -3.21962129644339       -1.52803710068381       -0.46078607594731
C           -1.16451486504523       -2.37382367356149       -1.31107453770820
H           -1.22697154275911       -2.37692376945125       -2.40079838810403
H           -1.53866027275992       -3.32815990477451       -0.93010420638369
N            0.22680783283980       -2.16638378352045       -0.93388273723481
H            0.93870508508044       -2.71924533920142       -1.40440600950612
C            0.59753608759490       -1.77392372441699        0.30411228346269
O           -0.18517384407451       -1.33443576111483        1.12819850469885
C            2.09768088313049       -1.90920812712549        0.61639667227757
N            2.81526705260021       -2.61917369518283       -0.42997038997264
H            3.58846807428937       -3.12687652438951        0.00157678443506
H            3.17076660803078       -2.01876160001869       -1.16600992179610
H            2.10638068023037       -2.56515146882086        1.50275763823918
C            2.66683133515094       -0.52706561859831        1.03618558616228
H            2.47620015760964       -0.39345313412821        2.10350664226568
H            3.75081417978687       -0.52607136527845        0.88189791816266
C            2.05109833398331        0.62337049718148        0.28757049704046
C            1.86093405527387        0.54165211948231       -1.09718277845491
H            2.18829453734761       -0.32121773088284       -1.65253557360383
C            1.22029898295020        1.57747891290767       -1.74922954138297
H            1.03955353599392        1.51781297052182       -2.81676367949927
C            0.79180864856741        2.69590512958539       -1.04366030982766
H            0.23635234377252        3.48124338291597       -1.54357618074815
C            1.04853862066778        2.81714076152384        0.31729317506146
H            0.68320721188167        3.69775507331777        0.87361726312761
C            1.66742385492917        1.76189284623337        0.97903531770346
H            1.82254844129362        1.82459964225297        2.04751277797231
37
 energy: -61.555556590741 gnorm: 0.038107367551 xtb: 6.7.1-6.fc44.fc44
O           -2.06880866016047        2.96395175569635        1.03589484929635
C           -1.84009138622790        1.79503400072911        0.84260613552205
O           -1.21090929227469        1.05581409508306        1.72638037292888
H           -1.02193393344693        0.12006366058819        1.47887921704176
C           -2.31615802427682        1.11647213608123       -0.45185849738160
H           -2.32656144882891        1.87136792566941       -1.24648144009576
H           -3.34223413657022        0.78370797333678       -0.28133175454280
N           -1.54038315084647       -0.03070625954542       -0.86055856578658
H           -0.57031623433166        0.13809082658873       -1.09889243103521
C           -2.08253316889554       -1.26991739736608       -0.81875896621222
O           -3.22448327917997       -1.49124214772960       -0.46411939661528
C           -1.15154274289892       -2.37548260849009       -1.30014465048987
H           -1.21332957217259       -2.37503780104972       -2.38957808304751
H           -1.53424871545608       -3.33521190283522       -0.92331736046347
N            0.23813437713337       -2.18543097988236       -0.91338008775465
H            0.93925764535881       -2.72408059911910       -1.41728861036053
C            0.60334708511717       -1.79220356091896        0.32217928071394
O           -0.17146090094983       -1.34139523353436        1.14595528587093
C            2.09816752682347       -1.92713871316529        0.63491940860125
N            2.80719852447794       -2.62417317480336       -0.42795062213104
H            3.59940457205028       -3.13647361777881       -0.03333188266259
H            3.15898308182645       -1.98987435346144       -1.14209038761815
H            2.12372550227788       -2.56369350392387        1.52805497416242
C            2.65921234791942       -0.53745883611869        1.03772484095626
H            2.47857698085182       -0.38808472903008        2.10715296691274
H            3.74392925484051       -0.56741464324652        0.88238908904303
C            2.04156235739583        0.61722005833031        0.28735864684353
C            1.83861825567096        0.56083147446430       -1.09655255292831
H            2.18407922291095       -0.29461503862326       -1.65273601377431
C            1.18850407909750        1.59637080314308       -1.74959302736261
H            1.01976533719421        1.54082116953092       -2.81962367855696
C            0.77447764316908        2.71010260959741       -1.04342393794822
H            0.26391881213608        3.49924789601928       -1.56739053450395
C            1.02421703382391        2.80201066948952        0.32028568177747
H            0.74291911076096        3.67386305886383        0.84595740199522
C            1.64324248259145        1.75377396673615        0.97959819613355
H            1.82013123643382        1.81883078136526        2.04632999697321
37
 energy: -61.556968024135 gnorm: 0.016012552546 xtb: 6.7.1-6.fc44.fc44
O           -2.06923988459470        2.96762576207760        1.04218540694660
C           -1.84022724674389        1.80111726045865        0.84729834381277
O           -1.21222590728025        1.05570319867419        1.73479911790910
H           -1.02908614029691        0.12439432832532        1.47683412038351
C           -2.31566089427952        1.12318879293718       -0.44722863303216
H           -2.33308273416283        1.87555089719523       -1.23710212388616
H           -3.33787553864044        0.77645156960963       -0.27263907743194
N           -1.54691267212445       -0.02256148100189       -0.85926349827417
H           -0.57974490834959        0.14561444344347       -1.10737768029616
C           -2.08078018797972       -1.26450514170114       -0.81266397787798
O           -3.22367456808409       -1.48825338730891       -0.48727605335262
C           -1.14314746768747       -2.37453095345414       -1.30089591163205
H           -1.18726434285614       -2.38947941356071       -2.39271662146578
H           -1.53522732209400       -3.32923778475708       -0.92473536722191
N            0.24262655794047       -2.19531541437912       -0.90430325684309
H            0.94279422559719       -2.72783832309322       -1.40772916976032
C            0.60138183264986       -1.80593651150395        0.33185819049319
O           -0.17462912667629       -1.34675633548460        1.15161209873929
C            2.09376945629400       -1.93452006891841        0.64248858050950
N            2.80258323100137       -2.62642783769760       -0.42562546587149
H            3.59425295261920       -3.13581162889728       -0.04002714484605
H            3.15569102031695       -1.97723150106052       -1.12546539599982
H            2.13671787068762       -2.57437572167202        1.52771155035256
C            2.65873105412589       -0.54285998325312        1.03321935576693
H            2.48486390154904       -0.38760764490452        2.10115191652496
H            3.74122259687842       -0.56169090336884        0.87404715789940
C            2.03825051738021        0.61111293533341        0.28337390313601
C            1.83201373125468        0.55781852521535       -1.09591419476335
H            2.17136455054439       -0.29377911090751       -1.66121580351886
C            1.19441102801261        1.59654001728030       -1.75410419930787
H            1.02579633241352        1.53845074581795       -2.82175470286162
C            0.78522593777421        2.71631662436060       -1.05099371848024
H            0.28829530281719        3.51617138065980       -1.56914402435247
C            1.03064604291625        2.80150222908775        0.31118165394096
H            0.71283122579840        3.67622515561973        0.85369957817179
C            1.64281727771194        1.75030224203233        0.97303723326392
H            1.80887011891171        1.81257279948685        2.03694167672686
37
 energy: -61.557431750762 gnorm: 0.011887535646 xtb: 6.7.1-6.fc44.fc44
O           -2.07239660743687        2.97024606288613        1.04159136685917
C           -1.84720639088744        1.80546805615647        0.84892199633375
O           -1.21854665616494        1.06018926084343        1.73905926223486
H           -1.03993557943811        0.12813224942591        1.47727681569195
C           -2.31911733661977        1.12698682123613       -0.44473689463582
H           -2.34676207318695        1.89400900388318       -1.22634511890493
H           -3.34400313098163        0.77594806417394       -0.26622693154561
N           -1.54774827549217       -0.01715289274083       -0.86252469517413
H           -0.58526926082309        0.15112908442798       -1.12125404187422
C           -2.07053833002355       -1.26339426997333       -0.81402920136997
O           -3.20987694423347       -1.50056873702392       -0.49819965316453
C           -1.13480640995919       -2.37739673632205       -1.29776475040191
H           -1.17472415546451       -2.39376310267492       -2.39131582219555
H           -1.53913783424389       -3.32523853480574       -0.92219182766514
N            0.24582835067448       -2.20665734060817       -0.89151158819515
H            0.95156546496205       -2.72801268905687       -1.39631566136631
C            0.60128933955141       -1.81525173973781        0.34323406166882
O           -0.17908886835553       -1.35336805374556        1.15954641025288
C            2.09320625370180       -1.94133254582072        0.65054607398700
N            2.79884207496020       -2.62913117073443       -0.42720024210471
H            3.59295337901080       -3.13573771667315       -0.05421048158734
H            3.15034849936111       -1.96802722400508       -1.11438749231640
H            2.14799144320363       -2.57999936951284        1.53813822752871
C            2.65798273120826       -0.54676462827236        1.02910277196091
H            2.49033597148460       -0.38517220198630        2.09506868318574
H            3.73946101464195       -0.55507355018714        0.86270936778622
C            2.03135861894504        0.60225760353857        0.27818668526097
C            1.82516804660572        0.55358469055925       -1.09709923224169
H            2.15293436299970       -0.29880417371137       -1.67212871780019
C            1.20505385210878        1.60196372246703       -1.75794943924938
H            1.03954854787638        1.54260111715728       -2.82435635353565
C            0.79870109493832        2.72660841019039       -1.05703645227857
H            0.29948201050069        3.53641287280792       -1.56863749773966
C            1.03374676036904        2.80039366529781        0.30503640721741
H            0.71797990908779        3.66771608998388        0.86288024767781
C            1.63721081890446        1.74283308747337        0.96677462521413
H            1.79454713155977        1.80230657577470        2.03061295598781
37
 energy: -61.557623214803 gnorm: 0.007877327602 xtb: 6.7.1-6.fc44.fc44
O           -2.07722484912976        2.97164438774089        1.04150851814152
C           -1.85369972278987        1.80779188817469        0.85077497754290
O           -1.23047700748200        1.06238395450761        1.74332323691717
H           -1.04920089298378        0.13181340355799        1.47983164091759
C           -2.32356867051176        1.12839625651880       -0.44262409999733
H           -2.34506480503239        1.88765415943455       -1.22835363233763
H           -3.34543646738868        0.76996062832203       -0.26493424869062
N           -1.55103670099734       -0.01240107343752       -0.86352160901289
H           -0.59054564415501        0.15072290701078       -1.13378099521415
C           -2.06696082230622       -1.26192897725883       -0.81678999592960
O           -3.20864394280012       -1.49793258157884       -0.49239175209642
C           -1.12883387283502       -2.37556524039429       -1.29468274846166
H           -1.16139386537592       -2.39262949957969       -2.38831364478606
H           -1.54583328317975       -3.31829309434218       -0.92116040881304
N            0.24831076446776       -2.21626106905163       -0.87888124134882
H            0.96011225861915       -2.72746542971619       -1.38677117661254
C            0.60204138272729       -1.82115057758147        0.35399865630730
O           -0.18125249703931       -1.35874333660628        1.16756846704982
C            2.09522010316105       -1.94680830530812        0.65661140523765
N            2.79496038301406       -2.62944333619986       -0.42917948213680
H            3.59391181711860       -3.13718584267824       -0.07084189815137
H            3.14484962341526       -1.95884381748268       -1.10634020691234
H            2.15899430475690       -2.58423641570869        1.54571502872403
C            2.65792722877837       -0.54984405233333        1.02585005707385
H            2.49517364398253       -0.38190594036864        2.09075713569501
H            3.73927325694758       -0.55616378379287        0.85256877911055
C            2.02853975147770        0.59474633787068        0.27228823785273
C            1.82267110649585        0.55401559091930       -1.10186946981245
H            2.13661644721699       -0.30100702303479       -1.68293417636469
C            1.20997463399394        1.60926941221401       -1.76081267575039
H            1.05008054507487        1.55131125505523       -2.82804218320671
C            0.80597474142601        2.73312303045845       -1.05870319675952
H            0.32113462491412        3.55364366117949       -1.56637206668886
C            1.03499421973900        2.79672547770285        0.30385153413559
H            0.71598624934005        3.66556256738211        0.86687788279544
C            1.63350153117412        1.73544137961683        0.96180292811646
H            1.78530224951067        1.79154285947865        2.02723628696753
37
 energy: -61.557698945879 gnorm: 0.005229760036 xtb: 6.7.1-6.fc44.fc44
O           -2.08276314340644        2.97313209102712        1.03801912000123
C           -1.85882147633096        1.80881873710868        0.84877942885441
O           -1.24076025277080        1.06368589828989        1.74329643159439
H           -1.05559753189935        0.13357195435505        1.48173076763983
C           -2.32588044911897        1.12870648661714       -0.44506200482905
H           -2.35535939038659        1.88762787967120       -1.23079989532077
H           -3.34567969369717        0.76792763999908       -0.27105098779693
N           -1.54933443212375       -0.01236766872993       -0.85515130677619
H           -0.58941485992871        0.14673535786829       -1.12751992281619
C           -2.06192805473489       -1.26349167019210       -0.80890092644771
O           -3.20373156526805       -1.50144092648551       -0.49177730452428
C           -1.12811497201861       -2.37485662683192       -1.29282287940568
H           -1.15422972602399       -2.38992452120626       -2.38592555880542
H           -1.55223347213853       -3.31606623745603       -0.92251040631693
N            0.24699446367601       -2.22247853371050       -0.87050159729737
H            0.96323833038362       -2.72801533350881       -1.37901836268724
C            0.60134680897335       -1.82385117640610        0.36091302393889
O           -0.18175315562980       -1.36140143081612        1.17351219705324
C            2.09708200860404       -1.94865398378587        0.65812272905254
N            2.79181181893128       -2.62726184435459       -0.43112694601641
H            3.59246551331826       -3.13878565644990       -0.08107298524039
H            3.14291704306997       -1.95329985507286       -1.10340710930739
H            2.16596241026944       -2.58708057779678        1.54555795474948
C            2.65799675211355       -0.55071638953838        1.02342103132543
H            2.49782675633144       -0.37964182654113        2.08807551669983
H            3.73936290999194       -0.55786910235060        0.84699049793574
C            2.02637342598585        0.59075122683694        0.26799495253183
C            1.82166935192515        0.55635327889036       -1.10717369965070
H            2.12847610247128       -0.30012247620488       -1.69056631601085
C            1.21147359571369        1.61529412011137       -1.76272447806269
H            1.05680189566093        1.56033562217108       -2.83167506738305
C            0.81008835603505        2.73762042211860       -1.05821140993084
H            0.33734647038185        3.56337448421318       -1.56491489430927
C            1.03442595813962        2.79447672048973        0.30599060109639
H            0.73029337029572        3.66406155563587        0.86581791476336
C            1.62972512187232        1.73031044579657        0.95979646381614
H            1.77830153467725        1.78248167692893        2.02715929138374
37
 energy: -61.557750047137 gnorm: 0.002763589221 xtb: 6.7.1-6.fc44.fc44
O           -2.08388444054041        2.97397221644622        1.03423946170872
C           -1.86192262921049        1.80853200918745        0.84709842175669
O           -1.24255326762847        1.06393615602604        1.74226666179956
H           -1.05842084076402        0.13218088427423        1.48315275596367
C           -2.32800517371529        1.12746694314230       -0.44581106355594
H           -2.35407742469725        1.88560427143713       -1.23417807326076
H           -3.34967992563592        0.76876382294125       -0.27239145602986
N           -1.55130093471768       -0.01454093669025       -0.85415012565470
H           -0.59064588867423        0.14249299757636       -1.12414460883914
C           -2.06466384269539       -1.26429786751269       -0.80845121554164
O           -3.20556082821663       -1.50229377828521       -0.48412163914102
C           -1.12871444880157       -2.37698486375580       -1.29045339818444
H           -1.15570322802201       -2.38584994763895       -2.38350952428204
H           -1.55387014319453       -3.31876184167688       -0.92326967844987
N            0.24564917666060       -2.22519283993086       -0.86729738635068
H            0.96381477525845       -2.73038953034700       -1.37383704115262
C            0.60147404911730       -1.82455396533291        0.36325622768425
O           -0.18037659169603       -1.36182527234923        1.17632770900779
C            2.09889739563749       -1.94790010136423        0.65718580513422
N            2.79100947871480       -2.62435146051664       -0.43494013470920
H            3.58950915035641       -3.14023482118499       -0.08594781967553
H            3.14432967615510       -1.95135025229638       -1.10643715214399
H            2.16878698226700       -2.58819852078510        1.54276868070338
C            2.65828417818187       -0.54996964833869        1.02284316385625
H            2.49861366402249       -0.37937333872616        2.08744286703201
H            3.73963904323292       -0.55674979158516        0.84645557595769
C            2.02486465514983        0.59065292042498        0.26723729882455
C            1.82242412744633        0.55739112451266       -1.10882652626338
H            2.13035772929614       -0.29850480011460       -1.69274004952373
C            1.21540173555079        1.61817114977989       -1.76401956050145
H            1.06162507445657        1.56503775135415       -2.83329409084387
C            0.81711819283198        2.74117101034992       -1.05814614064843
H            0.34080239290318        3.56526824845172       -1.56607566057631
C            1.03787225317134        2.79689731748843        0.30706069463032
H            0.73285697938031        3.66438612593191        0.86842605649198
C            1.62844538764059        1.72907091373549        0.96061273058300
H            1.77398133412348        1.77826747606238        2.02893209769556
37
 energy: -61.557779636172 gnorm: 0.002087839690 xtb: 6.7.1-6.fc44.fc44
O           -2.08507045163314        2.97504842586864        1.03001631613654
C           -1.86449531709975        1.80838682170887        0.84543175698378
O           -1.24657886192190        1.06474818413778        1.74258056099319
H           -1.06259600039978        0.13331469734412        1.48416039100214
C           -2.32990756434069        1.12513757493261       -0.44594645685007
H           -2.34960743042874        1.88013418647688       -1.23697650690915
H           -3.35290754837489        0.76808427525614       -0.27313510645936
N           -1.55307263191771       -0.01797068491057       -0.85123346181382
H           -0.59125772316712        0.13696945232737       -1.11792649412329
C           -2.06674603630596       -1.26651565295446       -0.80498280421076
O           -3.20651941583090       -1.50596786151829       -0.47808648547896
C           -1.13086330654412       -2.37924410847017       -1.28804299842742
H           -1.15727464482351       -2.38253663177246       -2.38130913935690
H           -1.55674972575595       -3.32240024485642       -0.92534218292251
N            0.24266546371389       -2.22828800413999       -0.86355144638350
H            0.96220820350609       -2.73366598704643       -1.36836306644910
C            0.60050551899848       -1.82461086487113        0.36561750794156
O           -0.17865034634424       -1.36015505763299        1.18017541966403
C            2.09990934756068       -1.94716849219996        0.65511781109642
N            2.78952767021375       -2.62118049761237       -0.44067260259639
H            3.58422395105723       -3.14390916726618       -0.09315272043484
H            3.14722895329034       -1.94776539109933       -1.10974311351647
H            2.17172002215911       -2.58854211579522        1.54032541888807
C            2.65773961651883       -0.54929011743661        1.02145485255369
H            2.49801935244091       -0.37899939585772        2.08607472763237
H            3.73901272209672       -0.55481421269608        0.84578626253290
C            2.02475488278688        0.59191981712076        0.26596972350424
C            1.82479084655364        0.55958507663081       -1.11074337869936
H            2.13440727106276       -0.29588323514887       -1.69425225377083
C            1.22013270591330        1.62187731268320       -1.76526969434984
H            1.06768188649198        1.57103218341404       -2.83476302119121
C            0.82397844777711        2.74436505249648       -1.05801700512027
H            0.35144861894843        3.56984883516449       -1.56749899637377
C            1.04023581273322        2.79853272864648        0.30824671541020
H            0.73261101399308        3.66492684142729        0.87042818968060
C            1.62726925038565        1.72881069821949        0.96092073115862
H            1.76860327003144        1.77412532012055        2.02996641376042
37
 energy: -61.557798666621 gnorm: 0.003163129463 xtb: 6.7.1-6.fc44.fc44
O           -2.08612407907963        2.97635110877503        1.02486845452690
C           -1.86674908839505        1.80857110699135        0.84365516081453
O           -1.25138347348914        1.06664733168415        1.74389761746149
H           -1.06879843583779        0.13442660722152        1.48780548960790
C           -2.33017049858276        1.12223965295812       -0.44648178612492
H           -2.35146895792285        1.87683665729317       -1.23846952916888
H           -3.35381214877771        0.76678831956533       -0.27604944504300
N           -1.55474452608471       -0.02344023936984       -0.84697612937027
H           -0.59102400085078        0.12804353551307       -1.11004895571821
C           -2.06914141981783       -1.27048250528925       -0.79952146909434
O           -3.20927445589406       -1.50870967198731       -0.47096071184998
C           -1.13313627427262       -2.38223875936307       -1.28544142416658
H           -1.15719006657090       -2.38043611807375       -2.37902398629611
H           -1.56026308925452       -3.32731970500396       -0.92909201792443
N            0.23937270412442       -2.23314954997668       -0.85846506822166
H            0.96029262203273       -2.73835035672492       -1.36202754902170
C            0.59943435766290       -1.82533323027965        0.36853289770424
O           -0.17596081311907       -1.35813116809224        1.18521955824890
C            2.10071534185355       -1.94650869902636        0.65241602098681
N            2.78696883527494       -2.61788214853143       -0.44727525095326
H            3.57627985371010       -3.15035221573353       -0.10245280928766
H            3.15129847188295       -1.94256359725475       -1.11151713065183
H            2.17709973200083       -2.58935741848950        1.53639281835315
C            2.65700453595783       -0.54885154195527        1.01934900906802
H            2.49710914469633       -0.37888761513714        2.08405464952538
H            3.73833883848539       -0.55295270536009        0.84417996126532
C            2.02372737310057        0.59305226937393        0.26451410800154
C            1.82692019430855        0.56225877481159       -1.11264625294457
H            2.13770527596824       -0.29259916323298       -1.69580437265984
C            1.22715323046570        1.62741468621015       -1.76696625469817
H            1.07704973219297        1.57950624492099       -2.83673922084110
C            0.83363612546121        2.74992913998330       -1.05875285461712
H            0.36634948315480        3.57792240625897       -1.56949569274185
C            1.04293628303395        2.80104839202402        0.30887853391922
H            0.73075879968128        3.66697085927960        0.87148818522320
C            1.62425869044964        1.72812319149505        0.96117964129823
H            1.76120952579572        1.76935588521315        2.03103966889155
37
 energy: -61.557808424245 gnorm: 0.002205491705 xtb: 6.7.1-6.fc44.fc44
O           -2.08626894538528        2.97729502812652        1.02227310158570
C           -1.86824925856979        1.80901199604103        0.84359857185174
O           -1.25390164181009        1.06830971244410        1.74548105411798
H           -1.07221513436606        0.13542006969347        1.49123691453058
C           -2.33153635837095        1.12046579538007       -0.44559626817593
H           -2.34862145134263        1.87137305981398       -1.24021599616620
H           -3.35505536566974        0.76529167192555       -0.27470476759805
N           -1.55637703038567       -0.02560846175645       -0.84486816407150
H           -0.59187371911950        0.12507502890289       -1.10506413742068
C           -2.07019028427312       -1.27285711636824       -0.79648109312611
O           -3.20974806332629       -1.51265087994006       -0.47070798200885
C           -1.13444226315567       -2.38376529867169       -1.28396763556885
H           -1.15710073582273       -2.37993801431693       -2.37769418331187
H           -1.56200924384149       -3.33024973684690       -0.93168088777290
N            0.23769768393884       -2.23606764521470       -0.85536594509168
H            0.95893387962731       -2.74099433116132       -1.35900353676607
C            0.59887805073650       -1.82578186404692        0.37001361377855
O           -0.17415865871202       -1.35646434731923        1.18777892381129
C            2.10062223545112       -1.94620146163997        0.65101255215473
N            2.78496425268045       -2.61625096242168       -0.45068636875040
H            3.57088255637672       -3.15513669322398       -0.10801352116976
H            3.15363440753334       -1.93957076242332       -1.11128052826543
H            2.18033627512832       -2.58977193760621        1.53400268925746
C            2.65642274112328       -0.54860833836115        1.01797719619202
H            2.49606517330588       -0.37909467093944        2.08277319613869
H            3.73790296510742       -0.55194658303426        0.84294429699201
C            2.02277684821244        0.59381094097520        0.26387496582911
C            1.82784473309692        0.56400944598517       -1.11330547069420
H            2.13826137220014       -0.29079979808561       -1.69638549952207
C            1.23181358060429        1.63114940953287       -1.76802685672499
H            1.08393972670194        1.58491659412492       -2.83808997283862
C            0.83870588752339        2.75363464289033       -1.05979160864334
H            0.37564183842564        3.58402993540094       -1.57035860141484
C            1.04303129856384        2.80218325849701        0.30866882919331
H            0.73215143006458        3.66832845821655        0.87047248417475
C            1.62141245081638        1.72788935251654        0.96114742940250
H            1.75620659027753        1.76750426360168        2.03129706959279
37
 energy: -61.557813401841 gnorm: 0.001432965051 xtb: 6.7.1-6.fc44.fc44
O           -2.08579117856393        2.97692924279015        1.02201854003901
C           -1.86738577637205        1.80897117798361        0.84351164487909
O           -1.25539490579203        1.06785505732256        1.74671352315608
H           -1.07155537891815        0.13620438747127        1.49200563923106
C           -2.33148802934011        1.11991231287067       -0.44552749564132
H           -2.35043020925248        1.87209594048498       -1.23922049611633
H           -3.35494152256240        0.76498133270952       -0.27343911098293
N           -1.55657688017540       -0.02631166744572       -0.84516319680607
H           -0.59181828965752        0.12463212918444       -1.10434052391811
C           -2.07033605935347       -1.27399715864848       -0.79623516242526
O           -3.21002218005029       -1.51358170534353       -0.47042179181561
C           -1.13467970255332       -2.38469493938471       -1.28368048217197
H           -1.15732850318992       -2.38079848590656       -2.37740088935184
H           -1.56190238274551       -3.33167305214749       -0.93246689093480
N            0.23757664029144       -2.23716213006375       -0.85482306568246
H            0.95867814028094       -2.74177432399942       -1.35885036138443
C            0.59891486415672       -1.82566162800107        0.36980146950231
O           -0.17373805987208       -1.35548005153216        1.18744369030218
C            2.10023588099844       -1.94630550382576        0.65081444818157
N            2.78451256500652       -2.61597683157072       -0.45141740195096
H            3.56913495848706       -3.15707640690835       -0.10937608438522
H            3.15474769108065       -1.93915900233611       -1.11055315576454
H            2.18025264745182       -2.58948778629610        1.53414022754706
C            2.65592915751823       -0.54850548817324        1.01774709360007
H            2.49492394027539       -0.37951307888626        2.08260976226989
H            3.73740658650916       -0.55154329044427        0.84286153199203
C            2.02283755851662        0.59437119447258        0.26394357779140
C            1.82859491903002        0.56479877710745       -1.11318688756028
H            2.13796217903505       -0.29045697766941       -1.69626674147691
C            1.23345183239821        1.63211744294860       -1.76839729355600
H            1.08688170639318        1.58615201979344       -2.83863841317100
C            0.83951959837673        2.75448082295958       -1.06043989837445
H            0.37882065971150        3.58617184899770       -1.57045704853458
C            1.04241588038787        2.80223732272280        0.30810715046311
H            0.73169770470641        3.66862461759871        0.86986746448101
C            1.62065621253897        1.72835731972439        0.96097400780734
H            1.75461555859297        1.76820632213144        2.03100648426278
37
 energy: -61.557816047014 gnorm: 0.001218234361 xtb: 6.7.1-6.fc44.fc44
O           -2.08512813256481        2.97669438891068        1.02111210827418
C           -1.86755464267602        1.80877891439910        0.84429590546402
O           -1.25353641590841        1.06915407723824        1.74717239007078
H           -1.07047133209075        0.13632517444126        1.49429849878512
C           -2.33166936259818        1.11870587510495       -0.44479154982941
H           -2.35309953260467        1.87125159311185       -1.23814681824387
H           -3.35447619613548        0.76370459749018       -0.27161059016609
N           -1.55695641865978       -0.02735654397423       -0.84529049030554
H           -0.59175492247337        0.12426430670112       -1.10293003261806
C           -2.07087600960195       -1.27581558455220       -0.79544034651448
O           -3.21093797151007       -1.51427709113388       -0.46906129021582
C           -1.13545395719345       -2.38578960976925       -1.28390935571900
H           -1.15776012230711       -2.38197500859257       -2.37766519056801
H           -1.56174570469925       -3.33344188161170       -0.93380314180987
N            0.23709305367990       -2.23831427857034       -0.85499346566656
H            0.95819054724672       -2.74215670341866       -1.35980336132563
C            0.59879927851442       -1.82489833536246        0.36849380057652
O           -0.17378801911388       -1.35391800539457        1.18584098297986
C            2.09955811610901       -1.94618838702428        0.64994169003040
N            2.78448185229691       -2.61561253062631       -0.45206186341365
H            3.56642852018657       -3.15998506317692       -0.10992679918861
H            3.15799293495136       -1.93870515827140       -1.10860873402816
H            2.17912650473088       -2.58896627537053        1.53349162191028
C            2.65517872022264       -0.54830059138979        1.01780562876853
H            2.49294450319011       -0.38055991135185        2.08279386072051
H            3.73666590226689       -0.55108852618156        0.84350481182342
C            2.02254994751552        0.59486958903927        0.26432771617562
C            1.82956659338478        0.56588356986266       -1.11301313273037
H            2.13800229561344       -0.28997814601732       -1.69610054771923
C            1.23595048937862        1.63356639236882       -1.76902998145198
H            1.09134983968682        1.58775679493326       -2.83950547709423
C            0.84097642718122        2.75599755197600       -1.06142037405589
H            0.38106114886739        3.58827578523212       -1.57123684990213
C            1.04213163335277        2.80281176574059        0.30722297506281
H            0.73110951174982        3.66878407507601        0.86938273637029
C            1.61968822522232        1.72889717630438        0.96094009159278
H            1.75274051813432        1.76954576455011        2.03098843746242
37
 energy: -61.557817939856 gnorm: 0.000786925253 xtb: 6.7.1-6.fc44.fc44
O           -2.08512601709810        2.97650916381330        1.02077623479506
C           -1.86662685954869        1.80863633572809        0.84386987307684
O           -1.25409234402659        1.06860663925816        1.74756108566938
H           -1.06929125973741        0.13659781771574        1.49401984618875
C           -2.33218099557856        1.11817785141092       -0.44455589310185
H           -2.35420135139949        1.87037296107778       -1.23837488913968
H           -3.35469461476920        0.76240318498634       -0.27023005373715
N           -1.55742775229368       -0.02742228157892       -0.84593890849922
H           -0.59218519785854        0.12455236921814       -1.10327418108500
C           -2.07114939134237       -1.27608962668963       -0.79516330710144
O           -3.21063356102075       -1.51470279541152       -0.46727446716974
C           -1.13581441837612       -2.38617052249550       -1.28383585237614
H           -1.15857869117386       -2.38113315539544       -2.37763679039471
H           -1.56195247375185       -3.33389844938167       -0.93398905653972
N            0.23673610819794       -2.23892744705508       -0.85491920334458
H            0.95817571812156       -2.74221664793602       -1.35990803432692
C            0.59860645102727       -1.82483396531716        0.36826597886852
O           -0.17415572905378       -1.35342651763390        1.18525612312191
C            2.09947433666365       -1.94591269331998        0.64978617547394
N            2.78427254780044       -2.61485711189825       -0.45253025295905
H            3.56493749668422       -3.16127882812234       -0.11035911319907
H            3.15959799772186       -1.93749966556645       -1.10757839186220
H            2.17873436503558       -2.58915090890745        1.53281189802365
C            2.65500192206871       -0.54808985412587        1.01816800316425
H            2.49238236252270       -0.38067423835358        2.08314147744529
H            3.73662076426423       -0.55108560749091        0.84435370050237
C            2.02235334201833        0.59484809802423        0.26438506721605
C            1.82994369737797        0.56613970085456       -1.11315979231737
H            2.13876300022937       -0.28963325582883       -1.69622922213908
C            1.23693436246556        1.63411805100366       -1.76931864334666
H            1.09291947707472        1.58835194683722       -2.83980478977792
C            0.84191873313399        2.75653214460345       -1.06156332935882
H            0.38121171044996        3.58833822120486       -1.57193986172375
C            1.04260752220320        2.80323925661528        0.30710944926095
H            0.73127878927366        3.66903866080496        0.86924782671342
C            1.61973888098924        1.72892393108939        0.96089431434582
H            1.75227889505012        1.76955699895323        2.03120084313480
