37
 energy: -60.953125691524 gnorm: 1.133500551118 xtb: 6.7.1-6.fc44.fc44
O           -4.45893408780767        1.86558102668399        0.33891026141881
C           -3.84037324892482        0.95846731296650        0.03903643298417
O           -2.84450452398812        1.29216599534176       -0.45958755125166
H           -2.18961029426776        0.40914402501906       -0.57913750390001
C           -4.55006601395882       -0.54700975766378        0.09064648734056
H           -5.19349583736382       -0.36242759428904       -0.34492390647286
H           -4.51962356144606       -0.57794826623555        1.09712280493410
N           -3.30760012915627       -1.38576768362258       -0.64479163723151
H           -2.90438164530044       -1.40377399367245       -1.39633312805116
C           -2.54615980673480       -2.43910501247227        0.56995487310262
O           -2.98452513717316       -2.36474806200505        1.88587018255485
C           -1.61452303694197       -3.13366132898416       -0.09179644375096
H           -1.65245297417957       -3.29041525383096       -1.15367963166558
H           -1.27664511093750       -4.06326752321281        0.42883265904118
N           -0.28000710678749       -2.38335314345534        0.03863067934547
H            0.21064732434701       -2.75025962630754        0.95191052577593
C           -0.04719476240029       -1.07922474388427       -0.45951416116939
O           -0.83997696070244       -0.59489811222607       -1.14168080126918
C            1.35821516900125       -0.44923167119104        0.28750875104406
N            2.03451684138143       -1.44257832338456        0.83268009114238
H            2.71371606848885       -1.06747219672308        1.32471787748857
H            2.60307520402800       -2.08955727848808        0.15871895270718
H            1.00030949072875        0.28868490264858        0.87795391046894
C            1.92521752464662        0.31734831074851       -1.07906259271422
H            2.38441265031663       -0.42977236240938       -1.81375339835456
H            1.09116908742000        0.94413736750717       -1.62173792683485
C            3.02721429431851        1.21293586121922       -0.55990380927286
C            4.41589350134242        0.57246209516429       -0.59471464297439
H            4.53188987504416       -0.33351973153124       -0.78894863855453
C            5.26177587402988        1.51617227587332       -0.20482775386430
H            6.41085534469442        1.19910114610567       -0.04320138012039
C            5.14101557699110        2.71774653405707        0.57744660353177
H            5.85965045783273        3.39431098461433        1.01845538750239
C            3.65229476573662        3.03964817796927        0.51490071882888
H            3.58120790297763        4.21079009818458        1.23522084393195
C            2.70385341821052        2.34429402474668        0.01178559499019
H            1.82274818655282        2.85939950225075        0.17332753216954
37
 energy: -61.341813902084 gnorm: 0.464102327086 xtb: 6.7.1-6.fc44.fc44
O           -4.50883722691951        1.89614158871978        0.36550464270367
C           -3.86230372763830        0.95526238836789        0.03705730598723
O           -2.78299315832086        1.27140973632671       -0.47680535892201
H           -2.18355635903968        0.41202108608243       -0.58952843590631
C           -4.45073680106476       -0.53895806462461        0.11305252952104
H           -5.27897025288148       -0.35748623223223       -0.42731438498590
H           -4.50195469051309       -0.60438558507428        1.13532172258503
N           -3.32655152831479       -1.41032999301182       -0.54230029864750
H           -2.89762132090297       -1.40778765043215       -1.41965763820391
C           -2.59206097075484       -2.40370023601519        0.57900491076037
O           -2.96708028395279       -2.36220379965353        1.81896330854572
C           -1.58851784092595       -3.13396525830039       -0.08984136944509
H           -1.65949919950025       -3.29386049030076       -1.15654180700335
H           -1.28672130785108       -4.06667310511997        0.42472047538246
N           -0.27068504009064       -2.38549748978046        0.05560958087673
H            0.20992917649012       -2.73406104922848        0.93479028601254
C           -0.04408564089676       -1.09735834274800       -0.42253985221036
O           -0.83818264172317       -0.58410065865389       -1.15295227122168
C            1.32839043983373       -0.45599235199499        0.23123589966126
N            2.03991096783413       -1.46480728515629        0.81562104623994
H            2.74058135769399       -1.05654674037536        1.35112302275867
H            2.59086891038268       -2.08470646162794        0.16072364719969
H            0.99245766451558        0.30047030485911        0.88348106576448
C            1.92576167831667        0.31339526690902       -1.08130121529817
H            2.37177279832710       -0.42401447031059       -1.80445660388082
H            1.10669748468928        0.92816866805485       -1.60742032209783
C            3.03233381590998        1.18550795380341       -0.57177648846575
C            4.39280431081683        0.61928750332645       -0.58450423784703
H            4.53095010272771       -0.36422385036844       -0.80502060934375
C            5.30211886959508        1.52384525483138       -0.16722291929495
H            6.40257578290041        1.19606334768097       -0.05373428383230
C            5.11173053790181        2.72054925174160        0.55816930832487
H            5.85002633229860        3.38136554874173        1.01004963135543
C            3.70593179398198        3.08766181352371        0.55556096845026
H            3.57150481238698        4.17777895606844        1.21313919626097
C            2.71301571869013        2.35841108238250        0.01828993483107
H            1.80059975601651        2.85771733910086        0.16753587623639
37
 energy: -61.507049817540 gnorm: 0.179325788510 xtb: 6.7.1-6.fc44.fc44
O           -4.54196009600049        1.90668224724719        0.38214388246894
C           -3.87871500788676        0.96228517588276        0.03193137856360
O           -2.73126470548390        1.24773126588168       -0.48160491696935
H           -2.18088701865610        0.42593303225653       -0.60243496967338
C           -4.36896492465757       -0.50554673336649        0.09013114138044
H           -5.26868646793139       -0.39473907597899       -0.45733963137842
H           -4.50589880431412       -0.64736191121462        1.14641396518559
N           -3.33604122520416       -1.45216673206481       -0.42463796237944
H           -2.92730121158120       -1.41204548523996       -1.36453588819105
C           -2.64775815596660       -2.34997981445641        0.55577081174279
O           -2.95321279963764       -2.34920571311146        1.71063899462511
C           -1.55967459603058       -3.11832232193228       -0.08821406657270
H           -1.67100410268571       -3.29524890952260       -1.15687029117525
H           -1.31404242244863       -4.06417826775475        0.42008020719977
N           -0.26856093304408       -2.38009364986859        0.07835877264648
H            0.21678384056934       -2.70692110409094        0.91231112581277
C           -0.04290059421499       -1.11728486604078       -0.38203857454422
O           -0.82057524099543       -0.57975392846864       -1.15295107860279
C            1.28640491119631       -0.46819815952328        0.16508162728335
N            2.05229686941771       -1.47633527897259        0.79891344588092
H            2.75576885072142       -1.04248231480977        1.36861897108104
H            2.57399142132446       -2.07628380385224        0.16016023148483
H            0.98726880426872        0.30054632337673        0.87934040041317
C            1.92859455759628        0.30729579151832       -1.07399242771029
H            2.35103411152959       -0.41835524831252       -1.79196592049457
H            1.13122500610151        0.90313559211049       -1.58356345216263
C            3.04249032503059        1.17109692857438       -0.56939861642500
C            4.36402153888295        0.66579313994383       -0.57044222949356
H            4.52593594872312       -0.35788583853716       -0.82359502411466
C            5.34417415250299        1.52115191099098       -0.11580351266993
H            6.38901941643628        1.19244325143903       -0.06667598284622
C            5.07490177025696        2.72863515467396        0.53665535640307
H            5.83810493774362        3.36103885031174        0.99596504405202
C            3.75084080696720        3.13898845224657        0.59642700048260
H            3.56538041636295        4.10561476073282        1.16707454850651
C            2.73738455578298        2.38076818690116        0.03013897512825
H            1.78143038534273        2.84764706854215        0.15594492791336
37
 energy: -61.545292798450 gnorm: 0.086488692056 xtb: 6.7.1-6.fc44.fc44
O           -4.56750915718222        1.89214790315798        0.38392298310392
C           -3.87406702178763        0.97021961441081        0.02612842353045
O           -2.68861225982453        1.24511865171260       -0.48069445448386
H           -2.15553480101104        0.44645780275448       -0.63039098527527
C           -4.30195646573058       -0.49493357336497        0.08975284081894
H           -5.25247560034487       -0.46740588191793       -0.46967457878707
H           -4.50793297037432       -0.69339338690706        1.15514922115261
N           -3.32681805054851       -1.48122743391293       -0.34520533330240
H           -2.94685598206993       -1.41661647466731       -1.31144237185233
C           -2.69742426219861       -2.28137643771583        0.50518402406481
O           -2.95993737541490       -2.34562820306708        1.68599704716289
C           -1.54646184086033       -3.08320280422877       -0.10413681337081
H           -1.68008226414965       -3.28408560455951       -1.16873848953114
H           -1.37654176940580       -4.04446300244143        0.41148910499466
N           -0.27757861248420       -2.36549476390963        0.09997413909794
H            0.24612348184218       -2.67581453113211        0.90171502328956
C           -0.03804698805459       -1.13051718775347       -0.36933234402593
O           -0.80319788004892       -0.57897544444852       -1.15400843070776
C            1.25369864377291       -0.47947058481014        0.12334453505971
N            2.06305918723691       -1.47393960421885        0.79374037383286
H            2.76473056571614       -1.02384155382458        1.37552068059932
H            2.56071530363167       -2.07019839612753        0.14779631397413
H            0.97295822634942        0.28827736317819        0.86747849993394
C            1.92747725481346        0.29378846755668       -1.05805153677961
H            2.32985879195499       -0.42293369659915       -1.77942657467657
H            1.15248357958018        0.88188637238133       -1.55545509253466
C            3.03764406552392        1.16629306807356       -0.54712401602656
C            4.34569281785596        0.70053403099335       -0.54683492831653
H            4.53111426838047       -0.33062744385645       -0.85181554993263
C            5.36606563528874        1.51488340841294       -0.06853933903846
H            6.38845372232668        1.18136680367990       -0.07961840956666
C            5.06664653954510        2.73021606499187        0.53148450956421
H            5.84879463961108        3.34019210590156        0.97626917387360
C            3.76525044665510        3.16724757273476        0.61550251256456
H            3.55370200755333        4.05698245650176        1.12699934660333
C            2.74720134137872        2.39577264856454        0.04295703255879
H            1.75896710249200        2.82715964996835        0.13611972527915
37
 energy: -61.552896686851 gnorm: 0.057216461667 xtb: 6.7.1-6.fc44.fc44
O           -4.58090687666945        1.86908168090164        0.38522398224840
C           -3.86047236713390        0.97371150407051        0.02249947160411
O           -2.66859753227926        1.26283901349673       -0.47715038193951
H           -2.11921901636131        0.47482561624387       -0.67667535923913
C           -4.28841966352785       -0.49563198783421        0.09487239616457
H           -5.25018084794328       -0.51426076098388       -0.46631377810246
H           -4.50749029382260       -0.72780423505696        1.15583358740382
N           -3.33669048968677       -1.44795998450707       -0.35665503182553
H           -2.97293001617904       -1.38310381314711       -1.31817420654425
C           -2.69156294792073       -2.27001363050086        0.51914063919514
O           -2.95772188846698       -2.36757614501586        1.70144237031982
C           -1.53626112777274       -3.07289455088710       -0.09607894325714
H           -1.68380312100893       -3.25470826452186       -1.16454987405769
H           -1.42723407195913       -4.04908051109630        0.40589624257805
N           -0.28043447818389       -2.35783703911655        0.11844953554516
H            0.29528889205671       -2.65155746382339        0.89911405981657
C           -0.04402729055465       -1.13577601509899       -0.37111320375300
O           -0.80485697056733       -0.58997924178762       -1.16373012639506
C            1.24041940055775       -0.48500127938986        0.11439110099091
N            2.06830935802216       -1.46652187823501        0.79459905950232
H            2.77079001950929       -1.00795404985502        1.36941799257866
H            2.55414253265780       -2.06150147817461        0.13266822688847
H            0.94646756472204        0.27311393456588        0.85793483282122
C            1.92868890625611        0.28073476348642       -1.04382237330773
H            2.31598515740290       -0.44094944735598       -1.76556888124716
H            1.16033188750363        0.87421636222595       -1.53190721453793
C            3.03487807235546        1.15413311769942       -0.52151255577104
C            4.34881826468952        0.70591202450125       -0.52942387988760
H            4.54761748583021       -0.30923986081286       -0.88876936714682
C            5.37403335203517        1.50189677163128       -0.03543036844445
H            6.40219890781194        1.16319166588806       -0.09665445546369
C            5.07800951891107        2.72211022149258        0.54312463774191
H            5.86844292839912        3.33036268580668        0.96069835390122
C            3.76941833732768        3.15825350971856        0.61931703664322
H            3.48412426536385        4.11103648279449        1.10823948448761
C            2.75169756582589        2.38651270032520        0.05695829294986
H            1.75075090281791        2.80181755786415        0.11974496039026
37
 energy: -61.556502965087 gnorm: 0.038732199352 xtb: 6.7.1-6.fc44.fc44
O           -4.59154726061494        1.85502972456491        0.38481235654154
C           -3.84750740844222        0.98163120397073        0.02676825513465
O           -2.65234249145740        1.27861139905318       -0.46833895062199
H           -2.08644925849224        0.50032572778987       -0.71460944240025
C           -4.28541246008912       -0.48873761999683        0.10301760495966
H           -5.24630497014311       -0.53902703913182       -0.46629395682282
H           -4.51324902714716       -0.72058315827654        1.15563957594377
N           -3.32836099418853       -1.44899222844303       -0.35059826750586
H           -2.96884768233607       -1.39164289177631       -1.29911407921216
C           -2.68671061910081       -2.28006625153320        0.51929637983029
O           -2.97762637581882       -2.35933378115565        1.68606858792625
C           -1.52324501552102       -3.07863580881829       -0.09149737258556
H           -1.66870051731221       -3.23523637866835       -1.16466314812969
H           -1.45187369166671       -4.05042849240153        0.40798835589940
N           -0.28396935423896       -2.35670102018582        0.13275528100841
H            0.33835851004349       -2.63951034665360        0.89116008510657
C           -0.05089646312880       -1.14396513276725       -0.38012156639673
O           -0.81248842460519       -0.60399700278457       -1.17551076518538
C            1.23040776622358       -0.48614634634334        0.11816417759206
N            2.06981193634977       -1.46133395299772        0.79718310200217
H            2.77544123939133       -0.99870235549559        1.36093063328666
H            2.54830453672443       -2.04761118436912        0.11559830317525
H            0.91666732627566        0.25645921130087        0.86338117551562
C            1.91829079635950        0.27479485480459       -1.03313320445056
H            2.30786648821956       -0.44714158517167       -1.75425178142921
H            1.16154333630278        0.88421713387473       -1.52558358611526
C            3.02022029059622        1.14513688980024       -0.49771234484848
C            4.34554186622769        0.71350296358265       -0.52126440119352
H            4.56225032977088       -0.28213685995422       -0.92464490141338
C            5.36502609525687        1.50210653738112       -0.01758947259406
H            6.38932467033027        1.15557067109816       -0.08070191692170
C            5.07309772100367        2.72723371800775        0.55127957165127
H            5.86935948466843        3.33619462718750        0.94989711921346
C            3.75619898440523        3.15442350756525        0.60947967008884
H            3.54028375124867        4.09649784365871        1.08857551400169
C            2.73887593171446        2.37923855746828        0.06986234766813
H            1.72826527320932        2.77335284132763        0.10980732413200
37
 energy: -61.557699451674 gnorm: 0.024607808597 xtb: 6.7.1-6.fc44.fc44
O           -4.59374637194583        1.84628106975899        0.38202950751024
C           -3.83784507174892        0.98328025399967        0.02866542054364
O           -2.63812212428952        1.27876700860301       -0.45898921905866
H           -2.06679900955101        0.51279690547767       -0.72089187866676
C           -4.27210228886263       -0.48870361770968        0.09992637551754
H           -5.22438847558636       -0.55187012029128       -0.47657465906638
H           -4.50679488716663       -0.70962380285691        1.14694399279018
N           -3.30484027968661       -1.46438108400688       -0.34384478815030
H           -2.94598630122891       -1.40593350776277       -1.28503379055783
C           -2.69191959161158       -2.28170078398822        0.52890621051597
O           -2.97888182218937       -2.37985239683430        1.70145613917633
C           -1.52834132892287       -3.07358992238299       -0.09162580713355
H           -1.67336609037384       -3.20517426959378       -1.16867609762938
H           -1.46647847197274       -4.04208889426901        0.39853093616823
N           -0.29299340553113       -2.35688924584830        0.14167230054139
H            0.34055044763671       -2.64283527436127        0.88217997898195
C           -0.05789402497426       -1.14788199300979       -0.37779378209525
O           -0.81608448167108       -0.60812671676486       -1.17805182499473
C            1.22274077651564       -0.48227924290236        0.12194250294902
N            2.06334131743224       -1.45989711563203        0.79563359305185
H            2.77157835443742       -0.99719570693059        1.35384500484336
H            2.54173484609641       -2.03439093166269        0.10553866286762
H            0.89708851288670        0.24888628579897        0.87338294715556
C            1.91456292885527        0.28240230486099       -1.02536623673542
H            2.30513549107503       -0.44022066666142       -1.74623653613368
H            1.16259258514087        0.89609798502355       -1.52535348933942
C            3.02150111269373        1.14602629254121       -0.49196939045746
C            4.34300963920634        0.71205506831349       -0.52429274178007
H            4.56558694662127       -0.26958206629579       -0.94676603410522
C            5.36335446092529        1.49374195819670       -0.01425225159528
H            6.37835856662393        1.13866589981531       -0.05579571689318
C            5.07279507824910        2.72185404859590        0.55334694204725
H            5.86790143595742        3.33271283488287        0.94950653295538
C            3.75716889128822        3.15486548474155        0.60833470607416
H            3.52117372623236        4.11693661284211        1.04582671384786
C            2.74170543902999        2.37933976957346        0.07745263682368
H            1.72430779042800        2.75190555225145        0.11242940288241
37
 energy: -61.558222314522 gnorm: 0.015116713160 xtb: 6.7.1-6.fc44.fc44
O           -4.58863174131122        1.84434380499824        0.37874589110355
C           -3.83399026165156        0.98242027204679        0.02607228092894
O           -2.62881755488112        1.27008471275551       -0.45154028113012
H           -2.06118686532299        0.50985080919753       -0.71748333368887
C           -4.27214287682993       -0.48780011943633        0.09761668620357
H           -5.21214637158000       -0.55332178659682       -0.48436538797634
H           -4.51250633739869       -0.70601349830191        1.14166520304057
N           -3.29566602443359       -1.44940772786731       -0.33578454420256
H           -2.93765387742068       -1.37890504934661       -1.27558403320309
C           -2.68738181085714       -2.29088636374276        0.52709600872918
O           -2.97805570398383       -2.39058308950904        1.69981933199075
C           -1.52208885317364       -3.08014139540562       -0.09398822666480
H           -1.66429333762265       -3.19892620593338       -1.17227692420144
H           -1.46261911382905       -4.04953902540912        0.39116830849519
N           -0.29066236499354       -2.35835433119951        0.14774204478575
H            0.34075582453932       -2.64777195831194        0.88079738559691
C           -0.05913072067726       -1.14983334164007       -0.37325345836424
O           -0.81573626096452       -0.61287450075918       -1.17759778792560
C            1.21712585632753       -0.47767742913931        0.12847555875143
N            2.05680476650874       -1.45747746877044        0.79829166947118
H            2.76677675259066       -0.99355755709606        1.35245689661284
H            2.53772387310269       -2.02573832315166        0.10715982408480
H            0.88642570192379        0.24884344485014        0.88265911076118
C            1.90870380454395        0.28808499497918       -1.01982205207320
H            2.29759970788191       -0.43763499289269       -1.73947358013865
H            1.15563754910562        0.89847600272712       -1.52220320994855
C            3.02092005761790        1.14845785863848       -0.49416687386094
C            4.33643665407462        0.70574313242617       -0.52317169081980
H            4.56079298562124       -0.26569054208628       -0.95327422979323
C            5.35780918847498        1.48402133314379       -0.00907369805546
H            6.37669441406051        1.12979625023650       -0.05253469879739
C            5.07011691213754        2.71810585388550        0.55242916690394
H            5.86432183721105        3.33122916644709        0.94891957134389
C            3.75927435131490        3.16364753527544        0.59323143312019
H            3.52215539369767        4.11535776118454        1.03475696550296
C            2.74302783857717        2.38463998152889        0.07336998797516
H            1.72321092763824        2.74342976778704        0.10915694829324
37
 energy: -61.558447850141 gnorm: 0.009190286099 xtb: 6.7.1-6.fc44.fc44
O           -4.58298811273918        1.84879730142672        0.38311773000528
C           -3.83056330123994        0.98652569214164        0.02748293326830
O           -2.62179808400133        1.26876369556403       -0.43957661623998
H           -2.06064990695351        0.50866690796821       -0.71630064074366
C           -4.26651792649611       -0.48607669267664        0.09423245593026
H           -5.19546688443768       -0.55406846731940       -0.49142503915417
H           -4.51335060155269       -0.70893595555621        1.13717995869126
N           -3.29366198113877       -1.44931800908686       -0.33724564779378
H           -2.93761821302963       -1.37208508314872       -1.27845516196450
C           -2.68229361184869       -2.28918265392880        0.52546157356337
O           -2.98659554680904       -2.39164842798157        1.69131512734419
C           -1.51847533516157       -3.08159199988725       -0.09395851056717
H           -1.65934678022116       -3.19531311857565       -1.17235122676922
H           -1.46126572499345       -4.05628115398432        0.38633475795074
N           -0.28779280324332       -2.35722126544395        0.15155824027808
H            0.34794775716930       -2.65343309757928        0.87925264083328
C           -0.05663228160697       -1.15013515112489       -0.37227170503520
O           -0.81223220713332       -0.61525616479215       -1.17888236612850
C            1.21492965374178       -0.47628899791806        0.13493064160090
N            2.05663368073252       -1.45543674572366        0.80288899953407
H            2.76849744391096       -0.98784231795871        1.35201303320613
H            2.53845399346296       -2.02252948377364        0.11189590201031
H            0.88380469035006        0.24985462142711        0.88940049999960
C            1.90065655990940        0.28884356245153       -1.01698359299600
H            2.28601620222304       -0.43803452321077       -1.73802202410680
H            1.14495757300667        0.89882222102130       -1.51420410580987
C            3.01626544667828        1.14586409740840       -0.49366955402423
C            4.33164418851430        0.70124314257361       -0.52542258462953
H            4.56018852327147       -0.26196155500460       -0.96167556175019
C            5.35166341758422        1.48021363239353       -0.00937010374606
H            6.37198937516267        1.12516474356626       -0.04541097563108
C            5.06670116319019        2.71410991150753        0.55133532110758
H            5.86111789420271        3.32586768320412        0.95242225357436
C            3.75718902580365        3.16330826620738        0.59083158640798
H            3.52950605955832        4.13283676777129        1.01532703056874
C            2.73945972285354        2.38277771953162        0.07602389742599
H            1.71923125129897        2.73537887402283        0.10825709664041
37
 energy: -61.558521050251 gnorm: 0.006829866484 xtb: 6.7.1-6.fc44.fc44
O           -4.58084896882577        1.85282865785874        0.38397610999734
C           -3.82704820365484        0.99042015281280        0.02975103210416
O           -2.61595189119870        1.27017363738225       -0.42858039427468
H           -2.05874857306804        0.50943930439735       -0.71277493658141
C           -4.26130264551561       -0.48434764866789        0.08892395150737
H           -5.18251515609799       -0.55807451966646       -0.50085937112819
H           -4.51475116989140       -0.71118722009917        1.13149799356113
N           -3.28582932074839       -1.44734112373889       -0.34151748078075
H           -2.92865258588355       -1.36719499139423       -1.28306527033038
C           -2.68557980140352       -2.29030336428053        0.52835444161228
O           -2.98928114959444       -2.40139388623755        1.69441783409488
C           -1.52162810300841       -3.08126443643884       -0.09285246105490
H           -1.66332416877110       -3.19370065084178       -1.17115828249943
H           -1.45938547134533       -4.05848312493435        0.38242950506368
N           -0.29089227494628       -2.35654146766628        0.15582530295318
H            0.34875255392132       -2.65841628383798        0.88061918927702
C           -0.05799403686553       -1.15043380889748       -0.36755700757403
O           -0.81114918555339       -0.61747936905832       -1.17775762811792
C            1.21415906249253       -0.47652662220856        0.13731616312105
N            2.06020405171783       -1.45226689633150        0.80664185006337
H            2.77337215076939       -0.97948383344492        1.35100543480018
H            2.54115563904717       -2.02192798102589        0.11651740069484
H            0.88515661680952        0.25168094813963        0.89059956280176
C            1.89588767097140        0.28869639283376       -1.01624122036617
H            2.27632342617732       -0.43854051840252       -1.73925533219305
H            1.13771608188188        0.89903066864240       -1.50745893628877
C            3.01274835289927        1.14560702173452       -0.49604133622349
C            4.32853657212287        0.70007223773604       -0.52777721584902
H            4.56051765272419       -0.25806179008591       -0.97055399690792
C            5.34808293434341        1.47893583547020       -0.00858178463767
H            6.36771660746012        1.12194579228028       -0.03887544882264
C            5.06392731978378        2.71341300248272        0.54855683834566
H            5.85927131096651        3.32288268377497        0.95240062714105
C            3.75540295534420        3.16654861937507        0.58392347125772
H            3.53372431222298        4.12658754739630        1.02133933965294
C            2.73640258422125        2.38456398561272        0.07223497580431
H            1.71542917051403        2.73454102484132        0.10061334262730
37
 energy: -61.558587212571 gnorm: 0.004155828026 xtb: 6.7.1-6.fc44.fc44
O           -4.57933351794294        1.85609184089199        0.37989169273214
C           -3.82489918071819        0.99213630407321        0.03091409771843
O           -2.61191707116815        1.26915933186049       -0.42238859526392
H           -2.05623319057636        0.50705562226851       -0.70575670206301
C           -4.26414816075612       -0.48101480321899        0.08838739781372
H           -5.18159529845151       -0.55990690576115       -0.50503328570630
H           -4.52017120187543       -0.70569582065311        1.13023368891619
N           -3.28178257013669       -1.44304361755499       -0.33704778611569
H           -2.92161803462545       -1.36409324430516       -1.27741202237655
C           -2.68777049806770       -2.29425928655942        0.52466745362341
O           -2.99302266367208       -2.40296089102845        1.68991986602343
C           -1.52115943510053       -3.08411989804733       -0.09399026083614
H           -1.66114246114291       -3.19936622765179       -1.17199378949972
H           -1.45381620927804       -4.05986004479382        0.38222639338476
N           -0.29175332142515       -2.35776736006113        0.15708108121145
H            0.34481062399289       -2.65904999341096        0.88429877774001
C           -0.05797793662600       -1.15190814087468       -0.36561154257901
O           -0.81008610319308       -0.62020083905268       -1.17734947270712
C            1.21478477200234       -0.47721931296618        0.13689058388999
N            2.06303338465482       -1.45066354267657        0.80756795477521
H            2.77616805522959       -0.97517955792166        1.35015382008755
H            2.54332586451624       -2.02271634425608        0.11807711853989
H            0.88704535390265        0.25216361690861        0.88945487058635
C            1.89519049038213        0.28882166149526       -1.01753369908879
H            2.27314751861058       -0.43680575290915       -1.74290436975643
H            1.13628350209277        0.90078408274470       -1.50591472264716
C            3.01208111689178        1.14601409374479       -0.49814220500695
C            4.32772046516232        0.69998890414334       -0.52842004291185
H            4.56119232319242       -0.25640506378583       -0.97587663431575
C            5.34720833257275        1.47842668663903       -0.00703886062997
H            6.36644880779719        1.12029896238567       -0.03804398989229
C            5.06285727825896        2.71174603833040        0.55035111288008
H            5.85848553188475        3.32055017177446        0.95383302569602
C            3.75381287951999        3.16527419465094        0.58542887350530
H            3.52511291870923        4.12763267996743        1.02110297411510
C            2.73532635361215        2.38485310326823        0.07022246148571
H            1.71399560178945        2.73563732785418        0.09579099952270
37
 energy: -61.558618297908 gnorm: 0.003036223500 xtb: 6.7.1-6.fc44.fc44
O           -4.57817609534982        1.85714725992153        0.37628322062283
C           -3.82350328808951        0.99205070585494        0.03013821059434
O           -2.60859466288915        1.26802533474553       -0.41772113751511
H           -2.05305725516532        0.50512914189230       -0.69904480869072
C           -4.26491431484702       -0.48028529132992        0.08883418503721
H           -5.18141921872442       -0.56443378698206       -0.50606197295967
H           -4.51919582365598       -0.70280757539212        1.12966257544559
N           -3.28090861270899       -1.44033742309532       -0.33607707161468
H           -2.91910248758732       -1.36370669565273       -1.27613112965023
C           -2.68692516188793       -2.29167076584645        0.52507999979657
O           -2.99934086471826       -2.40810413337267        1.68878569386239
C           -1.52050974312346       -3.08245525508075       -0.09293333155689
H           -1.65931798804019       -3.19884556045441       -1.17128284675430
H           -1.45352655069571       -4.05966666412839        0.38335636717400
N           -0.29073421524756       -2.35754085557482        0.15742843672468
H            0.34067513091591       -2.65636407209735        0.88848484127965
C           -0.05485985170156       -1.15275882632134       -0.36756566589435
O           -0.80700167671141       -0.62097134982034       -1.17901813149757
C            1.21597990964543       -0.47739262691098        0.13598591175678
N            2.06393934357216       -1.45039563275960        0.80698609287744
H            2.77653865294079       -0.97435413181718        1.34962407807768
H            2.54399848688726       -2.02359624660708        0.11836822159238
H            0.88837032655474        0.25204634871091        0.88882986073137
C            1.89490352350099        0.28910275744723       -1.02004982119235
H            2.27242003704969       -0.43461699135405       -1.74700881839389
H            1.13564819234336        0.90210060698598       -1.50762955429697
C            3.01162014731210        1.14602911215346       -0.50019447138047
C            4.32671560539721        0.70021773638976       -0.52866079829586
H            4.56053775192274       -0.25608997404457       -0.97684577798971
C            5.34616565142768        1.47841962551430       -0.00602644865091
H            6.36491720653527        1.12002116260640       -0.03828777473360
C            5.06072162625039        2.71091140073720        0.55279868225042
H            5.85572743839187        3.31956761901487        0.95665271750972
C            3.75151504406773        3.16229688611759        0.58902080696902
H            3.52337459759346        4.12696243668043        1.01815819465361
C            2.73403591726393        2.38401137486058        0.06897520367157
H            1.71288754158966        2.73675232452129        0.09312252329088
37
 energy: -61.558639254199 gnorm: 0.001892494216 xtb: 6.7.1-6.fc44.fc44
O           -4.57826244584070        1.85917182508808        0.37417080813035
C           -3.82254635572898        0.99374778419715        0.03026436612697
O           -2.60495269180248        1.26962879545344       -0.40953974262223
H           -2.04978400988485        0.50615704706313       -0.69156485135424
C           -4.26270497966076       -0.47914873925878        0.08679187162158
H           -5.17692417395221       -0.56821980082820       -0.51060123941704
H           -4.51832253571037       -0.70382264883303        1.12707395445296
N           -3.27659129790008       -1.43792506399925       -0.33571157845695
H           -2.91174681816531       -1.36209315424301       -1.27466426328950
C           -2.68909499528260       -2.29367994306141        0.52615047530567
O           -3.00531723023208       -2.41175179482131        1.68801803275992
C           -1.52060241884927       -3.08289398398071       -0.09034010626684
H           -1.65806773646452       -3.20072799068245       -1.16894501251444
H           -1.45230878129463       -4.05960636231643        0.38676159767560
N           -0.29141233579554       -2.35666175553549        0.15894901619541
H            0.33908528170735       -2.65376940763953        0.89234720372191
C           -0.05478647449581       -1.15280955216816       -0.36866841815202
O           -0.80706496052258       -0.62190937564500       -1.18056635494723
C            1.21641499170860       -0.47744639912214        0.13372976672669
N            2.06418870297125       -1.44985432822319        0.80497870173961
H            2.77664426116376       -0.97326408732618        1.34694033087853
H            2.54379275284845       -2.02414973985741        0.11732933835092
H            0.88904536352138        0.25204953975824        0.88678751419862
C            1.89427492359682        0.28969416958046       -1.02279492690927
H            2.27121396157255       -0.43391148362503       -1.75001366211637
H            1.13377158074981        0.90235126553389       -1.50917015303212
C            3.01093891088803        1.14605040179594       -0.50218052241055
C            4.32582480622182        0.70024777331467       -0.52944535770470
H            4.55988231646402       -0.25586992738671       -0.97695429172365
C            5.34496937423126        1.47802717238455       -0.00545385308674
H            6.36342904904279        1.11972265596020       -0.03764533835272
C            5.05856803359784        2.71003663438915        0.55474135793975
H            5.85296815862856        3.31840538895485        0.95990797850092
C            3.74943913887796        3.16148194189197        0.58909165198615
H            3.52086754617379        4.12512071773613        1.01981079599202
C            2.73275985126227        2.38391376130197        0.06666368977578
H            1.71201555637324        2.73810663966182        0.08978748312808
37
 energy: -61.558653144168 gnorm: 0.002499879550 xtb: 6.7.1-6.fc44.fc44
O           -4.57876137057216        1.86271353686461        0.36659018898456
C           -3.82051757653376        0.99618804942447        0.03125436877196
O           -2.59648535230341        1.27037303437748       -0.39144586177688
H           -2.04284582422753        0.50638946570299       -0.67519059728828
C           -4.26040495708975       -0.47588687996821        0.08185371709380
H           -5.16801337983444       -0.57181734977036       -0.52189014150209
H           -4.52037152145940       -0.70532923626229        1.12114567551462
N           -3.26929267868058       -1.43426318826496       -0.33311282521615
H           -2.89623601532520       -1.35762190151021       -1.26892864234597
C           -2.69164436695741       -2.29645187068765        0.52916800823699
O           -3.01936467224481       -2.42394426017291        1.68703247712806
C           -1.51981188468595       -3.08319943362783       -0.08462396059657
H           -1.65620730900391       -3.20327518481259       -1.16358395107842
H           -1.45092110341964       -4.05893604654772        0.39411521606689
N           -0.29200126559027       -2.35415677840339        0.16271296281076
H            0.33729244286583       -2.64682243926343        0.90021839199818
C           -0.05536615860647       -1.15235725701933       -0.36958932291880
O           -0.80680456924942       -0.62408682443458       -1.18454080741541
C            1.21730651791519       -0.47724239628743        0.12889169301622
N            2.06577775177196       -1.44814525211113        0.80023072692042
H            2.77908039809456       -0.97051680357325        1.33943702700694
H            2.54303155326670       -2.02492564734815        0.11334901714127
H            0.89046788526757        0.25239217454031        0.88228918240524
C            1.89299047903734        0.29008565091524       -1.02819269596565
H            2.26964797021043       -0.43351145273026       -1.75569461522895
H            1.13139864424593        0.90184634118897       -1.51322707119487
C            3.00886121478900        1.14641144198501       -0.50659749025795
C            4.32398077519140        0.70078743425096       -0.53221454272144
H            4.55894206861971       -0.25524002249691       -0.97899784908804
C            5.34213064737414        1.47723727749634       -0.00487617662420
H            6.36073447282274        1.11950433657417       -0.03673389559714
C            5.05426349860382        2.70779612073952        0.55859546166162
H            5.84779042056427        3.31450995123604        0.96841049927243
C            3.74520469774905        3.16069393130002        0.58834044185146
H            3.51596020541187        4.12069340895810        1.02581292934959
C            2.72980720861333        2.38400138824821        0.06205907886361
H            1.70998547338815        2.74050465700250        0.08396964557303
37
 energy: -61.558660808381 gnorm: 0.001864693951 xtb: 6.7.1-6.fc44.fc44
O           -4.58029671669292        1.86147458881699        0.36452525330502
C           -3.82087053471913        0.99525087412122        0.03129564563819
O           -2.59591035025358        1.26991512769412       -0.38876639537962
H           -2.04203862327271        0.50675789085938       -0.67407446647597
C           -4.25970893874298       -0.47725132655634        0.08221041269776
H           -5.16655512102655       -0.57299156667594       -0.52244827496445
H           -4.51975224608822       -0.70580564020518        1.12120191976152
N           -3.26712577085353       -1.43244930518906       -0.33307754865683
H           -2.89198205555977       -1.35359025209757       -1.26816229203903
C           -2.69321074121589       -2.29675630151326        0.52940664416489
O           -3.02170541647206       -2.42368438594393        1.68650655294788
C           -1.52030333828611       -3.08327238373566       -0.08297838261215
H           -1.65713926355093       -3.20490231542609       -1.16158873811719
H           -1.45132476076265       -4.05762572704135        0.39744862756810
N           -0.29262671079751       -2.35363170863127        0.16326097371019
H            0.33711715585586       -2.64499902462193        0.90069213413575
C           -0.05520003026633       -1.15292061401573       -0.37087998661542
O           -0.80650537791739       -0.62462137788123       -1.18597160124808
C            1.21702394665902       -0.47708803511412        0.12786449823121
N            2.06602864986089       -1.44789267744750        0.79886889937620
H            2.78008085235104       -0.97038175179274        1.33720552225789
H            2.54236912516414       -2.02491598185071        0.11148830777427
H            0.89030736328784        0.25253642123581        0.88139767297073
C            1.89297493289842        0.28998405852173       -1.02910995938848
H            2.27049767684636       -0.43365402271229       -1.75625775921384
H            1.13196717270172        0.90157638522128       -1.51510314799871
C            3.00854508741372        1.14673564791584       -0.50747877085480
C            4.32379293887890        0.70136753263670       -0.53329916695368
H            4.55877453062042       -0.25515079091511       -0.97988942452296
C            5.34173584095032        1.47735096419798       -0.00515939904084
H            6.36029223867391        1.11955829518831       -0.03594133168674
C            5.05377152486248        2.70739875810392        0.55931261486900
H            5.84706985071094        3.31344667206820        0.97081391223757
C            3.74469774679546        3.15989588051816        0.58981557855957
H            3.51567672058447        4.12076007394291        1.02577989341611
C            2.72943103124300        2.38368184229157        0.06235581014527
H            1.70970593013821        2.74029215154529        0.08477203485256
37
 energy: -61.558668777888 gnorm: 0.001434940082 xtb: 6.7.1-6.fc44.fc44
O           -4.58344421106208        1.86081206222249        0.36162898516874
C           -3.82282873071384        0.99503919246178        0.03099822510274
O           -2.59686352082136        1.27039779834443       -0.38686994627145
H           -2.04331216811105        0.50836603035193       -0.67617853231790
C           -4.26089062104785       -0.47798328817048        0.08305139556609
H           -5.16751221625112       -0.57052385440941       -0.52247315593142
H           -4.52141497404829       -0.70511846527654        1.12173483547735
N           -3.26872176252219       -1.43420762637637       -0.33225384081897
H           -2.89055138645167       -1.35178494448292       -1.26593360231974
C           -2.69322342042994       -2.29712303008501        0.53006265918058
O           -3.02383474806983       -2.42473676861156        1.68658263412726
C           -1.51958186963968       -3.08382162765910       -0.08067674728559
H           -1.65820895310862       -3.20749013778586       -1.15845837534739
H           -1.45099496112729       -4.05641665453268        0.40240469265307
N           -0.29240873496340       -2.35285296104195        0.16350494417624
H            0.33955937275617       -2.64346613390977        0.89879075722502
C           -0.05467052028803       -1.15335401772603       -0.37251902119413
O           -0.80587101024767       -0.62475496515977       -1.18727383233425
C            1.21702290463073       -0.47643621342006        0.12649871245356
N            2.06652091016445       -1.44779281266859        0.79683846673470
H            2.78240960821428       -0.97118803181326        1.33378100839425
H            2.54112792841004       -2.02505118286285        0.10817497018537
H            0.89040922319714        0.25314242906383        0.88000488846042
C            1.89382902115435        0.29006292197179       -1.03029333354727
H            2.27306210309448       -0.43430428838010       -1.75603702952555
H            1.13368481650340        0.90109665900251       -1.51866514473795
C            3.00901540642942        1.14770994762246       -0.50858647426724
C            4.32424987927359        0.70235072835477       -0.53444872920932
H            4.55865190315296       -0.25522449063091       -0.98087690862993
C            5.34201413775317        1.47735876092249       -0.00492255534965
H            6.36092124741176        1.11949843789137       -0.03504260867355
C            5.05425209405150        2.70714670184382        0.56028538955991
H            5.84719606511934        3.31276301738168        0.97306495123372
C            3.74525487318463        3.15916467472798        0.59197140964490
H            3.51480234159587        4.12004402445221        1.02767051461012
C            2.72997718045256        2.38353887536023        0.06335037450285
H            1.70997711237298        2.73953720853980        0.08714628615533
37
 energy: -61.558673146271 gnorm: 0.001318149759 xtb: 6.7.1-6.fc44.fc44
O           -4.58614748762609        1.86062674700374        0.35706703350852
C           -3.82328585838030        0.99488520727311        0.03134720405462
O           -2.59590571949593        1.27053349771274       -0.38223527323512
H           -2.04216063381741        0.51012436568148       -0.67177627717232
C           -4.26129300437577       -0.47821816010722        0.08224248933428
H           -5.16667464349481       -0.57040106523580       -0.52551912083392
H           -4.52414079031591       -0.70606210874581        1.12053806894765
N           -3.26759139380620       -1.43345477133493       -0.33141789543741
H           -2.88500382555956       -1.34808255451844       -1.26315414143481
C           -2.69426264305354       -2.29747199222292        0.53133297161401
O           -3.02848090868330       -2.42813325895682        1.68682368246042
C           -1.51945134293649       -3.08359824528001       -0.07802649313957
H           -1.65878154562142       -3.20944293908493       -1.15541084656232
H           -1.44988758152350       -4.05563783108297        0.40688631420314
N           -0.29282845108006       -2.35117440305887        0.16477332188458
H            0.34061607692270       -2.64214608816404        0.89857278580835
C           -0.05545876757185       -1.15221014867279       -0.37235850410751
O           -0.80636048750357       -0.62424232465316       -1.18781583689816
C            1.21780248749126       -0.47621761750486        0.12445252664283
N            2.06752867518740       -1.44781420684003        0.79449794745794
H            2.78505216812391       -0.97146736791977        1.32975628914415
H            2.54051714168605       -2.02599830201156        0.10552081000429
H            0.89181463751263        0.25361003603041        0.87794597235075
C            1.89418540657567        0.29012205692118       -1.03273035681546
H            2.27388358779425       -0.43400700375316       -1.75839928094442
H            1.13376100137021        0.90084776892901       -1.52113910480152
C            3.00888784525719        1.14785563354217       -0.50995425647042
C            4.32438591833338        0.70280204576874       -0.53556385239902
H            4.55876987736642       -0.25499126393190       -0.98194862550251
C            5.34166791614327        1.47726308950354       -0.00463816225431
H            6.36039064751404        1.11924142335665       -0.03384141725969
C            5.05359247545430        2.70630689861457        0.56180791361469
H            5.84636017698474        3.31157255116492        0.97537795481381
C            3.74456799054076        3.15819854264298        0.59326352512004
H            3.51474253677074        4.11891659489288        1.02987498281346
C            2.72946039513006        2.38307036885180        0.06316235991760
H            1.70933244270565        2.73919280070244        0.08672155442428
37
 energy: -61.558677063486 gnorm: 0.001068167988 xtb: 6.7.1-6.fc44.fc44
O           -4.58799294699978        1.86053447098184        0.35424338612429
C           -3.82347815670713        0.99503531871890        0.03177253832355
O           -2.59346491657125        1.27131039922054       -0.37362391188911
H           -2.04081292952713        0.51139747266718       -0.66757207406087
C           -4.26142718095143       -0.47800799195240        0.08006997875071
H           -5.16493212865015       -0.57069199179066       -0.53068848021799
H           -4.52725397852978       -0.70739136034972        1.11740133883537
N           -3.26636306739152       -1.43329436582070       -0.33097160631515
H           -2.87766348365902       -1.34503044540650       -1.25990025745733
C           -2.69631187122220       -2.29801118997791        0.53314414277151
O           -3.03573518936315       -2.43167557792378        1.68675280746125
C           -1.51952938277442       -3.08306934597008       -0.07396141705669
H           -1.65897332515366       -3.21253816253137       -1.15098777929462
H           -1.44735173483517       -4.05390876505549        0.41354767250588
N           -0.29359903617646       -2.34866262603138        0.16666514293946
H            0.34183284322223       -2.63998621072624        0.89870910133404
C           -0.05527025157238       -1.15111180814218       -0.37350026445246
O           -0.80615303084348       -0.62352655993628       -1.18915431781511
C            1.21869655878745       -0.47581442928953        0.12229030999364
N            2.06854161621851       -1.44789404529616        0.79136179428082
H            2.78797321083446       -0.97181580898456        1.32446552002424
H            2.53967418193180       -2.02711637206435        0.10197200332157
H            0.89382434860898        0.25418938579598        0.87615072680823
C            1.89428392770669        0.29066978613361       -1.03535969921988
H            2.27370798133017       -0.43294710372775       -1.76158004965323
H            1.13351409562932        0.90137074616173       -1.52311494693920
C            3.00867421606557        1.14821351079512       -0.51182537554051
C            4.32412597618758        0.70274646184824       -0.53634726192923
H            4.55852895582051       -0.25454691095965       -0.98333815144379
C            5.34099275654855        1.47639715525572       -0.00360513675260
H            6.35990692602234        1.11839107137272       -0.03326385935901
C            5.05258281879855        2.70506127080988        0.56372109428404
H            5.84521930241343        3.30971892169933        0.97837772635523
C            3.74353413983296        3.15764149169279        0.59361884362247
H            3.51296464912211        4.11636907657274        1.03387711408773
C            2.72875175265455        2.38311701477767        0.06194131887730
H            1.70858667321125        2.73927549294507        0.08474829154641
37
 energy: -61.558678876784 gnorm: 0.000895590408 xtb: 6.7.1-6.fc44.fc44
O           -4.58925497344655        1.86062548772578        0.35302496219433
C           -3.82386498725988        0.99532706675403        0.03222330650309
O           -2.59234822241531        1.27193210125635       -0.36819046556158
H           -2.03979060116287        0.51256080140735       -0.66365358451138
C           -4.26167183619487       -0.47756768253225        0.07792439005593
H           -5.16417764308088       -0.57016562676310       -0.53475532940985
H           -4.52984794407778       -0.70782493832284        1.11436006010338
N           -3.26627760306805       -1.43360922315706       -0.33098439398662
H           -2.87356653683825       -1.34374773929792       -1.25801626324018
C           -2.69808206325274       -2.29948363593728        0.53405879814982
O           -3.04022825410305       -2.43406750784482        1.68658247377056
C           -1.51952094597061       -3.08334280687817       -0.07126853752942
H           -1.65857171473508       -3.21535255226002       -1.14815944953021
H           -1.44546995520544       -4.05312815873779        0.41805682842229
N           -0.29445397459732       -2.34702146392197        0.16825503065701
H            0.34270327070797       -2.63841593688068        0.89883449986477
C           -0.05573697187659       -1.15034158683142       -0.37329982539863
O           -0.80692312440832       -0.62280343456582       -1.18873372315000
C            1.21928147830967       -0.47564216928744        0.12072892123797
N            2.06922581509844       -1.44834105874490        0.78855293864351
H            2.78977778135472       -0.97262088512582        1.32043648290966
H            2.53911067911391       -2.02789980588736        0.09857320024674
H            0.89550478260466        0.25417691076051        0.87533434030407
C            1.89434756008393        0.29161693184251       -1.03654933518828
H            2.27307135651703       -0.43196517383564       -1.76315542922893
H            1.13327248129421        0.90269262551538       -1.52325286580692
C            3.00893789790477        1.14854988067709       -0.51275808246212
C            4.32418821732636        0.70281465998293       -0.53707774269015
H            4.55871953991244       -0.25371262531732       -0.98505764158460
C            5.34093875865594        1.47605192300136       -0.00338587863012
H            6.35945195627281        1.11765184661466       -0.03200750695042
C            5.05228896277274        2.70429333201207        0.56472736156303
H            5.84473838343982        3.30829349907174        0.98060529429949
C            3.74328020229509        3.15672656177043        0.59476145594899
H            3.51313194915700        4.11614284684214        1.03349386360334
C            2.72876468895015        2.38303175744716        0.06181770769625
H            1.70865590994086        2.73896375496046        0.08399040153612
