34
 energy: -55.781642307247 gnorm: 1.131739830703 xtb: 6.7.1-6.fc44.fc44
O           -4.82236507036308        0.62066100916319       -0.67160975693761
C           -4.69814919799591        1.65538878445376       -1.26824552359919
O           -5.45268351163891        2.62202645985890       -1.11399655754563
H           -3.83312737679748        0.04909368498985       -0.58511802914266
C           -3.25077819194658        1.55585498321432       -2.23779465038432
H           -3.67104888750378        2.39045351201600       -2.92084646419875
H           -3.40130697409970        0.68420515114375       -2.76861769317541
N           -1.95709116076207        1.58088229879777       -1.67979364739795
H           -1.45312042078280        2.42759351875576       -1.61502197317174
C           -1.54258923443841        0.47455005938398       -0.90272065818832
O           -2.42158914356995       -0.68580860291603       -0.91407253018052
C           -0.41286689105401        0.31762127821298       -0.52385146842816
H            0.39923420674202       -0.01011745364766       -1.17696157956578
N            0.03917003235840        1.65627854971802       -0.35355769619119
H            1.08932895079809        1.98656175563837       -0.19190565336932
H           -0.11554067870445        2.60550927384352        0.51071651774062
C           -0.32909598991544       -0.21769971652279        0.92865821045302
H           -0.56599276534026       -1.39883723288014        0.85763668552683
H           -0.56871716637829        0.31321350538687        1.74336298472610
C            1.40631946223056       -0.48673314399060        1.12210106015290
C            2.03627458566929        0.32194031578277        2.39229786199789
H            1.42953497353949        1.06435970800462        2.86755560439228
N            3.09074939476917       -0.03954293385087        2.34638415279961
H            3.93323942146519        0.65570721312836        3.00596812712043
C            3.42650980435621       -0.96547435059826        1.47663290512893
C            4.67369895946791       -1.33206628078335        1.19197300636133
H            5.67011945372983       -1.31617938212587        1.33243070113451
C            4.83828448610975       -2.48963807124025        0.03643191077398
H            5.65176613325883       -3.04519147715774       -0.24361392906371
C            3.49590514139512       -2.73480871373434       -0.62894150995507
H            3.57015580902607       -3.51048510768411       -1.32989553934598
C            2.16160141731519       -2.24720274619438       -0.37426795258281
H            1.37704928758575       -2.50425619571198       -0.86590095168554
C            2.35770529942772       -1.27807295676382        0.96417162853686
34
 energy: -56.193179197335 gnorm: 0.558873700607 xtb: 6.7.1-6.fc44.fc44
O           -4.81168826435237        0.58988821579322       -0.65005666480484
C           -4.68100886924270        1.66855626576585       -1.26042686449441
O           -5.43347443932395        2.61489648792530       -1.13288514271697
H           -3.83907450427617        0.03786043940428       -0.59475162574029
C           -3.28714938070054        1.57977509730275       -2.24187769451541
H           -3.64500455198758        2.39443407396696       -2.92335884365192
H           -3.41029046230439        0.67079882955456       -2.77423102930614
N           -1.99085721237846        1.57177422365876       -1.67307864426223
H           -1.45285520135966        2.42177213658502       -1.61030824629152
C           -1.61859023421337        0.46722309971187       -0.93875384459525
O           -2.42258573097660       -0.63764174053214       -0.90982390538114
C           -0.35741736549937        0.34407905257374       -0.48241089767272
H            0.40824094149661       -0.02075775096620       -1.16880241864045
N            0.07607131826473        1.72707964858461       -0.34870386523639
H            1.09299115360700        1.96548048185633       -0.20496186595812
H           -0.13875816562354        2.56347572666543        0.49529958213732
C           -0.27403644697902       -0.27329850393794        0.92002741584517
H           -0.57660934090222       -1.38196423424402        0.86624962630534
H           -0.57847845722837        0.30992915729970        1.74382111829397
C            1.33982244749020       -0.44484140595476        1.17159935561808
C            1.96700718534649        0.34477446397610        2.37499248374250
H            1.41100232019326        1.07597849303007        2.87344085852621
N            3.15689055437310       -0.03152064990733        2.36461054867038
H            3.92624311733021        0.62847851189801        2.99144225763864
C            3.47475020600612       -0.98192101397854        1.47538493749955
C            4.70674815865635       -1.38597301335877        1.15402447908185
H            5.70496357111346       -1.30615413777050        1.34735051492149
C            4.78195176038708       -2.46145681393363        0.05158447644986
H            5.64281944921518       -3.03090769483982       -0.23732517353105
C            3.50071946837835       -2.73991803965986       -0.61631988404553
H            3.57100053543119       -3.51544018106254       -1.34275063401122
C            2.22306169108953       -2.23984884964602       -0.34141429995699
H            1.36826463123031       -2.50414494977745       -0.86692171707585
C            2.31591427569260       -1.30067873029247        0.89892319989370
34
 energy: -56.410606069332 gnorm: 0.216421913841 xtb: 6.7.1-6.fc44.fc44
O           -4.79048522187828        0.55947393629567       -0.62447307063462
C           -4.65546128809513        1.67118923273647       -1.25738411115655
O           -5.40325681194071        2.60301009709233       -1.15622466436849
H           -3.85887985459913        0.02833912399731       -0.60914717874552
C           -3.33530309707750        1.60023975676312       -2.23935644697912
H           -3.60866073295814        2.40109917426969       -2.92612804966470
H           -3.42400388497522        0.66014650847082       -2.77782094192673
N           -2.02360594270450        1.55562764666711       -1.65166773700996
H           -1.45284426722048        2.40389185513376       -1.60287602318469
C           -1.66688513464876        0.44524768571846       -0.97038020117848
O           -2.40290648167978       -0.56243199245634       -0.90355119579643
C           -0.32492952733211        0.39144395195257       -0.43864448741578
H            0.39667010158221       -0.02369878911486       -1.16060430651858
N            0.10125354198750        1.80715430271124       -0.32849756862872
H            1.09592815795198        1.93908485494888       -0.22215847606373
H           -0.16245272331608        2.49069192453918        0.45792702813578
C           -0.18915359814786       -0.31716532820420        0.91685256328872
H           -0.58349962490294       -1.35028050304258        0.87112767658590
H           -0.59600627758373        0.29952710048196        1.73069039758310
C            1.30099565733573       -0.41021588798550        1.25859774639947
C            1.92660774437355        0.33600556100750        2.32678015594841
H            1.41077365870375        1.07812196767418        2.87643869464087
N            3.19942066082532       -0.01349295786191        2.37917509610962
H            3.87992010831613        0.57470179110549        2.95030268058597
C            3.49467857068959       -0.98801719802510        1.46251354623406
C            4.72162417002209       -1.46314849431336        1.09010915056966
H            5.72764096054584       -1.28588656714367        1.37481944997814
C            4.72522806632915       -2.43373563396474        0.07210457965227
H            5.62450738263138       -3.00281749964617       -0.22617437520445
C            3.50800718651082       -2.74759617440897       -0.59565140606364
H            3.57182162010950       -3.51519098403849       -1.35383433208956
C            2.27694309260992       -2.21791308681607       -0.29165633097850
H            1.38092217791362       -2.48913154319130       -0.84583194576059
C            2.28597576857573       -1.30448713566188        0.82421167639249
34
 energy: -56.462453624025 gnorm: 0.082457891795 xtb: 6.7.1-6.fc44.fc44
O           -4.76667355817924        0.53897857226282       -0.58604946829461
C           -4.61701654192476        1.65471586758139       -1.25413984516438
O           -5.36066790505929        2.59039408493407       -1.19019440106733
H           -3.90125212856286       -0.00267109440315       -0.62274461992597
C           -3.38121984391948        1.60790801044930       -2.23665995235885
H           -3.54700444753249        2.42692732271587       -2.94166547047232
H           -3.45787773446957        0.65761251445555       -2.78272286069184
N           -2.06270343116183        1.55627385743303       -1.62919552703625
H           -1.46965811997248        2.38766751660784       -1.59772379155157
C           -1.68439832717025        0.44304114052472       -0.98168891400937
O           -2.40604242459880       -0.53658054169662       -0.88080942723483
C           -0.29604231629886        0.44879239372093       -0.40891104318476
H            0.38841220078950       -0.01130084335827       -1.14819102035226
N            0.13091272011588        1.86609646370576       -0.32414299374516
H            1.14223163690460        1.91324201492478       -0.24869769160317
H           -0.21515077437670        2.40916521033120        0.44347839751090
C           -0.14089669555821       -0.31513255503398        0.92377783277460
H           -0.58803269221670       -1.31282826857702        0.86551649392519
H           -0.63202606265931        0.28589954132507        1.72401147095356
C            1.29491831815456       -0.40237644982521        1.31646488435004
C            1.89638159737715        0.32786361306242        2.28067993786707
H            1.41032644024014        1.07650424127470        2.87936912716670
N            3.21889263188462        0.00368470599173        2.37941257998729
H            3.85205814672241        0.52194964070308        2.92031353005992
C            3.51202096048879       -0.96991693065868        1.45014008077362
C            4.73409095583233       -1.50342285918671        1.06201697842049
H            5.72959937839353       -1.25968729368268        1.42583657898786
C            4.69430093168381       -2.43941822602163        0.06887029782307
H            5.61022944670343       -2.97641213926106       -0.23175240426426
C            3.50919431782514       -2.77837543285605       -0.58782267285978
H            3.56503080131946       -3.52223324099345       -1.37261534578050
C            2.30393101590492       -2.20337010005219       -0.26324396906314
H            1.39431071383116       -2.47195208830760       -0.82123190524124
C            2.29040494744286       -1.29125195239944        0.77990272603685
34
 energy: -56.471797179761 gnorm: 0.066544851903 xtb: 6.7.1-6.fc44.fc44
O           -4.75496786885251        0.54467588603782       -0.54196064322529
C           -4.59280735198219        1.63772235743662       -1.25748005981661
O           -5.31293350426850        2.59452908670412       -1.21120844466330
H           -3.94630544469936       -0.06254661287159       -0.64363226490662
C           -3.40022893298568        1.59635647121676       -2.24434283672210
H           -3.48458909804344        2.44736463971996       -2.94349668671840
H           -3.49458930984680        0.65524650730012       -2.80202823971503
N           -2.09041518933871        1.55560020166853       -1.61579688799616
H           -1.49388482390541        2.37545148202868       -1.59490888982471
C           -1.67705364400739        0.45183903905823       -0.98103206037810
O           -2.40591912418929       -0.53773122633454       -0.84676595900039
C           -0.27508148773422        0.48318240152486       -0.41369698215643
H            0.38894964902367       -0.00222173338267       -1.15175811477926
N            0.16371345017390        1.88653076215955       -0.35375523434184
H            1.17003423539377        1.91975734004693       -0.25452492016177
H           -0.28778172165252        2.33276836530252        0.50658792617328
C           -0.14137753246296       -0.29443157141504        0.91587426709616
H           -0.60601631780966       -1.27863927736954        0.83257318271616
H           -0.66756524984357        0.27415900110431        1.71074861265525
C            1.28507839902054       -0.40997247509630        1.32122700049118
C            1.90302044298180        0.35349402300477        2.26645542631671
H            1.43692644702292        1.09856606111386        2.89699615376026
N            3.22629335354196        0.02591026341740        2.36315766868037
H            3.90010341826852        0.51083255077762        2.96162410480287
C            3.51441035293861       -0.93948064159911        1.43045439661413
C            4.73244408379600       -1.50344072455872        1.05959266769368
H            5.71183146970511       -1.25920532868534        1.47823681585439
C            4.68492129188514       -2.45805875328590        0.05351267963989
H            5.60423964391488       -2.95904140763291       -0.25032409518524
C            3.50396490234609       -2.81466099847326       -0.59297089778302
H            3.55146986641388       -3.54265415906897       -1.39076183756077
C            2.30858934012169       -2.21762392802103       -0.25837649789581
H            1.39902333824769       -2.47556476827239       -0.80135081590198
C            2.29708707477948       -1.26892613786502        0.76271905897391
34
 energy: -56.475451874410 gnorm: 0.055837842321 xtb: 6.7.1-6.fc44.fc44
O           -4.74300913739494        0.54806408069146       -0.52870244260051
C           -4.57852151966772        1.63408046581815       -1.26328152226262
O           -5.29541728686644        2.59427296411115       -1.21676768949587
H           -3.97285770035919       -0.09409232173839       -0.66333973144150
C           -3.40885930563426        1.57970532943388       -2.25423176025242
H           -3.44839690833205        2.45667746048684       -2.91921046177780
H           -3.51406755582912        0.65467161555877       -2.83727949699006
N           -2.11520845444126        1.54540140373254       -1.59220906669232
H           -1.51323569661187        2.35567226785320       -1.57771717467533
C           -1.69087942858784        0.44919905381731       -0.96017257056335
O           -2.40418354133563       -0.55037544151985       -0.84071906582813
C           -0.27438647834827        0.49903626095402       -0.40176065983440
H            0.37116201892193        0.00368113474733       -1.14571747033089
N            0.16499931577526        1.88974182353378       -0.33965648159380
H            1.17190837357720        1.90780964657806       -0.22805914298717
H           -0.20113696953170        2.34495298627359        0.45041877921058
C           -0.15165144277300       -0.28927488540181        0.92044177451905
H           -0.62380603298635       -1.26166199198164        0.79198884291631
H           -0.70139139761912        0.25010499061457        1.71190787123396
C            1.28003660856700       -0.40695400929299        1.31933139395681
C            1.90609421801686        0.36572133052705        2.26360677008030
H            1.46095107921768        1.10586690234493        2.91621458061010
N            3.23370732069357        0.03732309471364        2.35396169819788
H            3.91959771114512        0.48712324891734        2.96805803517499
C            3.51538513505795       -0.91943819721708        1.41630534488026
C            4.72447786090272       -1.51162423142558        1.05890209183319
H            5.68518144928804       -1.26211589857323        1.51898652620030
C            4.68696775400582       -2.45966072965781        0.04343341917300
H            5.60892458505844       -2.93413966892195       -0.26268676354055
C            3.50411440874867       -2.81766825022490       -0.59898127169238
H            3.54048616340611       -3.54808376140876       -1.39203294446746
C            2.31185814520458       -2.21388945611537       -0.26096089095807
H            1.40150255667506       -2.47148647355154       -0.78824876854647
C            2.30023831001024       -1.24885404798625        0.74776584127966
34
 energy: -56.478045983463 gnorm: 0.027518057501 xtb: 6.7.1-6.fc44.fc44
O           -4.73198320549538        0.55229190559039       -0.53453713256015
C           -4.58118828144383        1.64030483114375       -1.26759043041598
O           -5.30588028130383        2.59277902659243       -1.20185524849920
H           -3.96638168232730       -0.07856999023711       -0.66023828567438
C           -3.40298907634463        1.57124078164508       -2.26121223755773
H           -3.45040232877523        2.44882835506905       -2.89720737298388
H           -3.51198896331719        0.65713239888412       -2.86101967758087
N           -2.11669458915696        1.53621480645650       -1.58690486947595
H           -1.50956415582816        2.34286869664833       -1.57982235429525
C           -1.68971187848902        0.44158862000109       -0.95563234497589
O           -2.38962438107994       -0.55988317230158       -0.84335543105784
C           -0.26455470346962        0.50051577246958       -0.41173753085821
H            0.36946372996341        0.00436674242609       -1.16145527048245
N            0.16990272853841        1.88869122209615       -0.33797035913599
H            1.17394767639590        1.91664811339394       -0.21948827892666
H           -0.23236960528050        2.32309938389951        0.49252153669541
C           -0.14605472864476       -0.28277697960269        0.91121074815165
H           -0.61097364637944       -1.25510618927065        0.76649591824305
H           -0.70001614954912        0.24803703627016        1.69824972924638
C            1.28750183320785       -0.39538714825892        1.31761236630105
C            1.91081445545068        0.36462841269245        2.26597554648212
H            1.47805125027333        1.10595370001311        2.91633390401610
N            3.24119565132027        0.03963537885484        2.34780478908320
H            3.91277012983637        0.48124059814559        2.92683531609808
C            3.51658210826449       -0.91766683737276        1.41223543923828
C            4.71678932938548       -1.52278145506512        1.05679149954654
H            5.66491965676984       -1.27063017069810        1.52643613547339
C            4.68881484211887       -2.45911070078943        0.04980696636366
H            5.60903985881379       -2.93154986059014       -0.25465873977877
C            3.49891251093216       -2.80287408878132       -0.59300280405653
H            3.52416724271924       -3.55070095564700       -1.36856209364926
C            2.30508048863289       -2.20154869270660       -0.25785988145725
H            1.39208433495244       -2.46738461711519       -0.77163701057190
C            2.30092398726290       -1.24030822816529        0.74702505179055
34
 energy: -56.478865141674 gnorm: 0.014558578241 xtb: 6.7.1-6.fc44.fc44
O           -4.73203995943287        0.55094093229262       -0.52719633985592
C           -4.59234767763940        1.63185311010533       -1.27294124494130
O           -5.31256675014306        2.58597514996676       -1.19530222961102
H           -3.97005620816769       -0.08353363605330       -0.65879705761926
C           -3.40092236991597        1.57983847393865       -2.25888371565036
H           -3.42909257425202        2.45860799180470       -2.90353908247484
H           -3.51229088881073        0.67113622011099       -2.86459980514229
N           -2.11976955141031        1.53230707424433       -1.57649155869597
H           -1.50255336468222        2.33383066243774       -1.57883564653578
C           -1.68964121026396        0.43285447073667       -0.94970692679266
O           -2.38122343450801       -0.57534787527491       -0.83228802111170
C           -0.26065777225636        0.49888440147568       -0.41787784820427
H            0.36694474000249        0.00412723482129       -1.17165334420712
N            0.17051417867264        1.88755586733981       -0.33827716371625
H            1.17822397926675        1.91975895637489       -0.22661604505760
H           -0.24363266571750        2.32807903006369        0.48541297149188
C           -0.13811825476227       -0.28364611051850        0.90493339739438
H           -0.58070286855568       -1.26408599041487        0.76363280183026
H           -0.69472058591233        0.24420243461064        1.68714881086964
C            1.29121526150865       -0.38536587464819        1.31436201978999
C            1.91133930101839        0.36701229553245        2.26529827744206
H            1.48355701323447        1.10453694099926        2.91898432296044
N            3.24174589127990        0.04558783294664        2.33948476776083
H            3.91827085827092        0.47075357902263        2.95438060570631
C            3.51583878212480       -0.91010825438172        1.40438960341441
C            4.71317032592126       -1.51925505783020        1.05405359441517
H            5.65199805171257       -1.27317025538063        1.53678575826242
C            4.68305497318457       -2.45926046359075        0.04997186150392
H            5.60061371533476       -2.93800613563410       -0.24960894134240
C            3.49060236100820       -2.79838903811107       -0.59407009603474
H            3.51156556849197       -3.54961258688957       -1.36842596477174
C            2.29821661762293       -2.19554986472370       -0.26039804180614
H            1.38276316814560       -2.46439409690735       -0.76582221931554
C            2.30128550758294       -1.22833072277573        0.74208009278053
34
 energy: -56.479202046057 gnorm: 0.013541233936 xtb: 6.7.1-6.fc44.fc44
O           -4.73413183298401        0.54689801111387       -0.53670902370552
C           -4.58349966499452        1.63640267612344       -1.26303416435572
O           -5.32571128987762        2.57676202225623       -1.20283676671560
H           -3.98055161058802       -0.09254410130279       -0.64900744935278
C           -3.39741411879909        1.58711731623829       -2.25662185980156
H           -3.41601204909348        2.47103005812758       -2.89465895489154
H           -3.51438596157570        0.68627816937303       -2.87192102175822
N           -2.12205611839980        1.52479814744684       -1.56725010388638
H           -1.49490507714766        2.31950321969202       -1.57755793333548
C           -1.68831061554669        0.42065949560374       -0.94736245378392
O           -2.37587862052526       -0.59025537010826       -0.82232458593027
C           -0.25534329507162        0.49688230865823       -0.42626323699203
H            0.36691170544834        0.00411753099436       -1.18266117102848
N            0.17017882353831        1.88640809037297       -0.34189129508458
H            1.17633987706850        1.92747881589492       -0.22546428397509
H           -0.24625573018462        2.32495347636002        0.47738863928530
C           -0.13182869751293       -0.28727161004203        0.89638571671603
H           -0.56815928864745       -1.27616185263268        0.75081467806309
H           -0.70541552769913        0.23446044203844        1.67072339430674
C            1.29539521483663       -0.37962665977837        1.32020374909200
C            1.91841156658332        0.37343277359303        2.27160201609879
H            1.49956417803928        1.10987022263386        2.93104423702985
N            3.24892776573998        0.05541830405458        2.33417738621220
H            3.92392639746016        0.46804108565910        2.96367231125001
C            3.51826842970227       -0.90156874515764        1.40065597707482
C            4.71252231233801       -1.51809848329657        1.05507820070532
H            5.64052795679712       -1.27287306222360        1.55125569828042
C            4.67692912261633       -2.46201204219433        0.04701425923315
H            5.59070245998503       -2.94899374050924       -0.24933666428788
C            3.48194190093692       -2.79675103722578       -0.59587831265961
H            3.49693476004134       -3.54851068224147       -1.37220392834158
C            2.29401841353835       -2.18599407461680       -0.26151658570291
H            1.37464359921825       -2.45403960641608       -0.75833850770747
C            2.30429917271287       -1.21602440279877        0.74240963268418
34
 energy: -56.479391501318 gnorm: 0.010574944027 xtb: 6.7.1-6.fc44.fc44
O           -4.73292396482780        0.55801857835922       -0.52545066855331
C           -4.59333599905865        1.63451636093518       -1.27611900623261
O           -5.32718160376345        2.57998164441735       -1.21146916497743
H           -3.98716612334606       -0.09688059236309       -0.65938356186458
C           -3.39556223350604        1.58899697126672       -2.24850395442088
H           -3.41032855676400        2.47885202694706       -2.87526253168883
H           -3.51668388637972        0.69630785085279       -2.87491887990219
N           -2.12285629689698        1.51428077474876       -1.55756316503442
H           -1.48794536333335        2.30251926003235       -1.57409993767351
C           -1.68654850515454        0.40742688837742       -0.94469055402805
O           -2.37006030999532       -0.60315395045886       -0.82207976387936
C           -0.25052308462683        0.49377054036097       -0.43007613681291
H            0.36977228370238        0.00383744772389       -1.18791042741369
N            0.16838498340773        1.88515229962986       -0.34478677091867
H            1.17230250969793        1.93385925973122       -0.22075019963546
H           -0.24773378987076        2.31860475184884        0.47216942460894
C           -0.12761318272035       -0.28944791391566        0.89390807217290
H           -0.54799757759301       -1.28598652992809        0.74509686065104
H           -0.71936386669976        0.22530691130629        1.66097260940386
C            1.29793735383149       -0.37455281507270        1.32173931234615
C            1.92270095688764        0.37868891564940        2.27533970044419
H            1.51240765179832        1.11588635113804        2.93966402481207
N            3.25423985068167        0.06322291154614        2.32879386176857
H            3.92351699083193        0.46947753585765        2.95762056139099
C            3.51910294053530       -0.89683649698624        1.39719988461578
C            4.71107049422938       -1.52176983177916        1.05669965729039
H            5.63037976114718       -1.27357109843980        1.56447076811505
C            4.67306402233065       -2.46600946603088        0.04848773235776
H            5.58416658315131       -2.96165659380560       -0.24523243497724
C            3.47750497491813       -2.79286174403186       -0.59715087306908
H            3.48866725788144       -3.54516041289480       -1.37399618844520
C            2.29308547924002       -2.17470606667543       -0.26511627243937
H            1.37079616652734       -2.43979363867284       -0.75811597516995
C            2.30530824169018       -1.20653343398402        0.74010158989434
34
 energy: -56.479516527677 gnorm: 0.006517768556 xtb: 6.7.1-6.fc44.fc44
O           -4.73205779500310        0.55737863764116       -0.52746377696976
C           -4.59226810110784        1.63538592812066       -1.27529701370586
O           -5.33569093254463        2.57456037585906       -1.22152375688386
H           -3.98231406308638       -0.08480779584915       -0.64659187299106
C           -3.39400022158963        1.59018481676846       -2.24663389253090
H           -3.41012988866545        2.48404977717285       -2.86807752680512
H           -3.51533881070869        0.69974673029557       -2.87706208362416
N           -2.12096054209708        1.51130235796568       -1.55710852815158
H           -1.48454296613327        2.29745334864079       -1.57327759681473
C           -1.68781980531343        0.40447714392937       -0.94422945633031
O           -2.37500088408095       -0.60271686706074       -0.82244575639923
C           -0.25288814244533        0.49068780603514       -0.42867764937499
H            0.36988999158722        0.00001152014368       -1.18581701277097
N            0.16610555460261        1.88288756962271       -0.34692678287016
H            1.17198619093157        1.92937240110268       -0.22257948723925
H           -0.25312587269426        2.31540653103294        0.47058168277709
C           -0.12800627976677       -0.28926116771963        0.89712076887336
H           -0.54094090489805       -1.28645356138162        0.74925426369843
H           -0.71814692051100        0.22320048075688        1.66363108819408
C            1.29834803294791       -0.36940932331057        1.31633464581083
C            1.92167156436312        0.38004079741309        2.27169028092577
H            1.51134290362669        1.11700945469797        2.93689580834360
N            3.25351447000086        0.06429483102264        2.32556336577717
H            3.92239889260308        0.46637299644087        2.96078440051642
C            3.51821582607405       -0.89665425673155        1.39379098308836
C            4.71040145702720       -1.52454529068901        1.05578214002795
H            5.62943233622986       -1.27801764022947        1.56726688247424
C            4.67369427889044       -2.46738657386041        0.05330172034546
H            5.58407943443376       -2.96832052364884       -0.23779016453615
C            3.47929215641696       -2.78888444241051       -0.59723228441049
H            3.49214872743538       -3.54153920623743       -1.37238948834107
C            2.29421773414924       -2.17047726859989       -0.26924588428943
H            1.37283788372258       -2.43286911274193       -0.76643326028454
C            2.30423885355672       -1.20269377850131        0.73439283720625
34
 energy: -56.479571748041 gnorm: 0.003871765577 xtb: 6.7.1-6.fc44.fc44
O           -4.73231765127353        0.56113327087736       -0.52051664070198
C           -4.59215194529862        1.63733822248893       -1.27068200172573
O           -5.34011110529087        2.57344745916367       -1.22643080402973
H           -3.98088143898671       -0.08304306095867       -0.64307652770352
C           -3.39385478041453        1.59296001737849       -2.24605567842638
H           -3.41055221078188        2.48980123060790       -2.86500360470035
H           -3.51529883655258        0.70468013969240       -2.87980468128188
N           -2.11992699693944        1.50993489709386       -1.55913101078981
H           -1.48179081116196        2.29426350642738       -1.57466232614017
C           -1.68893944445167        0.40152069697658       -0.94734329820792
O           -2.37919071185860       -0.60499946915051       -0.82467929110067
C           -0.25631136816684        0.48657799456633       -0.43096799697791
H            0.37083957278720       -0.00345860167076       -1.18621844871033
N            0.16172571981782        1.87984039173383       -0.35054775018247
H            1.16832117955969        1.92587862246375       -0.22570476159718
H           -0.26023993323268        2.31385465450461        0.46768051618839
C           -0.12783444293479       -0.29143053877118        0.89607141073466
H           -0.54580935061826       -1.28846191919313        0.74734375015061
H           -0.71656100200805        0.21864054820950        1.66259362415433
C            1.30034202137868       -0.36711743340076        1.31911482459980
C            1.92419166791284        0.38111024626890        2.27337423462051
H            1.51173561347791        1.11764676981427        2.93709471288243
N            3.25584965550033        0.06570092048541        2.32660827914748
H            3.92414577574923        0.46615396176378        2.96244883890934
C            3.52047081604486       -0.89630878134328        1.39506213530131
C            4.71312809864579       -1.52483327083647        1.05804319097923
H            5.63284845353895       -1.28203263065410        1.56930777233482
C            4.67473127617753       -2.46747170198525        0.05589877119667
H            5.58299148565618       -2.97578476833577       -0.23214649636692
C            3.48019184442737       -2.78620100054028       -0.59700195561704
H            3.49441917656871       -3.53821621981943       -1.37182866996124
C            2.29534662410893       -2.16657574244300       -0.27087212598869
H            1.37499160874206       -2.42506551993977       -0.77310987933829
C            2.30608559783028       -1.19969619578448        0.73472948108416
34
 energy: -56.479602385807 gnorm: 0.002401363694 xtb: 6.7.1-6.fc44.fc44
O           -4.73059386789989        0.56339618386768       -0.51678768447064
C           -4.59368294240254        1.63699152735325       -1.27122382319665
O           -5.34585509337823        2.56962222099781       -1.23282911632109
H           -3.97821620440690       -0.07944407676885       -0.63867210017891
C           -3.39363952613136        1.59544651270160       -2.24433498463546
H           -3.40965275666426        2.49465907751677       -2.85927349341938
H           -3.51663925001921        0.71048520281137       -2.88246126461067
N           -2.11970576739899        1.50760504231248       -1.55838699081703
H           -1.47802369265966        2.28924242431018       -1.57581026911604
C           -1.68924995700259        0.39803869432581       -0.94793074379116
O           -2.38079054130273       -0.60794911459716       -0.82340485577605
C           -0.25755839461971        0.48438524282387       -0.43185968436150
H            0.37242233734375       -0.00529961306812       -1.18540984578192
N            0.15821615869430        1.87874603273180       -0.35355160603767
H            1.16341104595393        1.92699412690937       -0.22736072415198
H           -0.26463005679482        2.31334364509399        0.46353646722339
C           -0.12638603639043       -0.29087132668173        0.89658525546108
H           -0.53619804384101       -1.29017600726791        0.74969916142535
H           -0.71977075671563        0.21628021656421        1.66171465717114
C            1.30106576545479       -0.36630442148189        1.31905958488752
C            1.92498157059768        0.38278397235132        2.27328854049867
H            1.51222151742890        1.11902788768184        2.93697064629101
N            3.25678786625647        0.06773705304563        2.32562735864238
H            3.92427890557921        0.46443270734070        2.96377516863679
C            3.52131940760089       -0.89564181471962        1.39523074735329
C            4.71389097004191       -1.52679299760124        1.06168364581793
H            5.63290786192330       -1.28465955123594        1.57408065865484
C            4.67400964531159       -2.47030425989941        0.05799669855313
H            5.58082785927561       -2.98308894572639       -0.22829654739955
C            3.47994531283491       -2.78573977667768       -0.59798384040464
H            3.49432433823679       -3.53644283421997       -1.37405486713402
C            2.29654128423245       -2.16254130699460       -0.27387267476819
H            1.37681152851074       -2.41714728821708       -0.77961352603431
C            2.30721367030403       -1.19702773989197        0.73345764452593
34
 energy: -56.479615110935 gnorm: 0.002420840311 xtb: 6.7.1-6.fc44.fc44
O           -4.72803833846127        0.56642858249659       -0.51263058054611
C           -4.59629329200637        1.63643951784087       -1.27320904422967
O           -5.35227287532084        2.56575761333229       -1.23909279081172
H           -3.97556615537003       -0.07625088292050       -0.63490844592000
C           -3.39411642782511        1.59728366464459       -2.24210235749774
H           -3.40817080531937        2.49905987537019       -2.85256391029338
H           -3.51948664530872        0.71618951752464       -2.88505521523029
N           -2.12035693053577        1.50508700940764       -1.55655869645020
H           -1.47432062849603        2.28355998505982       -1.57742269609596
C           -1.68988969361541        0.39516219484161       -0.94692240328766
O           -2.38161380436915       -0.60996551400189       -0.82217956406696
C           -0.25852886744763        0.48259636511589       -0.43216540343193
H            0.37307647109046       -0.00719239107568       -1.18469444125876
N            0.15558733690996        1.87752409813024       -0.35561914416777
H            1.16031214069611        1.92697617245948       -0.22921586437568
H           -0.26779078309079        2.31267568788489        0.45971784391373
C           -0.12508357622831       -0.29207507952181        0.89678333754807
H           -0.53504680634529       -1.29291010786289        0.74842863473125
H           -0.72225673542494        0.21185815635717        1.66094376297694
C            1.30270169551631       -0.36311861888514        1.31672499181879
C            1.92652064189920        0.38532367593485        2.27234439694782
H            1.51389587249261        1.12095098283729        2.93728677134495
N            3.25851591288514        0.07038149966284        2.32377312597233
H            3.92588255045547        0.46160556540162        2.96672577719301
C            3.52248117451349       -0.89375311180410        1.39394558208999
C            4.71403268444122       -1.52870183838165        1.06391776487350
H            5.63201932132217       -1.28963187002889        1.57988061394733
C            4.67352401900932       -2.47397497985999        0.06186057504428
H            5.57926609599382       -2.98973781901589       -0.22225568682379
C            3.48046460934565       -2.78445645059458       -0.59826267467361
H            3.49457844089647       -3.53447412467731       -1.37512973058559
C            2.29828995327114       -2.15733402539888       -0.27720580647541
H            1.37951138419824       -2.40876570043019       -0.78618938564326
C            2.30875621818153       -1.19273095415307        0.73063825619921
34
 energy: -56.479622723099 gnorm: 0.001614729231 xtb: 6.7.1-6.fc44.fc44
O           -4.72688839321093        0.56783728680197       -0.51028174248720
C           -4.59713001621249        1.63657503637145       -1.27273960235403
O           -5.35586382432667        2.56384344730918       -1.24123386603769
H           -3.97478981589213       -0.07632776321073       -0.63310354018776
C           -3.39530228769546        1.59809766385040       -2.24212232761176
H           -3.40769863188053        2.50111771208234       -2.85099741137192
H           -3.52175598831040        0.71864046251394       -2.88698068519435
N           -2.12157656074529        1.50496298743885       -1.55664561997830
H           -1.47403656500143        2.28217584688946       -1.57922718546863
C           -1.69051885744334        0.39525371988933       -0.94701994404673
O           -2.38203801380378       -0.60998696980464       -0.82059475316043
C           -0.25915228068772        0.48277322284728       -0.43296976975478
H            0.37279552052085       -0.00724124893444       -1.18510649905360
N            0.15465795840009        1.87767390377961       -0.35684982870054
H            1.15979739628115        1.92663756346025       -0.23047614818608
H           -0.26827492334762        2.31307115841198        0.45828124036088
C           -0.12494408399316       -0.29190689231869        0.89586452970764
H           -0.53115747725880       -1.29340782519783        0.74876837152637
H           -0.72145500254057        0.21113874543720        1.66051975791706
C            1.30296896634914       -0.36283328783322        1.31643880348584
C            1.92665218263517        0.38492787476305        2.27262492029472
H            1.51356748845739        1.12028013355996        2.93767310638584
N            3.25885899876792        0.07020879592170        2.32408648135840
H            3.92602206401631        0.46100177564751        2.96651178462020
C            3.52278393641764       -0.89386953670876        1.39424120327386
C            4.71348919189012       -1.53017789592251        1.06528575403676
H            5.63167283543894       -1.29260115538013        1.58174267376637
C            4.67382954874205       -2.47456181408361        0.06320842068998
H            5.57937456175039       -2.99091186447336       -0.21906154749452
C            3.48132650744120       -2.78381760509833       -0.59818078833303
H            3.49545998491740       -3.53409918408078       -1.37481604134980
C            2.29928130054412       -2.15597211693117       -0.27831528537322
H            1.38133741907753       -2.40657262578360       -0.78902170101560
C            2.30929101865613       -1.19214285552361        0.73008483247183
34
 energy: -56.479628226959 gnorm: 0.001744435035 xtb: 6.7.1-6.fc44.fc44
O           -4.72462616681247        0.56854602366966       -0.50743437526877
C           -4.59961066008909        1.63529759239673       -1.27289137748963
O           -5.36278063529745        2.55916031602080       -1.24418992824983
H           -3.97148559687474       -0.07411683677662       -0.62805823359168
C           -3.39745113786791        1.59910501086188       -2.24265311456223
H           -3.40919479537927        2.50265089429603       -2.84999859134911
H           -3.52456613972597        0.72120146243127       -2.88917634993662
N           -2.12352548778453        1.50599258354017       -1.55721333788421
H           -1.47491771046669        2.28194513490205       -1.58229748563872
C           -1.69126901756511        0.39697698550200       -0.94697930776457
O           -2.38265323557148       -0.60831084857133       -0.81672976769836
C           -0.25950865725091        0.48379842010926       -0.43424795157566
H            0.37192460674488       -0.00639265749119       -1.18666800290640
N            0.15453963729870        1.87856926613058       -0.35840800682952
H            1.15985996713468        1.92748517519584       -0.23289150439483
H           -0.26794097714589        2.31429885446156        0.45741497333405
C           -0.12391894648843       -0.29099248251792        0.89412082262932
H           -0.53051882229852       -1.29222758857453        0.74706287818562
H           -0.71905228657695        0.21202005895537        1.66030677149243
C            1.30436845999497       -0.36160211638606        1.31462003928598
C            1.92648279452897        0.38382349820021        2.27248382263333
H            1.51186126552162        1.11869608597759        2.93693012856696
N            3.25881304381106        0.06871575665400        2.32609460432218
H            3.92525301860794        0.45965648383258        2.96863968998719
C            3.52360057591657       -0.89466574756827        1.39588923428580
C            4.71309870684208       -1.53331042486394        1.06904555716738
H            5.63264452744985       -1.29664108180510        1.58366303758563
C            4.67445875204751       -2.47571137062057        0.06453379417678
H            5.58035235009418       -2.99166038956203       -0.21540221493398
C            3.48301288918146       -2.78429575409012       -0.59846235474501
H            3.49733657558821       -3.53456774985261       -1.37527668217181
C            2.30101774070324       -2.15599650546219       -0.27922469222969
H            1.38415001340238       -2.40589216894716       -0.79216524822901
C            2.31082950628032       -1.19176918435792        0.72915076653287
34
 energy: -56.479630300781 gnorm: 0.001678686082 xtb: 6.7.1-6.fc44.fc44
O           -4.72359170373088        0.56963040773749       -0.50492594562802
C           -4.60150412694536        1.63467433642682       -1.27259615939571
O           -5.36816046506010        2.55590535223570       -1.24714370165545
H           -3.96974466515753       -0.07337745797598       -0.62542559217647
C           -3.39894530283734        1.59968508985467       -2.24247713299133
H           -3.41132214793896        2.50407241863545       -2.84834175912533
H           -3.52602936246616        0.72279737952539       -2.89034067265697
N           -2.12484455089853        1.50619867216260       -1.55721555657003
H           -1.47553869759857        2.28132709495935       -1.58461511275063
C           -1.69200434351431        0.39789672078529       -0.94631453387224
O           -2.38276630353404       -0.60729071159327       -0.81500192094519
C           -0.25956880451653        0.48441803315149       -0.43523375794256
H            0.37084001846723       -0.00533671409108       -1.18867141049953
N            0.15464467182538        1.87928806192989       -0.35956801505730
H            1.15989541561350        1.92897095586774       -0.23499725934661
H           -0.26761749999487        2.31523362472997        0.45668857838061
C           -0.12308178401872       -0.29040327311766        0.89282276163095
H           -0.53058135963945       -1.29157634862264        0.74586476849051
H           -0.71756350183458        0.21311898081177        1.65981337114203
C            1.30478254737275       -0.36219651523573        1.31367366366461
C            1.92669755719962        0.38341099165815        2.27217424136114
H            1.51127295763532        1.11768674075326        2.93700242933157
N            3.25899082619716        0.06820648762212        2.32665808512085
H            3.92468167072296        0.45860942895819        2.97122320577865
C            3.52441227682973       -0.89447600272046        1.39585438436254
C            4.71342519743264       -1.53297187729505        1.06909704000842
H            5.63321755461258       -1.30225227762192        1.58781054819562
C            4.67506201529472       -2.47770834102108        0.06659727628430
H            5.58135515742191       -2.99398593127620       -0.21179828630010
C            3.48447301925342       -2.78441820954911       -0.59859230054955
H            3.49895635629634       -3.53433150531512       -1.37582254578868
C            2.30262783707549       -2.15465729817613       -0.28063593175749
H            1.38601100094991       -2.40432911759029       -0.79432367121114
C            2.31210269743846       -1.19203250091364        0.72834850520451
34
 energy: -56.479633458523 gnorm: 0.001171748401 xtb: 6.7.1-6.fc44.fc44
O           -4.72411065343155        0.56997477764709       -0.50402055274529
C           -4.60284784156850        1.63390782264284       -1.27315319261737
O           -5.37046823097148        2.55428673924081       -1.24962766104422
H           -3.96996833701849       -0.07303893167754       -0.62437030762986
C           -3.39942912551456        1.60000642313716       -2.24153302535191
H           -3.41214706989790        2.50534196049091       -2.84687585334920
H           -3.52587985667605        0.72348528955828       -2.89023820221798
N           -2.12537511134243        1.50601374972741       -1.55629307197778
H           -1.47577183192862        2.28091422465908       -1.58501033236240
C           -1.69241187334443        0.39785356708384       -0.94543703530724
O           -2.38298291882706       -0.60737393573565       -0.81391075608712
C           -0.25921896390693        0.48482178662035       -0.43579530035058
H            0.36999514996469       -0.00457626133121       -1.19039078833583
N            0.15501304273260        1.87978774338963       -0.36030134155919
H            1.16043944937507        1.92976234582290       -0.23613261736552
H           -0.26690218728609        2.31554797257212        0.45582534871527
C           -0.12257060478363       -0.29023094786181        0.89211886718041
H           -0.53103758786641       -1.29138776642295        0.74526701405623
H           -0.71679352990523        0.21372525232600        1.65892264501641
C            1.30540203253070       -0.36158295047470        1.31222306224206
C            1.92701578174572        0.38389657277739        2.27171265171741
H            1.51218543516568        1.11861204802863        2.93646329993736
N            3.25877131851517        0.06739385080991        2.32745907113022
H            3.92412488767385        0.45702279057648        2.97319159721940
C            3.52428296214184       -0.89559754472094        1.39696685966613
C            4.71330173182523       -1.53581911095091        1.07169184153652
H            5.63304770328563       -1.30114372533794        1.58727350646325
C            4.67549174110890       -2.47879005145352        0.06764963768491
H            5.58198709436611       -2.99525294964525       -0.21124679506905
C            3.48518232919861       -2.78445929933994       -0.59854031315720
H            3.49997002796727       -3.53364777232122       -1.37639047103231
C            2.30335159515930       -2.15428599354198       -0.28117419187799
H            1.38652607402731       -2.40334975395029       -0.79486038425564
C            2.31241152543885       -1.19203122665503        0.72812438386412
34
 energy: -56.479634716606 gnorm: 0.001317432928 xtb: 6.7.1-6.fc44.fc44
O           -4.72484510438883        0.56979547360843       -0.50334333171207
C           -4.60482239452274        1.63256981476050       -1.27432894716067
O           -5.37353770708192        2.55188417591275       -1.25278047137340
H           -3.96980341376837       -0.07110042658053       -0.62192082796014
C           -3.40002892506356        1.60067549414088       -2.24047817391979
H           -3.41368129977010        2.50635057331723       -2.84523977819591
H           -3.52544149769358        0.72448182712271       -2.89005552031709
N           -2.12594794622335        1.50663053052838       -1.55537513725294
H           -1.47624486629000        2.28145797205980       -1.58493537695094
C           -1.69283715521092        0.39811013992381       -0.94519771912204
O           -2.38391566589166       -0.60695524469030       -0.81218795340040
C           -0.25889540310014        0.48551797489195       -0.43672969958837
H            0.36929126460127       -0.00391900612251       -1.19212411072368
N            0.15532984750699        1.88045083944658       -0.36142516555085
H            1.16090187229979        1.93003295992311       -0.23720947065723
H           -0.26592626730518        2.31589616393886        0.45458892097879
C           -0.12207100824251       -0.28981147756274        0.89104615943718
H           -0.53089686501995       -1.29069246934452        0.74448934367083
H           -0.71620540665388        0.21437893268229        1.65760405442412
C            1.30608527936646       -0.36128829704171        1.31189017477769
C            1.92718927149358        0.38329976127562        2.27178808750910
H            1.51253717205780        1.11794882986481        2.93659171292625
N            3.25884068603085        0.06660193861248        2.32816598500346
H            3.92362677569635        0.45650922385073        2.97314195496729
C            3.52477628398448       -0.89608222587791        1.39752307170641
C            4.71409433620034       -1.53615215736964        1.07232733530754
H            5.63302395188968       -1.30358828653399        1.59096918813405
C            4.67612634384874       -2.47832644743110        0.06759826061771
H            5.58206260589322       -2.99655894745427       -0.21031945359910
C            3.48595296114084       -2.78478242352869       -0.59863797254541
H            3.50130754499514       -3.53352921633997       -1.37669940919079
C            2.30414261998935       -2.15495909218135       -0.28155045405949
H            1.38725715404808       -2.40315782294391       -0.79559418658903
C            2.31313911313684       -1.19190238916784        0.72799650314498
34
 energy: -56.479636614640 gnorm: 0.000723784955 xtb: 6.7.1-6.fc44.fc44
O           -4.72523583032676        0.57016436331764       -0.50219034041465
C           -4.60557696029000        1.63247662478845       -1.27366307190429
O           -5.37611446687018        2.55050084105427       -1.25432019161568
H           -3.96992542445458       -0.07137709261458       -0.62112434518174
C           -3.40071374998046        1.60058525576806       -2.24042133932218
H           -3.41515948973288        2.50605323890971       -2.84481588573045
H           -3.52568565807787        0.72460249338274       -2.89028874222658
N           -2.12653865418110        1.50728374314638       -1.55535840747419
H           -1.47697686439753        2.28213917633466       -1.58555380359127
C           -1.69306218319874        0.39894146918769       -0.94510225567587
O           -2.38404024401994       -0.60589744114060       -0.81157003104209
C           -0.25877705842771        0.48619818749006       -0.43728613663825
H            0.36903260692450       -0.00342163416045       -1.19279113702033
N            0.15551063851059        1.88101065371659       -0.36229863981869
H            1.16095110931154        1.93044657211271       -0.23835473573288
H           -0.26579613974794        2.31659152846019        0.45403831965156
C           -0.12145322826443       -0.28875416299321        0.89051886997993
H           -0.52991077928766       -1.28940333035347        0.74403086809582
H           -0.71540743873139        0.21561548895769        1.65729683622621
C            1.30652003638871       -0.36127976758377        1.31123109534924
C            1.92716827162128        0.38266239626873        2.27148008237979
H            1.51216998799773        1.11724160522797        2.93601866432207
N            3.25864869624316        0.06548300038700        2.32884542132131
H            3.92355423431179        0.45509593090071        2.97440174634200
C            3.52498500905278       -0.89699204354246        1.39818591687405
C            4.71433253466276       -1.53720624207681        1.07349097843402
H            5.63319568230648       -1.30441581817558        1.59182011555560
C            4.67655370533479       -2.47940177037888        0.06872287641047
H            5.58246090108408       -2.99732344084509       -0.20933005030133
C            3.48672978892415       -2.78475936289059       -0.59868569629963
H            3.50225936751687       -3.53353780071562       -1.37670408172837
C            2.30493865986699       -2.15479262941658       -0.28193963625993
H            1.38830972757772       -2.40247921268333       -0.79654881038311
C            2.31363737030636       -1.19226412415031        0.72785314015556
