34
 energy: -56.475965875166 gnorm: 0.000231828241 xtb: 6.7.1-6.fc44.fc44
O           -2.10539329960000        2.73737159770000       -0.16894478160000
C           -2.65604115100000        2.51455784680000       -1.34563184140000
O           -2.57411030190000        3.27625649630000       -2.26673722260000
H           -2.24908361000000        1.97926650490000        0.46310190210000
C           -3.46425144910000        1.20057523340000       -1.44832660920000
H           -3.88059377770000        1.12896067380000       -2.45202263890000
H           -4.28180500190000        1.26665246130000       -0.71796610670000
N           -2.67123771550000        0.01773650700000       -1.17647092690000
H           -2.55257584860000       -0.67465718410000       -1.90261856010000
C           -2.24420597980000       -0.32222969290000        0.04400975260000
O           -2.38202199870000        0.40216774350000        1.02498466810000
C           -1.56367279640000       -1.68202866410000        0.09387446270000
H           -1.53934184590000       -2.00963430160000        1.14572354580000
N           -2.30576694720000       -2.58178500390000       -0.78677566260000
H           -3.23052222770000       -2.76392313640000       -0.41016060180000
H           -1.82690554870000       -3.47277630710000       -0.86254555680000
C           -0.12165546090000       -1.56935187920000       -0.42512421560000
H           -0.13224753550000       -1.07057772270000       -1.39983157100000
H            0.25271115070000       -2.58497426860000       -0.59168317960000
C            0.82907907550000       -0.86656270320000        0.49130313920000
C            0.57751193750000       -0.11917121880000        1.60399739870000
H           -0.35796150170000        0.13639906630000        2.06042922590000
N            1.75264224460000        0.33028542210000        2.14279869870000
H            1.82757735560000        0.91843764720000        2.95463111820000
C            2.79379483940000       -0.11625248570000        1.38471508620000
C            4.16327657170000        0.06944266050000        1.52518646820000
H            4.56523832200000        0.65751895580000        2.33721840430000
C            4.98639733680000       -0.52212029310000        0.59189576000000
H            6.05639102500000       -0.39858204580000        0.67026885510000
C            4.46450026730000       -1.28155478560000       -0.45913614120000
H            5.14552980910000       -1.72737254330000       -1.16927880690000
C            3.10856746930000       -1.46853340090000       -0.60436385570000
H            2.71576247740000       -2.05487069780000       -1.42208245970000
C            2.25051255920000       -0.88278926330000        0.32621758440000
