34
 energy: -56.476209461543 gnorm: 0.000122576942 xtb: 6.7.1-6.fc44.fc44
O            0.29123637420000        3.03893354100000       -1.50371987330000
C           -0.47452222380000        2.27058363680000       -0.72513662960000
O           -0.62839665480000        2.50928900390000        0.43860350590000
H            0.37608868500000        2.70184608810000       -2.40560056380000
C           -1.16412984280000        1.11025154450000       -1.42560182530000
H           -0.46048909760000        0.54898604500000       -2.05383847480000
H           -1.95493963170000        1.51855603260000       -2.07260784070000
N           -1.72142740900000        0.21986569270000       -0.43904803410000
H           -1.71609153300000        0.58926996100000        0.50361437180000
C           -1.77126743650000       -1.11852383850000       -0.64157797080000
O           -1.62472742750000       -1.62156696710000       -1.73712227360000
C           -2.03552459790000       -1.94309652380000        0.61988190570000
H           -2.61583083440000       -1.34945870340000        1.33402643220000
N           -2.75324185440000       -3.17284484460000        0.34337797260000
H           -2.29325758280000       -3.64757123020000       -0.42958626990000
H           -3.69961892690000       -2.96613621470000        0.04050974570000
C           -0.66235321520000       -2.29499311970000        1.24339414210000
H           -0.17156233440000       -3.01354205320000        0.58485730420000
H           -0.84545904470000       -2.77954799240000        2.20287121390000
C            0.20646680490000       -1.09407951680000        1.40947751660000
C            0.23218330380000       -0.21871059430000        2.45741591610000
H           -0.32037344220000       -0.25008655680000        3.37728912650000
N            1.12619349950000        0.78710864500000        2.21441904720000
H            1.27275916850000        1.59035382250000        2.80064838130000
C            1.67972790490000        0.60056823320000        0.98392088650000
C            2.60248242880000        1.36648141220000        0.28232797830000
H            3.00790222600000        2.27356246420000        0.70407972180000
C            2.96701366860000        0.93339479410000       -0.97387139510000
H            3.67737704680000        1.50805996140000       -1.55003769480000
C            2.43672617640000       -0.23987641350000       -1.52065382280000
H            2.75303842190000       -0.54622060890000       -2.50754727750000
C            1.52824079810000       -1.00860260290000       -0.82769256130000
H            1.12075479190000       -1.90858545170000       -1.26269861590000
C            1.13020841110000       -0.58735967200000        0.44170766340000
