34
 energy: -55.770674902163 gnorm: 1.672170696062 xtb: 6.7.1-6.fc44.fc44
O           -3.26611281213582        1.42532686907485       -2.76306801364991
C           -3.95379138149255        2.39406051180819       -2.09399398875858
O           -4.36816534980021        3.39042191188237       -2.26555632982049
H           -2.96382055140579        0.56164439124326       -2.59608122876625
C           -3.73659929999471        1.63885318541582       -0.61930163482691
H           -4.36059029450112        0.87289517916438       -0.53317162873087
H           -4.52652920616307        2.33233661487657        0.06207549901571
N           -2.61762998320861        1.38777880850466        0.03761462092900
H           -2.34660429610937        2.03336368999789        0.83897287335959
C           -1.96554588835525        0.45993394236200       -0.32867110477333
O           -2.13519536823898       -0.18610726284081       -1.27115068543880
C           -0.79116428484412        0.15345647797501        0.42597778346056
H            0.13817940668354        0.60712836968123       -0.10710034906034
N           -0.66954082551045        1.03516995516023        1.65530354927863
H           -0.03802965890211        1.02364166244989        2.02745635174788
H           -1.41727572250610        0.41190255335143        2.29024073679380
C           -0.38649869811412       -1.07835788775237        0.53299263717089
H           -0.37640515831687       -1.57683339655155       -0.61085826950293
H           -1.03821276056171       -1.66057545687509        1.14108695421027
C            1.09424396778264       -1.40826921318042        1.18223624008283
C            1.43881213482346       -1.60892146405063        2.41453306157190
H            0.64383271998173       -2.01030844820011        3.26286485367074
N            2.73940062194753       -1.68675921749116        2.54022390615317
H            3.16790008377950       -1.96578446281705        3.69719270112569
C            3.27593285304164       -1.56426708875497        1.46108216238445
C            4.71458841039983       -1.41312818383830        1.15346252546076
H            5.54655312321215       -1.65784591065950        2.17704923759747
C            5.01975517896476       -1.16977074772382        0.17561920023249
H            5.86901870710177       -1.06308652786063       -0.16616188259108
C            3.92384396701779       -0.93314929423131       -0.93683924209529
H            4.37814776424326       -0.57632815802839       -1.97326396269143
C            2.66701735250795       -0.99617175742680       -0.82633343122866
H            1.77750386677093       -0.75809326684503       -1.44156145245002
C            2.32940034169751       -1.20662705922727        0.54139182073716
34
 energy: -56.265069976708 gnorm: 0.511423920834 xtb: 6.7.1-6.fc44.fc44
O           -3.27355984532297        1.43877347505782       -2.79803558430126
C           -3.92134366176529        2.36028200462747       -2.07514207096694
O           -4.38085647136583        3.40799883518201       -2.27298918353282
H           -2.96175256397608        0.55856856428761       -2.58917001858968
C           -3.78242711987679        1.67967044192405       -0.60311214251454
H           -4.37994456051954        0.84542101746088       -0.54416527515556
H           -4.51754416349663        2.33489523943925        0.06283793716706
N           -2.62685004560661        1.42827032720993        0.05706430750862
H           -2.34428537945741        2.03348530405033        0.83877719501924
C           -1.94616808319796        0.45124872323144       -0.33244269491168
O           -2.14358992646569       -0.21577262974764       -1.30417519222038
C           -0.75771630601391        0.18526393895099        0.42011294839624
H            0.13532363636581        0.61818847847246       -0.11662845322040
N           -0.77983251518690        1.02192596303650        1.62021327562779
H            0.07133971342594        1.02981027428045        2.09353350835773
H           -1.41473260035772        0.42286589917981        2.28819329971256
C           -0.35933300917833       -1.13080701701692        0.53197766582280
H           -0.37580343859529       -1.57424494171333       -0.58967363461069
H           -1.04423509095249       -1.67539530210369        1.14512786954410
C            1.07665184460883       -1.39762036538624        1.16785812043870
C            1.40645004259011       -1.62329936452113        2.44587091108624
H            0.65535499298026       -2.00157016893453        3.25506083372438
N            2.72469631260048       -1.70245587111405        2.59944527233620
H            3.16159609964684       -1.96051900092428        3.67097152406056
C            3.28760614422028       -1.55934630662272        1.46992351115835
C            4.67958291824930       -1.44334963736869        1.25958777556267
H            5.52828744705165       -1.65521599792676        2.16624893663920
C            5.02626081441015       -1.15001502529846        0.09309395905796
H            5.92915621061847       -1.04862865821840       -0.21637078070443
C            3.95279977331328       -0.92233583617957       -0.96545287731637
H            4.37780930688328       -0.58220720550386       -1.96549458637306
C            2.65563215481216       -0.98973259717578       -0.82102921147669
H            1.78507387831148       -0.76027114514351       -1.44438895427157
C            2.32277245104217       -1.21635209689890        0.53663531954374
34
 energy: -56.422634612003 gnorm: 0.212349917162 xtb: 6.7.1-6.fc44.fc44
O           -3.29751424977975        1.45703443308439       -2.85240117706414
C           -3.87296190520958        2.33548962820462       -2.04704205856917
O           -4.38370258074481        3.38504439978577       -2.27412793366550
H           -2.95973644337026        0.57341698748870       -2.57364854058722
C           -3.85516448980494        1.72257119780766       -0.57470359857822
H           -4.40868379879317        0.80241353171530       -0.57493030829079
H           -4.50421886655218        2.35141700502612        0.06661808547662
N           -2.63678655402354        1.46490122354586        0.06129391270993
H           -2.33561980133309        2.03464441221397        0.83536099306731
C           -1.92670335189447        0.45348090809698       -0.34876451965609
O           -2.16162281984629       -0.24147223279152       -1.32831546088209
C           -0.69753387860424        0.21898727164763        0.42230990779007
H            0.14208387591077        0.64663011357085       -0.13772359888284
N           -0.79665973657515        0.99946994330504        1.65025191846405
H            0.07710859925957        1.01976685618066        2.11506305672477
H           -1.40040139671422        0.44898330149920        2.28585664524767
C           -0.32266333606004       -1.18105549497171        0.53367262047308
H           -0.36832558835672       -1.57829707864908       -0.53573227932288
H           -1.05108269569348       -1.70024205140735        1.14610183600401
C            1.05561519367202       -1.39265610126565        1.16799147690730
C            1.36200569560205       -1.65282589296673        2.47869527189067
H            0.66822381779504       -1.98199845163809        3.24707943284681
N            2.70339173211068       -1.72500782484051        2.66639389327713
H            3.13752228317484       -1.94852000324641        3.60593994239636
C            3.30107769874725       -1.54328321844272        1.49787930435102
C            4.67578970592077       -1.45192613899903        1.28445104431924
H            5.46047354233082       -1.64265384958189        2.10877416828591
C            5.00971739630186       -1.14280050889110        0.05565282117879
H            5.98400912701883       -1.03855408469171       -0.25277688649665
C            3.99464164745320       -0.90776786083146       -0.97922372617665
H            4.38142286371761       -0.59684197332334       -1.95389092475877
C            2.66190469669537       -0.97536583348719       -0.80032186658503
H            1.81470873101108       -0.76591317363371       -1.45241802474063
C            2.31610384642922       -1.23954012092097        0.54089808344399
34
 energy: -56.466180347280 gnorm: 0.084048847079 xtb: 6.7.1-6.fc44.fc44
O           -3.31348721649512        1.48461413093341       -2.88181305914644
C           -3.87372210356650        2.30175640895950       -2.02332639386464
O           -4.37854628604745        3.35912626014184       -2.27181526977302
H           -2.96007670971229        0.60755073433573       -2.53838460407466
C           -3.91187760551435        1.73793793970125       -0.56701376392408
H           -4.43288817296531        0.77101838397469       -0.61059920547705
H           -4.49700880227902        2.38884866755058        0.05751213072816
N           -2.64336446381107        1.47922713245924        0.04404695144015
H           -2.32259190950080        2.03163797783511        0.82295427440158
C           -1.91044026437591        0.45298221569586       -0.37015455916373
O           -2.17400882969170       -0.26067835231101       -1.33950238565665
C           -0.65421330846250        0.24717236127522        0.42730409716707
H            0.15638023434782        0.69026717948776       -0.14662152000004
N           -0.79197649039047        0.98310929623405        1.67878714089382
H            0.10344463063904        1.01604544504567        2.13588690142031
H           -1.39503695495875        0.45745927030369        2.29210312052935
C           -0.29912359683488       -1.21431805043205        0.54301130522480
H           -0.33908536483199       -1.60157255374671       -0.47252448506793
H           -1.06010560052282       -1.71908853044453        1.14458465051459
C            1.04332502296950       -1.40586724718093        1.17245508873804
C            1.32423381349749       -1.68777327598437        2.49276805349410
H            0.65035624356277       -1.96232095473398        3.26612963772119
N            2.67760033562119       -1.74408241569122        2.70933489590611
H            3.10514471023473       -1.94422427471729        3.55779138920218
C            3.30535818350302       -1.52191616269127        1.52613623448097
C            4.67474375206238       -1.44939043022697        1.28916981134766
H            5.39217472512086       -1.63098177751112        2.05075567200335
C            4.99694576354432       -1.13049204417516        0.01308668098428
H            6.01258545477311       -1.03120928922500       -0.28777431582050
C            4.03029853236892       -0.89275909608270       -0.98606565148884
H            4.39080515114890       -0.60989027638353       -1.95914058394969
C            2.67990458403494       -0.96120364240037       -0.76950521000437
H            1.86701206943717       -0.77130595945917       -1.46509639496420
C            2.31365943288978       -1.26214975194370        0.54978287677625
34
 energy: -56.475582728462 gnorm: 0.045129686564 xtb: 6.7.1-6.fc44.fc44
O           -3.32618533644509        1.50296425879257       -2.90209625069005
C           -3.87728901904384        2.29336524212689       -2.01289329814625
O           -4.37754317707691        3.35156797030688       -2.27210255092403
H           -2.95759032602688        0.64108593436922       -2.52047356418075
C           -3.94816228791531        1.72842726920268       -0.57279661128709
H           -4.46791870949715        0.75622272331620       -0.63102632491092
H           -4.50004599684569        2.43168808485880        0.05514309143947
N           -2.65201302448307        1.47654245226759        0.02130575133627
H           -2.31722302261119        2.02959378304169        0.79806612317739
C           -1.90099946370312        0.45121433696201       -0.38816115356252
O           -2.17576801522258       -0.27249680248601       -1.34648559514181
C           -0.63376753072358        0.26003119781987        0.43092348894815
H            0.17102287689425        0.72983508627620       -0.14473292159918
N           -0.76990806667690        0.97092277626459        1.69941266906849
H            0.13088224995792        1.00497756790086        2.15363178630879
H           -1.39433518738150        0.45765494284090        2.31257846568459
C           -0.29387535271627       -1.23098026278227        0.55437029183307
H           -0.31151338798585       -1.64378744392887       -0.44537766118460
H           -1.06860683514318       -1.73173084622316        1.14772801152286
C            1.03381054803997       -1.42742664332217        1.18103764903241
C            1.29840603792701       -1.71905201969762        2.49671154741218
H            0.61437782491538       -1.93179420120103        3.30223012609374
N            2.65278385852270       -1.76044748365302        2.71798615540675
H            3.13117450707868       -1.96702334575358        3.60502382685937
C            3.29437627597848       -1.50802599543075        1.53445045350073
C            4.66131995851188       -1.43651426982436        1.27343287159748
H            5.39439248976419       -1.62719025232663        2.04624038057259
C            4.99046573694427       -1.11491920526226       -0.01674496309423
H            6.02867936576587       -1.02502562369774       -0.30798272847310
C            4.04176404677775       -0.87174253075764       -1.00199616723943
H            4.39196100185191       -0.62146357900702       -1.99180479670515
C            2.68926733312330       -0.94475911117661       -0.75549686039346
H            1.90946007604753       -0.77208031588833       -1.48752511382101
C            2.30501951119208       -1.27210437533526        0.55168738215730
34
 energy: -56.478195390653 gnorm: 0.025131870712 xtb: 6.7.1-6.fc44.fc44
O           -3.32158282018947        1.52250024729836       -2.90121497957339
C           -3.90191124770250        2.29082984830563       -2.01163868568345
O           -4.37930625653849        3.35886646737675       -2.27418571612110
H           -2.95652496301744        0.66931556244458       -2.50656162048515
C           -3.96464803764179        1.72115544336027       -0.57988974490087
H           -4.49631972939935        0.76179847488641       -0.63268728659989
H           -4.50948539573367        2.43271109889933        0.04279413366994
N           -2.65779682819115        1.46998919412644        0.00635897544895
H           -2.31513824162675        2.02569557449890        0.77835268732692
C           -1.89701057357642        0.44662658817576       -0.39618750703333
O           -2.17354749222834       -0.27664801803575       -1.34998600763782
C           -0.62688281224516        0.26189148004684        0.43282038181397
H            0.17933956978318        0.74862095535820       -0.13373595423273
N           -0.75258343320745        0.96467528953868        1.70342696385034
H            0.15262745855922        0.99967995467875        2.15539673171578
H           -1.38069480810975        0.44934690082516        2.31836842982588
C           -0.29271960162186       -1.24114015004127        0.56029690425837
H           -0.30832418757060       -1.67397004254683       -0.44394553987244
H           -1.07014994645797       -1.73508822743841        1.15447962167946
C            1.03923794293642       -1.42994588201941        1.19933242362269
C            1.29703480637119       -1.72261618727628        2.50899940888615
H            0.60809254872205       -1.91834100831545        3.31351599166713
N            2.64915234831040       -1.76326700219776        2.72799382440556
H            3.09549199756237       -1.98644936492155        3.59856283409929
C            3.29684273715852       -1.49791949698668        1.54747111963817
C            4.65891383352146       -1.42794566233522        1.26889807855406
H            5.39756000912371       -1.61673889534716        2.03870763118416
C            4.99732770702858       -1.10914392279185       -0.02687631893758
H            6.04460620990393       -1.02962682710426       -0.30953652547774
C            4.04207515707689       -0.87034655578386       -1.01443006955036
H            4.37606583763534       -0.62399486813055       -2.01433345921977
C            2.69256395417394       -0.94747323273846       -0.74327021629312
H            1.93527852621315       -0.77456464715458       -1.49441722153519
C            2.30883469077285       -1.27095377006212        0.56138422210517
34
 energy: -56.478777463858 gnorm: 0.015643085604 xtb: 6.7.1-6.fc44.fc44
O           -3.31976691620307        1.52882296035461       -2.90483107856274
C           -3.89822545113946        2.30092235931716       -2.01075756359482
O           -4.37367123848339        3.36963375789362       -2.27687170626654
H           -2.95335403026736        0.68502525235798       -2.50342975961140
C           -3.97177036925898        1.71722511124017       -0.58245753642950
H           -4.51372433632625        0.76642061641941       -0.63676085883142
H           -4.51775795954109        2.41458834060772        0.04819361405185
N           -2.66430199822581        1.46307211072891        0.00015190020990
H           -2.32079846752088        2.02102254081958        0.76946438632180
C           -1.89597771818658        0.44390022091312       -0.39844114105997
O           -2.16955855110352       -0.27514958102975       -1.35248711856687
C           -0.62625049348423        0.26238568692801        0.43245813971918
H            0.18164895512393        0.75274061219534       -0.12830036615028
N           -0.75115865691164        0.96369198262040        1.70259145417362
H            0.15564151049006        1.00198992860448        2.15428474126871
H           -1.37149755233402        0.44289534600176        2.31803336882908
C           -0.29249334389413       -1.24184054252345        0.56490151359099
H           -0.29746670554224       -1.68462226997782       -0.43301843788149
H           -1.06950616622541       -1.73032105986576        1.16032939173332
C            1.04021503532462       -1.42963872185640        1.20759628916933
C            1.29805189941109       -1.72149045333856        2.51391148252894
H            0.61100343630904       -1.91862268718201        3.31359683210297
N            2.64937553704792       -1.76198941785372        2.72991641773263
H            3.09220153955901       -1.99241647525636        3.60140434726564
C            3.29629334091598       -1.49426992685082        1.55260694965547
C            4.65481179827743       -1.42234516600086        1.26461100655229
H            5.39416559849965       -1.60205555320425        2.02529164849698
C            5.00080795493157       -1.10806689626594       -0.03162175640625
H            6.04846476476167       -1.03467568762669       -0.30744960547909
C            4.03763474278901       -0.87673870074952       -1.01883955641784
H            4.36559180656621       -0.62723652491651       -2.01721629407887
C            2.69187012520649       -0.95540249344085       -0.73801399086821
H            1.94734807455359       -0.78067791784734       -1.50053605854504
C            2.30857279467587       -1.26924743262296        0.56595285594560
34
 energy: -56.478989262663 gnorm: 0.008282918841 xtb: 6.7.1-6.fc44.fc44
O           -3.31235831679419        1.53506329721960       -2.90193473776169
C           -3.90372668523779        2.30440816023704       -2.00999470809262
O           -4.37254504102387        3.37571263837561       -2.27429477183087
H           -2.94773087243718        0.69729731476225       -2.50087895869423
C           -3.97423228296771        1.71436383872539       -0.58416671283413
H           -4.52476666465349        0.76875056750872       -0.64300323371011
H           -4.51657123157220        2.41126472004069        0.05421081567448
N           -2.66821640313315        1.45624446426517       -0.00440476098627
H           -2.32525348347643        2.01710186457000        0.76272895171033
C           -1.89417943604164        0.44001697996422       -0.39962191613152
O           -2.16567278922759       -0.27671327649063       -1.35495915676495
C           -0.62548669615654        0.26088105507874        0.43012941789261
H            0.18261877283838        0.74886527678783       -0.13033085699926
N           -0.75431629092689        0.96206345376185        1.70038253846984
H            0.15269545473595        1.00458580425537        2.15286471546148
H           -1.36826787162188        0.43883184883380        2.31846119550430
C           -0.29193124520523       -1.24198765618663        0.56642063637943
H           -0.29919907878705       -1.68669724511300       -0.42851626904504
H           -1.06968830540710       -1.72512171115525        1.16331407558336
C            1.03956609680944       -1.42945352120279        1.21102873495040
C            1.29927640823860       -1.72309784410564        2.51614939513356
H            0.61227493211457       -1.91698737279840        3.31864004882663
N            2.65101877932124       -1.76254477842235        2.73012424516532
H            3.09391886479117       -1.99439225819993        3.60106571478177
C            3.29554362036756       -1.49315624706005        1.55553533438907
C            4.65157107845269       -1.41683760764832        1.26171407702835
H            5.40137658795597       -1.59334504924406        2.01996745216876
C            5.00279302862536       -1.10561265487524       -0.03374792903527
H            6.04833225641615       -1.03566839163100       -0.30436945494431
C            4.03545255826185       -0.87812020529630       -1.01878001951388
H            4.36015745161233       -0.63747581211333       -2.02009317358846
C            2.69226541190690       -0.95744600079558       -0.73430119379243
H            1.95429834600355       -0.78595067737194       -1.50426700046383
C            2.30740200601331       -1.26731365608307        0.56919101566715
34
 energy: -56.479058977361 gnorm: 0.004512612881 xtb: 6.7.1-6.fc44.fc44
O           -3.31162999425148        1.53605597993189       -2.90026317654961
C           -3.90101788537668        2.30874120351340       -2.00848921798240
O           -4.37155803071348        3.37870547411294       -2.27342648628228
H           -2.94475316649454        0.70251059888262       -2.49579294804785
C           -3.97458220006676        1.71449281371838       -0.58425255912019
H           -4.52960772814133        0.77020845826065       -0.64957810683998
H           -4.51589967498506        2.41122125192187        0.05508573647565
N           -2.67084182764685        1.45183616449569       -0.00557115259329
H           -2.32870866696168        2.01448362770285        0.76099389886594
C           -1.89360576788520        0.43670629836527       -0.39868997868881
O           -2.16419337918298       -0.28005396746371       -1.35524365698117
C           -0.62611543951635        0.25936510318317        0.42986597396169
H            0.18184196072190        0.74374477465631       -0.13282710872169
N           -0.75650337174391        0.96325412132226        1.69803068629541
H            0.15067724999778        1.00936391965272        2.15065034532414
H           -1.36733824667917        0.43752953733367        2.31822366516979
C           -0.29296558789534       -1.24218738996310        0.56864132516875
H           -0.30338286674275       -1.68609284137838       -0.42763096782105
H           -1.07176200816866       -1.72168655601367        1.16747302307534
C            1.03907299608575       -1.42854004283930        1.21076419568149
C            1.30059335487653       -1.72435687596262        2.51618502998012
H            0.61559661942249       -1.92233647738194        3.31930937371272
N            2.65311970491717       -1.76291305589117        2.72958771891929
H            3.09882715085614       -1.99377229315690        3.60096752804710
C            3.29580722435106       -1.49191106893692        1.55610125000929
C            4.65072727184625       -1.41325031145317        1.26065987912110
H            5.39861468896253       -1.59009581830689        2.01940859043819
C            5.00460296150988       -1.10396643655669       -0.03435971078844
H            6.04863256649271       -1.03539682589988       -0.30168269827380
C            4.03670871415083       -0.87928382799966       -1.01892467248712
H            4.35900242917466       -0.64266885075016       -2.02226110982749
C            2.69368174477312       -0.95794194576311       -0.73395075801217
H            1.95638875701984       -0.78826301720964       -1.50438653466574
C            2.30698940708871       -1.26597240553402        0.56964613403501
34
 energy: -56.479083727154 gnorm: 0.002524733733 xtb: 6.7.1-6.fc44.fc44
O           -3.30989193500648        1.53608333292948       -2.89878919867731
C           -3.90106341824039        2.30915073902660       -2.00896040689275
O           -4.37200917406940        3.37849895692838       -2.27454206152482
H           -2.94147538560240        0.70463030298968       -2.49138340990489
C           -3.97496051889640        1.71659520305933       -0.58385389359183
H           -4.53276301084126        0.77331280435288       -0.65336269597947
H           -4.51474403082407        2.41241106775538        0.05704243626765
N           -2.67252922977613        1.44963384219658       -0.00623237538393
H           -2.33053973558591        2.01299034344788        0.76035448301368
C           -1.89343426780388        0.43483164538197       -0.39801489604894
O           -2.16348194464581       -0.28230542219558       -1.35563739221797
C           -0.62688310630013        0.25885936820605        0.43015670631403
H            0.18115085191163        0.74096140304319       -0.13447544150809
N           -0.75763177358066        0.96522837602811        1.69690887598645
H            0.14948743102974        1.01410605475975        2.14961789989000
H           -1.36756512651398        0.43886695097388        2.31751116829417
C           -0.29426755754514       -1.24219146304522        0.57078907941490
H           -0.30665453058965       -1.68707284207821       -0.42481369795519
H           -1.07300755079369       -1.71997815299960        1.17132937113052
C            1.03850388773041       -1.42903080848739        1.20929048437542
C            1.30114540715244       -1.72669891594039        2.51506948986181
H            0.61750122972068       -1.92844761691791        3.31842356582858
N            2.65413815233326       -1.76463837877063        2.72843560326044
H            3.10124031441342       -1.99321054414325        3.59974611225806
C            3.29578690163042       -1.49123074339288        1.55524281828745
C            4.65081323746813       -1.41199566167178        1.26030333548259
H            5.39785614050673       -1.58755589857833        2.02107373637184
C            5.00589725238215       -1.10365525234095       -0.03469566902582
H            6.04963439433260       -1.03509787716347       -0.29975323259155
C            4.03863051865543       -0.88019802419270       -1.01938866603813
H            4.36013529243199       -0.64335591798097       -2.02239583274691
C            2.69472971037230       -0.95761315287065       -0.73503392896928
H            1.95624996270819       -0.78909440104273       -1.50438513029980
C            2.30642057163101       -1.26525999867369        0.56868627391704
34
 energy: -56.479094199464 gnorm: 0.001801695793 xtb: 6.7.1-6.fc44.fc44
O           -3.30976723298446        1.53563268444237       -2.89791613110810
C           -3.90068911151531        2.30973450819772       -2.00913978297858
O           -4.37258481720771        3.37846854564019       -2.27558313216089
H           -2.94009134434053        0.70518516450447       -2.48831872722548
C           -3.97558040856380        1.71767623700504       -0.58361417308506
H           -4.53596216705152        0.77618888624106       -0.65408806668032
H           -4.51309382163022        2.41597502531850        0.05696631320838
N           -2.67379722025112        1.44740445459596       -0.00676666408205
H           -2.33142832277183        2.01091720922432        0.75980937729756
C           -1.89360290567871        0.43310362766994       -0.39806074028067
O           -2.16284400823192       -0.28360415357707       -1.35673123338833
C           -0.62744541773048        0.25810847959791        0.43003016006650
H            0.18062824095448        0.73965511697054       -0.13559270471955
N           -0.75776786623466        0.96617367956398        1.69610559306946
H            0.14926123528744        1.01735683409312        2.14862583798611
H           -1.36792890662862        0.44118130065001        2.31767085955798
C           -0.29502364337857       -1.24283514741722        0.57173202216287
H           -0.31102979328718       -1.68907684086299       -0.42340016721782
H           -1.07248677001619       -1.71999503910450        1.17437918606904
C            1.03877055271817       -1.42956612385377        1.20888429760704
C            1.30193415955795       -1.72847655089755        2.51452261989248
H            0.61827136021921       -1.93239324697110        3.31769208069508
N            2.65493018176554       -1.76642229815751        2.72769593583289
H            3.10220743349472       -1.99382841394262        3.59891247233657
C            3.29600147384464       -1.49040095915910        1.55453363900809
C            4.65132595228787       -1.41107486306365        1.26070085418963
H            5.39718813358068       -1.58715492196924        2.02206539633327
C            5.00680640551271       -1.10294667016342       -0.03434797455506
H            6.05092545444434       -1.03431938354080       -0.29820272034554
C            4.04005246499857       -0.87966919546124       -1.01937172838741
H            4.36168359348037       -0.64414632901417       -2.02305242949562
C            2.69542876830639       -0.95633468693152       -0.73568131711713
H            1.95571938779865       -0.78881338027751       -1.50433588899166
C            2.30640791904627       -1.26417423075734        0.56814044710426
34
 energy: -56.479102001301 gnorm: 0.001665624235 xtb: 6.7.1-6.fc44.fc44
O           -3.30872980122216        1.53508509013614       -2.89683611216007
C           -3.90172092808683        2.30935650454493       -2.00997238893072
O           -4.37436628669972        3.37758991784588       -2.27747240837251
H           -2.93806253491572        0.70521825811924       -2.48557995433965
C           -3.97658089717988        1.71955946085612       -0.58335245411073
H           -4.54122427669476        0.78132279442600       -0.65267654971608
H           -4.51035282551810        2.42073531150084        0.05647707967389
N           -2.67521737636283        1.44454804265401       -0.00767467300414
H           -2.33191687684092        2.00751196835356        0.75901670389557
C           -1.89367838199007        0.43134477690853       -0.39886866907242
O           -2.16117576468064       -0.28399575984823       -1.35928323185435
C           -0.62823708497651        0.25708383213134        0.43001648375759
H            0.18014277410768        0.73789617603279       -0.13612851926125
N           -0.75733995894332        0.96796132621714        1.69467279422910
H            0.14960222260121        1.02303116448200        2.14646676247654
H           -1.36752269858345        0.44536584264024        2.31808765893507
C           -0.29640867560429       -1.24403386480496        0.57415660220129
H           -0.31355367644910       -1.69272863303030       -0.41996415797313
H           -1.07173851057822       -1.72030187979213        1.18057691063712
C            1.03915014900557       -1.43079857069028        1.20851301868091
C            1.30272982078991       -1.73154702540421        2.51342910519824
H            0.61860008899737       -1.93828752494292        3.31534567080182
N            2.65542423454609       -1.76959003740495        2.72636723564011
H            3.10267618155351       -1.99594119908695        3.59770570261915
C            3.29593368638913       -1.48952862483173        1.55327586220423
C            4.65169763714315       -1.41009381659001        1.26141522826155
H            5.39702902396810       -1.58686520485168        2.02305688300412
C            5.00709875874990       -1.10192539743554       -0.03384890313442
H            6.05216880074273       -1.03292142779581       -0.29655243047081
C            4.04108213591625       -0.87906319731990       -1.01936687636114
H            4.36379557785872       -0.64317843486498       -2.02255080832647
C            2.69578200016040       -0.95508427703061       -0.73681033104207
H            1.95499000871617       -0.78725897782125       -1.50450474705486
C            2.30634241387577       -1.26293729470951        0.56712702356646
34
 energy: -56.479106686446 gnorm: 0.001275715406 xtb: 6.7.1-6.fc44.fc44
O           -3.30873698182478        1.53468062735763       -2.89737610735812
C           -3.90142271917268        2.30922992012091       -2.01033031139764
O           -4.37509359489405        3.37694726408772       -2.27832630484699
H           -2.93792190528488        0.70458041643976       -2.48663177731431
C           -3.97666310785157        1.71999777312780       -0.58332873254716
H           -4.54320315264577        0.78284639938542       -0.65061725244308
H           -4.50845508749630        2.42244137544457        0.05713862829979
N           -2.67526228305440        1.44361244637494       -0.00781730273816
H           -2.33154387978540        2.00570257625692        0.75927904772428
C           -1.89341434715564        0.43125293214953       -0.39985763430879
O           -2.15978304135391       -0.28301149927497       -1.36106108975429
C           -0.62798958235090        0.25673066421548        0.42957076165438
H            0.18043394247596        0.73711076902697       -0.13664708344400
N           -0.75712234920689        0.96832391188691        1.69382145232056
H            0.14993795408802        1.02545940289227        2.14478948928267
H           -1.36591050817075        0.44548279893937        2.31824236602462
C           -0.29626544422706       -1.24447090649930        0.57465986374500
H           -0.31587237108280       -1.69400014520722       -0.41890193683943
H           -1.07097651666663       -1.72046616972885        1.18201611592405
C            1.03939778566420       -1.43098130706514        1.20928997591803
C            1.30298437495801       -1.73275332715775        2.51361898105791
H            0.61828842928524       -1.93932648909995        3.31529106075975
N            2.65551695211467       -1.77088493891820        2.72640935682179
H            3.10276566824808       -1.99771647349809        3.59755543973691
C            3.29590924915839       -1.48990746494910        1.55347519826974
C            4.65166982602314       -1.41027770672739        1.26160771422462
H            5.39749862632285       -1.58620256900655        2.02304584944341
C            5.00636467084176       -1.10161860583659       -0.03373546662041
H            6.05156991703321       -1.03215763721587       -0.29675192468898
C            4.04013798480637       -0.87794264509892       -1.01898848971714
H            4.36310837752492       -0.64198034368711       -2.02219652405197
C            2.69518917629005       -0.95436938145643       -0.73628480535466
H            1.95482063046036       -0.78611576379755       -1.50429188394709
C            2.30646226672430       -1.26268658488839        0.56759683676265
34
 energy: -56.479112487891 gnorm: 0.001248009643 xtb: 6.7.1-6.fc44.fc44
O           -3.30859238848299        1.53436184142149       -2.89783157402079
C           -3.90217699323868        2.30860107784004       -2.01114287733231
O           -4.37758716676623        3.37535201592190       -2.27999241855404
H           -2.93755040223717        0.70374718714719       -2.48837197990801
C           -3.97582689368092        1.72105815792028       -0.58365495723780
H           -4.54622174734628        0.78566021329344       -0.64703855623791
H           -4.50452171417117        2.42662840605821        0.05596453067875
N           -2.67471125474000        1.44207871369971       -0.00805690450544
H           -2.33043810461644        2.00239121044066        0.76007011699177
C           -1.89243132041248        0.43111303560335       -0.40169343136825
O           -2.15669987610737       -0.28177392159235       -1.36423812988600
C           -0.62734309769526        0.25594465434643        0.42897557706439
H            0.18153681629854        0.73428435519704       -0.13781756385131
N           -0.75682960001824        0.96926321360447        1.69210982207242
H            0.15064035208210        1.03090700949888        2.14118978740262
H           -1.36203855951894        0.44511910458883        2.31882594627773
C           -0.29657596907728       -1.24532739096179        0.57665028605418
H           -0.31625685851490       -1.69609628313116       -0.41620311865342
H           -1.07119679405685       -1.71985768055785        1.18553133276138
C            1.03921085871913       -1.43192726681203        1.21049719391753
C            1.30310448176349       -1.73563281810677        2.51399512397703
H            0.61846194263832       -1.94279528302651        3.31542022021321
N            2.65561760027749       -1.77308386539320        2.72661936225971
H            3.10345265671978       -2.00101629087995        3.59742912522512
C            3.29575043995009       -1.49064777047144        1.55410542752955
C            4.65138678052673       -1.40962476011065        1.26178080387380
H            5.39770155707151       -1.58700745215395        2.02196357056898
C            5.00466441533396       -1.09983629080995       -0.03359127046748
H            6.04972416632114       -1.02983403562060       -0.29743990223430
C            4.03784013281921       -0.87558597045187       -1.01837888480899
H            4.36071173354009       -0.63894438295107       -2.02152871131309
C            2.69356989273495       -0.95305765755292       -0.73507872350859
H            1.95387355607105       -0.78408197070962       -1.50342891106096
C            2.30617031760878       -1.26284978669544        0.56862319867848
34
 energy: -56.479116905243 gnorm: 0.001018866996 xtb: 6.7.1-6.fc44.fc44
O           -3.30835122164684        1.53339784802726       -2.89887142858137
C           -3.90178908369083        2.30779645048326       -2.01249873717945
O           -4.38031919054023        3.37278965241892       -2.28285779481715
H           -2.93579961664517        0.70312481283221       -2.48924063603125
C           -3.97467168159533        1.72322169631320       -0.58371582096124
H           -4.54972741324672        0.78980588990020       -0.64435884073303
H           -4.49998471754019        2.43135002918783        0.05554551803711
N           -2.67430989680068        1.44017859035582       -0.00832600134403
H           -2.32951978334642        1.99832859159570        0.76137021258100
C           -1.89129616538999        0.43056151570161       -0.40358853861177
O           -2.15340154415144       -0.28130373043946       -1.36769089629402
C           -0.62669850805241        0.25496540307049        0.42820703660541
H            0.18296177967374        0.73070977120583       -0.13962074787540
N           -0.75583671273544        0.97054241755374        1.69002024539826
H            0.15233349365513        1.03796548719643        2.13659082575949
H           -1.35697015619717        0.44495371096364        2.31956379868933
C           -0.29763949855350       -1.24640190528975        0.57887927367576
H           -0.31915083697378       -1.69908344163534       -0.41330566537293
H           -1.07242189539378       -1.71857710472718        1.18946390115543
C            1.03851893763510       -1.43302470782796        1.21211771739663
C            1.30332497615439       -1.73917013368654        2.51496830913527
H            0.61956817167171       -1.94840111065449        3.31655130362782
N            2.65606062850290       -1.77617110299415        2.72687288410746
H            3.10454531939099       -2.00563063275073        3.59684162001397
C            3.29543290117759       -1.49153776511535        1.55465516830130
C            4.65097383291412       -1.40936895771242        1.26120075660913
H            5.39846047430436       -1.58631001097359        2.02110940083728
C            5.00289803693896       -1.09790035369168       -0.03406246375409
H            6.04764290684343       -1.02699684976422       -0.29834280802417
C            4.03553049992822       -0.87268383735836       -1.01782785713535
H            4.35768809382153       -0.63418869958607       -2.02047554027286
C            2.69152187624213       -0.95099049304857       -0.73350749301587
H            1.95165095890802       -0.78176853674825       -1.50144522002683
C            2.30519399453276       -1.26265317420925        0.57004202869809
34
 energy: -56.479119722223 gnorm: 0.000905132167 xtb: 6.7.1-6.fc44.fc44
O           -3.30763238726774        1.53222810177070       -2.89948551545600
C           -3.90206440868434        2.30626409257681       -2.01397226076688
O           -4.38283009133781        3.36996055842592       -2.28555421446017
H           -2.93381282764465        0.70245851201404       -2.48953008016245
C           -3.97302092347825        1.72479399167748       -0.58386798223993
H           -4.55185674153691        0.79334138426588       -0.64207101599700
H           -4.49533304438264        2.43643984382508        0.05457874788649
N           -2.67342250482713        1.43870615662995       -0.00865544547528
H           -2.32844036973236        1.99492029818136        0.76251014312259
C           -1.89001414940791        0.42987846240192       -0.40505458822875
O           -2.15051191857512       -0.28155649640345       -1.37011748406143
C           -0.62576975872632        0.25408032288845        0.42748168791391
H            0.18467831565740        0.72784251576051       -0.14106592741266
N           -0.75424001122190        0.97154343419273        1.68837645609151
H            0.15472938316434        1.04405283141786        2.13250413442910
H           -1.35179971761656        0.44488712892542        2.32032310676733
C           -0.29865213292171       -1.24731780392826        0.58066720606140
H           -0.32110924147442       -1.70195916283470       -0.41051737506946
H           -1.07396560190570       -1.71729156435156        1.19195788598401
C            1.03749793268029       -1.43460040479360        1.21360955674602
C            1.30329861255818       -1.74239109080267        2.51607879768447
H            0.62048572380877       -1.95312439927238        3.31833989773380
N            2.65634121243017       -1.77895272463915        2.72705144560276
H            3.10530832675418       -2.01020227394628        3.59644587066987
C            3.29496761792887       -1.49236853812807        1.55498100681193
C            4.65015591581259       -1.40889026272816        1.26049004773299
H            5.39725376450595       -1.58705680827314        2.01946246883578
C            5.00136420596577       -1.09517802694108       -0.03432396748820
H            6.04583591201552       -1.02360307100718       -0.29883849672559
C            4.03324331398017       -0.86915913217241       -1.01737309157805
H            4.35410869280359       -0.62958217148976       -2.02039274495820
C            2.68929936791088       -0.94867417352780       -0.73200640617281
H            1.94855293965462       -0.77938923420592       -1.49910811561688
C            2.30377355290538       -1.26257097691576        0.57133976239374
