37
 energy: -61.558527683831 gnorm: 0.000087176536 xtb: 6.7.1-6.fc44.fc44
O           -4.72812543160000        1.40198109720000        1.87569128940000
C           -3.80920800340000        0.81627769810000        1.37360327790000
O           -2.55161946410000        1.09210625270000        1.67044831520000
H           -1.87454169130000        0.52274036180000        1.24189678670000
C           -4.04896026500000       -0.29512818530000        0.34134064170000
H           -5.02638004280000       -0.12405580620000       -0.11999612920000
H           -4.07370823620000       -1.25698587650000        0.86572450680000
N           -3.00959621720000       -0.38600822980000       -0.65415338050000
H           -2.77751080940000        0.45495628270000       -1.15869076150000
C           -2.24675886450000       -1.49187707840000       -0.79066788800000
O           -2.43354978020000       -2.51308950340000       -0.16991269290000
C           -1.10461475450000       -1.36818841060000       -1.81143549980000
H           -1.11662139520000       -0.38793212890000       -2.30088870530000
H           -1.21922288990000       -2.15170794270000       -2.56075239630000
N            0.15118481360000       -1.56411059090000       -1.12038862910000
H            0.81983687150000       -2.25582071930000       -1.43049079740000
C            0.38154799980000       -1.00454806290000        0.07212925670000
O           -0.40358930410000       -0.23434200040000        0.60671743960000
C            1.70212822900000       -1.41459373210000        0.71824104840000
N            2.53869943500000       -2.09948421940000       -0.25386780340000
H            3.28962513180000       -2.59375766380000        0.21473916550000
H            2.96550467120000       -1.41782290770000       -0.87667649060000
H            1.43350800550000       -2.13729875070000        1.49943752200000
C            2.35887061360000       -0.18673655480000        1.39703103190000
H            1.61554659380000        0.26795083860000        2.05196748670000
H            3.20225453760000       -0.52897192900000        2.00094414610000
C            2.82303132090000        0.80402064290000        0.36863672260000
C            1.96515921360000        1.79240157240000       -0.10021591520000
H            0.97414634070000        1.87443926410000        0.31997877660000
C            2.37533946330000        2.66690890590000       -1.09001031310000
H            1.70105257520000        3.43415165940000       -1.44138087050000
C            3.64815053750000        2.56589388430000       -1.62736425140000
H            3.96762333670000        3.24968427500000       -2.39970407780000
C            4.51276263910000        1.59099969700000       -1.16228060090000
H            5.51051491880000        1.51156009110000       -1.56885398960000
C            4.10179206250000        0.71637090070000       -0.17069534480000
H            4.79119318800000       -0.03107289920000        0.19961909910000
