37
 energy: -61.557824865692 gnorm: 0.000123844996 xtb: 6.7.1-6.fc44.fc44
O           -2.08655287260000        2.95248773280000        1.00640529950000
C           -1.87442133580000        1.78108724980000        0.84411265040000
O           -1.24618085940000        1.05406358820000        1.74761628860000
H           -1.07086824320000        0.11657614560000        1.50616295840000
C           -2.36416776810000        1.07132222150000       -0.42416059380000
H           -2.41747096510000        1.81507524470000       -1.22444003720000
H           -3.37650087480000        0.70226100200000       -0.21985304780000
N           -1.58345770980000       -0.06724790440000       -0.83489996850000
H           -0.62368864650000        0.09427577700000       -1.10652923770000
C           -2.07987553520000       -1.32212399570000       -0.76258159220000
O           -3.20919764040000       -1.57261342500000       -0.41017122990000
C           -1.13943339930000       -2.42242090370000       -1.26465006060000
H           -1.15968609670000       -2.40448659120000       -2.35830480240000
H           -1.56066645240000       -3.37619162040000       -0.92548849720000
N            0.23056607160000       -2.27108786750000       -0.82988086360000
H            0.95866186640000       -2.76694359300000       -1.33271111480000
C            0.58459042470000       -1.84877943500000        0.39219878440000
O           -0.19563413100000       -1.38034888720000        1.20413877610000
C            2.08536817310000       -1.95697558590000        0.68063460650000
N            2.78098277920000       -2.62005675700000       -0.41919471260000
H            3.55152695110000       -3.17750185910000       -0.07160142390000
H            3.17272288370000       -1.93881638320000       -1.06028981760000
H            2.16540423820000       -2.59849774220000        1.56510890650000
C            2.62641679580000       -0.55478462530000        1.05053348430000
H            2.44654639760000       -0.38378885150000        2.11218330060000
H            3.71075617740000       -0.55156326060000        0.89401660300000
C            1.99933822350000        0.58273974820000        0.28336136380000
C            1.79803670420000        0.53769323540000       -1.09237946700000
H            2.09630904990000       -0.32770649190000       -1.66628727910000
C            1.20831297770000        1.60158669130000       -1.75816100340000
H            1.05709505640000        1.54318478150000       -2.82708619240000
C            0.82619182250000        2.73585853660000       -1.06261675840000
H            0.36764541600000        3.56382654370000       -1.58084272950000
C            1.03736773870000        2.79939718800000        0.30382311140000
H            0.73609322890000        3.67475379010000        0.85658552720000
C            1.61120810460000        1.72952007930000        0.96737255310000
H            1.75153153930000        1.78281958660000        2.03613094230000
