37
 energy: -61.557757013141 gnorm: 0.000111706635 xtb: 6.7.1-6.fc44.fc44
O           -4.13997915230000        2.67491024130000       -1.23380435690000
C           -3.48461623840000        2.03579668680000       -0.46261040770000
O           -2.38061730920000        2.48776899340000        0.10020396380000
H           -1.92806933270000        1.80755120790000        0.66174821740000
C           -3.89838875000000        0.61189287310000       -0.02484801030000
H           -4.85726276970000        0.37296355360000       -0.48247983590000
H           -4.00423923060000        0.61983342430000        1.06688289450000
N           -2.92968872630000       -0.40690884870000       -0.39326868120000
H           -3.17520283420000       -1.03831231220000       -1.13830004980000
C           -1.76481816690000       -0.56481964110000        0.25514803700000
O           -1.37581564340000        0.21825458650000        1.11117132770000
C           -0.98213336920000       -1.80464182320000       -0.12352716470000
H           -0.87547510920000       -1.89183203880000       -1.21109425380000
H           -1.53403237570000       -2.68802611040000        0.22903872440000
N            0.32717305380000       -1.76009025270000        0.47598888450000
H            0.45888515160000       -1.03376946100000        1.16788505690000
C            1.38236688570000       -2.37466400670000       -0.10503977260000
O            1.25845126450000       -3.11989189420000       -1.05693628690000
C            2.73989262500000       -2.07890666640000        0.53717181490000
N            3.66484699100000       -3.18799459400000        0.40433552000000
H            3.68751257110000       -3.47669306940000       -0.57035793640000
H            3.33700267730000       -3.98532220880000        0.93998113630000
H            2.60564770530000       -1.86044409790000        1.60200778960000
C            3.33901194420000       -0.84309473900000       -0.16977169630000
H            4.31973778380000       -0.65773323990000        0.27043551760000
H            3.47632645240000       -1.08948597030000       -1.22427172000000
C            2.45321560090000        0.35903024180000       -0.02512353480000
C            2.44842786560000        1.09163411510000        1.15614097820000
H            3.11642238690000        0.80867625930000        1.95768190260000
C            1.60575691660000        2.17813548170000        1.30899079670000
H            1.61456885150000        2.73982966820000        2.23135908490000
C            0.75385578380000        2.54635791840000        0.28204414110000
H            0.09509646120000        3.39307846430000        0.39585836190000
C            0.74783737490000        1.82056574570000       -0.89696983280000
H            0.08283833470000        2.10568903120000       -1.69925337220000
C            1.59130860420000        0.73440983630000       -1.04862286160000
H            1.58531768460000        0.16957566740000       -1.97076437640000
