34
 energy: -56.479320216019 gnorm: 0.000054557946 xtb: 6.7.1-6.fc44.fc44
O           -4.62768608540000        2.00209708520000       -0.32076886590000
C           -4.65832300940000        1.54875414320000       -1.55809032450000
O           -5.66685637770000        1.21478998570000       -2.11272976460000
H           -3.69864608920000        2.19298596390000       -0.00972586780000
C           -3.28791764900000        1.51144650700000       -2.27153903850000
H           -2.91449856420000        2.54322076480000       -2.30796454360000
H           -3.43483557020000        1.14283705720000       -3.28581888920000
N           -2.30984902620000        0.67737955840000       -1.60144934190000
H           -1.99911678880000       -0.18407281540000       -2.03141532720000
C           -1.72447781390000        1.00196827050000       -0.44388338510000
O           -2.04513960640000        1.98463250970000        0.21711409750000
C           -0.64207970520000        0.02586521670000        0.00466929500000
H           -1.11712570650000       -0.63655508720000        0.74057757330000
N           -0.22216153620000       -0.79847311510000       -1.11898246490000
H            0.33480809360000       -1.57779551790000       -0.78562594810000
H            0.37491884820000       -0.25546455360000       -1.73674170960000
C            0.49776530220000        0.79371547060000        0.71034915090000
H            0.04978918760000        1.44306003660000        1.46316271010000
H            1.00701499820000        1.42137608960000       -0.02512330060000
C            1.46683488000000       -0.14867756430000        1.34038762640000
C            1.39207125850000       -0.68014527230000        2.59537403370000
H            0.66942808800000       -0.49087279370000        3.36596434780000
N            2.42632116720000       -1.55141709680000        2.80244463130000
H            2.60038412560000       -2.05761420700000        3.65356080980000
C            3.19627540340000       -1.60261240620000        1.67767250860000
C            4.34320416910000       -2.33582254260000        1.40079924570000
H            4.77083811510000       -2.99929277220000        2.13803564980000
C            4.91420723260000       -2.18303571410000        0.15633010710000
H            5.80629274810000       -2.73775460280000       -0.09307723750000
C            4.36440424390000       -1.31647629430000       -0.79276314590000
H            4.84739882710000       -1.21988911480000       -1.75398754570000
C            3.22901163660000       -0.58709503210000       -0.52433808020000
H            2.82432239670000        0.08843688860000       -1.26458613510000
C            2.62051673190000       -0.72710066910000        0.72401582520000
