37
 energy: -61.561321044829 gnorm: 0.000189072029 xtb: 6.7.1-6.fc44.fc44
O           -3.34421328160000        1.94913939840000        1.21036442780000
C           -3.56576412410000        0.93509740630000        0.61261132330000
O           -3.73693275830000        0.89539040160000       -0.69827895670000
H           -3.86250833370000       -0.03025430070000       -1.03543402480000
C           -3.68392629940000       -0.43074320430000        1.32023676560000
H           -4.67103768320000       -0.84730966860000        1.08482283060000
H           -3.59511705470000       -0.28043637680000        2.39516809280000
N           -2.66267097600000       -1.36851217690000        0.89344026390000
H           -1.85265720450000       -1.52575049350000        1.49482898100000
C           -2.66901729700000       -1.93835480770000       -0.31404318040000
O           -3.51533557980000       -1.71021004010000       -1.17067978200000
C           -1.49963234570000       -2.89761438000000       -0.54824120000000
H           -1.66442745560000       -3.43478476230000       -1.48171224280000
H           -1.44614534900000       -3.60487133970000        0.28614300680000
N           -0.25032333490000       -2.17231301620000       -0.62743798810000
H            0.17566071240000       -1.97684270460000       -1.52425816160000
C            0.38679246530000       -1.68017027300000        0.44414562220000
O           -0.02921263880000       -1.78837319530000        1.58838574940000
C            1.65533469780000       -0.91169853930000        0.09970331480000
N            2.15258192710000       -1.32871000500000       -1.20451498870000
H            2.62575870890000       -2.22356788010000       -1.13501878250000
H            2.82589376840000       -0.65022889800000       -1.54655857320000
H            2.37554328850000       -1.06545888250000        0.91951842040000
C            1.27845690750000        0.58533833360000        0.06284493980000
H            0.58430072460000        0.74906589720000       -0.76331219490000
H            0.77747611010000        0.83672251050000        0.99911223910000
C            2.50801179040000        1.43024203690000       -0.11194519790000
C            2.85858001480000        1.92845793650000       -1.36048324080000
H            2.21305806060000        1.74717780090000       -2.20856413200000
C            4.01877202170000        2.66664164770000       -1.52361270930000
H            4.27744150890000        3.05109396290000       -2.49932040120000
C            4.84327507590000        2.91245800830000       -0.43979677900000
H            5.74770123940000        3.48864636690000       -0.56621657720000
C            4.50057185590000        2.42143427260000        0.80928393780000
H            5.13770556630000        2.61510736150000        1.65959469630000
C            3.34197629670000        1.68392967410000        0.97088570630000
H            3.07478530250000        1.30475576080000        1.94693988450000
