34
 energy: -56.475111244742 gnorm: 0.000137968333 xtb: 6.7.1-6.fc44.fc44
O            0.30031763230000        3.01143275740000       -1.51488292400000
C           -0.48171648290000        2.25554671210000       -0.73993418660000
O           -0.65043542090000        2.50673764640000        0.41905958580000
H            0.39509126910000        2.66478372050000       -2.41219725620000
C           -1.16966026360000        1.09344960140000       -1.43998387070000
H           -0.46184596410000        0.51937230850000       -2.05126654980000
H           -1.94739270450000        1.50206988540000       -2.10256450270000
N           -1.74575509360000        0.21439348590000       -0.45561792290000
H           -1.81370274740000        0.61092802050000        0.47271385840000
C           -1.76229529300000       -1.12676698140000       -0.63051196390000
O           -1.53690374810000       -1.64988272970000       -1.70161814110000
C           -2.04599538700000       -1.92469312920000        0.63558719930000
H           -2.58883906170000       -1.30419259680000        1.35907101630000
N           -2.86768553030000       -3.06595617790000        0.29713267850000
H           -2.78256690830000       -3.79748465800000        0.99401158140000
H           -2.56490444700000       -3.43538570030000       -0.59979270090000
C           -0.65764442670000       -2.29749341440000        1.23662868560000
H           -0.17472827270000       -3.00628162500000        0.56003663280000
H           -0.82118764890000       -2.78808892460000        2.19947648240000
C            0.21017303300000       -1.09683197730000        1.40430475960000
C            0.21690124950000       -0.21510131340000        2.44731779830000
H           -0.34461168700000       -0.24539946350000        3.36189700490000
N            1.10488618090000        0.79664330690000        2.20750970360000
H            1.23534673890000        1.60652274440000        2.78837285900000
C            1.67164157070000        0.60795443150000        0.98350451600000
C            2.59639228520000        1.37719873980000        0.28820035690000
H            2.98963579280000        2.28974337500000        0.70965953950000
C            2.97842454470000        0.94028447590000       -0.96137000750000
H            3.69044232120000        1.51758433600000       -1.53278406570000
C            2.46285275850000       -0.23965533630000       -1.50777713350000
H            2.79131827600000       -0.54821916800000       -2.48993216510000
C            1.55277212500000       -1.01186700530000       -0.82089144620000
H            1.15547839010000       -1.91563588090000       -1.25722968930000
C            1.13772111750000       -0.58734297360000        0.44188364200000
