34
 energy: -56.474539971127 gnorm: 0.000109089316 xtb: 6.7.1-6.fc44.fc44
O           -4.07551956860000        1.12449757180000       -1.95545889980000
C           -3.36395726670000        2.21873956560000       -2.14784673680000
O           -3.26820448250000        2.76449234650000       -3.20994578030000
H           -4.00340653430000        0.78848110550000       -1.02121726050000
C           -2.67075865590000        2.76885676550000       -0.88170323900000
H           -3.45078165650000        2.96755525880000       -0.13616228950000
H           -2.16333406600000        3.69865543940000       -1.13473826130000
N           -1.70861105380000        1.83947161550000       -0.31252719780000
H           -0.73045055830000        2.05292071320000       -0.41839532100000
C           -2.07377971270000        0.72860322600000        0.35063124740000
O           -3.24684063760000        0.38285440160000        0.44706412720000
C           -0.93579411350000       -0.08847011320000        0.95561360620000
H           -0.17536616930000        0.58478643780000        1.36764387740000
N           -1.38628883220000       -0.96777920850000        2.01189732400000
H           -2.17460887040000       -1.51480632560000        1.67779281440000
H           -1.70941888090000       -0.43171458840000        2.80994729490000
C           -0.29651388880000       -0.93370870820000       -0.17236163410000
H           -0.10276831880000       -0.30089230660000       -1.04107114650000
H           -1.00336664030000       -1.71326816450000       -0.46042617650000
C            0.97634480250000       -1.54416609210000        0.30473946060000
C            1.14617683340000       -2.78143814360000        0.85207902290000
H            0.41977413130000       -3.55482839650000        1.00724506020000
N            2.45144950490000       -2.95932085890000        1.21802577240000
H            2.82903551770000       -3.78741507430000        1.64535905680000
C            3.15538970740000       -1.82928765810000        0.92120308950000
C            4.49852037420000       -1.52596160910000        1.10352537700000
H            5.17610890220000       -2.24090781720000        1.54684529460000
C            4.93369901330000       -0.28265165180000        0.69878720670000
H            5.97149045780000       -0.01295626860000        0.82626099300000
C            4.05738352110000        0.64021337930000        0.12110255140000
H            4.44042519470000        1.60243885380000       -0.18604791560000
C            2.72592060110000        0.34452382610000       -0.06349950400000
H            2.06136998730000        1.06481461580000       -0.51947716050000
C            2.25347109780000       -0.90429206190000        0.34031699770000
