37
 energy: -60.984336744497 gnorm: 1.002915697630 xtb: 6.7.1-6.fc44.fc44
O           -4.08826618014054        1.84026231520143        0.30322856423394
C           -3.45911047957830        0.92529738411188        0.63726564343956
O           -2.37525042724955        1.25308722880104        0.63755660762257
H           -1.84445361084026        0.25880792362018        1.07567864412503
C           -4.15796094508346       -0.46145554134420        0.47060185611789
H           -4.57753308130855       -0.50953941563515       -0.67233633326147
H           -5.03056935724057       -0.61394936868008        0.88038218904147
N           -3.12212160412365       -1.60645017896485        0.32387136577543
H           -2.60341924120045       -1.40188500601268        1.36628233619585
C           -2.65445353753936       -2.19585117783868       -0.71206694607385
O           -3.12010207408732       -2.05409132010099       -1.71565048285685
C           -1.53167214762175       -3.03428251522995        0.02223727282891
H           -1.42575067535161       -3.87358799291483       -0.81862955878492
H           -1.66123593094205       -3.57237959204046        0.86084655945635
N           -0.23450740059920       -2.53064835811062       -0.43278311853237
H            0.35212698224882       -2.40724057544739       -1.21183221647009
C            0.09480354514279       -1.45914095181865        0.49467934205578
O           -0.57591882986123       -0.97257197760222        1.39370659376126
C            1.48227586587393       -0.78977172409689        0.00264795576168
N            1.66365211222546       -1.07714299404623       -1.12746135462656
H            2.59722075567545       -0.57658506366927       -1.47252656638973
H            1.13119620818429       -0.28888572786931       -1.95971960287105
H            2.23709818640036       -1.26678668624460        0.60412570734713
C            1.10841290140586        0.73656768566557        0.38722620371344
H            0.53627706645847        1.35116110481796       -0.18670942908215
H            0.91142198185803        1.09066018151030        1.40132931003090
C            2.65935367115967        1.63512470344370        0.15594274833943
C            3.56106752041163        1.31548968311090        0.91847300629521
H            3.36193472572346        0.75569917979408        2.05145525024776
C            4.81258439684144        1.95069756690844        0.86982063703678
H            5.67698542693867        1.97988469441872        1.56723125759338
C            5.20794456204449        2.65160363526584       -0.30108283035944
H            6.17978182525993        3.11730772616882       -0.63983109862940
C            4.04305074101088        2.84830084875152       -1.11449599875631
H            4.20151538306644        3.17382661162034       -2.31724201499516
C            2.85938350962101        2.02957086961803       -1.01414977187369
H            2.08905461747610        2.33758225865029       -1.84328828628215
37
 energy: -61.350559340957 gnorm: 0.465615551692 xtb: 6.7.1-6.fc44.fc44
O           -4.14485169608844        1.88163486248518        0.30020682260272
C           -3.49767061855073        0.91214063308287        0.59832435996949
O           -2.30243909030048        1.21410200330525        0.67290111319371
H           -1.82191760945723        0.27085967953100        1.06906767840555
C           -4.14981742544905       -0.46483808228833        0.42300211148356
H           -4.56780970488886       -0.49526727996933       -0.66510013848592
H           -5.04948208972434       -0.62465124199967        0.90842314132490
N           -3.13377205739504       -1.56856123924392        0.38868240531468
H           -2.60526519812042       -1.42010874359981        1.34702920814653
C           -2.65299048679241       -2.19343602463714       -0.66993692955132
O           -3.12348765334814       -2.06072003145689       -1.74986136410490
C           -1.52139653285830       -3.06929429747918       -0.04798018796420
H           -1.44040274810770       -3.89799431354994       -0.81776459054294
H           -1.65836179718860       -3.56536941454222        0.87219313933951
N           -0.22919652827375       -2.49688482611400       -0.38871722211138
H            0.35135062074928       -2.41027285861140       -1.20667605810962
C            0.09873745160308       -1.45149490467398        0.48466790475076
O           -0.58076757313597       -0.98876160799327        1.38936449690281
C            1.44927447256967       -0.76592559534789        0.05096916708987
N            1.68115132044825       -1.04379884973783       -1.21687273826145
H            2.60851277925791       -0.59186966346113       -1.47755546946367
H            1.12420396054416       -0.31228114358446       -1.94497858302548
H            2.23626573507806       -1.25358107490077        0.62708253248910
C            1.16446782026572        0.76202870723044        0.40103191112964
H            0.52243759341362        1.34217924895829       -0.20628071107327
H            0.91107811580355        1.07435854815836        1.40989761268879
C            2.61070801433897        1.58691515637673        0.15694451302672
C            3.59610880160365        1.31455205359045        0.99330213740931
H            3.37139208462036        0.76527817118908        2.02731591349960
C            4.83673314817753        1.95679408069110        0.86704112553437
H            5.67088469662377        1.96883879264722        1.57176380172059
C            5.17839644459280        2.65714594137747       -0.31195407511679
H            6.15653256867331        3.10794572236984       -0.62417420809907
C            4.06292703054800        2.82579553348611       -1.16749651359502
H            4.20500743057739        3.17906975809678       -2.28717338381937
C            2.85304818440650        2.08454581861057       -1.05231191752326
H            2.09522699804322        2.32961191581637       -1.83959356399998
37
 energy: -61.515344133996 gnorm: 0.153512968716 xtb: 6.7.1-6.fc44.fc44
O           -4.17522758330546        1.90493822125827        0.30585207466344
C           -3.52944681714020        0.90798176869987        0.55331594233181
O           -2.26060847221368        1.14937079209810        0.71491123330113
H           -1.81316697773548        0.30807451543944        1.05425172964897
C           -4.13967454411429       -0.46735344964578        0.36806256518531
H           -4.55019319455790       -0.48561877613066       -0.65833114985378
H           -5.04139971920604       -0.62939150297493        0.94128919743684
N           -3.14702486516397       -1.52789211920395        0.44579866424943
H           -2.61546745430827       -1.44896482094346        1.31167111206962
C           -2.65807322655335       -2.18947875757825       -0.62428580730528
O           -3.10932546455699       -2.07125420551747       -1.73947066305137
C           -1.51291404814755       -3.10672284719046       -0.13227758680781
H           -1.45417563403759       -3.92517442940887       -0.82383648879173
H           -1.65380080076482       -3.53384378845712        0.86990037101316
N           -0.22563701654133       -2.45285680012745       -0.33784321790895
H            0.34178814564758       -2.42267750231707       -1.19457945466358
C            0.10310189559609       -1.43330451170850        0.46645142115832
O           -0.58719175654067       -1.00506913170620        1.38693741130345
C            1.41041879051149       -0.73224391969545        0.07249215466108
N            1.68115802681193       -0.98284272157256       -1.28177861913483
H            2.61186171459958       -0.61187250891860       -1.47298255107799
H            1.13352068946562       -0.35619257464099       -1.90477962570693
H            2.22524322578459       -1.23089195257445        0.62985838729342
C            1.25007980400535        0.80243440401691        0.39808509624548
H            0.50875982943513        1.31666094864331       -0.22431768058685
H            0.91581456040784        1.04469320941469        1.41455846314491
C            2.57589693168239        1.51916928557880        0.15517881789808
C            3.61333801861359        1.32995497703011        1.04951330578020
H            3.39084216152008        0.79154689273746        1.98038551027999
C            4.84843847963612        1.96566865595816        0.85495302309102
H            5.65701617458237        1.95076763699494        1.57608666126417
C            5.14062539094067        2.65912077480201       -0.32852529535743
H            6.12285153843123        3.09507280602912       -0.60049802322021
C            4.07760073689204        2.79539861847824       -1.22359644013172
H            4.21435543103118        3.18305513774657       -2.24250836820904
C            2.85144841539853        2.13422662153517       -1.05536445419411
H            2.10398407615355        2.31419648766299       -1.81979427484363
37
 energy: -61.548747224650 gnorm: 0.069581802092 xtb: 6.7.1-6.fc44.fc44
O           -4.20553812732497        1.92299321693753        0.30767275005863
C           -3.55371205396322        0.92474474778556        0.51545472343572
O           -2.25438387942752        1.12436825359649        0.73645647729928
H           -1.79144486066011        0.33636706727905        1.04253980188376
C           -4.13240457201226       -0.46356461621396        0.33826008980186
H           -4.52806551232860       -0.48500086619430       -0.67968946288085
H           -5.01630677523032       -0.62540869188344        0.97658859989658
N           -3.15607322496512       -1.51296842792640        0.47281392006662
H           -2.60900436801708       -1.49803240911317        1.32201456472441
C           -2.66589377931204       -2.19372776771884       -0.59428718958678
O           -3.09909241505166       -2.08542275268358       -1.71986811224336
C           -1.50389447049167       -3.12135710144381       -0.18483821444184
H           -1.46853428640995       -3.97317219420162       -0.85312965021729
H           -1.63941714450202       -3.49307454579957        0.85271503980481
N           -0.22818551666407       -2.42713126838621       -0.31672777212742
H            0.33185565914270       -2.44526404133818       -1.17901228005721
C            0.08945585098252       -1.39517845714502        0.45983684779719
O           -0.60114796590174       -1.01204013479093        1.40579120191442
C            1.38871782787104       -0.69789628947464        0.07656987776057
N            1.68581465608290       -0.94417597666674       -1.31326605651734
H            2.64462076042540       -0.63736192756660       -1.47874089773172
H            1.09630221059025       -0.37590875152291       -1.89873592868321
H            2.20304693785747       -1.18306337858375        0.64383068188312
C            1.27843068038459        0.81950718328877        0.39723144349095
H            0.49750789752697        1.28416305071822       -0.23650847608493
H            0.93170688540513        1.00256070953539        1.42399866894726
C            2.57913204612450        1.49684002777049        0.15312411062767
C            3.63037324495302        1.35633405562357        1.06912554938824
H            3.42682169032205        0.81002398258303        1.97223029305864
C            4.85622645521225        1.97084810717274        0.84874192506829
H            5.64808061421393        1.92234102620775        1.58484414654948
C            5.11275363145969        2.64899035091470       -0.33783413675086
H            6.08328111785073        3.08750573861396       -0.56505672406603
C            4.09047398332071        2.74918069825774       -1.27147592906167
H            4.24310554561295        3.22565090939074       -2.23168049796373
C            2.85073361335537        2.15598185192040       -1.04838329505104
H            2.08947410582756        2.29003405486940       -1.80582264881765
37
 energy: -61.556295885175 gnorm: 0.042861384765 xtb: 6.7.1-6.fc44.fc44
O           -4.24757103890950        1.93287974436162        0.30360370395114
C           -3.57253847965851        0.95374463618516        0.49072963829078
O           -2.27083646969033        1.14587919701036        0.74168488934684
H           -1.75836307419256        0.34605945551499        1.01855346661842
C           -4.11782036265999       -0.45621716295368        0.32731533728843
H           -4.50297579480438       -0.50633631442061       -0.69843812575105
H           -4.98438934934264       -0.61305439054739        0.99677479264637
N           -3.15378293711339       -1.51262868292489        0.48528590888226
H           -2.61036964355694       -1.54862016405949        1.34489084262319
C           -2.66773167819510       -2.20093584503719       -0.57761764820839
O           -3.09114403649545       -2.09453387879185       -1.70520338811473
C           -1.49670562255623       -3.12958303475638       -0.20646643268373
H           -1.47981048527315       -3.98882094941668       -0.87707006117029
H           -1.62182453626550       -3.48189069713402        0.83103869050439
N           -0.23435551694911       -2.41851076218057       -0.31242634077698
H            0.32491597040406       -2.46799897895339       -1.16564924532518
C            0.07752636550526       -1.37839525915354        0.46542750610023
O           -0.61320583624805       -1.01583573564800        1.41748466854112
C            1.37332565073281       -0.67555339075780        0.07932158488495
N            1.68720492489572       -0.94065682469312       -1.31674368364459
H            2.62938598559369       -0.63903812119898       -1.50630818319856
H            1.06183689526630       -0.39130952890003       -1.91702524739898
H            2.18060117213717       -1.13090013705994        0.67100010626345
C            1.27291810297991        0.82607551139840        0.40079850642919
H            0.49706478453492        1.27526490737779       -0.23759874461530
H            0.95324712810200        0.96932451060859        1.43765622384905
C            2.59597504175978        1.49571791088944        0.14812899563109
C            3.64141533277956        1.37231026852333        1.07147421983057
H            3.45742830222719        0.82581094247057        1.98621641887083
C            4.86698977948646        1.96238443359239        0.84005892834801
H            5.64847523986479        1.89370673668758        1.58487945875187
C            5.10054092474819        2.63978075629874       -0.34582264870569
H            6.06109691005624        3.09302221666567       -0.53724901675412
C            4.09577425428995        2.73127329371361       -1.29098276904547
H            4.27108972786819        3.24895775715538       -2.22443795035541
C            2.85528586278076        2.16566577729430       -1.04615470216308
H            2.07614296815740        2.27164723665136       -1.79234625856608
37
 energy: -61.557887918849 gnorm: 0.033298662864 xtb: 6.7.1-6.fc44.fc44
O           -4.26281291085325        1.92790006783473        0.29603015894492
C           -3.57522928227706        0.96294978220130        0.47847102912028
O           -2.27140453595511        1.13905055794946        0.74480089806239
H           -1.76095735042188        0.34092529094493        1.01322329555619
C           -4.11023798020122       -0.45598634931328        0.32523675961766
H           -4.48974834349329       -0.53414343526937       -0.70245186987806
H           -4.96515641916825       -0.59932632248034        1.00832339157911
N           -3.14932054962585       -1.51347094028632        0.49401877782615
H           -2.62496632106016       -1.56142665097997        1.35813884920599
C           -2.66472721198100       -2.20371894282873       -0.56575694005691
O           -3.08455535675423       -2.10087256915231       -1.69626395539009
C           -1.49230449113132       -3.13200725220625       -0.20785857576222
H           -1.48011238404195       -3.98031047260496       -0.89035201337098
H           -1.60531035234022       -3.48390445660259        0.82211200765743
N           -0.24514493973752       -2.40813413095252       -0.31520493561267
H            0.31288954068344       -2.48338328912823       -1.16209952058550
C            0.05900351395146       -1.35974670456935        0.45909779073987
O           -0.62820680346524       -1.00448355656238        1.41354429223286
C            1.35513963023942       -0.66134974209484        0.07201051442891
N            1.66969681496463       -0.94395448113295       -1.32723327939182
H            2.63396883217026       -0.67622599256831       -1.52363878527961
H            1.09695710390362       -0.38545619353170       -1.93170886309523
H            2.14864218143220       -1.11419444977652        0.67987787979372
C            1.27893265260162        0.84158202260117        0.39867076164662
H            0.51078592974040        1.29374296846583       -0.23203861229404
H            0.98669440616852        0.95816460792675        1.44349446385338
C            2.60092778261184        1.50153637327136        0.15083556781620
C            3.63916375050257        1.37987576524187        1.07594261289845
H            3.46487381141612        0.84976132419583        2.00148782773069
C            4.87234949220268        1.94988023714323        0.83293978312951
H            5.65251248225468        1.86716840280982        1.57577113267287
C            5.09613520728109        2.63286322371973       -0.35049197575878
H            6.05565560649549        3.09049341879074       -0.52729167333582
C            4.09392162413574        2.72814116596365       -1.29431757687081
H            4.27350632940971        3.25037967447784       -2.21856890641214
C            2.85120469376558        2.17509776270167       -1.03987093263092
H            2.06205030883613        2.27126871961258       -1.77409593761314
37
 energy: -61.558780916716 gnorm: 0.020679519930 xtb: 6.7.1-6.fc44.fc44
O           -4.27209446120075        1.92194934437819        0.29833485583848
C           -3.57017845269880        0.96590466987811        0.46851613956423
O           -2.27007599436069        1.13358225357440        0.73984310375325
H           -1.76670769486383        0.33317727994426        0.99669581506008
C           -4.10576345469267       -0.45687847114289        0.32200004395218
H           -4.48983641812131       -0.54243302562668       -0.70251514711554
H           -4.95134716323021       -0.58691355150299        1.01114592704801
N           -3.14325526386669       -1.51350112536770        0.49386643425648
H           -2.64107412048164       -1.57349163526739        1.36986911524167
C           -2.65994825954515       -2.20412655569451       -0.56267571774385
O           -3.07848830333405       -2.10304685699878       -1.69421108035642
C           -1.48729762975466       -3.12952414332474       -0.20235398594838
H           -1.47074608573700       -3.96962997415653       -0.89378193882688
H           -1.59352464994728       -3.48538310603222        0.82208238966928
N           -0.24712702760009       -2.39676483258887       -0.31828813087361
H            0.31709288439577       -2.49247535563857       -1.15591099929702
C            0.05607468995328       -1.34742071629429        0.45458701149129
O           -0.63113781067614       -0.99004651028955        1.40579967018766
C            1.35740081471835       -0.65183221591953        0.06919191735100
N            1.66873783476891       -0.94645068294989       -1.32810577699051
H            2.63054656860779       -0.68542010854776       -1.53710579851982
H            1.05962498073730       -0.39494901410127       -1.93777756663855
H            2.14438312276303       -1.10230935033048        0.68646481094154
C            1.27777994199621        0.85241578139583        0.40170161676927
H            0.50497144502883        1.30514900377356       -0.21932608899864
H            0.99265505517027        0.95018409917483        1.45116545868775
C            2.60648170630330        1.49813699148710        0.14888023117013
C            3.63558037275941        1.38027718932925        1.07829884328098
H            3.46046065265379        0.85891327815097        2.00821033839868
C            4.87331842427682        1.94404213269495        0.83299207139257
H            5.65653416606290        1.85277119358412        1.57040785508005
C            5.10041960551349        2.62535868634856       -0.35101999315566
H            6.06343717733951        3.07729881215112       -0.52888112804513
C            4.09455065905326        2.72694463406452       -1.29223220833562
H            4.27038835295630        3.26437230657691       -2.21466162026215
C            2.85290711164302        2.17200810313807       -1.03944368799093
H            2.06007368566913        2.26879690594139       -1.76697933886145
37
 energy: -61.559262943800 gnorm: 0.014175213770 xtb: 6.7.1-6.fc44.fc44
O           -4.28521091647348        1.91834673553737        0.30911306491199
C           -3.56662981825984        0.96952354667861        0.46371187250365
O           -2.27290389707770        1.13560556193499        0.73373190977006
H           -1.76903488512009        0.32501054444102        0.97207740369526
C           -4.10461594726471       -0.45677070094290        0.31991864146650
H           -4.50137071904779       -0.54004246765148       -0.69818280908826
H           -4.94131294992045       -0.57755349033407        1.01659305565200
N           -3.14033940778060       -1.51163115241047        0.48900778133290
H           -2.65631994115265       -1.58807725646799        1.37863324992166
C           -2.66079688218064       -2.20577806507176       -0.56448580380731
O           -3.07856182272118       -2.10417411351847       -1.69622378282068
C           -1.48746331247331       -3.12917013150565       -0.19854388561446
H           -1.46240898928042       -3.96936683364291       -0.89125861450497
H           -1.59034884694220       -3.48600787612443        0.82734230348491
N           -0.24893323937273       -2.38905773893331       -0.32252668957667
H            0.32713926553851       -2.50280580496954       -1.14922200131364
C            0.05755819789175       -1.34475181271530        0.45120272468350
O           -0.63067164183717       -0.98255463351414        1.39966469507498
C            1.36193209427071       -0.65187186549454        0.06577335262242
N            1.66709023772222       -0.95206959886177       -1.32914923552512
H            2.61662512766366       -0.68469922982316       -1.54711277916519
H            1.06233888566952       -0.39678599201545       -1.93479282669380
H            2.14784316639103       -1.10317745454799        0.68469033816837
C            1.27846384564815        0.85371411437467        0.40443885329733
H            0.49683478869858        1.30782577412002       -0.20740764142886
H            0.99440532325608        0.94526988321125        1.45380459016133
C            2.60823954898037        1.50478617249995        0.15056606278770
C            3.63090398223637        1.38864117851761        1.08325807566353
H            3.45108313757801        0.86120723794745        2.01032096260257
C            4.87312119995781        1.94616672944772        0.83579857352131
H            5.66044094856989        1.84935880920620        1.56818379494230
C            5.10756397087207        2.62172013901587       -0.35068530454650
H            6.07571771827562        3.06012702104506       -0.53868411997231
C            4.09639699513270        2.73640037206454       -1.28747694369646
H            4.27107487617526        3.25863268793830       -2.21354494504802
C            2.85439916182595        2.17837328838001       -1.03716752987041
H            2.06256720681047        2.27432185599614       -1.76658295241718
37
 energy: -61.559470749002 gnorm: 0.008538816526 xtb: 6.7.1-6.fc44.fc44
O           -4.28790032937959        1.91445743933357        0.30691155991088
C           -3.56473339172135        0.97185323330800        0.46265328962564
O           -2.27415868301704        1.12891160650492        0.73462987089913
H           -1.78041561464559        0.30846056816134        0.96913518781879
C           -4.10902749804570       -0.45538653128743        0.31857885604842
H           -4.51534073751607       -0.54221594773977       -0.69498548408603
H           -4.93808149087221       -0.56890927485720        1.02366065692340
N           -3.14065800285090       -1.50689584540222        0.48551759626852
H           -2.66670378818081       -1.57808717777036        1.37522923506254
C           -2.66505566034499       -2.20878766988043       -0.56398934266936
O           -3.08404804638481       -2.11111879576149       -1.69531689324877
C           -1.48862741223245       -3.12858842418348       -0.19481943167678
H           -1.46007283178884       -3.97266128602829       -0.88395530340269
H           -1.58834804142850       -3.48416606264288        0.83493520063739
N           -0.25137647923194       -2.38472399886552       -0.32797132834765
H            0.33623279368292       -2.51475293564048       -1.14471148149003
C            0.05978421346105       -1.34400770893652        0.44542634322435
O           -0.62872515309247       -0.97830952519547        1.39390126457627
C            1.36543282167485       -0.65386465302479        0.05973040379294
N            1.66489311932526       -0.95261271635966       -1.33426046805432
H            2.62189792515685       -0.69439728263653       -1.54925884147698
H            1.06372826424431       -0.39467409870779       -1.93481378060375
H            2.15149833652961       -1.10990362210250        0.67583421966274
C            1.28228327459196        0.85081881327707        0.40404794972748
H            0.49934502796358        1.31108392481560       -0.20133509049083
H            1.00066367089504        0.94225447116019        1.45211235365840
C            2.60813091328570        1.50973426545332        0.15237000201081
C            3.62815000488898        1.39359433620112        1.08622513937617
H            3.44426874383187        0.86893606354773        2.01351113545875
C            4.87282262057596        1.94558790123848        0.83813323759706
H            5.66092590974288        1.84894000075628        1.57000632301339
C            5.11257286272296        2.61757929359643       -0.34934356099133
H            6.08417468576726        3.04696522675621       -0.54471709843564
C            4.09846202354932        2.74059808961322       -1.28421358705604
H            4.27371323720935        3.27424760897337       -2.21130748870415
C            2.85414120699461        2.18421861744683       -1.03555997651912
H            2.06496796689876        2.28450753069052       -1.76720722686517
37
 energy: -61.559536310392 gnorm: 0.006381036693 xtb: 6.7.1-6.fc44.fc44
O           -4.28809950430297        1.91544377244782        0.30284380901759
C           -3.56412056121535        0.97491285783954        0.46027750778346
O           -2.27446776944443        1.12577427472520        0.73675291696890
H           -1.78588142587453        0.30723366294293        0.97764717995176
C           -4.11110707029140       -0.45398311980425        0.31827505245179
H           -4.52193037136288       -0.54186459698327       -0.69297718385985
H           -4.93574077403495       -0.56510639669858        1.02959761692375
N           -3.14232544253183       -1.50467073765875        0.48306022403408
H           -2.67343050550521       -1.58468015328464        1.37650680956464
C           -2.66759842526972       -2.21071609656351       -0.56429571777672
O           -3.08556242445806       -2.11475417679228       -1.69600759267937
C           -1.48963474972511       -3.12871509956476       -0.19430181068296
H           -1.46320300398760       -3.97423149025629       -0.88027701112992
H           -1.58866764627873       -3.48372406754810        0.83658286858314
N           -0.25291625349562       -2.38473029425567       -0.33077048619840
H            0.34103504623586       -2.52365415287085       -1.14132696448014
C            0.06059089403693       -1.34380780106680        0.44145425269451
O           -0.62965666680175       -0.97591261544436        1.38891333790418
C            1.36675427964396       -0.65454344832753        0.05663540025122
N            1.66573527591936       -0.95079094996163       -1.33751835262577
H            2.62503606932739       -0.69445655295844       -1.54974264950692
H            1.06386238182856       -0.39497502075109       -1.93900438900732
H            2.15436864765210       -1.11179213136789        0.67041206756546
C            1.28505289528509        0.84865947749573        0.40148703573890
H            0.50305127879853        1.31201798111344       -0.20276262836475
H            1.00109252407856        0.93849773366181        1.44978889962628
C            2.60951098749762        1.50807759077313        0.15217766161076
C            3.63069451924083        1.39434009355563        1.08662554091417
H            3.44535078123304        0.87569916605654        2.01589589540738
C            4.87398495478712        1.94663777004752        0.83904539779590
H            5.66070956935403        1.85259133352136        1.57284295958152
C            5.11192255976799        2.62097337122972       -0.34743156072405
H            6.08415867706671        3.04771702137590       -0.54474489848093
C            4.09709468010873        2.74621460388321       -1.28081694504988
H            4.27722429916865        3.26190134243831       -2.20879947011280
C            2.85531885960606        2.18772490881256       -1.03471523822472
H            2.06660987620286        2.29137737404971       -1.76654609429043
37
 energy: -61.559591357598 gnorm: 0.004355674258 xtb: 6.7.1-6.fc44.fc44
O           -4.28947861479189        1.91912597738850        0.30336201884400
C           -3.56552446824359        0.97723175200699        0.45873672739226
O           -2.27690231207367        1.12600389965216        0.74216936920211
H           -1.78838527983947        0.30712808387479        0.98155770783135
C           -4.11266503283137       -0.45322677073987        0.31722646225317
H           -4.52501120166105       -0.53972559144050       -0.69317251730322
H           -4.93486532921832       -0.56521061255787        1.03155596799488
N           -3.14363731190266       -1.50379921839521        0.48126805739670
H           -2.67693179616362       -1.58961648700975        1.37644307353152
C           -2.66778403845163       -2.21149434630628       -0.56463675766365
O           -3.08487036384685       -2.11760814942677       -1.69669524445100
C           -1.49018915939180       -3.12920021097214       -0.19328719411975
H           -1.46727134652427       -3.97563053361174       -0.87705866662728
H           -1.58985603635125       -3.48348555030231        0.83745420764195
N           -0.25339665189194       -2.38727654900682       -0.33091413846020
H            0.34362542838073       -2.53028340115961       -1.13759024423069
C            0.06079688837240       -1.34469177654579        0.44025400423008
O           -0.63123388448392       -0.97484876909803        1.38579219408508
C            1.36686044215501       -0.65545273594576        0.05576222501084
N            1.66752260851952       -0.95019439909966       -1.33812231867009
H            2.62316707271581       -0.68861516661542       -1.55022816441118
H            1.06796804818288       -0.39683513230874       -1.94310747886977
H            2.15607719262664       -1.11189908790881        0.66822229917954
C            1.28602954992122        0.84715964257667        0.39926782634934
H            0.50504512545515        1.31068442244274       -0.20704596425174
H            0.99891623657507        0.93745280787260        1.44759766681325
C            2.61027311424939        1.50671386123826        0.15233106238452
C            3.63302474684610        1.39524876822053        1.08719047137337
H            3.44810405980572        0.87619509509611        2.01679341408615
C            4.87573356098492        1.94782824022224        0.83975355381897
H            5.66097965937079        1.85648648349646        1.57564262254609
C            5.11347406730724        2.61953362702331       -0.34785571082585
H            6.08439504826263        3.05027005382014       -0.54244217327962
C            4.09963548597676        2.74155389017542       -1.28240478416692
H            4.27761810794864        3.27034952652370       -2.20807226382599
C            2.85614782349756        2.18646261458253       -1.03454584088207
H            2.06742502277296        2.29235117604928       -1.76641802875166
37
 energy: -61.559615797351 gnorm: 0.003482634526 xtb: 6.7.1-6.fc44.fc44
O           -4.29075773821915        1.92093485764309        0.30318631209727
C           -3.56826183974364        0.97797716174755        0.46019940738371
O           -2.28104078666581        1.12615101943172        0.75062888373860
H           -1.79071120043384        0.30343602820103        0.98247468316849
C           -4.11464139440911       -0.45301087381764        0.31626777849062
H           -4.52703517811025       -0.53885064768266       -0.69412088754671
H           -4.93551301491480       -0.56693665675783        1.03103395863212
N           -3.14439815709715       -1.50295911188781        0.48015545725256
H           -2.67819127706300       -1.58579192486469        1.37303489954209
C           -2.66716167169582       -2.21080090054065       -0.56498345898406
O           -3.08473904331086       -2.11951909495743       -1.69693048275055
C           -1.49015790761125       -3.12941486658830       -0.19266574068588
H           -1.46926872284656       -3.97753351070186       -0.87503457300781
H           -1.59024259565461       -3.48197588496902        0.83846862306768
N           -0.25308942833374       -2.38895103181622       -0.33112166720554
H            0.34567205458568       -2.53448003802537       -1.13518650212946
C            0.06065439330654       -1.34500159022902        0.43914052029100
O           -0.63212856002394       -0.97457144141554        1.38364269804672
C            1.36659643175552       -0.65598987334366        0.05479640831017
N            1.66883474163354       -0.94882747382150       -1.33886577068182
H            2.62439024955009       -0.68485057593839       -1.54997204098429
H            1.06649469244729       -0.39767531760497       -1.94486632926398
H            2.15608072980310       -1.11321069104389        0.66607313415792
C            1.28620510747249        0.84662800986493        0.39951554900180
H            0.50624418793534        1.30970020643584       -0.20939095223742
H            0.99784902334511        0.93924629340836        1.44725084988231
C            2.61143407515734        1.50639987403660        0.15243009207390
C            3.63498523092637        1.39596758547870        1.08722993545445
H            3.45065087573459        0.87400582217742        2.01614194644143
C            4.87734830900672        1.94975335732638        0.84029045260777
H            5.66216993821836        1.85951112898888        1.57700940824470
C            5.11478985959793        2.62059298019565       -0.34792226288622
H            6.08473026007431        3.05382198614610       -0.54095536701336
C            4.10177106446381        2.73989329108407       -1.28328669502715
H            4.27853944128176        3.26872068281560       -2.20816761874041
C            2.85792400382744        2.18537037860371       -1.03424000591822
H            2.06879030827008        2.29092627623219       -1.76647720164795
37
 energy: -61.559636513957 gnorm: 0.003355095855 xtb: 6.7.1-6.fc44.fc44
O           -4.29167565613943        1.92066749782857        0.29755786095857
C           -3.57048661152225        0.97875745181169        0.46191067464838
O           -2.28573289804902        1.12681395870912        0.75862238374269
H           -1.79216856010938        0.30530168872196        0.98841413547008
C           -4.11612729994558       -0.45272842099829        0.31663141728567
H           -4.52972484803985       -0.53849374439340       -0.69339062239234
H           -4.93549409630163       -0.56826445239594        1.03180390101613
N           -3.14569855464321       -1.50272951638480        0.47854622589327
H           -2.68198926135301       -1.59020310215271        1.37350622917172
C           -2.66724714648671       -2.20999214457607       -0.56622050461990
O           -3.08430712311382       -2.11953065099805       -1.69834425361413
C           -1.49068773046901       -3.12963031422686       -0.19221073483279
H           -1.47030930084513       -3.97898791982751       -0.87343473353346
H           -1.59111575631401       -3.48037284755713        0.83934999093988
N           -0.25299678473061       -2.38997247006194       -0.33178046683486
H            0.34860143942285       -2.53987870254867       -1.13247172690126
C            0.05969769627954       -1.34450713681716        0.43702383837404
O           -0.63435716128790       -0.97293286999502        1.37981453293174
C            1.36624649361125       -0.65661380438042        0.05353790032625
N            1.67021848528621       -0.94782783534986       -1.33961307546758
H            2.62583221485974       -0.68085467095099       -1.54988632568876
H            1.06548243793796       -0.39895128674684       -1.94593061488502
H            2.15514844507121       -1.11565231212755        0.66400416187499
C            1.28671274969526        0.84649969421691        0.39958799655552
H            0.50872287143123        1.31013398408409       -0.21182133480872
H            0.99765713487161        0.94192768213992        1.44654455208305
C            2.61286951023537        1.50500689812039        0.15173927024684
C            3.63676450669234        1.39468095267991        1.08625246409269
H            3.45248813187678        0.87315443157523        2.01526834761418
C            4.87850715383056        1.95084396161092        0.84089279958117
H            5.66287218404203        1.86212531564421        1.57838096246528
C            5.11600349074026        2.62255782519677       -0.34705412871527
H            6.08542266552609        3.05731803153356       -0.53941545786606
C            4.10375267640183        2.73922668571856       -1.28330311241577
H            4.27994881647476        3.26935661989529       -2.20813480916860
C            2.86050107825457        2.18341461107816       -1.03457141937968
H            2.07148506906897        2.28902234573532       -1.76702288297343
37
 energy: -61.559657711580 gnorm: 0.003227460799 xtb: 6.7.1-6.fc44.fc44
O           -4.29185361391903        1.92047722768119        0.29122249722220
C           -3.57293478929689        0.97807453501863        0.46304132754666
O           -2.29154671169634        1.12530520425440        0.77208314749193
H           -1.79658910496438        0.30450252058640        0.99790134689251
C           -4.11901701512213       -0.45284994600436        0.31546182222378
H           -4.53472206135858       -0.53797384060294       -0.69366621351543
H           -4.93617048992861       -0.56977762420014        1.03283918805860
N           -3.14774535499761       -1.50251692199188        0.47658875944894
H           -2.68633663574122       -1.59042993831549        1.37189202376122
C           -2.66795706292352       -2.20994577746570       -0.56728896535772
O           -3.08384703198508       -2.12096563292585       -1.70002043143334
C           -1.49112143010478       -3.12899290313403       -0.19088040066272
H           -1.47087370791444       -3.97946345232681       -0.87072696034330
H           -1.59146770785971       -3.47688197430610        0.84148663430513
N           -0.25291748691379       -2.39009483715351       -0.33245354760601
H            0.35190535489213       -2.54745475574848       -1.12936200579985
C            0.05909185547942       -1.34297832221413        0.43410218914728
O           -0.63628909183119       -0.96966654428698        1.37496497158185
C            1.36657370156905       -0.65676542962949        0.05181477090304
N            1.67267556405719       -0.94753085682343       -1.34056700124754
H            2.62576236797753       -0.67419707295783       -1.55167951890062
H            1.06440061678861       -0.40277316121448       -1.94734239471516
H            2.15441456159558       -1.11737529785709        0.66244750952885
C            1.28841135539227        0.84686207519730        0.39762637265993
H            0.51177217857655        1.31106205206696       -0.21557999313293
H            0.99810909721840        0.94319379510966        1.44440108607761
C            2.61462123535062        1.50402948596373        0.15106569859493
C            3.63848051697758        1.39289342532718        1.08509873582921
H            3.45445018430405        0.87208206825288        2.01417672562162
C            4.87968663577041        1.95145604858061        0.84160311454669
H            5.66347296174687        1.86386440858882        1.57980626573875
C            5.11754877301809        2.62488829295878       -0.34546492120717
H            6.08662081707277        3.06110258637810       -0.53677577532367
C            4.10626098787095        2.74008649286660       -1.28245872995585
H            4.28271240667119        3.26802909207536       -2.20811140702922
C            2.86382495609440        2.18236157955334       -1.03472904793411
H            2.07540963039356        2.28704883251015       -1.76773343184155
37
 energy: -61.559675136839 gnorm: 0.002247408133 xtb: 6.7.1-6.fc44.fc44
O           -4.29281315657539        1.91985151272433        0.28380786762816
C           -3.57565408175094        0.97681288560605        0.46380482756294
O           -2.29881603030564        1.12550750960830        0.78836518741923
H           -1.80062763906386        0.30507803831499        1.00800829980991
C           -4.12147869614535       -0.45365051172557        0.31454621783812
H           -4.53856326114413       -0.53781309213179       -0.69380533457317
H           -4.93731660971937       -0.57178681875916        1.03345080213665
N           -3.14999999810107       -1.50344750626433        0.47493302523677
H           -2.69047409290625       -1.59313364452815        1.37189090080076
C           -2.66870504841648       -2.21001127899680       -0.56853211004829
O           -3.08215800879897       -2.12060852183357       -1.70208807060817
C           -1.49167201187694       -3.12833312358768       -0.18990798332456
H           -1.47073705241672       -3.97929320672024       -0.86864069298236
H           -1.59173508935005       -3.47359806404674        0.84291697382284
N           -0.25331487685275       -2.38913816666908       -0.33347957311386
H            0.35294822222584       -2.55289609207131       -1.12751973375753
C            0.05830798356475       -1.34106689572595        0.43142867512262
O           -0.63819840962875       -0.96651674835221        1.37103713643226
C            1.36670217537593       -0.65602633669593        0.05053340023494
N            1.67495206350310       -0.94799183376601       -1.34083579741526
H            2.62739895173902       -0.66935111572617       -1.55264925732005
H            1.06375331586404       -0.40872523390629       -1.94854713134600
H            2.15283092772429       -1.11751232654109        0.66292877215356
C            1.28978086453108        0.84786544446552        0.39483976904627
H            0.51382434205275        1.31220056094099       -0.21914960779969
H            0.99822018651806        0.94385692533774        1.44157422294530
C            2.61655040573224        1.50409893652851        0.14974350923084
C            3.63956275999364        1.39196704430869        1.08404518119006
H            3.45576761737121        0.86896511178820        2.01218861306577
C            4.88048233386955        1.95242884338808        0.84250381660374
H            5.66381783287969        1.86449845768598        1.58105349819048
C            5.11972243060676        2.62685791344106       -0.34367011042028
H            6.08866020393574        3.06435047898277       -0.53329039799822
C            4.10964011279255        2.74140231948516       -1.28207990809283
H            4.28652676284604        3.26707657551854       -2.20875085159791
C            2.86749726230060        2.18197729278228       -1.03585501405657
H            2.08013376988579        2.28479010095225       -1.77001568084192
37
 energy: -61.559688218577 gnorm: 0.002115587631 xtb: 6.7.1-6.fc44.fc44
O           -4.29237294940684        1.91805967087321        0.27324994917716
C           -3.57785552898713        0.97518589640349        0.46424296865524
O           -2.30481796002650        1.12540038158668        0.80267261245609
H           -1.80469479181577        0.30603440300224        1.01983627093403
C           -4.12324377851256       -0.45481775056810        0.31430258799873
H           -4.54003851788627       -0.53919629466177       -0.69393776517069
H           -4.93940615552009       -0.57323350424137        1.03326436563809
N           -3.15170396665309       -1.50459992157830        0.47502081812621
H           -2.69185229237606       -1.59235934081296        1.37147923746005
C           -2.66903084738270       -2.20962483436882       -0.56872627858160
O           -3.08025057338272       -2.11888398315876       -1.70293082912716
C           -1.49192635715924       -3.12764408087674       -0.18956726106276
H           -1.47071845529205       -3.97945530369709       -0.86709333551722
H           -1.59149815207783       -3.47072279918842        0.84391354819980
N           -0.25395943988944       -2.38775238552302       -0.33473084822157
H            0.35154546924959       -2.55511618456645       -1.12806662346790
C            0.05845700632983       -1.33989100108415        0.42972379621863
O           -0.63838591025610       -0.96481062403966        1.36919297620788
C            1.36737422764909       -0.65541129984977        0.04957231432257
N            1.67698761241253       -0.94980937540301       -1.34115485363522
H            2.62626199982507       -0.66421378659624       -1.55467456314436
H            1.06228524206512       -0.41598092588655       -1.94973626079554
H            2.15266426746210       -1.11575054525577        0.66429062964073
C            1.29065906795699        0.84838830643556        0.39213825875500
H            0.51492908808802        1.31255513643853       -0.22174015336461
H            0.99945404035009        0.94467556227006        1.43851012650760
C            2.61796577346392        1.50395410999438        0.14803099409871
C            3.63986408582108        1.39106960577014        1.08342639291673
H            3.45562432994246        0.86726615680196        2.01069968158426
C            4.88074491285289        1.95229803975825        0.84336306461910
H            5.66346091079406        1.86321731956648        1.58233855117779
C            5.12110351883133        2.62804005509735       -0.34167662346144
H            6.09002073033507        3.06616572042677       -0.52954248727824
C            4.11231728188726        2.74234087339282       -1.28180211256377
H            4.29067187009382        3.26777337108410       -2.20854489409127
C            2.87020444685383        2.18192313329953       -1.03768153820184
H            2.08397625662026        2.28361163296677       -1.77287927583459
37
 energy: -61.559696317655 gnorm: 0.001527802831 xtb: 6.7.1-6.fc44.fc44
O           -4.29238226898414        1.91706380714277        0.26589696737315
C           -3.57895138744908        0.97439931499683        0.46372464363737
O           -2.30888078243259        1.12642526765774        0.81144436744237
H           -1.80727170574229        0.30694287012704        1.02696040258929
C           -4.12379397288058       -0.45585876210370        0.31429819224086
H           -4.54042751328075       -0.54041039624863       -0.69408922225596
H           -4.94082694888316       -0.57376976366121        1.03290651875945
N           -3.15251824317644       -1.50570784412490        0.47591290223694
H           -2.69166193862777       -1.59282160853306        1.37217851930298
C           -2.66887897778839       -2.20924279622345       -0.56838396824256
O           -3.07838006639250       -2.11661609689092       -1.70298312666071
C           -1.49200248382296       -3.12707477710499       -0.18929184108952
H           -1.47114807339005       -3.97976803274130       -0.86581907152947
H           -1.59107671073764       -3.46924158512981        0.84465016328529
N           -0.25461670105788       -2.38687615217463       -0.33583745975033
H            0.34971051098821       -2.55541989896667       -1.12974741093228
C            0.05906585778926       -1.33957139935851        0.42901070496532
O           -0.63734452369801       -0.96440137510361        1.36899341347227
C            1.36802921524342       -0.65537093574444        0.04855973535911
N            1.67771066675120       -0.95187512932733       -1.34190133933641
H            2.62612156223948       -0.66292000609078       -1.55583482969155
H            1.06059409297376       -0.42139954807511       -1.95104089309684
H            2.15301014379876       -1.11450990506302        0.66476976108531
C            1.29159346956207        0.84863900971885        0.39005236280615
H            0.51570534970358        1.31274833821677       -0.22311317766949
H            0.99978167843968        0.94438014354584        1.43643181312306
C            2.61856989768810        1.50503557400375        0.14686477734226
C            3.63927079908114        1.39162892416532        1.08361213759285
H            3.45376525306848        0.86780758050461        2.01061669930840
C            4.88084291307865        1.95159797211687        0.84396358452095
H            5.66291234218905        1.86166523650335        1.58349009478420
C            5.12210489637724        2.62758309212066       -0.34065158021249
H            6.09108611627092        3.06584468576657       -0.52736618451789
C            4.11406242076089        2.74288061109118       -1.28153868119823
H            4.29373717453648        3.26949901200796       -2.20749398849743
C            2.87133322475895        2.18285445311081       -1.03914769338446
H            2.08597117530498        2.28454555368048       -1.77531385198736
37
 energy: -61.559700376336 gnorm: 0.001572872732 xtb: 6.7.1-6.fc44.fc44
O           -4.29047665236953        1.91618168621386        0.25691489595335
C           -3.57871131964174        0.97388864484220        0.46228550221748
O           -2.31106117571915        1.12648932706586        0.81775241534554
H           -1.81030995869436        0.30693944803526        1.03501447733081
C           -4.12366138901651       -0.45677095464218        0.31484198164923
H           -4.53909856553707       -0.54265657064177       -0.69399532440821
H           -4.94229537629827       -0.57293527638321        1.03227451059430
N           -3.15309068032889       -1.50679182808865        0.47820426483555
H           -2.69067564485055       -1.59276924946100        1.37363050731097
C           -2.66820319892459       -2.20856421513218       -0.56696831876037
O           -3.07628522923297       -2.11344114367291       -1.70187539643553
C           -1.49158981028593       -3.12663978548374       -0.18894767578620
H           -1.47166623391628       -3.97982716292458       -0.86480446711390
H           -1.58991767183095       -3.46917888540059        0.84514515467016
N           -0.25483958489907       -2.38604857643673       -0.33659622440421
H            0.34783052953285       -2.55308551510730       -1.13204659977779
C            0.06000099888332       -1.33946684243440        0.42920133332299
O           -0.63539183710803       -0.96529050793199        1.37043525580321
C            1.36850094513770       -0.65505650540489        0.04719147078757
N            1.67716169369642       -0.95357869482289       -1.34342926741354
H            2.62533219645703       -0.66290114421118       -1.55737876863005
H            1.05923903871482       -0.42488993964704       -1.95291472843477
H            2.15406171897591       -1.11267643264815        0.66378757027743
C            1.29061620673754        0.84911215612166        0.38788883688014
H            0.51418812674128        1.31268762572953       -0.22498361071346
H            0.99882850722330        0.94512275315191        1.43414587958021
C            2.61917935963770        1.50459667408778        0.14485919103429
C            3.63850377927818        1.39214944640888        1.08394767832806
H            3.45062736586802        0.86874585893830        2.01097912967798
C            4.88045375511077        1.95087324695356        0.84524180263071
H            5.66178023384443        1.86019315484541        1.58550495369548
C            5.12260823690052        2.62625700996061       -0.33949372254838
H            6.09207699232662        3.06340139573365       -0.52574478032815
C            4.11523652462580        2.74281219796007       -1.28115488424654
H            4.29635442315363        3.27235053144771       -2.20525011598281
C            2.87217395519133        2.18315667028057       -1.04109306528937
H            2.08733620287677        2.28629683650986       -1.77778642047757
37
 energy: -61.559703065690 gnorm: 0.001188881813 xtb: 6.7.1-6.fc44.fc44
O           -4.28823851770672        1.91645099474955        0.25390506436940
C           -3.57738347609468        0.97409233632240        0.46152755868947
O           -2.31021760003339        1.12593425619391        0.81839203409675
H           -1.81049427142919        0.30589084318380        1.03669285190797
C           -4.12301950932212       -0.45658160306720        0.31508829132629
H           -4.53791833979932       -0.54323209650447       -0.69392247292686
H           -4.94221106122093       -0.57167305205080        1.03193594997053
N           -3.15318819846168       -1.50701574039643        0.47929092230572
H           -2.69091916377583       -1.59389404409323        1.37499137152731
C           -2.66752024464569       -2.20810658215186       -0.56621081201549
O           -3.07534492915922       -2.11195915805891       -1.70118564396213
C           -1.49139137134653       -3.12691910815796       -0.18870875584990
H           -1.47195168005099       -3.97985658768938       -0.86492038211686
H           -1.58955776081852       -3.47020300411008        0.84523762270067
N           -0.25444003075513       -2.38675052260894       -0.33622858333570
H            0.34804957730944       -2.55175766181404       -1.13237608328876
C            0.06030936948757       -1.34028511503483        0.42988902996899
O           -0.63448542945561       -0.96689960575937        1.37163111160970
C            1.36833756307591       -0.65551017928284        0.04670180805002
N            1.67621796895398       -0.95386314224646       -1.34423470009168
H            2.62421915211741       -0.66332195138496       -1.55818828786269
H            1.05753823946485       -0.42440835581153       -1.95347796357127
H            2.15481574159210       -1.11269880709943        0.66217962979263
C            1.29106146088816        0.84908344664755        0.38702198735241
H            0.51551449043224        1.31267851681725       -0.22687759857755
H            0.99877962756360        0.94596495642071        1.43300354570622
C            2.61786701442199        1.50643353140163        0.14516984809743
C            3.63668618391954        1.39354987615240        1.08451887735207
H            3.44815764447143        0.87067496124790        2.01158458979373
C            4.87970975221798        1.95018944653494        0.84559234459872
H            5.66083866006321        1.85951039183107        1.58613991134903
C            5.12256967143964        2.62486152960378       -0.33946905872671
H            6.09247793235280        3.06129806082209       -0.52567358572516
C            4.11546865192771        2.74242952411632       -1.28121677270859
H            4.29682829599537        3.27177832260844       -2.20477505759891
C            2.87109164122842        2.18453133404252       -1.04060357818850
H            2.08655940741224        2.28826942243779       -1.77764157284361
37
 energy: -61.559706385964 gnorm: 0.000819582056 xtb: 6.7.1-6.fc44.fc44
O           -4.28562990010504        1.91725876222430        0.25297712264592
C           -3.57572200409963        0.97419725575111        0.46118740154046
O           -2.30879024010169        1.12485062231291        0.81920501394896
H           -1.80971514897344        0.30405282833857        1.03687979944440
C           -4.12243188795096       -0.45607485844998        0.31480588669060
H           -4.53763686920969       -0.54267330971425       -0.69410472707034
H           -4.94139426413005       -0.57060019274810        1.03193139085441
N           -3.15324871857078       -1.50710276627829        0.47967010618279
H           -2.69226342884656       -1.59474609198328        1.37580254173322
C           -2.66677958170067       -2.20802931610442       -0.56572585059927
O           -3.07457434546834       -2.11172522821176       -1.70077157645882
C           -1.49107387800224       -3.12727801653384       -0.18812800494120
H           -1.47179470387776       -3.97978097373796       -0.86505534104878
H           -1.58919526632992       -3.47087326978927        0.84573001618238
N           -0.25364213586033       -2.38775456569113       -0.33522279321957
H            0.34928333316709       -2.55136193605087       -1.13161872558598
C            0.06009021427632       -1.34062778672622        0.43046647268938
O           -0.63436273727227       -0.96806268671688        1.37249737768264
C            1.36748533484798       -0.65505056808084        0.04654337716970
N            1.67491832819135       -0.95262741761007       -1.34464340041342
H            2.62340321602992       -0.66336468007695       -1.55873794500153
H            1.05735186009182       -0.42168615414475       -1.95343867682120
H            2.15461344802099       -1.11264664275385        0.66066415738743
C            1.28997552141411        0.84951646187067        0.38667317051613
H            0.51546969107813        1.31287349951622       -0.22894776709295
H            0.99589693207957        0.94654106009211        1.43256487249976
C            2.61745368387531        1.50552903964581        0.14438255666624
C            3.63600324694386        1.39268802495995        1.08374104343206
H            3.44711026836886        0.87121475358080        2.01124833338727
C            4.87896628927036        1.94970594500065        0.84572763302630
H            5.65975690084377        1.85979788264878        1.58665597128029
C            5.12219625711837        2.62485215307923       -0.33913899135122
H            6.09237916941171        3.06085863944809       -0.52542146819184
C            4.11528311474290        2.74263747852982       -1.28077631304070
H            4.29703340575961        3.27162863270499       -2.20470673746505
C            2.87143925978600        2.18419289371830       -1.04060752072782
H            2.08696209744139        2.28835596179170       -1.77752496475597
