34
 energy: -56.478957025719 gnorm: 0.000042187703 xtb: 6.7.1-6.fc44.fc44
O           -3.85189060660000        2.63719050710000       -0.41499737080000
C           -3.65198140240000        2.49357242100000       -1.70932813340000
O           -3.66281048280000        3.40864347510000       -2.48348208610000
H           -3.76746732210000        1.77383823580000        0.08131708080000
C           -3.43684698000000        1.03669499280000       -2.17902192130000
H           -3.29059881800000        1.03931407710000       -3.25830263390000
H           -4.35271986470000        0.48147447630000       -1.93644898740000
N           -2.30379277830000        0.39052525370000       -1.54790005230000
H           -1.50925796850000        0.10020464230000       -2.10435124790000
C           -2.27945128850000        0.00745145460000       -0.26770848720000
O           -3.16258709590000        0.28237331540000        0.53918928520000
C           -1.01972536380000       -0.74848586360000        0.12513563100000
H           -1.29653311970000       -1.47566225270000        0.90565375510000
N           -0.41768053410000       -1.35113831800000       -1.05631988790000
H           -0.90827653990000       -2.20117321250000       -1.31357352630000
H            0.54735005120000       -1.59777672970000       -0.86286830230000
C           -0.04717848670000        0.27593404460000        0.75117242430000
H           -0.58652634890000        0.83087495270000        1.52040787740000
H            0.27220282070000        0.97011007560000       -0.02767154210000
C            1.13945253230000       -0.40252541950000        1.35052255380000
C            1.23442963410000       -0.91563697190000        2.61217634520000
H            0.50969260710000       -0.89844260600000        3.40363819020000
N            2.45721709990000       -1.50043089710000        2.79392663870000
H            2.77693657340000       -1.93034939880000        3.64478475710000
C            3.18468821250000       -1.37566853950000        1.64631265620000
C            4.47051123510000       -1.80392682640000        1.34078362030000
H            5.07063771260000       -2.32792241980000        2.07007016590000
C            4.95025072250000       -1.53249156260000        0.07812347650000
H            5.94576469050000       -1.85029345900000       -0.19343533750000
C            4.17425756180000       -0.84760367670000       -0.86182903080000
H            4.59071461350000       -0.65087821430000       -1.83863326840000
C            2.89996734820000       -0.42034752910000       -0.56644810940000
H            2.31219954200000        0.11242500400000       -1.29945576950000
C            2.38304628760000       -0.68686818170000        0.70311620540000
