34
 energy: -55.823734047132 gnorm: 1.433086545030 xtb: 6.7.1-6.fc44.fc44
O           -0.85856928508930        2.58422601585090        0.12375779940222
C           -1.08143771129661        2.26373610411841       -1.33837610787522
O           -0.33907785812049        2.83038607554822       -2.31715109559738
H           -1.70064823620845        1.89954124017624        0.44605420064971
C           -2.23071094313328        1.22576707033044       -1.94589746245820
H           -2.20314186995584        1.01360827107561       -2.99227678747491
H           -3.07153962875125        1.37282562445803       -1.64914085396534
N           -1.81463535107554       -0.14038109164450       -1.43235206135549
H           -1.60162806040701       -0.76749781699404       -1.85098279366905
C           -2.06794403635329       -0.33263512099322        0.05855502474530
O           -2.31341043100518        0.43743085853515        0.70640024448639
C           -1.86208247165599       -1.84857642185584        0.40505857618955
H           -2.85626295992828       -2.19814044413781        0.52709296441149
N           -1.68733407615831       -2.74047960405302       -0.79293782857429
H           -1.94746959196711       -3.48523824330431       -0.72142387759793
H           -0.75266485290334       -2.45699074915529       -0.90196365532182
C           -0.83076539495999       -2.10035556132095        1.48918981947364
H           -0.97821347894167       -3.14125491199077        1.95994229583513
H           -1.09283922719922       -1.36071348345016        2.21198484386205
C            0.59825770428590       -1.65894344918395        0.85138452834276
C            1.32688159463412       -2.61587836407451        0.21545441663980
H            1.34915128066678       -3.48716811751365        0.06620740884000
N            2.22837477190097       -1.92475281674551       -0.14828942626463
H            3.33771778712959       -2.34726053225532       -0.53090860730393
C            2.39823470909309       -0.77090005716012        0.29169850149600
C            3.39773545766833        0.44588272181585        0.07611383758682
H            4.19364383668798        0.29813440387020       -0.54559610688392
C            3.09095216232869        1.52579918594034        0.61959076663934
H            3.70112245799811        2.54355918322306        0.49973222567642
C            1.82807747142420        1.78756225061834        1.30108871483044
H            1.61183251254580        2.57458685264141        1.69293627765628
C            0.99312622893524        0.84279065259949        1.35394918816637
H           -0.03081669370831        0.88330593145245        2.10859397005527
C            1.23829605609512       -0.59619073921276        1.04135655862742
34
 energy: -56.277726273894 gnorm: 0.503750917104 xtb: 6.7.1-6.fc44.fc44
O           -0.88861114626572        2.55933768035147        0.07250635968735
C           -1.06871205201855        2.27947854816844       -1.35942697343656
O           -0.35832040231811        2.81500546762887       -2.27650729238988
H           -1.68341280069817        1.91502277344525        0.44694956092432
C           -2.18247183999068        1.22196030548830       -1.93633515155212
H           -2.18934211990705        1.02522065801418       -2.99665119950508
H           -3.11928177104321        1.39287336211734       -1.62494395658005
N           -1.83311188165074       -0.08972150656995       -1.38034403399248
H           -1.57513477034691       -0.84325694205011       -1.90485363435274
C           -2.04829245427055       -0.37370014771623        0.01629522417848
O           -2.33293157702047        0.48910867142541        0.75722159488834
C           -1.87286064853174       -1.85499721533528        0.39592394038721
H           -2.87280787978870       -2.19544739804350        0.54822085538373
N           -1.66147824532782       -2.67006925324950       -0.80413253091305
H           -1.97841916017506       -3.56671447577077       -0.71735806876568
H           -0.72338119280945       -2.45451557992197       -0.91850100954547
C           -0.83633534299619       -2.09490090761947        1.48689749817955
H           -0.96847384655099       -3.12676719008105        1.94944356944256
H           -1.09061324550851       -1.35762768376573        2.22292728988933
C            0.55764226986298       -1.68578524314047        0.87570384971007
C            1.31261902691045       -2.61072392346750        0.21744813464992
H            1.33520457999852       -3.56817509625499        0.05522553342421
N            2.30253837354763       -1.91680222537537       -0.16814403292970
H            3.31823903165688       -2.34615142226441       -0.53316594573050
C            2.42174030146873       -0.72501841535592        0.29176005233160
C            3.38965814166703        0.41991860283365        0.07161843259274
H            4.20796141810306        0.28559897231283       -0.55509312321958
C            3.08584090869510        1.55708033559107        0.62177425810067
H            3.69700385510192        2.52696583444391        0.50048384678114
C            1.83862476289541        1.77017429709674        1.29423547960145
H            1.60365071096450        2.63329605780653        1.71426753158467
C            0.96198544084877        0.81163389268319        1.38674851152439
H           -0.01488473676925        0.88884281755815        2.09192175797858
C            1.23838016484240       -0.55535873377468        1.03672917094288
34
 energy: -56.430931189561 gnorm: 0.196711918898 xtb: 6.7.1-6.fc44.fc44
O           -0.94155978684890        2.52573175520884       -0.02718982341262
C           -1.06489668502652        2.28484657904374       -1.39050201636430
O           -0.37909004777238        2.80333922542776       -2.21734504139645
H           -1.65619088534902        1.92029393267621        0.43871583987177
C           -2.14646195986206        1.20595946503974       -1.89776651213536
H           -2.16195144967996        1.05711743000719       -2.98307574718535
H           -3.13902416528365        1.42010198200107       -1.60144432932043
N           -1.83954842246366       -0.09421337328901       -1.33456098931821
H           -1.57622956304950       -0.85672838726087       -1.89632458864943
C           -2.03433886037280       -0.38543941184351       -0.01734279869576
O           -2.33544592095634        0.49265529721716        0.76095526190438
C           -1.89602737451485       -1.85797950036815        0.37356146234003
H           -2.90259563195385       -2.18576459675142        0.59587432337836
N           -1.65133813843337       -2.64589940234581       -0.81862670091294
H           -1.97335661641503       -3.57080787731735       -0.71780387836455
H           -0.68042578444229       -2.48536988019905       -0.95380776371020
C           -0.84436665147322       -2.07228379640511        1.47787560933865
H           -0.94678501320880       -3.09483323739223        1.92277583296000
H           -1.08818175859635       -1.34980605741247        2.24313439247662
C            0.53062907477645       -1.71749461497226        0.90519790310385
C            1.31890428953422       -2.60877536893897        0.21442516274221
H            1.32503129505210       -3.61952864175945        0.04384196457563
N            2.39152069757611       -1.92485753180065       -0.18076296244212
H            3.27349138171352       -2.33984537010363       -0.53269785505948
C            2.44084722993215       -0.68045406280869        0.28743593397701
C            3.36537840115336        0.39191722880231        0.07128671629558
H            4.21867636662506        0.26442916129098       -0.55622398714584
C            3.06564980048102        1.58416542246570        0.61612065150982
H            3.68866204775834        2.49097127582592        0.50117086214107
C            1.83918199614699        1.76343907298402        1.30183497143162
H            1.59918648803171        2.68059388571528        1.72487929647056
C            0.92958621639390        0.78256084830602        1.44782980127931
H            0.01251094046016        0.90011797827654        2.06138740148867
C            1.23077036264294       -0.52237451211141        1.01601710609818
34
 energy: -56.470116904764 gnorm: 0.063679887027 xtb: 6.7.1-6.fc44.fc44
O           -1.00232713388849        2.50094983680677       -0.10938905967342
C           -1.06415761899774        2.26425040212961       -1.40577806491703
O           -0.37192025251238        2.82367270667253       -2.20305326487776
H           -1.64202351672233        1.90961917015720        0.40469319067282
C           -2.12557416951561        1.19850265422410       -1.86004269657266
H           -2.12656045989865        1.09826971568890       -2.95617258823176
H           -3.14491942748749        1.46073854720714       -1.57649894032484
N           -1.84178626469862       -0.10566918623876       -1.30245828747748
H           -1.58011127008461       -0.87224259944426       -1.89508328977564
C           -2.03760397923397       -0.38765589379984       -0.02163897840081
O           -2.34140412532039        0.48694357340865        0.78980716579254
C           -1.91048999660733       -1.85987174443262        0.35287541226374
H           -2.91774371391594       -2.17124128775544        0.66124475420822
N           -1.63559389684948       -2.63647211817546       -0.83893655236334
H           -1.95756166325323       -3.58005838884238       -0.72668626390933
H           -0.64019550912345       -2.53337219947597       -0.99634194712841
C           -0.84805967421442       -2.04142101141067        1.46857764175558
H           -0.92045495835908       -3.05915628303861        1.88464043369410
H           -1.08784523783835       -1.33701323056075        2.26203877159947
C            0.52128166958940       -1.74150465169360        0.92560263462014
C            1.32695459731970       -2.60533382548710        0.22078052605680
H            1.30725638555588       -3.64802690306231        0.04071343813001
N            2.44800557137109       -1.93737985937214       -0.18398291107889
H            3.25782350508351       -2.35349147108689       -0.54842724253880
C            2.44105389285311       -0.65728282205484        0.27726702007417
C            3.33740142346993        0.37369161647043        0.07001021268653
H            4.22199882754255        0.24429709953352       -0.54061847417559
C            3.03765913101882        1.59765740145251        0.61186880382312
H            3.68087028221513        2.45666801507149        0.49759052141047
C            1.83654283430438        1.76539541428182        1.31421149513913
H            1.59610995761111        2.71935684390175        1.72876633215641
C            0.91579332196342        0.76585998697109        1.49702514621061
H            0.01734330126725        0.91956725283776        2.04642883367852
C            1.22245003993179       -0.50246184367518        0.98981172674362
34
 energy: -56.476713124473 gnorm: 0.044554391061 xtb: 6.7.1-6.fc44.fc44
O           -1.04805512470937        2.50978353060344       -0.13555092318938
C           -1.08378129431387        2.27979466291467       -1.41984970291630
O           -0.36965839995131        2.82025119639616       -2.21703861963689
H           -1.63699902010833        1.88425986547390        0.38423771550693
C           -2.10727615212862        1.20794305541628       -1.85440251837250
H           -2.09173256326088        1.12993405732363       -2.94758557182089
H           -3.12689441765881        1.50686030975242       -1.56817554165800
N           -1.84256398812732       -0.10302775355739       -1.29309581980597
H           -1.59207875065822       -0.87126781253349       -1.89735617996183
C           -2.04785778531665       -0.39459343711718       -0.00711040400511
O           -2.34410241792214        0.46664828915418        0.82430846998419
C           -1.91039000245565       -1.86831231556081        0.34569097254913
H           -2.90870686352009       -2.17265699738151        0.71322111510278
N           -1.61879569708362       -2.64467399261748       -0.85049432381099
H           -1.93786122160280       -3.59335562215070       -0.73669960956491
H           -0.61379640529008       -2.58049468759029       -1.02384942163667
C           -0.84922194264718       -2.02328135165422        1.46880913114947
H           -0.90002794737540       -3.04302952778422        1.86039953132204
H           -1.09001933813309       -1.32656610394127        2.27256934169757
C            0.51881807132412       -1.74739264450452        0.94044485982225
C            1.32330910780941       -2.60765170839863        0.23926967982479
H            1.27723748948995       -3.66191902562831        0.05013789828942
N            2.45828605808905       -1.95206331515145       -0.17515663030132
H            3.27270020675056       -2.40485874428318       -0.61617385307100
C            2.43296609049700       -0.65965396101067        0.27406232472214
C            3.32928076044620        0.37475145716557        0.06937715802409
H            4.23331628962355        0.23515857773969       -0.51630546071084
C            3.02047426133076        1.60545238162504        0.61035427805288
H            3.68462331632725        2.44487401910170        0.49085366321858
C            1.83362927338041        1.77575625582786        1.32677163021840
H            1.59153787357939        2.74623822680636        1.73028987505419
C            0.91887303487813        0.76267322788820        1.51946976934921
H           -0.01896962393609        0.95341542092627        2.03685198910299
C            1.21594899524926       -0.49321061604156        0.98057067674171
34
 energy: -56.478224318595 gnorm: 0.034809533283 xtb: 6.7.1-6.fc44.fc44
O           -1.09294657573032        2.55479411672560       -0.13547775352059
C           -1.05661090149997        2.25291713453207       -1.41971406114071
O           -0.38460951102916        2.84639742403670       -2.22025466167472
H           -1.63828966028637        1.87913688120550        0.37441076662738
C           -2.09358792186970        1.21322751829371       -1.86333898943867
H           -2.07833639224391        1.13743279701605       -2.95140626203057
H           -3.10416281972832        1.54513588997889       -1.56222595006742
N           -1.84482290641519       -0.09820785049378       -1.29173596989251
H           -1.61022488308859       -0.87160593135882       -1.90127114047396
C           -2.04789718537699       -0.39625604128798       -0.00205682742117
O           -2.33536646998444        0.45587418044266        0.84123276323563
C           -1.90650621856966       -1.87185041275035        0.34317804435792
H           -2.89263426465310       -2.17594475315557        0.74034181046868
N           -1.61232518019126       -2.65014550382240       -0.85254808496086
H           -1.92804583670676       -3.60298204231475       -0.73627130179731
H           -0.60452714627384       -2.61508667080347       -1.02838564737730
C           -0.84675774579716       -2.02243233852822        1.46734654285724
H           -0.89490806878615       -3.04166532630206        1.85229668600031
H           -1.08870709952516       -1.32645186264619        2.27138381255249
C            0.51692406105963       -1.74783553568695        0.93631427269963
C            1.32443069948158       -2.61101534457838        0.24878767653087
H            1.26048436549420       -3.67106389465851        0.06069837345413
N            2.46456159200415       -1.96349986534323       -0.17129846625343
H            3.26096075267715       -2.40822203457065       -0.60609999695841
C            2.42452493067989       -0.66313972977201        0.26360888805519
C            3.32530858819570        0.37491626888157        0.06972808644600
H            4.24167999601106        0.22695035236368       -0.49368163415948
C            3.00873695772835        1.60560656447220        0.61122387298850
H            3.68530724559664        2.43639131325222        0.48419864709601
C            1.82094380196173        1.78628006363729        1.31807910483892
H            1.58310217411447        2.76048489369104        1.72554662501011
C            0.91015648565177        0.76699473839564        1.50068428900525
H            0.00150589666359        0.93433633726242        2.04711625373210
C            1.20485111301170       -0.48368641890535        0.95843573048082
34
 energy: -56.478579741644 gnorm: 0.046504076833 xtb: 6.7.1-6.fc44.fc44
O           -1.08048974925024        2.53552564096824       -0.13279011729977
C           -1.10039254479837        2.30625226295408       -1.42728506407299
O           -0.37071918695448        2.84231582541524       -2.21654294430459
H           -1.64559741575558        1.88749762556495        0.36453566988898
C           -2.09176090492623        1.21529513124145       -1.87083543367643
H           -2.06318844786148        1.13541841468205       -2.95307982750604
H           -3.09569116656999        1.56272490520413       -1.56255050752422
N           -1.84345983434854       -0.09095705155337       -1.28809103172607
H           -1.62061589414167       -0.86884078235897       -1.90004261958929
C           -2.04522433831146       -0.39288161161421        0.00043101446647
O           -2.32737373546628        0.45046868360560        0.85132010237607
C           -1.90214680569236       -1.87106703683154        0.34236475328921
H           -2.87364047973708       -2.17803295280542        0.75679193768969
N           -1.61050946645873       -2.64952348765399       -0.85303950730803
H           -1.92022048899910       -3.60712856020752       -0.73452571337839
H           -0.60261509248049       -2.64293965673849       -1.02449715868131
C           -0.84208361035618       -2.02708324444824        1.46478131939022
H           -0.89286345411415       -3.04637240330038        1.84711072290821
H           -1.08580627468708       -1.33198790681691        2.26811667463277
C            0.52085643486551       -1.74750078713614        0.93281315727491
C            1.33151329133389       -2.61347578218597        0.25837333081713
H            1.24777690986040       -3.67641543092667        0.07011714674869
N            2.47206217017832       -1.97192585046645       -0.16830048807697
H            3.24452875072516       -2.39997963126503       -0.59600809919139
C            2.41865312041809       -0.66604372514794        0.25209617856119
C            3.32258269717764        0.37431726822423        0.07089597948142
H            4.24703042021097        0.21897585403239       -0.47221136354346
C            2.99833172909853        1.60302427383527        0.61256556480349
H            3.68249387636351        2.42844879421178        0.47779325030790
C            1.80924530475802        1.79511667591014        1.31231887655648
H            1.57736116047315        2.77103251407200        1.72364682032675
C            0.90405680236129        0.77002889756273        1.48390532823984
H            0.01174035912232        0.91801445321811        2.04902147851132
C            1.19837773653823       -0.47651640203658        0.93964606887822
34
 energy: -56.480124143132 gnorm: 0.013916592752 xtb: 6.7.1-6.fc44.fc44
O           -1.07220192228007        2.54543781322973       -0.13903864837294
C           -1.08380008934654        2.29134774549169       -1.42936498844634
O           -0.38340579611948        2.86173344742733       -2.21811044613703
H           -1.63763264162423        1.89650864210572        0.37409644288640
C           -2.09642194434348        1.20891338107215       -1.86879701958283
H           -2.07064896803066        1.12820564588842       -2.95290885884995
H           -3.09571882024163        1.55265099772994       -1.55583970455094
N           -1.84262600304515       -0.09592656925998       -1.29061133253736
H           -1.62390615106502       -0.87458937811278       -1.89972103895271
C           -2.03945992499525       -0.39120672367209       -0.00387804405172
O           -2.32140585628739        0.45377184743578        0.84176293893825
C           -1.90214160424989       -1.86945889319459        0.34343332390501
H           -2.87388736720795       -2.17673098455793        0.74426031990669
N           -1.61733745284302       -2.64637055860400       -0.85306546809522
H           -1.92514562878411       -3.60338479892948       -0.73511961516077
H           -0.61206466297396       -2.63764315588126       -1.01847539201125
C           -0.84088202057417       -2.03140580388363        1.46469433081342
H           -0.89369587905164       -3.05246644277199        1.84965656886816
H           -1.08633596325650       -1.33728723506451        2.26777424505363
C            0.52771620142433       -1.74683879079770        0.94019728593454
C            1.33694450862504       -2.61278004296530        0.26310908743894
H            1.25092687867990       -3.67112179892631        0.07127257608535
N            2.47042442574970       -1.96764689534609       -0.16480832199854
H            3.24873745097313       -2.40189218146508       -0.62903980158952
C            2.42219177287407       -0.66600919767293        0.25619498517605
C            3.32368382496349        0.37344024000214        0.07308464995405
H            4.24412337955164        0.21850370814025       -0.47171044846766
C            2.99872680689611        1.60075258483429        0.61130157317958
H            3.67796014142922        2.42980333393648        0.48061968295331
C            1.81051672480644        1.79258789687722        1.31834750022360
H            1.57957776543536        2.76716914264661        1.72563400787120
C            0.90856014786583        0.76735381697472        1.49522947405862
H           -0.01443674337810        0.93182310145547        2.03686518767388
C            1.20527728299949       -0.48145897693369        0.95180044715416
34
 energy: -56.480345319295 gnorm: 0.009603296548 xtb: 6.7.1-6.fc44.fc44
O           -1.06778985042572        2.54470849418701       -0.13933822876748
C           -1.07489551263939        2.28711379172270       -1.42942212788526
O           -0.38904242604795        2.86467088532900       -2.22449563910931
H           -1.63564702729034        1.90088992026400        0.37432921982802
C           -2.09425373761557        1.21123070204244       -1.86812773189999
H           -2.06871668109264        1.13083983754714       -2.95319834914334
H           -3.08918801939234        1.55941853932081       -1.55095319319797
N           -1.84185803813158       -0.09407792911628       -1.29143862593461
H           -1.63218518256781       -0.87462331068316       -1.90127731496851
C           -2.03656679526517       -0.38999539913469       -0.00357671338113
O           -2.31420356975524        0.45333022927718        0.84433943008825
C           -1.90088211449934       -1.86924185915826        0.34335228245926
H           -2.87219957003062       -2.17366857704263        0.74768773203886
N           -1.62403605001353       -2.64729936744794       -0.85351948424731
H           -1.92991517095414       -3.60508027048881       -0.73310960025817
H           -0.61832729042320       -2.64869551050453       -1.01824099272261
C           -0.83815202862310       -2.03327727484089        1.46386838280049
H           -0.88928699097412       -3.05581191551323        1.84665322372474
H           -1.08510943949676       -1.34179911948048        2.26921036130624
C            0.52886007260251       -1.74713230580966        0.93951846217146
C            1.34203019550618       -2.61339984104241        0.26619980986212
H            1.24910284779861       -3.66997279041481        0.07419530517714
N            2.47444799165723       -1.96772023951988       -0.15996401902499
H            3.25089426738553       -2.39996338110367       -0.63524322348371
C            2.42122322609272       -0.66507188999019        0.25544292508028
C            3.32294020837930        0.37557386685147        0.07392909539671
H            4.24645410506641        0.22087617357338       -0.46506247479602
C            2.99405654587529        1.60194350295560        0.61004375674055
H            3.67318651983817        2.43159159653431        0.48480213783774
C            1.80317518971538        1.79381650784188        1.31413439492223
H            1.57564900151430        2.76770216991304        1.72196619417424
C            0.90321687269559        0.76714746832163        1.49080734822903
H           -0.01298113724682        0.92331323088827        2.03685936061095
C            1.20221146093364       -0.48155101806976        0.94847379564213
34
 energy: -56.480509899675 gnorm: 0.007506062280 xtb: 6.7.1-6.fc44.fc44
O           -1.06010860814974        2.55634764182868       -0.14328896528868
C           -1.06930192788964        2.28953317208210       -1.43138619315728
O           -0.39312719560410        2.87034188689979       -2.23304649140900
H           -1.61734988479170        1.90383816972349        0.38020838964578
C           -2.09208326976204        1.21298722333486       -1.86670769269488
H           -2.06531081035908        1.13161353915248       -2.95249634451160
H           -3.08057754519041        1.56771583573380       -1.54502589948560
N           -1.84119095283803       -0.09259396581743       -1.29038172252822
H           -1.64771319700787       -0.87671466945533       -1.90065444814135
C           -2.03177716578246       -0.38834431081363       -0.00107402021122
O           -2.30148214428479        0.45254557571647        0.85045214386541
C           -1.90025878337277       -1.86914164938671        0.34442229358720
H           -2.87105256958583       -2.16831086966896        0.75422529710345
N           -1.63496386567724       -2.64838143547767       -0.85388047649307
H           -1.93554278017382       -3.60817568947027       -0.72926615102427
H           -0.62982308919525       -2.66484258274664       -1.01879206367668
C           -0.83334901769626       -2.03879737057010        1.46095646649908
H           -0.88402165448584       -3.06359436265085        1.83863331257935
H           -1.08128301880760       -1.35248892307519        2.27099013818013
C            0.53161816856141       -1.74910064253995        0.93565414021492
C            1.35154603414005       -2.61553592147613        0.26814747367842
H            1.24570549190164       -3.66890857388175        0.07605197086055
N            2.48316873968274       -1.96874764645477       -0.15245014106759
H            3.25511523147962       -2.39410565763422       -0.63415689691339
C            2.42057012863034       -0.66449701600212        0.25324737784726
C            3.32268280123489        0.37814611649348        0.07681208217578
H            4.25048645200343        0.22466721285933       -0.45360161545506
C            2.98722585169808        1.60306744788386        0.60917073463461
H            3.66385995553992        2.43539291833416        0.48881634243442
C            1.79234203533656        1.79368671467289        1.30899155810118
H            1.56925394068288        2.76774969162636        1.71445940017196
C            0.89581428559577        0.76485347891054        1.48494968229844
H           -0.02504012280537        0.91934954007573        2.02710772093835
C            1.19818035954790       -0.48376996099773        0.94175809651171
34
 energy: -56.480579220558 gnorm: 0.005377790634 xtb: 6.7.1-6.fc44.fc44
O           -1.05024002489821        2.54898368772605       -0.14123901668498
C           -1.06514962985009        2.29067879555840       -1.43101749443349
O           -0.38730923118534        2.87198919298068       -2.23214242070851
H           -1.61447314865240        1.90616038700440        0.37346351321521
C           -2.09000936773277        1.21454545148914       -1.86451118904792
H           -2.06339321113610        1.13239873042807       -2.95048307020809
H           -3.07644023354918        1.57185613302964       -1.54287724825228
N           -1.84095101335956       -0.09186773936994       -1.28813626857329
H           -1.65824718363045       -0.87820172466931       -1.89834370414614
C           -2.02862858609602       -0.38658289221720        0.00107230767027
O           -2.29284815365575        0.45448783269118        0.85411168364652
C           -1.90159030384305       -1.86798544540615        0.34616848416374
H           -2.87332533922515       -2.16342278436744        0.75748039123135
N           -1.64157068005764       -2.64828526926400       -0.85288526610886
H           -1.93802325781551       -3.60939907658710       -0.72483099998796
H           -0.63757358255371       -2.66970350949637       -1.02082315456489
C           -0.83152012309874       -2.04283456254154        1.45878237441613
H           -0.88241411753219       -3.06913839698362        1.83192627162960
H           -1.07765866383977       -1.36033242996645        2.27263695950070
C            0.53318104618772       -1.75053934701814        0.93353657840885
C            1.35701327094866       -2.61651817990545        0.26879331975323
H            1.24365000284449       -3.66807739504933        0.07703130851140
N            2.48918145875728       -1.96853091030071       -0.14670050037851
H            3.26007229473719       -2.39149557109159       -0.63433930383252
C            2.42128604098599       -0.66326429170143        0.25333156405625
C            3.32193142564469        0.38022478965092        0.07879268083240
H            4.25156871892025        0.22862056929767       -0.44879039407416
C            2.98320458657488        1.60511713277018        0.60850978079900
H            3.65710124679481        2.43997080628844        0.48924006389755
C            1.78519937546232        1.79346317880701        1.30411601139404
H            1.56337231335285        2.76826513825091        1.70700192455872
C            0.89017751578400        0.76390722877460        1.47942487280553
H           -0.02972167893998        0.91608055133676        2.02231388052388
C            1.19636010623186       -0.48478516293970        0.93823155925729
34
 energy: -56.480620065800 gnorm: 0.003892435369 xtb: 6.7.1-6.fc44.fc44
O           -1.04402150170632        2.55032571259933       -0.14245981343660
C           -1.06559382360629        2.29192684456944       -1.43102587262261
O           -0.38348493928912        2.86430817778281       -2.23343663634652
H           -1.60287028578677        1.90443033022448        0.37914921966885
C           -2.08953077583747        1.21567340344698       -1.86302215887449
H           -2.06350775524340        1.13247041615240       -2.94875970927627
H           -3.07695753920768        1.57263118285820       -1.54424896031819
N           -1.84048670433097       -0.09079572739510       -1.28618257697616
H           -1.66334621319558       -0.87787451065561       -1.89636113510782
C           -2.02682283555036       -0.38559564994489        0.00297289798927
O           -2.28843331386102        0.45632704879848        0.85662526574925
C           -1.90257790155081       -1.86706560738227        0.34710185167813
H           -2.87575296492145       -2.16043389744403        0.75759306828611
N           -1.64468448992970       -2.64752357094428       -0.85287030801083
H           -1.93895268813106       -3.60904225196510       -0.72246036022564
H           -0.64138116052752       -2.66755160756501       -1.02501701944290
C           -0.83152481538661       -2.04583328702167        1.45740853608846
H           -0.88175950434440       -3.07359852210845        1.82624698703665
H           -1.07508494656162       -1.36620022773036        2.27429655612743
C            0.53310351924349       -1.75201990086548        0.93185972560958
C            1.35884843688746       -2.61727014797395        0.26816085431498
H            1.24268696831478       -3.66832577201120        0.07732200964290
N            2.49240305885481       -1.96830902642668       -0.14296061777145
H            3.26439214799989       -2.39093817171005       -0.63047870827942
C            2.42199980692009       -0.66239887159778        0.25465215553762
C            3.32095658643886        0.38173939353402        0.08013358068630
H            4.25157649405381        0.23199186337279       -0.44737552273385
C            2.98071858558006        1.60739756841537        0.60805598569525
H            3.65311267167946        2.44363935264775        0.48909538698687
C            1.78099873473264        1.79314860050112        1.30103112968997
H            1.55789944090396        2.76884790610348        1.70163832722839
C            0.88635649241592        0.76343668994037        1.47585400525898
H           -0.03148649767209        0.91370589415459        2.01945728889991
C            1.19541958519038       -0.48543871715115        0.93685006651789
34
 energy: -56.480647738487 gnorm: 0.002836274089 xtb: 6.7.1-6.fc44.fc44
O           -1.04037406078306        2.54932685158527       -0.14207421063453
C           -1.06204999668308        2.29030458867921       -1.43107374102641
O           -0.37813556600188        2.86095711694707       -2.23368691101465
H           -1.59733511820127        1.90306776497568        0.38114177085874
C           -2.08833170447034        1.21688093186944       -1.86114788695949
H           -2.06414567058762        1.13316574449194       -2.94666603064037
H           -3.07728501616147        1.57369960510380       -1.54504076148456
N           -1.84036459869320       -0.09004446072061       -1.28443733767995
H           -1.66927462092156       -0.87778654444457       -1.89496498036768
C           -2.02504673498717       -0.38497747026161        0.00525317293708
O           -2.28368739639860        0.45820355534719        0.85922917994527
C           -1.90276868289676       -1.86627781887551        0.34840737875093
H           -2.87706088381925       -2.15847253619697        0.75790370746396
N           -1.64718082111987       -2.64648416486801       -0.85278054200742
H           -1.93951664384071       -3.60806703489764       -0.71988577516044
H           -0.64450080215154       -2.66238936917129       -1.03022252904615
C           -0.83139360362751       -2.04885864264753        1.45667555922496
H           -0.88048488433746       -3.07820625595542        1.82099186851841
H           -1.07227660378685       -1.37236078930795        2.27670438860005
C            0.53297527742744       -1.75390958996467        0.92996375911869
C            1.35985254267920       -2.61860596150205        0.26707203221771
H            1.24219467576922       -3.66974546323610        0.07760474991880
N            2.49474821987194       -1.96875339284365       -0.14003520367625
H            3.26804908982313       -2.39063795793086       -0.62240154656856
C            2.42281136633316       -0.66243996128750        0.25599788021034
C            3.32053240804180        0.38275671485291        0.08094733011667
H            4.25159991550733        0.23468641006233       -0.44725639888391
C            2.97869811929348        1.60944247128757        0.60672497777460
H            3.64964421285747        2.44664155987731        0.48673764257979
C            1.77843064776396        1.79289407745204        1.29907859821999
H            1.55245893091486        2.76990318494895        1.69644278803226
C            0.88439339972991        0.76266662500785        1.47424978420573
H           -0.03837918093181        0.91580452853316        2.01291007950378
C            1.19541565696344       -0.48659939970119        0.93648270622266
34
 energy: -56.480661365040 gnorm: 0.002012307438 xtb: 6.7.1-6.fc44.fc44
O           -1.03819446131291        2.55157198235745       -0.14241419071331
C           -1.05984333736546        2.28984436990441       -1.43107447692598
O           -0.37564546566708        2.86114574905050       -2.23357166540078
H           -1.59357917764640        1.90373523866008        0.38087224905562
C           -2.08724130752521        1.21695655491485       -1.86029354490384
H           -2.06400631559964        1.13292623442283       -2.94576581294542
H           -3.07685121093648        1.57432749681861       -1.54526240828108
N           -1.84007378028855       -0.08990710870540       -1.28338619871599
H           -1.67501001231211       -0.87857524387366       -1.89436751185648
C           -2.02297077797902       -0.38422352045682        0.00679001120157
O           -2.27854058161256        0.45975326976498        0.86092783926988
C           -1.90260044860997       -1.86566207644437        0.34912334791796
H           -2.87694903137637       -2.15744251247729        0.75845199729487
N           -1.64896105136174       -2.64547794212909       -0.85305083915828
H           -1.93921201378688       -3.60727162351003       -0.71813165074394
H           -0.64686517009618       -2.65789888097340       -1.03404460290685
C           -0.83106494893543       -2.05119568555829        1.45607189288606
H           -0.87987336447197       -3.08159009372476        1.81709966388671
H           -1.07088760002490       -1.37748479089978        2.27844429717716
C            0.53341694606216       -1.75525633007138        0.92953280005885
C            1.36120362036302       -2.61979824639125        0.26795736868322
H            1.24214698445314       -3.67119793768542        0.07935029684343
N            2.49619500204941       -1.96932215829950       -0.13736779242660
H            3.27014665308116       -2.39089508814357       -0.62059064779529
C            2.42322612980693       -0.66288205944142        0.25739171069020
C            3.31996431158626        0.38312685492067        0.08179759169419
H            4.25122015336362        0.23582940637831       -0.44623933388584
C            2.97625006827381        1.61023262253063        0.60573182871940
H            3.64633468913134        2.44776168985849        0.48429470252602
C            1.77542196683026        1.79360539611568        1.29712053763124
H            1.54736315763080        2.77109579768447        1.69293237048836
C            0.88254880804782        0.76238098355600        1.47278516679993
H           -0.04026683622468        0.91472175395653        2.01091557873528
C            1.19541027502916       -0.48714918490049        0.93681492436976
34
 energy: -56.480671402550 gnorm: 0.001647215749 xtb: 6.7.1-6.fc44.fc44
O           -1.03534011012006        2.55349640203909       -0.14281954868999
C           -1.05732024899360        2.28990741980015       -1.43106936718030
O           -0.37529446935843        2.86080427997350       -2.23523812895076
H           -1.59070339374805        1.90629776699097        0.38082782384499
C           -2.08574016497975        1.21774410171402       -1.85952100417703
H           -2.06309603193325        1.13338350791704       -2.94508305615405
H           -3.07564564529597        1.57618754746523       -1.54491089827247
N           -1.83933611399008       -0.08886110957946       -1.28242800577984
H           -1.68298962417660       -0.87884996497805       -1.89441542337266
C           -2.02016904678575       -0.38288348728978        0.00822976467406
O           -2.27153858612713        0.46168580441282        0.86283126285619
C           -1.90217679873234       -1.86478710198188        0.34958196483097
H           -2.87620279282406       -2.15614301338236        0.75929278827909
N           -1.65073518360574       -2.64451133607493       -0.85326810132279
H           -1.93797559600624       -3.60672073076238       -0.71557356921703
H           -0.64919884241110       -2.65264341900843       -1.03780808289741
C           -0.83029407435839       -2.05413823718172        1.45521467526118
H           -0.87905703553241       -3.08583039372168        1.81248917101688
H           -1.06959374939374       -1.38394458137453        2.28038078040848
C            0.53427890461161       -1.75704511340445        0.92930453552622
C            1.36345291177208       -2.62140945455912        0.26959885792984
H            1.24288115676206       -3.67322776641905        0.08205628334011
N            2.49812376972293       -1.97025816790559       -0.13433434965197
H            3.27247850372022       -2.39110894078834       -0.61844639329575
C            2.42357605000659       -0.66368360864884        0.25893198985638
C            3.31901273034707        0.38330113696086        0.08246329053150
H            4.25074765784220        0.23653196587447       -0.44447436694445
C            2.97261129835787        1.61064517371681        0.60399948463717
H            3.64206457807613        2.44843528008984        0.48090737164149
C            1.77148480215848        1.79449528822951        1.29471723189742
H            1.54085758951512        2.77218435412746        1.68904507862827
C            0.88046621397802        0.76165163404969        1.47165221809582
H           -0.04281794328847        0.91307598847708        2.00922643206112
C            1.19540115736608       -0.48799630756939        0.93748478985931
34
 energy: -56.480662515487 gnorm: 0.003592348100 xtb: 6.7.1-6.fc44.fc44
O           -1.03099331667854        2.55642473953001       -0.14345580026655
C           -1.05352121333803        2.29005311003137       -1.43108236824927
O           -0.37475325739661        2.86030307309639       -2.23778585929322
H           -1.58631235558228        1.91019178759604        0.38076740001456
C           -2.08346443358903        1.21894352146506       -1.85834626650771
H           -2.06169999386164        1.13408360558327       -2.94404522761057
H           -3.07381936816312        1.57901106938194       -1.54438184212005
N           -1.83820996034402       -0.08726785716444       -1.28096793484946
H           -1.69513892404453       -0.87926445387686       -1.89448656029244
C           -2.01590400505445       -0.38084459879447        0.01042150319278
O           -2.26088204091540        0.46462283475757        0.86573032360306
C           -1.90153060371651       -1.86345591333715        0.35027984300928
H           -2.87507032314079       -2.15415694345087        0.76057336463791
N           -1.65342998811016       -2.64303940906752       -0.85359805600370
H           -1.93608104172687       -3.60588317990685       -0.71168003870710
H           -0.65274260996223       -2.64464160399128       -1.04353078505960
C           -0.82911977302995       -2.05861786888885        1.45391723283312
H           -0.87782037046952       -3.09228613455038        1.80547880194022
H           -1.06762699471584       -1.39377430530673        2.28333353578329
C            0.53558872172117       -1.75977269762377        0.92895951450681
C            1.36687670562922       -2.62386416429170        0.27209477323107
H            1.24400775211093       -3.67631804723219        0.08617341121366
N            2.50106098559594       -1.97168600582012       -0.12972276348148
H            3.27602760806532       -2.39143297044755       -0.61515886186361
C            2.42410605945848       -0.66490606242182        0.26127409159654
C            3.31756339603082        0.38356617190028        0.08347252520014
H            4.25003079194771        0.23760096879408       -0.44178792027628
C            2.96707136961903        1.61127133881212        0.60135821498422
H            3.63555589550363        2.44946588686011        0.47574568568100
C            1.76549270204870        1.79583946989545        1.29105748556458
H            1.53095522587038        2.77382552805752        1.68312909626667
C            0.87729691447000        0.76053251028474        1.46993112518611
H           -0.04668444005997        0.91055456739360        2.00667421795124
C            1.19538275840342       -0.48929305005842        0.93850363745476
34
 energy: -56.480674421085 gnorm: 0.002004245134 xtb: 6.7.1-6.fc44.fc44
O           -1.03369294739739        2.55604983580098       -0.14410590845548
C           -1.05589880906092        2.29154244964765       -1.43207958353345
O           -0.37555230965597        2.86275413803108       -2.23757408822219
H           -1.58849780612606        1.90888689210905        0.38067379786824
C           -2.08454242212059        1.21847476769895       -1.85898714391846
H           -2.06157183493720        1.13389626605252       -2.94465351262692
H           -3.07448549352719        1.57778649631737       -1.54443901129284
N           -1.83853397085174       -0.08795341829980       -1.28175348176109
H           -1.69089332587743       -0.87913871444891       -1.89483400469778
C           -2.01754106877747       -0.38178640960068        0.00934395822321
O           -2.26494271153260        0.46311104085128        0.86444908728441
C           -1.90165099039539       -1.86414255999521        0.34987565197278
H           -2.87538822668351       -2.15486354529714        0.76017107372277
N           -1.65185909939351       -2.64364071191376       -0.85349938781910
H           -1.93606553013304       -3.60632942355782       -0.71346533379109
H           -0.65063272774066       -2.64761116779380       -1.04052213932804
C           -0.82950308619601       -2.05675021743147        1.45482569864233
H           -0.87862035597543       -3.08960072703275        1.80891411837081
H           -1.06873694896059       -1.38945039069362        2.28222526799945
C            0.53505561454515       -1.75882712728317        0.92955594273389
C            1.36552951567515       -2.62301495088601        0.27141451006118
H            1.24421079649560       -3.67523022860683        0.08486716242662
N            2.49967763896739       -1.97132292132371       -0.13190747219502
H            3.27439679792092       -2.39154723234101       -0.61640817493634
C            2.42369630169211       -0.66468296812232        0.26030307027843
C            3.31802819623767        0.38332357998721        0.08273635663605
H            4.25028360235077        0.23677232881636       -0.44283393556775
C            2.96909567939101        1.61071153664665        0.60205967134840
H            3.63783134366871        2.44890680888896        0.47728589501681
C            1.76795555358055        1.79501126297610        1.29253477618103
H            1.53490504705365        2.77246531556620        1.68589092424522
C            0.87878392599274        0.76060855650181        1.47107093142132
H           -0.04387698824884        0.91042588253607        2.00931174871646
C            1.19524851259541       -0.48904952659162        0.93839903426612
34
 energy: -56.480678153309 gnorm: 0.000866960535 xtb: 6.7.1-6.fc44.fc44
O           -1.03582763722997        2.55588841287469       -0.14397513267608
C           -1.05857226087107        2.29226783802526       -1.43182980863842
O           -0.37749862196357        2.86351428387131       -2.23666366132287
H           -1.59023748416793        1.90820604449298        0.38038689498594
C           -2.08557807035849        1.21821220613632       -1.86010684042130
H           -2.06132557804717        1.13350356551609       -2.94566974349071
H           -3.07520636899825        1.57669891351606       -1.54520066856298
N           -1.83843571846395       -0.08819537645409       -1.28254677109425
H           -1.68746974508706       -0.87870414270893       -1.89524124718898
C           -2.01843907520000       -0.38218429172674        0.00827877758897
O           -2.26785042741943        0.46221449243228        0.86334587317215
C           -1.90166378671324       -1.86440455857024        0.34933962311437
H           -2.87579372715677       -2.15481625578367        0.75952037595271
N           -1.65010376628123       -2.64401064949349       -0.85338647606839
H           -1.93535417652477       -3.60667368558522       -0.71488711667790
H           -0.64830047801380       -2.64983887445740       -1.03791652543277
C           -0.82993260387766       -2.05507925453640        1.45568313736617
H           -0.87979125731287       -3.08712918651041        1.81194722902001
H           -1.06963329105859       -1.38548556830039        2.28127964595159
C            0.53470659304318       -1.75831593190120        0.93045987783949
C            1.36434367179143       -2.62239501857962        0.27078774990636
H            1.24463808468103       -3.67439952910553        0.08360481989454
N            2.49858593403974       -1.97112082257492       -0.13399390867418
H            3.27304736923181       -2.39181904232423       -0.61732803043374
C            2.42343407305424       -0.66459342453821        0.25949363663249
C            3.31825521540609        0.38293561208172        0.08203218963635
H            4.25018702001684        0.23593943791652       -0.44409102257198
C            2.97079740661161        1.61020152984213        0.60249649515486
H            3.63929139698337        2.44861604304151        0.47798195471786
C            1.77028575632951        1.79385952892867        1.29406211139609
H            1.53823806635125        2.77093910155945        1.68820928072954
C            0.88031713998163        0.76025745088637        1.47274967942735
H           -0.04221471444746        0.91089641831215        2.01146117221542
C            1.19531293424684       -0.48920034907420        0.93856192782229
