34
 energy: -56.475620012708 gnorm: 0.000173420158 xtb: 6.7.1-6.fc44.fc44
O            0.33761414430000        1.76607788630000       -1.18324829950000
C           -0.84659437250000        2.34861213920000       -1.35490059920000
O           -0.97844193550000        3.35731597200000       -1.98592342550000
H            0.29019801140000        0.99672050280000       -0.58342762890000
C           -2.02324495120000        1.62510250190000       -0.70231167900000
H           -2.92913174230000        1.86163350280000       -1.27224523300000
H           -2.15448793550000        2.00607814960000        0.31767530720000
N           -1.80285046350000        0.20467503620000       -0.59826085710000
H           -1.61571051570000       -0.33936274440000       -1.43229821520000
C           -2.13772766280000       -0.50732150050000        0.50094547450000
O           -2.49336677880000       -0.00863405150000        1.54626142340000
C           -1.97485058420000       -2.01665552050000        0.31510524590000
H           -2.80190821330000       -2.49369329620000        0.86722195440000
N           -1.96525034430000       -2.35114328660000       -1.10469992820000
H           -2.91045401420000       -2.34527818230000       -1.47421940150000
H           -1.58814001270000       -3.28226338960000       -1.24114764030000
C           -0.65866289320000       -2.45987440210000        0.98625032640000
H           -0.58024278910000       -3.54727660380000        0.90598379510000
H           -0.71926956800000       -2.19576686350000        2.04303949570000
C            0.54741429660000       -1.82288228780000        0.38189710710000
C            1.31486683940000       -2.30062942100000       -0.64051811060000
H            1.20525991860000       -3.20685165400000       -1.20489531930000
N            2.34859736010000       -1.44256451900000       -0.89844145800000
H            3.05694188480000       -1.57561994760000       -1.59926778750000
C            2.27675040400000       -0.38718106010000       -0.03686376150000
C            3.09964239790000        0.72372940340000        0.10631923810000
H            3.96396998480000        0.86126787240000       -0.52518563300000
C            2.77174677600000        1.63724512590000        1.08345383850000
H            3.38939092810000        2.51095349150000        1.22354188630000
C            1.65371060070000        1.45683431920000        1.90429648510000
H            1.43580509090000        2.19690723370000        2.65941418970000
C            0.83422843230000        0.35859939290000        1.77312309140000
H           -0.02713209750000        0.22902797100000        2.41023181440000
C            1.13972913280000       -0.58493402890000        0.78693359040000
