37
 energy: -61.559316524167 gnorm: 0.000057357413 xtb: 6.7.1-6.fc44.fc44
O           -2.27048467980000        3.08593462750000       -0.73769432400000
C           -2.52822235290000        1.98157152330000       -0.34790495930000
O           -2.99862343510000        1.73791614780000        0.85803142250000
H           -3.16357855800000        0.76404851940000        1.01337430310000
C           -2.39296356480000        0.75726681090000       -1.27756474780000
H           -1.92153296490000        1.09137860540000       -2.20065120100000
H           -3.41834402840000        0.42769045370000       -1.49733799820000
N           -1.63269955890000       -0.36724477150000       -0.76170647360000
H           -0.80767945870000       -0.67211535530000       -1.28172494640000
C           -2.03747778300000       -1.14166619090000        0.24397058060000
O           -2.98534033410000       -0.87927323490000        0.97773551610000
C           -1.26845229540000       -2.45895826490000        0.39317986100000
H           -1.38963676280000       -3.00957094910000       -0.54790162900000
H           -1.73276101490000       -3.02265754740000        1.20260926690000
N            0.14849547000000       -2.32788004880000        0.66513019600000
H            0.46911814320000       -2.56029296610000        1.59028492300000
C            1.04694284290000       -2.00977028330000       -0.28602877840000
O            0.71220198480000       -1.65055305240000       -1.40234056520000
C            2.50708983410000       -2.10764995360000        0.14187874720000
N            3.32094885150000       -2.14471631980000       -1.04889144760000
H            4.26521173370000       -1.82677915600000       -0.86963612700000
H            2.90127823890000       -1.56789028480000       -1.77093385140000
H            2.66084662670000       -3.05421912980000        0.68050701570000
C            2.81148647650000       -0.93697512560000        1.12478962640000
H            2.47600339290000       -1.21217420490000        2.12674635100000
H            3.89579033270000       -0.80317726770000        1.16157510140000
C            2.13714564680000        0.33674593620000        0.69964902040000
C            1.01821795230000        0.79909258890000        1.38175864800000
H            0.65544998880000        0.25768367530000        2.24534781280000
C            0.37465090670000        1.95550909960000        0.98074386720000
H           -0.47950492010000        2.31497972970000        1.53353206500000
C            0.82535074870000        2.65302567610000       -0.12703306070000
H            0.30494138030000        3.54120053950000       -0.44899289480000
C            1.93645759400000        2.19808139690000       -0.81553244840000
H            2.29850408180000        2.73955649410000       -1.67701398840000
C            2.59453774930000        1.05468014540000       -0.39844357680000
H            3.47473869410000        0.72163130320000       -0.93001909560000
