37
 energy: -61.555681405123 gnorm: 0.000145860782 xtb: 6.7.1-6.fc44.fc44
O           -6.81179465240000       -0.26169426160000       -0.02237733570000
C           -5.63971339820000       -0.05361179860000        0.10407361300000
O           -4.96079597510000        0.76973023910000       -0.67261212380000
H           -3.99351751810000        0.78766572380000       -0.44901404550000
C           -4.80723796400000       -0.72285638460000        1.22143614670000
H           -5.47195504100000       -1.32655621190000        1.83733923090000
H           -4.36648740960000        0.07516045750000        1.83149667840000
N           -3.73928764090000       -1.56453980430000        0.70658391910000
H           -3.83695382990000       -2.56098006590000        0.81229864890000
C           -2.61361327470000       -1.05934964590000        0.17541804020000
O           -2.46035329740000        0.13769958180000       -0.02313851030000
C           -1.54630304810000       -2.08752011990000       -0.17639734430000
H           -1.93088902300000       -2.75487299640000       -0.95589998880000
H           -1.28889039410000       -2.67559387000000        0.71149076470000
N           -0.33969940570000       -1.44415467970000       -0.61190842370000
H           -0.38136491230000       -0.78864067460000       -1.38245028760000
C            0.72846081460000       -1.33055439610000        0.20719230170000
O            0.83803286850000       -1.93961726860000        1.25095105240000
C            1.81418007770000       -0.40574164080000       -0.35055848110000
N            1.22352764470000        0.53571815390000       -1.28845501090000
H            1.95323009680000        1.06333967750000       -1.75575268580000
H            0.64064275600000        1.20097386840000       -0.78720357340000
H            2.50903856850000       -1.03992744820000       -0.91714188840000
C            2.58352248790000        0.24627241670000        0.81903488430000
H            1.90877003170000        0.92947536310000        1.34091902070000
H            2.87085627580000       -0.54578136710000        1.51141860560000
C            3.78858926110000        0.97899753500000        0.31115022940000
C            3.73610326570000        2.34202911300000        0.04676186490000
H            2.83085185860000        2.89462778700000        0.25933378260000
C            4.83480080240000        3.00354487570000       -0.47461425270000
H            4.77918996930000        4.06424177020000       -0.67215346340000
C            6.00101921030000        2.30819828010000       -0.74084851610000
H            6.85918707770000        2.82341381960000       -1.14616200560000
C            6.06385435660000        0.94896623130000       -0.48110544030000
H            6.97309028480000        0.40192245700000       -0.68348581980000
C            4.96482536790000        0.28992072870000        0.03797600580000
H            5.01611404100000       -0.77041066230000        0.24091191220000
