37
 energy: -61.557225786515 gnorm: 0.000046139028 xtb: 6.7.1-6.fc44.fc44
O           -2.12201059940000       -1.76080365310000       -1.12795746370000
C           -3.23709439920000       -1.80499628250000       -0.69597208330000
O           -4.18066794230000       -2.55946864580000       -1.27392967220000
H           -5.04342499790000       -2.48331664430000       -0.84508378530000
C           -3.69611545830000       -1.01942313370000        0.53410923980000
H           -4.11978762530000       -1.70065853180000        1.27847853120000
H           -4.45570428080000       -0.29313953750000        0.21905771400000
N           -2.59926531860000       -0.28310188080000        1.10156128610000
H           -1.84325471060000       -0.82079240920000        1.52499905960000
C           -2.27830651180000        0.93238319340000        0.59520905820000
O           -3.03412995080000        1.60887448400000       -0.06661921830000
C           -0.84306771360000        1.34065634660000        0.94187943520000
H           -0.66884672580000        1.20618096780000        2.01311019620000
H           -0.67126682400000        2.37876726750000        0.65947576960000
N            0.07238075570000        0.48854417120000        0.21554029320000
H            0.36004362210000        0.74938493900000       -0.71790363360000
C            0.37318155200000       -0.76001894580000        0.59817335370000
O           -0.02645010260000       -1.26531776560000        1.63794195970000
C            1.28163602780000       -1.49013394470000       -0.38073562090000
N            0.95296567170000       -1.05449043870000       -1.73008795580000
H           -0.02151346950000       -1.27030177410000       -1.92182673830000
H            1.51718983340000       -1.55892123770000       -2.40603032310000
H            1.12517439170000       -2.57048945690000       -0.21808057210000
C            2.75733264160000       -1.17053631670000       -0.04966346280000
H            2.98798475170000       -1.61049099200000        0.92171564920000
H            3.38560968270000       -1.64613528510000       -0.80618892450000
C            3.01234990890000        0.30823129320000       -0.01875650130000
C            3.25710128690000        1.01213413160000       -1.19085328480000
H            3.29818580220000        0.48291649110000       -2.13077270930000
C            3.44180424340000        2.38332134240000       -1.16297339620000
H            3.63132907930000        2.91889568920000       -2.08186505920000
C            3.38570078350000        3.06850001160000        0.03846077890000
H            3.53076165380000        4.13858552200000        0.06058738450000
C            3.14673853480000        2.37469779410000        1.21268889290000
H            3.10563866200000        2.90294795050000        2.15415167420000
C            2.96100763520000        1.00441123960000        1.18283594350000
H            2.77045410710000        0.46671027350000        2.10078801800000
