37
 energy: -60.748219922437 gnorm: 1.847456290760 xtb: 6.7.1-6.fc44.fc44
O           -5.44621118630020       -0.93567049796432       -1.26965390827597
C           -4.11841840449128       -0.77364365254332       -0.72664484757568
O           -3.22706494684169       -1.80202479741809       -1.03329010188270
H           -2.58234491693870       -1.49984982321539       -0.58418598393028
C           -3.73948350016093        0.46903008362960        0.01664571308644
H           -4.75198639517218        0.79582145126059        0.45183271593745
H           -3.47069760533099        1.19240339194474       -0.67507322430901
N           -2.79087545290996        0.12198203619944        0.97072261022104
H           -3.01710667785600       -0.60736888769309        1.74684994559415
C           -1.56149055444336        0.44018498533212        1.16461405727784
O           -1.24297745729978        1.38277128224757        0.10446139549464
C           -0.66711501524906       -0.11191025470736        2.06481791783967
H           -1.08151352941435       -0.51013656269238        2.44195852676500
H           -0.18836301188505        1.03819632046050        2.74296429459900
N            0.51494615965361       -0.33315436973342        1.23891873196148
H            1.49109696134278        0.09125692954304        1.39010021568396
C            0.45615116684656       -1.25051362982570        0.34320123284330
O           -0.73873721121643       -1.54730632100313       -0.05874802178909
C            1.49315013450418       -1.48029440664323       -0.42374834271304
N            1.26348735798325       -2.70072765288532       -1.63821326120282
H            0.55599881572222       -2.45772269683629       -2.26755341022222
H            1.05072287740127       -3.53919383571271       -0.79163206187072
H            2.39667813647909       -2.00309241015237        0.02736372807119
C            2.07409799553952       -0.36743603860897       -1.48927790522341
H            2.93514467837952       -0.64389473704924       -2.25452290799727
H            1.21489233275137        0.07916112077520       -1.97193461475704
C            2.94542826094639        0.65135950813857       -0.47447909557543
C            4.06431514891329        0.48055921406826       -0.11161184653052
H            4.64198229980488       -0.39923662894298       -0.44703948676599
C            4.67532602887586        1.42680878542434        0.72895314249101
H            5.84567385030222        1.12646339652132        0.96619485608909
C            4.17930939213037        2.48274747774909        1.13295694843363
H            4.55652881131611        3.28318722302016        1.79709397935502
C            2.60426630339628        2.81943660984193        0.64364280781217
H            2.23931644924990        3.49702344528144        0.99986607770793
C            2.09550554826978        1.77481593018118       -0.01115865525895
H            0.99358141431291        1.98445580662598       -0.64657249119972
37
 energy: -61.285964776085 gnorm: 0.568565634829 xtb: 6.7.1-6.fc44.fc44
O           -5.40400925812254       -0.92825118921195       -1.25040714590468
C           -4.15158892122329       -0.78876113742077       -0.75263334480404
O           -3.26645317274246       -1.79679745151467       -1.04274674275374
H           -2.54954766107227       -1.49180586221484       -0.56902631980915
C           -3.75939050151331        0.45202355009537        0.01802191627243
H           -4.74545030209779        0.79594664946189        0.45262538060767
H           -3.46434632748394        1.19769540999187       -0.67841487908901
N           -2.80032410212081        0.11107472913369        0.98606667494613
H           -3.02229042048327       -0.60327268403780        1.73982647207886
C           -1.55412365059224        0.48386583903328        1.11159577979714
O           -1.24318510598282        1.37027692989348        0.12447965907638
C           -0.57956922415813       -0.00599555610332        2.00309945595237
H           -1.17674616572306       -0.61305706353112        2.55435019572684
H           -0.19566058618407        1.02269405925209        2.73566285240033
N            0.54304777685851       -0.32376115986039        1.24192399264138
H            1.48658871016574        0.08879391657978        1.39131629192617
C            0.43388738105134       -1.24343703958808        0.32406711723440
O           -0.73743512871640       -1.55265055289669       -0.04983901712774
C            1.52698247826881       -1.50571391872804       -0.47388933119068
N            1.27077931065934       -2.70416643012909       -1.60049208595597
H            0.55134881298191       -2.46030744931852       -2.25984892767788
H            1.04729347973225       -3.52687892591364       -0.81672491346351
H            2.39585530964777       -1.99827091574175        0.02682644499274
C            2.08826035821450       -0.36098299859493       -1.47510710071257
H            2.91830077288371       -0.64835441239830       -2.24234051978200
H            1.22052871721591        0.07968976267096       -1.96902606223255
C            2.88648971115200        0.65237733590631       -0.49745216117507
C            4.09274028973915        0.46579668271595       -0.10919737958305
H            4.64716342382148       -0.40066637746207       -0.44662049317845
C            4.70588700023565        1.41143210180975        0.73002085721123
H            5.83241993075692        1.13220895714071        0.96654484621873
C            4.15378176370232        2.50660345775130        1.13793435457462
H            4.55397266819602        3.28221123499675        1.79387262023541
C            2.64470688455231        2.76832095316652        0.63539700766639
H            2.21767555210935        3.55240214225375        1.02612245292784
C            2.08346029856720        1.77605661109288       -0.03776554160321
H            1.01216415631558        1.97814859633741       -0.63040367625961
37
 energy: -61.485720251147 gnorm: 0.259030045512 xtb: 6.7.1-6.fc44.fc44
O           -5.33518500655576       -0.91595201215664       -1.22037051488872
C           -4.19847716029529       -0.80648502622239       -0.78975944285592
O           -3.30284880385788       -1.77843257054333       -1.03907600610673
H           -2.52375434175456       -1.48982896672562       -0.56614761649203
C           -3.79000593830229        0.42317513150925        0.01620201926444
H           -4.73607572008048        0.79581280840126        0.45764432705758
H           -3.45318078145007        1.19459190155566       -0.67471618298608
N           -2.81698795543735        0.09817173362683        1.00255084385805
H           -3.03508061181706       -0.59674387806028        1.72852489226936
C           -1.55569486266171        0.53442189510353        1.05379277899608
O           -1.23846814183041        1.35093174837038        0.16146176522630
C           -0.55491165539743        0.05559010917017        2.01567278248359
H           -1.16297062600832       -0.59711732942582        2.57545363899491
H           -0.22228022810519        0.96138523886609        2.69925413245055
N            0.57072864328865       -0.33709864104561        1.26428487555820
H            1.48214692612612        0.08124360358207        1.39937471577990
C            0.41339406700876       -1.22132985713893        0.27311520427127
O           -0.73769127965623       -1.56996794091434       -0.03454137379589
C            1.55993696762342       -1.54365834063602       -0.55155649040809
N            1.28126102159048       -2.70327537689416       -1.53647573425485
H            0.55509668865265       -2.47022432182946       -2.22208428043381
H            1.03384925943306       -3.50354396817632       -0.87294506266530
H            2.39684134835396       -1.98591660786409        0.02366644120122
C            2.11033683020313       -0.34761448313542       -1.44362396375428
H            2.87953011435435       -0.66383196652894       -2.21220729878701
H            1.24024145308223        0.08175115484845       -1.95772838594227
C            2.83475191989820        0.65230154214742       -0.52258751286470
C            4.09636043206820        0.45610230605948       -0.11368588155679
H            4.64920944575970       -0.40276642075602       -0.44808191057197
C            4.72658875067072        1.40149564164479        0.72504393775187
H            5.79739268249529        1.15129745531458        0.96995641722339
C            4.10739595736569        2.51918481226176        1.13248219979519
H            4.54009918298316        3.27683346399053        1.78039880046537
C            2.69028233672281        2.73437736189017        0.66484247677158
H            2.22435107234223        3.58207289729934        1.03766432236961
C            2.08143641774251        1.79201159040378       -0.08891473712536
H            1.05559585405611        1.96552310662562       -0.58906544611454
37
 energy: -61.542396389170 gnorm: 0.103354304744 xtb: 6.7.1-6.fc44.fc44
O           -5.33491080069914       -0.90822107656458       -1.22251122227931
C           -4.23582664333945       -0.82252461212058       -0.81156324039482
O           -3.31174037603652       -1.75669165447723       -1.02705669702669
H           -2.48739989753408       -1.49601795359597       -0.56531366913499
C           -3.80753761941386        0.40072728501561        0.02240419336505
H           -4.72616098225026        0.79396868044725        0.46890871999818
H           -3.43233659265617        1.18100421199075       -0.66086367061895
N           -2.82177873193043        0.09029603423150        1.02267316669521
H           -3.04535543123613       -0.59402154734404        1.72268684042322
C           -1.55318099814710        0.58547381864483        0.99849594560346
O           -1.22651167322581        1.36806905505414        0.15943549364964
C           -0.54327929071326        0.10279219553264        2.03111745251040
H           -1.15259621002127       -0.59592842942996        2.59702850337966
H           -0.24662326234000        0.90429334069592        2.64955981659786
N            0.59305015660336       -0.36547839697230        1.28566253292385
H            1.48588957898620        0.07231506854371        1.40898228075726
C            0.39646623503557       -1.20396793044805        0.23344527024795
O           -0.73545600121977       -1.58574113660450       -0.02629110535522
C            1.58461174469540       -1.58448396227546       -0.60921273895760
N            1.29636682764219       -2.68605364609334       -1.49230597775264
H            0.56190993716551       -2.47315440939489       -2.17760720566626
H            1.02317328970771       -3.46432326174725       -0.92607332236548
H            2.40096525327653       -1.96387082487677        0.03527525033463
C            2.11692259862898       -0.35375621697421       -1.41994383957101
H            2.84072882211204       -0.68587407707074       -2.17755215514330
H            1.25879176958889        0.08609790773500       -1.94647853725402
C            2.79467753800887        0.65381056560783       -0.54163508018634
C            4.09178024034553        0.45571099149764       -0.11879321818458
H            4.64594788533131       -0.40640140583133       -0.44763458096069
C            4.72865139998428        1.39055014635341        0.71175094269398
H            5.75686487772120        1.18104685450573        0.97474327907420
C            4.04518679278272        2.51356260425941        1.11871476724483
H            4.51546018287666        3.25957003500996        1.75689568916156
C            2.73926493900432        2.70973402892876        0.69687533254511
H            2.23698612062629        3.60019418978769        1.03870607147955
C            2.09586551002131        1.80618020178856       -0.12691788302667
H            1.11434706922978        1.96560112080863       -0.53778867462287
37
 energy: -61.551462698133 gnorm: 0.062557787197 xtb: 6.7.1-6.fc44.fc44
O           -5.36593383541597       -0.90879279860366       -1.23931132072783
C           -4.24083798975666       -0.82700757798569       -0.81382494553217
O           -3.31105310211565       -1.75088622891177       -1.02115338978529
H           -2.46440855631196       -1.50523852908512       -0.57797802145639
C           -3.81423536109118        0.39443989392134        0.02560048072822
H           -4.72070597023395        0.79979898649482        0.48630426322619
H           -3.41703990568942        1.16471060524589       -0.65430906435547
N           -2.81978650907655        0.09725713341918        1.02118430475538
H           -3.05058474548389       -0.59086819197998        1.71705792406160
C           -1.55481914671071        0.60721373274184        0.96949487579681
O           -1.21362328202389        1.41939512004055        0.12521402288679
C           -0.55192867168844        0.09892636687079        2.01905172090518
H           -1.15292445973282       -0.61633595309673        2.58145573697467
H           -0.24112403904979        0.93395138735551        2.69603776265080
N            0.59982198067574       -0.38766451972020        1.29578678893572
H            1.48947841891528        0.06117832434168        1.43009006953095
C            0.40278369384959       -1.19647462255451        0.22066906859040
O           -0.72349807465283       -1.61439945207272       -0.02460667604290
C            1.61077876516909       -1.58742979420722       -0.61528496101762
N            1.31294257468554       -2.68701677791955       -1.49046195709869
H            0.57316518942116       -2.44443717710306       -2.14507424311529
H            0.98171236619658       -3.51538059536910       -0.98494040921512
H            2.42339924871407       -1.92594221494007        0.05844233942709
C            2.11302611362171       -0.35792855168553       -1.41128988767248
H            2.80589660950741       -0.75179470091936       -2.15957040546638
H            1.26503271550910        0.09117564501272       -1.93619850468166
C            2.79058377605262        0.66310707660780       -0.55508072322375
C            4.09385661099266        0.45973249154058       -0.12719708553128
H            4.64059827209455       -0.41460348642660       -0.44745765317849
C            4.72922214998739        1.38444951187022        0.69914197061969
H            5.74733421490245        1.20280780003734        0.99486923098426
C            4.03634409155507        2.50736927588494        1.11268635022856
H            4.51114991343928        3.24270089337946        1.75072360189110
C            2.74393103843172        2.72042896454276        0.69304958943059
H            2.22408707568800        3.61140566557523        1.02962257025653
C            2.11782101180348        1.82096563849471       -0.15445844265751
H            1.09275207643270        1.97567445382146       -0.47046625093845
37
 energy: -61.554916782490 gnorm: 0.041839986731 xtb: 6.7.1-6.fc44.fc44
O           -5.35370045255199       -0.91267886790916       -1.25019011652098
C           -4.23703634164077       -0.82393254539117       -0.80568676343255
O           -3.30841044056942       -1.73991052882727       -1.01859593646515
H           -2.44374098140931       -1.51365712642702       -0.59076365792885
C           -3.81754257101204        0.39874210737129        0.03346538294489
H           -4.71816627145576        0.80945875315581        0.50176442596214
H           -3.40609264316024        1.15690060362358       -0.64654355241523
N           -2.81313782207043        0.11243764272825        1.02363396533391
H           -3.04356264177557       -0.58339758847636        1.71644252259412
C           -1.55559329049833        0.62945445003741        0.95407080488956
O           -1.21964983874514        1.43389376923312        0.10117994349063
C           -0.55926350781802        0.10303536519634        2.01185030495521
H           -1.15054443244361       -0.62058755135360        2.58185513568037
H           -0.24122569684895        0.92341581131466        2.65138732163785
N            0.59807090447031       -0.41247299599463        1.31158102067710
H            1.48679723889295        0.04520102755517        1.44590677533190
C            0.40019026434054       -1.21040406526945        0.23598346223556
O           -0.71940981714947       -1.62626873815657       -0.02515405318918
C            1.62078703645900       -1.59793670056773       -0.59820986550780
N            1.33387881088868       -2.67719224021900       -1.52374623270607
H            0.56886763389235       -2.41377112889326       -2.13638102804415
H            1.00238976664656       -3.46266801682591       -0.98752350567164
H            2.43044586869698       -1.91327979144794        0.07970243103973
C            2.09993801153980       -0.37533330802232       -1.40808782916889
H            2.78864775648710       -0.76640221182506       -2.15414395266662
H            1.25290841072365        0.07742316092072       -1.92599649612344
C            2.77995463312212        0.65727515298309       -0.55306021293786
C            4.09237071048782        0.45982770240841       -0.13184561027408
H            4.63210265935160       -0.42214760636677       -0.44898688966462
C            4.72736853645952        1.38001042737508        0.68658836321838
H            5.74352779017250        1.21299276556931        1.01014865097558
C            4.03823400875772        2.50718240064969        1.10455287458860
H            4.51940455694773        3.22570640064810        1.75277159257756
C            2.72963525200261        2.71842738383517        0.68580106011821
H            2.19915376907853        3.61046994457345        1.01333796900188
C            2.11252333883895        1.80557683127593       -0.14747479363540
H            1.09309404950351        1.97909710613665       -0.45181478071710
37
 energy: -61.556274764733 gnorm: 0.037001187907 xtb: 6.7.1-6.fc44.fc44
O           -5.33225967846359       -0.92076746404039       -1.24646226740182
C           -4.22694757237777       -0.81713032941131       -0.80403795702950
O           -3.29941072495352       -1.73226494200860       -1.01097936757654
H           -2.42406279985225       -1.52388011534758       -0.59571437718803
C           -3.81873063792409        0.40681927541658        0.03554630009434
H           -4.71815484474166        0.81619821238287        0.50482948439832
H           -3.40016124484220        1.15603847986498       -0.64483855768384
N           -2.80479415125987        0.12606057350638        1.02066141896639
H           -3.03044028314990       -0.57572494316998        1.71085564370281
C           -1.55676323324979        0.64733826635512        0.94058255442837
O           -1.23211015165359        1.44192035891900        0.09280802500578
C           -0.56609195104973        0.10996697566433        2.00263286895682
H           -1.14382609984257       -0.62513717952496        2.57962688875754
H           -0.24840614783497        0.91696829184211        2.63663066380616
N            0.59149443745991       -0.43066223039936        1.32191989508249
H            1.47919577729450        0.03206044183839        1.45357596712043
C            0.39300657977066       -1.21942148187299        0.24786813121780
O           -0.72170858516856       -1.62505473817392       -0.03712190508778
C            1.62277986017357       -1.59291904224389       -0.58464611454095
N            1.33937674792315       -2.67877704200780       -1.50758193440097
H            0.58572191570245       -2.38630890583072       -2.12154083434633
H            0.99876013200614       -3.51856136718925       -1.01983216536064
H            2.42085558770284       -1.91752383320884        0.08235711481009
C            2.09174867547923       -0.37293591328640       -1.40515617240059
H            2.78164544997286       -0.75313790307999       -2.15580826293943
H            1.23572741025189        0.06922978147199       -1.91548791789850
C            2.77490259216270        0.65652587880261       -0.54911253155671
C            4.09109089344176        0.46048500473287       -0.13105317431866
H            4.62431152691688       -0.42515568022095       -0.45099230064475
C            4.72019453880967        1.37810177060671        0.68566812452222
H            5.73971322949893        1.22323825486040        1.00808967656521
C            4.03714592082903        2.51092014794322        1.10272429168757
H            4.52536730718292        3.22197528054841        1.75194987831901
C            2.73194997337599        2.72287575822601        0.68217362696863
H            2.19902124417605        3.61428100137199        1.00393457129258
C            2.10968162409163        1.80149288296301       -0.13794609536891
H            1.09339094075285        1.97735426831811       -0.44830445977534
37
 energy: -61.557273419265 gnorm: 0.031270622528 xtb: 6.7.1-6.fc44.fc44
O           -5.32481874856925       -0.91614335446969       -1.24687336165310
C           -4.22061982773193       -0.81168242712542       -0.80521602613057
O           -3.29169063831424       -1.72768436299303       -1.00665832129506
H           -2.41265619720729       -1.53360890851178       -0.59837778401180
C           -3.81735841788704        0.41337213362705        0.03278434888413
H           -4.71657844899966        0.82151848153599        0.50095891433202
H           -3.39691870612010        1.15912581938362       -0.64787779432540
N           -2.79785736603678        0.13198380917900        1.01427057994675
H           -3.01920469915781       -0.57183483829138        1.70262254696722
C           -1.55600964683857        0.65227988091079        0.92971088277964
O           -1.23217978099921        1.45532010867363        0.09352531464031
C           -0.56904296641905        0.10811575761420        1.99123787254485
H           -1.13248009457503       -0.63807853720733        2.57270570361014
H           -0.25024803463738        0.91982233727512        2.65674978601220
N            0.58451567276827       -0.44877150664265        1.31887004038033
H            1.47256276627654        0.01239765510801        1.44661464209078
C            0.38285459955505       -1.23012342208519        0.24290526509478
O           -0.73246809236619       -1.63257363343334       -0.05261159135209
C            1.61697787683341       -1.59809493861800       -0.58701609658053
N            1.34017687642954       -2.68575794545335       -1.50598157306703
H            0.57442357353586       -2.40390668202857       -2.11169515992711
H            1.03292802634069       -3.49808650472352       -0.99667750298730
H            2.41581906959689       -1.91585674587494        0.08542818903445
C            2.08594158794346       -0.36751425236427       -1.39878044856430
H            2.77435924433438       -0.74487276561385       -2.15714450574192
H            1.22180410743561        0.06704000983468       -1.90253383362610
C            2.77126166257323        0.65754757984559       -0.54631556438169
C            4.08691099498821        0.45790184650808       -0.12793759691951
H            4.61573390209593       -0.42763633856346       -0.45400702061610
C            4.71265743729087        1.37627112744093        0.68895071424825
H            5.73365733965128        1.22255174245619        1.00123243491027
C            4.03650938763909        2.51440009101899        1.10351176907398
H            4.53013923299814        3.22642631832347        1.74661037121368
C            2.74006609425546        2.72862515249962        0.68691538296640
H            2.20967065907430        3.61829648605640        1.00693627051059
C            2.10897869135288        1.80802943516092       -0.13464752189132
H            1.08539712150216        1.97568918616587       -0.44437059598691
37
 energy: -61.557969690093 gnorm: 0.019345692322 xtb: 6.7.1-6.fc44.fc44
O           -5.32920672692105       -0.90452388189990       -1.25290785195214
C           -4.21862309584551       -0.80998908796052       -0.80306015205894
O           -3.29039979871730       -1.72810226960376       -1.00625579743713
H           -2.41035517121806       -1.54510226229521       -0.60284929441001
C           -3.81223135065868        0.41646298106530        0.03036505870384
H           -4.71184560669652        0.82559256186083        0.49682864614611
H           -3.39380350580135        1.16269728835126       -0.65106732177748
N           -2.79302300107201        0.13342153374220        1.01242780995692
H           -3.01139180583700       -0.57059790473804        1.70009837576714
C           -1.55389988363898        0.65155529029952        0.93037922975833
O           -1.22059113132476        1.46622685509981        0.09524480993336
C           -0.56878776649519        0.10862599720323        1.99007755135246
H           -1.11738492898366       -0.64283802238915        2.57848937215618
H           -0.24690956289689        0.92130165634303        2.63878873049102
N            0.57961429812159       -0.45574268693849        1.31818198060857
H            1.46968379357738        0.00276327830031        1.43782474934822
C            0.37693021368245       -1.23391869577982        0.24074247582117
O           -0.74047069887277       -1.63927241108747       -0.05828527773773
C            1.61305918598142       -1.60303484266013       -0.58227638576538
N            1.34236916119758       -2.68457804454053       -1.50516401764332
H            0.57722380712252       -2.42085097861269       -2.11924565296636
H            1.04590255934480       -3.51040278171543       -1.00172938995511
H            2.41710221200907       -1.91092773433939        0.10173398506014
C            2.07934839673672       -0.36562481250536       -1.38912292597578
H            2.76507872239773       -0.74230897001397       -2.15363042379758
H            1.21244395491509        0.07050877292807       -1.88813296422832
C            2.76578849727893        0.65855355119202       -0.53868169907804
C            4.08032989671129        0.45622233449458       -0.12322949447280
H            4.60665029288173       -0.42794387657345       -0.45463860105884
C            4.70986132539698        1.37884782182639        0.68919413170375
H            5.73000308585719        1.21386806054978        1.00031083964060
C            4.04072293110027        2.52077200719930        1.10163592348561
H            4.53753222186869        3.23728952844919        1.73775808533704
C            2.73619779325020        2.73241508434316        0.69426392335041
H            2.20906650370274        3.62137851532086        1.01037639384900
C            2.10159046576632        1.81124002768941       -0.12692363044847
H            1.08563897469082        1.98050391201354       -0.44970246152378
37
 energy: -61.558357847154 gnorm: 0.016660022973 xtb: 6.7.1-6.fc44.fc44
O           -5.33192889938481       -0.89776364714219       -1.24946549038164
C           -4.21868978511995       -0.80490095640440       -0.80635494375127
O           -3.30007191411858       -1.73113628513818       -1.00843893695403
H           -2.41352302124222       -1.55909065139061       -0.61570810085839
C           -3.80685026674867        0.42019682187490        0.02663404828356
H           -4.70583789587450        0.83149574421803        0.49351131616536
H           -3.38963381770104        1.16884057649590       -0.65431454962002
N           -2.78990792886355        0.13514312047824        1.01060489942495
H           -3.00500721997590       -0.57110807014044        1.69655679987411
C           -1.55193342907294        0.65378618593609        0.93206844072980
O           -1.21291654709771        1.46577596252883        0.09541547468849
C           -0.56803770190846        0.11345607732510        1.99075604301527
H           -1.10076831794001       -0.64363608921727        2.58661997227781
H           -0.23465352753025        0.92671350634386        2.63164893159843
N            0.57679031599472       -0.45962848936506        1.31850337842264
H            1.47019410883843       -0.00419980389861        1.42876478237273
C            0.37196599446024       -1.23444041054339        0.23831420092018
O           -0.74553535342716       -1.63506528157143       -0.06557447430288
C            1.60894028672836       -1.60495576088999       -0.57979451813864
N            1.35736022968968       -2.68787417520767       -1.50418799368368
H            0.59140298147913       -2.43463520142918       -2.12158619177878
H            1.06260716866522       -3.52040942032343       -1.00268118129060
H            2.41105895696645       -1.91663191547147        0.10294105298316
C            2.07075758024756       -0.36530279280279       -1.38441017351365
H            2.75520181176591       -0.73549941944931       -2.15063292696921
H            1.20356696992661        0.07624282987995       -1.87923966330918
C            2.75945031210008        0.65727340971542       -0.53040729469667
C            4.07374924198699        0.45326189345773       -0.11859248039147
H            4.59741982968805       -0.43214943170631       -0.44921467806952
C            4.70728792430064        1.37812493810378        0.69052804936063
H            5.72934563085576        1.20939542927689        0.99900548903762
C            4.04044604599404        2.52134484653804        1.10211721502461
H            4.53950606189762        3.24290420354562        1.73122865883694
C            2.73468152043353        2.73819203442900        0.68999671939051
H            2.20866980047165        3.62683138146998        1.00248635680239
C            2.09716490512730        1.81223021742602       -0.12076035318436
H            1.07094220699962        1.98170641766690       -0.42851914813270
37
 energy: -61.558572608291 gnorm: 0.013222520853 xtb: 6.7.1-6.fc44.fc44
O           -5.33521354457753       -0.88328972988541       -1.24948619975498
C           -4.22286567090494       -0.79880352139935       -0.80836385784125
O           -3.31664914062232       -1.73443194132439       -1.01275934103775
H           -2.42071285193488       -1.57802916223482       -0.63603835791282
C           -3.79929505446356        0.42447143656105        0.02200209425293
H           -4.69649633454782        0.84064408713191        0.48996208163898
H           -3.38245546161656        1.17557236483346       -0.65913697730860
N           -2.78607310974343        0.13534026840803        1.00814997863584
H           -2.99660538263725       -0.57447739853987        1.69159277626371
C           -1.54749632387047        0.65482596432656        0.93369063612730
O           -1.20595731698213        1.46254775798768        0.09774213255744
C           -0.56415495385591        0.12029119987949        1.99099400704756
H           -1.07024953161160       -0.64613129442129        2.59918036613474
H           -0.22313777602138        0.93998718897333        2.62665835279839
N            0.57575219086748       -0.46469687971065        1.31561438028448
H            1.47364673503243       -0.01237389330851        1.41124344765451
C            0.36882856816899       -1.23619932489035        0.23225379818772
O           -0.74816059673023       -1.63017057902866       -0.07762490377838
C            1.60757918859792       -1.60800906413533       -0.57844683827412
N            1.36776908877813       -2.69842306982529       -1.50251387737654
H            0.59903786059387       -2.45835287484256       -2.12256421305322
H            1.08587077776196       -3.53856943487966       -1.00231313872520
H            2.40913349253124       -1.91666966660049        0.10503666463503
C            2.05913233393025       -0.36331130919290       -1.37752073216356
H            2.73911937485501       -0.72508653343635       -2.14920982836074
H            1.18861251552168        0.08152558815505       -1.86474437815850
C            2.74821952524625        0.65719477582743       -0.51651511625224
C            4.06268557580529        0.45163697177256       -0.11045735095887
H            4.58332518810102       -0.43655587658493       -0.43710957976249
C            4.70312013561117        1.37952349457675        0.69231828982558
H            5.72589187017093        1.20621932952518        0.99947276028377
C            4.03917833833495        2.52560445381712        1.09906196079737
H            4.54042761677630        3.25275298218134        1.72044847136179
C            2.72968550678228        2.73905664083419        0.69620326696465
H            2.20608313446648        3.63188357582731        0.99808905304621
C            2.08707766761666        1.80909112151305       -0.10342464684072
H            1.07856062318150        1.98990014672799       -0.42366645075573
37
 energy: -61.558714568071 gnorm: 0.010088135646 xtb: 6.7.1-6.fc44.fc44
O           -5.33832951596000       -0.87590248662136       -1.25255850591879
C           -4.22651143149153       -0.79653506858040       -0.80979741570874
O           -3.32219220806724       -1.73552245701301       -1.01263081502972
H           -2.42647994131571       -1.57999541952497       -0.63968134354680
C           -3.79758143817431        0.42532689479072        0.01987047858810
H           -4.69420780516444        0.84413182914808        0.48714633913252
H           -3.37926174789059        1.17582088532960       -0.66177516232884
N           -2.78695840424769        0.13290250025418        1.00648414689004
H           -2.99784137864976       -0.57794630804383        1.68909377364604
C           -1.54585876646544        0.65084805735823        0.93470824908457
O           -1.20607804449399        1.46041380306644        0.10086924976073
C           -0.56287673902757        0.12007488420580        1.99187223918978
H           -1.05900011672864       -0.64748124571392        2.60526949125259
H           -0.22370273790228        0.94087261122325        2.61808796226184
N            0.57641428586030       -0.46572498262108        1.31359784532584
H            1.47524498698651       -0.01500347765381        1.40716431808028
C            0.37012050880234       -1.23821382327799        0.23012370454205
O           -0.74685461317551       -1.62999181172832       -0.08102345085546
C            1.60933877596276       -1.60873280343779       -0.57801324652199
N            1.36691914161460       -2.70117659279712       -1.50058849036304
H            0.59583409899656       -2.46270063392918       -2.11864192099205
H            1.09344278225253       -3.53904168260853       -0.99629145606337
H            2.41252650566196       -1.91216663223459        0.10583311125104
C            2.05749633868639       -0.36235500618709       -1.37632154456397
H            2.73620126971609       -0.71977759008926       -2.15196270756496
H            1.18417590935615        0.08044214200025       -1.86027042311809
C            2.74880845422188        0.65948579211753       -0.51854203611321
C            4.06124055525293        0.45161113374694       -0.10935639552331
H            4.58165369149692       -0.43899666998141       -0.43034106991059
C            4.70259324592524        1.37826599841757        0.69450843586784
H            5.72522084295426        1.20623914898918        0.99859917190709
C            4.03991185612253        2.52533970539793        1.09858491078204
H            4.54125392444155        3.25300515820360        1.71951124783403
C            2.73426739773175        2.74162967982010        0.69418183269064
H            2.21123619172577        3.63444735872162        0.99683147872380
C            2.09038531589693        1.81472926095524       -0.10926591386261
H            1.06266306770058        1.98616564291607       -0.40745735864310
37
 energy: -61.558790660939 gnorm: 0.006832739315 xtb: 6.7.1-6.fc44.fc44
O           -5.34166051243338       -0.87473859745417       -1.25295106160812
C           -4.22868141767731       -0.79439019660962       -0.81317053406807
O           -3.32418016841890       -1.73635947822964       -1.00978624421193
H           -2.43105041472438       -1.57534269453008       -0.63643673006093
C           -3.79909938553575        0.42571156170040        0.01834569527876
H           -4.69527471371566        0.84618152311376        0.48463792639825
H           -3.37792100030506        1.17436859514542       -0.66314856407392
N           -2.79024247705660        0.13068800655985        1.00468714882473
H           -3.00395576793980       -0.58056027524354        1.68629071282466
C           -1.54692292000078        0.64662734180602        0.93521169907608
O           -1.20680769237003        1.46018628064844        0.10340833768150
C           -0.56516856428346        0.11608453062865        1.99278881719924
H           -1.05972742290975       -0.64949428942808        2.60674715205705
H           -0.22181669719724        0.93576704483513        2.62088193581640
N            0.57653070872414       -0.46484012146867        1.31363886326020
H            1.47464263188068       -0.01514156741903        1.41215195844354
C            0.37133324412650       -1.23875604464005        0.23020471658160
O           -0.74581676608833       -1.63052462607140       -0.08018892193684
C            1.61082074584810       -1.60807015988622       -0.57750532542691
N            1.37123847273663       -2.69774432628570       -1.49821829908175
H            0.59830335836262       -2.45538516039932       -2.11175108913687
H            1.09467161321662       -3.53135585507555       -0.99097818978836
H            2.41373048906641       -1.91142388569407        0.10453519033494
C            2.05881387591221       -0.36250745096758       -1.37798317612108
H            2.73801091135968       -0.71869497962548       -2.15447907089335
H            1.18475568337152        0.07898091606307       -1.86102059663739
C            2.74939455929767        0.65878439237306       -0.52098306431080
C            4.06123779683766        0.45095618493281       -0.10910581716316
H            4.58351734380437       -0.43950111432518       -0.42832632147489
C            4.70284865803024        1.37700462753878        0.69467700448099
H            5.72433855758428        1.20616261313313        1.00039115120189
C            4.04040476960061        2.52443583402149        1.09772542573797
H            4.54204007542649        3.25058521308102        1.72043493240844
C            2.73464138012520        2.74087041073092        0.69213593443852
H            2.21177942630916        3.63485600939090        0.99545876484639
C            2.09134403261383        1.81561902467582       -0.11399004091336
H            1.06714184503369        1.98544850759347       -0.41651158980130
37
 energy: -61.558847815847 gnorm: 0.004553341428 xtb: 6.7.1-6.fc44.fc44
O           -5.34306275392555       -0.86905301248816       -1.25805047976092
C           -4.23227604899019       -0.79278795786160       -0.81271081684577
O           -3.32877505341856       -1.73645983197638       -1.00906229172769
H           -2.43639794474857       -1.57289684527871       -0.63610431089483
C           -3.79984046468536        0.42645841543432        0.01785249083447
H           -4.69487656835969        0.85060759141491        0.48281455650020
H           -3.37468311950304        1.17194230487700       -0.66407323467170
N           -2.79278063984523        0.12859381814577        1.00414514323542
H           -3.00903434445162       -0.58364585769862        1.68400243109021
C           -1.54764085060807        0.64276632380511        0.93707110688041
O           -1.20672709031848        1.45625839012673        0.10583300828388
C           -0.56705481117026        0.11184298507962        1.99399762623259
H           -1.05638215813272       -0.65270741249440        2.61005652570314
H           -0.22763161411133        0.93547882434064        2.62225858093275
N            0.57693023183034       -0.46383384621938        1.31338763150957
H            1.47450789907154       -0.01518705237457        1.41735246915847
C            0.37320733167405       -1.23869706590310        0.23001984202203
O           -0.74391820055030       -1.63086429240455       -0.08058661190965
C            1.61388483801115       -1.60695746913609       -0.57618223679436
N            1.37324072168540       -2.69716722380389       -1.49698625363401
H            0.59811688151898       -2.45619918842131       -2.10788035693839
H            1.09878977125900       -3.53212967505141       -0.99063540661662
H            2.41737461771104       -1.90630531518836        0.10773041346425
C            2.05935253827417       -0.36161509303856       -1.37922320076447
H            2.73772424785640       -0.71989792908371       -2.15614231091508
H            1.18429273479550        0.07850188103754       -1.86124484198987
C            2.75003544868786        0.65943961892677       -0.52346900658470
C            4.06130499362973        0.45101118661184       -0.10916590009541
H            4.58446162572055       -0.43984798646425       -0.42675834276627
C            4.70292122519499        1.37613345002770        0.69485077166360
H            5.72326713037077        1.20486521216584        1.00447460810892
C            4.04056642615223        2.52401227595542        1.09717925492778
H            4.54220231735271        3.24835235905915        1.72182104986705
C            2.73540535534732        2.74199425407190        0.68885921314893
H            2.21277645459596        3.63670256144642        0.99325638092640
C            2.09248256137528        1.81707330792068       -0.11727374603460
H            1.07145056931595        1.98870608905857       -0.42359502536375
37
 energy: -61.558884431445 gnorm: 0.003467504830 xtb: 6.7.1-6.fc44.fc44
O           -5.34733912480175       -0.86110488583841       -1.26160709680525
C           -4.23638425120011       -0.78812992308457       -0.81523255101853
O           -3.33685358174922       -1.73714329196035       -1.00768454339502
H           -2.44364029026685       -1.57236260864416       -0.63700693472199
C           -3.79996979545595        0.42872652697454        0.01599271071738
H           -4.69307326374834        0.85880489510008        0.47908872991491
H           -3.36858800883817        1.17048203321936       -0.66563667035389
N           -2.79558810575788        0.12570653371468        1.00297979764548
H           -3.01471750460047       -0.58826605537579        1.68008439361939
C           -1.54898302254379        0.63787800459424        0.93920167988960
O           -1.20586094848641        1.45149725977548        0.10922070293273
C           -0.57027741720887        0.10666208503248        1.99557830768795
H           -1.04895512277348       -0.65797418333695        2.61621022824642
H           -0.23330339503926        0.93235677388768        2.62184109327520
N            0.57627028386617       -0.46337998032416        1.31302494885391
H            1.47397661556440       -0.01665431996429        1.42347534691536
C            0.37360491909158       -1.23812012270411        0.22907383299734
O           -0.74330486300732       -1.62913143563582       -0.08323829899259
C            1.61605442221944       -1.60539073239901       -0.57510100133566
N            1.37804655126775       -2.69987209066790       -1.49428499617014
H            0.59933716322348       -2.46330015173658       -2.10237787141407
H            1.11045207355223       -3.53697259449947       -0.98814204442913
H            2.41940677286673       -1.90064786081213        0.11028408089658
C            2.05928588184344       -0.36024619107023       -1.37994364806456
H            2.73578753871814       -0.72060095604211       -2.15737232805758
H            1.18283043628524        0.07820013373714       -1.86066361321497
C            2.75079746827150        0.66229331156135       -0.52685491518751
C            4.06099562330003        0.45179452661736       -0.10918248590925
H            4.58354204132376       -0.44034267334336       -0.42500459674935
C            4.70247344535503        1.37566642834859        0.69566173979922
H            5.72119597291667        1.20213727183603        1.00948718219411
C            4.04102369854300        2.52509515753810        1.09615532738974
H            4.54265172545092        3.24746791575325        1.72265422474770
C            2.73715360976404        2.74412601944332        0.68667237821994
H            2.21514739558625        3.63953801809599        0.99206942686447
C            2.09436085965692        1.82023876178025       -0.12077915207593
H            1.07565845542319        1.99545619504849       -0.43082465473029
37
 energy: -61.558895919644 gnorm: 0.002264496801 xtb: 6.7.1-6.fc44.fc44
O           -5.34797308749777       -0.85712387871316       -1.26510450577204
C           -4.23873435700030       -0.78730199550600       -0.81462146984799
O           -3.33956036859064       -1.73622570127674       -1.00797489393424
H           -2.44628485709284       -1.57190204986268       -0.63633634346850
C           -3.80049530140549        0.42929043112835        0.01546894480278
H           -4.69248250651583        0.86255969127754        0.47738885570534
H           -3.36584738174603        1.16917375027757       -0.66612672118532
N           -2.79712823912879        0.12387512398090        1.00339944058008
H           -3.01711731188603       -0.59025890133621        1.67976092991961
C           -1.55045482514183        0.63552953026916        0.94004255526763
O           -1.20641829165424        1.44935653364796        0.11099871249972
C           -0.57206797966908        0.10465952453119        1.99650335093305
H           -1.04549636113728       -0.66040707940807        2.61951108275296
H           -0.23591648197169        0.93150276997071        2.62216539725231
N            0.57549404689097       -0.46274408288977        1.31269343708215
H            1.47332821713718       -0.01698809767992        1.42632151776910
C            0.37322353375865       -1.23711517426139        0.22874241342330
O           -0.74344646038355       -1.62744271419580       -0.08479233803641
C            1.61677627776735       -1.60445393808955       -0.57452653598512
N            1.38104227395077       -2.69868960186877       -1.49317409212558
H            0.60066661856871       -2.46593440998151       -2.10089077329095
H            1.11802040928124       -3.53790773098511       -0.98673622625718
H            2.41964669049722       -1.89834803748481        0.11207938817168
C            2.05945703632843       -0.36015121463626       -1.38105072944303
H            2.73581416222175       -0.71997732713154       -2.15804118000312
H            1.18300319025435        0.07841909807030       -1.86184711834055
C            2.75055454931480        0.66229519656279       -0.52719839497038
C            4.06052167642408        0.45078360772610       -0.10836472316515
H            4.58205833046930       -0.44155148596190       -0.42479464973678
C            4.70191872056536        1.37447801431798        0.69682618300596
H            5.72060522770763        1.20040587525416        1.00982519946358
C            4.04097761164337        2.52479894531835        1.09669257784212
H            4.54317984473672        3.24714226666849        1.72286879109735
C            2.73830720799526        2.74537594112338        0.68442934638112
H            2.21680302539916        3.64116482579432        0.98990075445985
C            2.09528373229115        1.82140616340004       -0.12289340333354
H            1.07595568623006        1.99679392656894       -0.43332604933218
37
 energy: -61.558902166138 gnorm: 0.001213040865 xtb: 6.7.1-6.fc44.fc44
O           -5.34847359630789       -0.85778394407156       -1.26426130656618
C           -4.23874370728775       -0.78662802629477       -0.81565945702618
O           -3.33940220486177       -1.73539583477626       -1.00817551081284
H           -2.44646442110132       -1.57076631623127       -0.63484851423255
C           -3.80097425537234        0.42934715819361        0.01553176417957
H           -4.69258848568976        0.86342985209157        0.47697178315557
H           -3.36487055699695        1.16912735836198       -0.66522377077459
N           -2.79797986728798        0.12255823004655        1.00432451492776
H           -3.01809126638028       -0.59155398604468        1.68059426559773
C           -1.55187177563217        0.63441712338323        0.94059611078864
O           -1.20770960094699        1.44842099851495        0.11183994693072
C           -0.57283520307149        0.10374915270295        1.99699452685252
H           -1.04457653739427       -0.66155463445043        2.62079805280404
H           -0.23784641292600        0.93148448615401        2.62166591079585
N            0.57496391103070       -0.46189956330018        1.31192621122808
H            1.47289385147750       -0.01678259206549        1.42727401769136
C            0.37269760228479       -1.23562997374800        0.22793341975484
O           -0.74397981821229       -1.62611069803650       -0.08562746638080
C            1.61644423490094       -1.60344291255144       -0.57564520062963
N            1.38170171933990       -2.69917109925085       -1.49280327634785
H            0.60079069512218       -2.46870056800933       -2.10076570996313
H            1.12071474236093       -3.53781772300799       -0.98483682772324
H            2.41906803579433       -1.89697586464825        0.11169677857519
C            2.06000623619455       -0.35928658829715       -1.38201169899982
H            2.73662204671783       -0.72005232187495       -2.15839676835588
H            1.18409935721760        0.07958828018682       -1.86371414391716
C            2.75111290001035        0.66276940159048       -0.52764573660407
C            4.06102886711802        0.45054150796135       -0.10860138177848
H            4.58124410139595       -0.44215442214770       -0.42570891489954
C            4.70217640567253        1.37395267966609        0.69716621077535
H            5.72087423929873        1.19887463686869        1.01064641103100
C            4.04139603347157        2.52447307630549        1.09713903312489
H            4.54338184963428        3.24666249020878        1.72366464864995
C            2.73867320071732        2.74576383052601        0.68398900764449
H            2.21751914963448        3.64151608719164        0.98940346436298
C            2.09599668878495        1.82185996716749       -0.12385285387292
H            1.07621609990192        1.99765854630414       -0.43455880980404
37
 energy: -61.558904527279 gnorm: 0.001063814672 xtb: 6.7.1-6.fc44.fc44
O           -5.34863746254694       -0.86018569515148       -1.26403129607408
C           -4.23846867725997       -0.78782001742370       -0.81567624107379
O           -3.33716508114770       -1.73408005702406       -1.00994024125744
H           -2.44511042019828       -1.56871459790035       -0.63355908422039
C           -3.80221322154335        0.42828827469041        0.01632901014196
H           -4.69389226084014        0.86210016816240        0.47757789628200
H           -3.36532819469194        1.16855097995529       -0.66337189400664
N           -2.79943461598811        0.12118440110861        1.00625178336930
H           -3.01907671930949       -0.59252665684868        1.68308151057452
C           -1.55420637256436        0.63389599014687        0.94119658564849
O           -1.21058186624456        1.44769183482753        0.11202115614207
C           -0.57344009297759        0.10421546145481        1.99753840288484
H           -1.04458690573949       -0.66124157598913        2.62190578337598
H           -0.23642693741991        0.93112231383130        2.62187245770288
N            0.57438080038568       -0.46013323567476        1.31105083852063
H            1.47259068845608       -0.01610108435039        1.42780341221463
C            0.37202796755850       -1.23316701382544        0.22718343594689
O           -0.74464672771044       -1.62379088445923       -0.08630668329052
C            1.61564097448689       -1.60203310102391       -0.57704203966179
N            1.38147922894173       -2.69930709667585       -1.49257298820161
H            0.60042641875032       -2.47034238040099       -2.10078453924891
H            1.12132339557483       -3.53675000243222       -0.98241825209556
H            2.41768634189241       -1.89618009499342        0.11034251619245
C            2.06094745771758       -0.35885154265490       -1.38337613803613
H            2.73884184654384       -0.71935392541064       -2.15883569527600
H            1.18618834717606        0.08080459296786       -1.86651926509665
C            2.75202437973230        0.66331011193114       -0.52879002935426
C            4.06178369975738        0.45023157790555       -0.10968517777993
H            4.58047824300063       -0.44304015639188       -0.42719263445855
C            4.70234171399122        1.37303378818706        0.69727326134109
H            5.72100144248800        1.19733014641658        1.01123090047326
C            4.04160333959976        2.52339911764910        1.09747677759828
H            4.54278325045322        3.24547026012793        1.72470902814195
C            2.73941995854941        2.74540320746665        0.68434518041742
H            2.21913891965655        3.64134752040115        0.98919495411448
C            2.09694222381845        1.82212056919170       -0.12462383655105
H            1.07737917626352        1.99860659682808       -0.43584012521812
37
 energy: -61.558906385556 gnorm: 0.000745776540 xtb: 6.7.1-6.fc44.fc44
O           -5.34855990893840       -0.86221983326337       -1.26239667789957
C           -4.23798140984338       -0.78837774110724       -0.81591320081019
O           -3.33601139146912       -1.73389884362954       -1.01100402301327
H           -2.44406381819972       -1.56759354263085       -0.63463793830254
C           -3.80259067177707        0.42755109204089        0.01701762857008
H           -4.69473112740542        0.86036136335332        0.47839648173390
H           -3.36607328164497        1.16838942191468       -0.66221305917412
N           -2.79978450444159        0.12077958549947        1.00694382432355
H           -3.01916025476378       -0.59290080200312        1.68390940767229
C           -1.55456487356748        0.63386195989457        0.94153102603473
O           -1.21157300562727        1.44794817212014        0.11225107346423
C           -0.57298992121755        0.10483550282107        1.99761857871666
H           -1.04378854827618       -0.66077934605021        2.62222918717115
H           -0.23799091361144        0.93316107019215        2.62144032768821
N            0.57465997355473       -0.45955529320303        1.31064179927303
H            1.47307401963587       -0.01602020384780        1.42751453780615
C            0.37242274437361       -1.23251633445427        0.22674290020528
O           -0.74424215136972       -1.62305185835495       -0.08687390935229
C            1.61603333609662       -1.60165651307763       -0.57725951684295
N            1.38055075816450       -2.69823674608342       -1.49284585915785
H            0.59928543427686       -2.46896877838164       -2.10060029928551
H            1.12035837710741       -3.53585118549219       -0.98253327374367
H            2.41812039789157       -1.89543739495906        0.11040524148898
C            2.06116723195625       -0.35881631115909       -1.38404007074042
H            2.73914148899083       -0.71970240452331       -2.15956989187400
H            1.18646930214946        0.08065975094420       -1.86738971456908
C            2.75191985948666        0.66301941185617       -0.52871158321706
C            4.06151991524086        0.44975151338980       -0.10944502260708
H            4.58049796693875       -0.44333393969576       -0.42704886718041
C            4.70228840292281        1.37229939578273        0.69762569229820
H            5.72076108590087        1.19677934118490        1.01124102698574
C            4.04183604013955        2.52267304524914        1.09775550115256
H            4.54327096478746        3.24461905716999        1.72516139038064
C            2.73963434281899        2.74505312010305        0.68420986727720
H            2.21981558739963        3.64144574587396        0.98840042341658
C            2.09691367323505        1.82204539525030       -0.12473972181303
H            1.07757913769683        1.99817092189491       -0.43599455589435
