37
 energy: -61.562474815777 gnorm: 0.000091672118 xtb: 6.7.1-6.fc44.fc44
O           -2.00889337390000        1.59574747190000        0.90054181020000
C           -2.69343252810000        0.75389057450000        0.39101914510000
O           -2.86202809930000        0.68503396040000       -0.92429738920000
H           -3.34161835630000       -0.13280466010000       -1.20246692010000
C           -3.37941923560000       -0.36934674990000        1.18708065530000
H           -4.41082860140000       -0.49456934280000        0.84251481130000
H           -3.36184528200000       -0.13338641300000        2.24984611730000
N           -2.64744821050000       -1.60509732520000        0.96187447190000
H           -1.85844548270000       -1.79781891430000        1.57560185220000
C           -2.67529771780000       -2.21455026950000       -0.23485429520000
O           -3.45328826180000       -1.90489361780000       -1.12787601440000
C           -1.54396706500000       -3.21903397510000       -0.43285449540000
H           -1.74746033510000       -3.86291191080000       -1.28702875010000
H           -1.37384649920000       -3.81268368250000        0.46767402250000
N           -0.36358755340000       -2.41637098050000       -0.69762232790000
H           -0.20783067650000       -2.06215490710000       -1.63446419160000
C            0.26622752700000       -1.74125374070000        0.28461458730000
O            0.05265235210000       -1.94035785140000        1.46929507930000
C            1.25509531020000       -0.69886911800000       -0.23114422390000
N            0.79887148360000       -0.23581790830000       -1.53632448230000
H            1.52063783760000        0.32805532380000       -1.97261725130000
H           -0.01154595050000        0.36826680660000       -1.41905860660000
H            2.22116950690000       -1.19889133580000       -0.37765167800000
C            1.41602930130000        0.41674435800000        0.82322077100000
H            0.44762171250000        0.90022871420000        0.97460598790000
H            1.71809417780000       -0.04611467820000        1.76345801490000
C            2.43197140120000        1.42223037530000        0.36869940510000
C            2.03026890320000        2.61830026730000       -0.21272074950000
H            0.97623331930000        2.84585119700000       -0.28855621000000
C            2.96793713050000        3.52385371200000       -0.67879636220000
H            2.64229336560000        4.45171482940000       -1.12591706810000
C            4.31875731810000        3.24224336630000       -0.57143741390000
H            5.05096458400000        3.94845054740000       -0.93421135790000
C            4.72849979550000        2.05265511740000        0.00792295470000
H            5.78177733450000        1.83009668920000        0.09868215850000
C            3.79090463370000        1.14834244000000        0.47221708310000
H            4.11343062250000        0.22212640260000        0.92716430060000
