37
 energy: -61.035312910212 gnorm: 0.968668115671 xtb: 6.7.1-6.fc44.fc44
O           -1.96585428383871        0.88024865157366       -0.20454830921649
C           -2.93279114167330        0.63922802025313        0.39571843696179
O           -3.58931118949879        1.72011634380370        0.35428061558431
H           -4.35477157467155        1.78410083164795        0.73321005839965
C           -3.69400661274720       -0.64988658274203        0.92589752475131
H           -4.58593876052014       -0.58712574473002        0.33036770448307
H           -3.94953306459503       -0.39612936359199        1.96148725863078
N           -2.66618632252980       -1.62861297167059        0.70431326075122
H           -1.79185220023647       -1.57035877879338        1.48425043560895
C           -2.64319152177156       -2.39970328771395       -0.11496398303563
O           -3.56965875413625       -2.33472114395243       -1.17897245995932
C           -1.46097070608769       -3.20336153927330       -0.36599723803535
H           -1.69689859261298       -3.89444531784495       -1.29732936602935
H           -1.26983382547735       -3.78645991842028        0.53467160704020
N           -0.31637393588094       -2.50677585186860       -0.75201246271433
H           -0.09454828117819       -2.01623977815955       -1.51710229626531
C            0.21614303619127       -1.59842448956884        0.38579804732406
O           -0.05453340566935       -1.76793048204312        1.72899670827117
C            1.29390424692725       -0.62087032040126       -0.15638092127004
N            1.10123966589172       -0.24098424536985       -1.49814544065455
H            1.48430056130988        0.48568222384064       -1.86645271506206
H            0.06064565214390        0.28799200670843       -1.36393112915798
H            2.23653088555918       -1.08640990440450       -0.32513293136888
C            1.33608374633838        0.54901440061184        0.63922134724907
H            0.57366629281162        1.16788152409815        0.73723275121061
H            1.67298016219244        0.27369257445081        1.70771604169166
C            2.43560701003145        1.45715224737186        0.06576206777791
C            2.29310797591634        2.58870083536888       -0.36041963796444
H            1.28264334552891        2.77234795985196       -0.65037684847447
C            3.17298376088725        3.35933272087501       -0.86719668184774
H            3.12625554164673        4.40399131086169       -1.34412855212580
C            4.68226437299133        3.02421455196631       -0.47321058154502
H            5.38072816699481        3.83337167527211       -0.62309457873169
C            5.10652659889582        2.03601762896603        0.36792828838773
H            5.95740948102535        1.78622722751246        0.44099077203524
C            3.96487649465150        1.06875414843419        0.73418658672508
H            3.99836023677469        0.31050453836600        1.42021180931756
37
 energy: -61.375697582932 gnorm: 0.436303510062 xtb: 6.7.1-6.fc44.fc44
O           -1.91154072723271        0.83789876199227       -0.20948862703963
C           -2.93475010048345        0.64790843325922        0.37687829660441
O           -3.59644872805213        1.75274131348385        0.35379687810723
H           -4.41667435091133        1.79930927734126        0.76014994186691
C           -3.67537962365499       -0.60610898933962        0.93403881874044
H           -4.58015149098244       -0.60482187252934        0.32569508969046
H           -3.94890634603648       -0.40085304906786        1.96797969309483
N           -2.67579977899312       -1.60098818562909        0.76361287905900
H           -1.80616044911154       -1.57129945608269        1.47614083044891
C           -2.65847744612701       -2.42164961241434       -0.18613928888077
O           -3.55537042270091       -2.34454088931449       -1.15648595873409
C           -1.45730642147966       -3.23604978081025       -0.38729496914031
H           -1.69055271623946       -3.89608851224315       -1.28381653141889
H           -1.26896639412695       -3.79549079954244        0.53188561319954
N           -0.30392942131852       -2.48228955417581       -0.69469731468167
H           -0.08830331626137       -2.00375495305998       -1.52955060048037
C            0.22367299443957       -1.62158113946974        0.38584853433322
O           -0.05373964782046       -1.75993881215127        1.65662423076720
C            1.28817340532103       -0.64334052540439       -0.15483257101701
N            1.03036569706114       -0.25476665770078       -1.50432488537481
H            1.50972081532945        0.50781600821243       -1.88202591501939
H            0.06681462816311        0.27691007250033       -1.38067801819630
H            2.24767865961754       -1.10740496020808       -0.30739791263186
C            1.37185792001891        0.54834707031715        0.67359957641178
H            0.54513185421357        1.17965820446076        0.74030757290254
H            1.66920043019955        0.27429760105219        1.71190013912385
C            2.49318632324089        1.40798598863492        0.14525908062629
C            2.29180203995935        2.59609947814802       -0.38717952484140
H            1.26623539079980        2.78345482342321       -0.65524090560097
C            3.24008274006679        3.40015357546384       -0.86415262399007
H            3.12963674965678        4.39253976355088       -1.34291456311303
C            4.64862446521065        3.05402227444523       -0.47474344354234
H            5.38105299517860        3.83286792446588       -0.63388365465973
C            5.01944075510511        2.02116398597917        0.34383732825687
H            6.00052083840226        1.76811233059606        0.46380666614395
C            3.93788309798775        1.09864199646361        0.70257886157148
H            4.00137864314523        0.31117056663921        1.41375246615661
37
 energy: -61.522656150943 gnorm: 0.122238785799 xtb: 6.7.1-6.fc44.fc44
O           -1.87795348271000        0.79114431519584       -0.20130489455926
C           -2.94090789355225        0.66969628910757        0.35883147626928
O           -3.61170609279150        1.79625217327909        0.35814679693003
H           -4.46046378807915        1.80894095401891        0.77867023370166
C           -3.64289099040294       -0.56076300106427        0.93095238357106
H           -4.56375381046492       -0.63377701714573        0.32179955940914
H           -3.94286619547055       -0.40312174572602        1.97030356336711
N           -2.68617755073824       -1.60779834214470        0.80436418394163
H           -1.84369859166565       -1.58598987307809        1.44346172051807
C           -2.67950946976290       -2.41011032182387       -0.24430083155936
O           -3.52777900341344       -2.35026631075375       -1.10867333834492
C           -1.45426450434182       -3.25355388702976       -0.40017624153977
H           -1.66897071027050       -3.89550167040325       -1.26301391510515
H           -1.27050276116478       -3.80594749115899        0.52670322512406
N           -0.28641879992070       -2.43659727037262       -0.62844474860921
H           -0.08728421316384       -2.00278543821729       -1.53015426833631
C            0.22980613062292       -1.64390729648732        0.37788086198397
O           -0.04522367572417       -1.75545387755720        1.56310085169601
C            1.28277033375918       -0.65457258600407       -0.16044574179684
N            0.94853895817296       -0.24753610621382       -1.51552954392394
H            1.53335726960466        0.50443149553588       -1.87976979563291
H            0.06869563791064        0.25796014699002       -1.40257871209542
H            2.25561203859904       -1.12942205968588       -0.28765786539265
C            1.42126983823378        0.55962498743027        0.70879815561984
H            0.53055831881750        1.17713543061996        0.73548959776468
H            1.66021445889182        0.26780363893459        1.72418899397828
C            2.57649532541543        1.40023124967165        0.23425225631126
C            2.30353351903365        2.58552624105532       -0.42182084990728
H            1.26429541285724        2.78464245425843       -0.65929805436598
C            3.31075898567196        3.41934425726623       -0.83725880854744
H            3.13133012446885        4.36741134308495       -1.33716675631358
C            4.61471541982472        3.09032832201373       -0.47082462663632
H            5.38646305767472        3.83016778747690       -0.64958633817697
C            4.93829930872317        1.98459772170120        0.30741270378108
H            5.97867177008986        1.76604456550446        0.48717506391960
C            3.88928652861318        1.13646311533607        0.67086090645010
H            4.00570215823659        0.31948950767176        1.38845798524932
37
 energy: -61.548411229056 gnorm: 0.069876069405 xtb: 6.7.1-6.fc44.fc44
O           -1.86497384964221        0.76901715606960       -0.18561198034679
C           -2.94778413743758        0.70626997745773        0.34866519233929
O           -3.63165405019774        1.84433976971955        0.36564769081040
H           -4.49664186527303        1.82854167688120        0.78937753501079
C           -3.61298779402436       -0.52355040174989        0.93096447999531
H           -4.52946215656293       -0.67746329631413        0.31843323100763
H           -3.92962686895785       -0.38091126390944        1.97023133638016
N           -2.69527437046015       -1.61899559336021        0.82941013962745
H           -1.88113686860317       -1.60153859149098        1.43438828957970
C           -2.68370337251571       -2.39471162796961       -0.27302441635808
O           -3.56876729992656       -2.36643300996265       -1.10515339864135
C           -1.44051168649991       -3.25465655575816       -0.40275711125966
H           -1.60641081830827       -3.91340154718535       -1.25255381894315
H           -1.26764076142436       -3.82034011153114        0.51703750599127
N           -0.27572141940408       -2.40889009954652       -0.61258268282896
H           -0.08768975883009       -2.01229074375205       -1.54042420271508
C            0.25719140911733       -1.65390691812791        0.36000234091644
O           -0.04483119744435       -1.74114740701773        1.53636425769727
C            1.29171278909663       -0.65090068956580       -0.16989767092630
N            0.90433094585913       -0.24633325284642       -1.52401490988518
H            1.54379843278106        0.47874156208676       -1.88599688187479
H            0.02134142079088        0.24439312348713       -1.43886200102993
H            2.26234722702996       -1.15226250832627       -0.26855871621518
C            1.44405409960196        0.56065718102886        0.74277606194548
H            0.52063335505953        1.15483547188058        0.74368249750029
H            1.63486304818840        0.23599877997453        1.76627465463231
C            2.58628710489318        1.42834345913485        0.29374296274507
C            2.29556705860157        2.59171771825511       -0.43637856194198
H            1.26222018687891        2.79565593474221       -0.68089681741873
C            3.32828433310096        3.43472125073426       -0.81285609816710
H            3.12459088699994        4.35465198734981       -1.34598633529099
C            4.61849776272665        3.12205453810918       -0.45522546675875
H            5.42197544527902        3.82017382449519       -0.67970880855377
C            4.90873500963581        1.97584230454343        0.28856907823009
H            5.95855116541522        1.76904300078024        0.50867744546276
C            3.87849301883664        1.14358350749875        0.66906903884495
H            4.04134663720411        0.29928309547146        1.35002132918198
37
 energy: -61.555491220122 gnorm: 0.044147727880 xtb: 6.7.1-6.fc44.fc44
O           -1.86393586175401        0.76221490644398       -0.18178902072655
C           -2.95026628218774        0.73613433696468        0.33841034615877
O           -3.65105222819631        1.87531603739570        0.37235563607646
H           -4.52324957001106        1.83399639424748        0.79720284767480
C           -3.59797771130922       -0.50063216395821        0.92604533259393
H           -4.50189136270498       -0.71024018195535        0.31407480540297
H           -3.91020463234288       -0.34368129628649        1.96230667134579
N           -2.71033396988847       -1.62956233223240        0.83860193695337
H           -1.87773275827870       -1.60927129858430        1.42303181586434
C           -2.69482096284462       -2.39410330358128       -0.28168833307729
O           -3.57647962890194       -2.37695767176887       -1.11079656081469
C           -1.43526418080281       -3.25067450213821       -0.40393087695356
H           -1.54818212425946       -3.93243501965348       -1.24913974673412
H           -1.26904064652375       -3.81989945725997        0.51434749049492
N           -0.27965737249153       -2.39293137703951       -0.61704803393298
H           -0.09455010719911       -2.02585259473963       -1.55470493798978
C            0.25979758334302       -1.63833359432366        0.35319130131132
O           -0.02190859295023       -1.73863346628312        1.53693285966692
C            1.29107436137962       -0.64256962509367       -0.17665635580077
N            0.87990651539160       -0.25224490903924       -1.52901916131328
H            1.53568882292161        0.45037877424856       -1.89521198196522
H           -0.01885688329490        0.22792247430376       -1.46119042602551
H            2.25808909281038       -1.16300353341636       -0.25640814264927
C            1.43821128718104        0.55823883143780        0.77140826349666
H            0.49795196119286        1.12874756348324        0.76629581081941
H            1.60912292746675        0.20096696158253        1.79219975956585
C            2.56399535553092        1.45292653471961        0.33963022352467
C            2.28791166025310        2.60190887602024       -0.41795406845527
H            1.26261986507744        2.81816212551648       -0.67800952093037
C            3.32918256040330        3.43700826124969       -0.79311990403377
H            3.11939375883498        4.33919667165565       -1.35372774949653
C            4.63468855452190        3.13275753476121       -0.45062384724043
H            5.44253810791592        3.80771241827918       -0.71941166678555
C            4.91749875826824        1.98881188893671        0.28485737048282
H            5.95980410203203        1.77526409124903        0.51900598876543
C            3.89271132738232        1.15328749923287        0.67158629272257
H            4.08522133561930        0.28020584691159        1.30179077074678
37
 energy: -61.557510158582 gnorm: 0.027993637186 xtb: 6.7.1-6.fc44.fc44
O           -1.86129954410401        0.75242291436336       -0.18393539878237
C           -2.94541050090633        0.75146091727864        0.32890642834922
O           -3.66107890901641        1.88685093387565        0.38160229407666
H           -4.53456171426180        1.81990767448166        0.80737457046227
C           -3.59370626037692       -0.48888138774033        0.92242405032895
H           -4.48357991818237       -0.72658462880174        0.31530205182056
H           -3.89366854170102       -0.31212069146821        1.95761671799322
N           -2.72033273031744       -1.63085179014741        0.84185801521344
H           -1.87303346149767       -1.61143424057329        1.41239241128311
C           -2.70011575337697       -2.38928375164829       -0.28662904683813
O           -3.58882947788799       -2.38905156713304       -1.11290182291485
C           -1.43007165060984       -3.24301667834654       -0.39859296335312
H           -1.51509542490013       -3.93531075148229       -1.23975642940816
H           -1.27081427111237       -3.80740457666152        0.52439202620839
N           -0.28403122499384       -2.38168737689838       -0.61984753682930
H           -0.09880974198153       -2.04167492010636       -1.56261651685835
C            0.27396967261074       -1.62938329451310        0.34846436837724
O           -0.00270248621157       -1.73881944512592        1.53669323995360
C            1.29618204891571       -0.63408985941598       -0.19303061467971
N            0.87243797268166       -0.25206676307274       -1.54025955093482
H            1.53038682044466        0.43358250472479       -1.91023652461914
H           -0.03012178622934        0.22128685663619       -1.46675016957957
H            2.25870872461384       -1.16312241795085       -0.26766040364564
C            1.44627122432552        0.55625182871649        0.77976197427284
H            0.49881704154208        1.10832620791901        0.78177762704277
H            1.61397243267651        0.16734240522947        1.78880052191239
C            2.56122664228413        1.46422232398578        0.35076309446391
C            2.29801845866675        2.60717669402735       -0.40227268584266
H            1.27490896397230        2.84260802226250       -0.65884234875452
C            3.33376814932167        3.43879019407168       -0.78957017539300
H            3.11787027096496        4.33278873948601       -1.35798446547225
C            4.63895116519076        3.13437490486878       -0.45072476333640
H            5.44707300915228        3.79149762631397       -0.74679735427354
C            4.90205924323358        1.99009517126955        0.28469776858213
H            5.93152814278910        1.75436639485243        0.53120913056013
C            3.86229859834070        1.17722375263561        0.70090008998974
H            4.06881787752522        0.28433977537333        1.28631757936782
37
 energy: -61.558350282493 gnorm: 0.014450687794 xtb: 6.7.1-6.fc44.fc44
O           -1.85402225220910        0.74215363729318       -0.18733600085204
C           -2.93823255084302        0.75112204113988        0.32046525531830
O           -3.65721220177303        1.88350780299938        0.38536434020460
H           -4.52843640188900        1.80178507271240        0.80888501526962
C           -3.59770567535766       -0.48845268365674        0.91680080533697
H           -4.48122383755608       -0.72881826939976        0.31474318968755
H           -3.88953207453057       -0.30063514139381        1.95327302136187
N           -2.72364180836158       -1.62891601882860        0.84018473093411
H           -1.87679437018018       -1.61303535722908        1.40752458913385
C           -2.70024281811675       -2.38753215845855       -0.28639126876507
O           -3.58310134058211       -2.39067852889277       -1.11583529670920
C           -1.42652601881041       -3.23846318363886       -0.39118052056935
H           -1.51178080336499       -3.93228893809757       -1.22711010912977
H           -1.27133837107591       -3.79320051097535        0.53887674154853
N           -0.28637169165826       -2.37630415619681       -0.61814318994958
H           -0.09957126989192       -2.05185858501978       -1.56238288511578
C            0.27522580096321       -1.62430779494921        0.34494751539590
O            0.00161514903728       -1.74064582636929        1.53051424890019
C            1.29204863815122       -0.62495685230534       -0.19920895751733
N            0.87534098658021       -0.24394021442277       -1.54326243204689
H            1.53543569505779        0.43187200218046       -1.91609009830756
H           -0.02353599295587        0.22957270072583       -1.47125366900468
H            2.25551260137486       -1.14965542885951       -0.27326043764676
C            1.43457579470620        0.55827060705340        0.78544970541556
H            0.48354954612722        1.09838385652791        0.79451408095945
H            1.61218500035683        0.15413383267821        1.78267397122554
C            2.54977657186355        1.47421365433065        0.37239912245274
C            2.29693324005645        2.61441931406881       -0.38031019074626
H            1.27646318448964        2.85819731288449       -0.64258670660303
C            3.32975171115409        3.43746590105868       -0.78544875226917
H            3.11392182281866        4.32499124720806       -1.36431709356311
C            4.63731960068274        3.12886572423124       -0.45384882294085
H            5.44109209922818        3.77985543635075       -0.76524418796866
C            4.90127584828738        1.99100867840180        0.28561524672163
H            5.92581979377778        1.75493044142984        0.54509428658058
C            3.87138017951793        1.15944264853740        0.68114915991162
H            4.08004927650983        0.27962943816774        1.26758078208926
37
 energy: -61.558681806787 gnorm: 0.010225929122 xtb: 6.7.1-6.fc44.fc44
O           -1.84818368489257        0.73567783448334       -0.18754796360805
C           -2.93390662778599        0.74712620987876        0.31717429471849
O           -3.65009586522905        1.87796873855235        0.38725195292619
H           -4.51879890579820        1.78846528133240        0.80716967748182
C           -3.60160462192327       -0.49125766623951        0.91374385380425
H           -4.48739304980399       -0.72941642493977        0.31595272447919
H           -3.89005804881091       -0.30075590304856        1.95189132811066
N           -2.72295900748909       -1.62748339305744        0.83913629238631
H           -1.87819711360076       -1.61211471575692        1.40655721862065
C           -2.69946506466091       -2.38858009736942       -0.28320429120045
O           -3.57663230005878       -2.38861487088562       -1.11565882547075
C           -1.42533648159514       -3.23606624656026       -0.38763729860804
H           -1.51856533153223       -3.93410007856127       -1.21787698410262
H           -1.26743469481319       -3.78089388620148        0.54772562489247
N           -0.29002059400342       -2.37049461872873       -0.62020836079546
H           -0.10300166491828       -2.05413453819095       -1.56576943259253
C            0.27017042424220       -1.61911939255770        0.34230008562532
O            0.00443590790999       -1.73491624834945        1.52821037480516
C            1.28999728342192       -0.62151576817768       -0.20115511924585
N            0.88116127021071       -0.23751360339878       -1.54361934533192
H            1.54945010541458        0.43033691229579       -1.92063297628368
H           -0.01229509454197        0.24651865469120       -1.47839238439534
H            2.25476789252070       -1.14188661864541       -0.27784050081522
C            1.42947696636075        0.55889644027847        0.78522164988110
H            0.47838490157365        1.09567939744369        0.79810968289628
H            1.61227272925272        0.14870583223555        1.77809686488720
C            2.54518111825195        1.47319497736300        0.37500624839326
C            2.29255320271112        2.61362094955925       -0.37665533227981
H            1.27187967640991        2.86259963960977       -0.63539943737317
C            3.32486592514082        3.43841308098572       -0.78434712496039
H            3.10914838442784        4.32435239934511       -1.36437563503885
C            4.63356732031940        3.12862755493223       -0.45094219703560
H            5.44240021176715        3.77140268920855       -0.77321385301465
C            4.90159175991919        1.98629427770077        0.28378367828718
H            5.92192154664197        1.73934499913556        0.53580231953215
C            3.86634584583418        1.16644612958271        0.69570339955218
H            4.08437874071163        0.27532377334104        1.26848497961528
37
 energy: -61.558843869587 gnorm: 0.007115643572 xtb: 6.7.1-6.fc44.fc44
O           -1.84646614863558        0.73306663656445       -0.18701759608946
C           -2.93266189840057        0.74638784649329        0.31563866602736
O           -3.64667534800012        1.87532734924210        0.38936307952201
H           -4.51356633272185        1.77582830816468        0.80486304309203
C           -3.60375855229898       -0.49223650559880        0.91192935412247
H           -4.49376254585354       -0.72980918256882        0.31798679582181
H           -3.88977598644019       -0.30013777905367        1.95121781693052
N           -2.72217652341541       -1.62588682672306        0.83894008327990
H           -1.87712086684196       -1.60777435776666        1.40633585533048
C           -2.69928864836887       -2.38895670919111       -0.27979860505661
O           -3.58011806096382       -2.39078346023353       -1.11182364076060
C           -1.42531703384599       -3.23380403878450       -0.38476293419786
H           -1.52333514389705       -3.94000790676738       -1.20901120350577
H           -1.26127073310768       -3.76874224670894        0.55500873251751
N           -0.29528572908456       -2.36382989029702       -0.62543818611492
H           -0.10826817256465       -2.05571413448207       -1.57268110540114
C            0.27200280306976       -1.61733182340830        0.33820040608576
O            0.00706441607754       -1.73050503696378        1.52574789774351
C            1.29293726066725       -0.61851148818700       -0.20369467476599
N            0.88788773004467       -0.23039506249500       -1.54505453909926
H            1.56322331352233        0.42863896386212       -1.92715709010204
H           -0.00052179566832        0.26457082575468       -1.48330760704130
H            2.25906229404135       -1.13484226481105       -0.28363699192714
C            1.42980047718125        0.55816426811083        0.78606337773231
H            0.47846019573422        1.09248889131694        0.80237244307282
H            1.61363800064680        0.14154723412088        1.77725770976428
C            2.54433365732923        1.47078331230533        0.37575945170843
C            2.29082719028358        2.61162130233393       -0.37458972877707
H            1.26993502684072        2.86446332697460       -0.62930616206160
C            3.32311714115837        3.43645279308816       -0.78632115763155
H            3.10809548590788        4.32231833558178       -1.36473542869626
C            4.63101421562060        3.12303154423789       -0.45747067399679
H            5.43661317093614        3.76643664458994       -0.77274446758750
C            4.89692448761141        1.98325849601724        0.28329503993709
H            5.91542277175489        1.73438684234623        0.54332146689756
C            3.86192622781758        1.16387856560748        0.69610816837247
H            4.07708671544823        0.27674892861441        1.27198759359727
37
 energy: -61.558918099394 gnorm: 0.005498590939 xtb: 6.7.1-6.fc44.fc44
O           -1.84714271180311        0.73303644451287       -0.18592020950016
C           -2.93352877360287        0.74816423160002        0.31536520791178
O           -3.64751289416011        1.87576116013339        0.39110162139165
H           -4.51476553490143        1.76568460822221        0.80228719652898
C           -3.60365810559205       -0.49130715959167        0.91134719613145
H           -4.49552653979960       -0.72814596537689        0.31858800966968
H           -3.88934835629988       -0.29840587664121        1.95067547606442
N           -2.72280744436973       -1.62593255649652        0.84022044930481
H           -1.87688276231974       -1.60425396702576        1.40705359059956
C           -2.69995846549850       -2.38927430329682       -0.27806030843908
O           -3.58075177087728       -2.39088468258302       -1.11022326461660
C           -1.42522138278564       -3.23245144402555       -0.38226925347290
H           -1.52257170501544       -3.94388183836932       -1.20283513014986
H           -1.25622390446428       -3.76154257371681        0.55975549452094
N           -0.29859097127158       -2.35862568824294       -0.62921426918437
H           -0.11129070839496       -2.05720206254531       -1.57799685550706
C            0.27327650917132       -1.61582088229314        0.33282160361712
O            0.00760989213841       -1.73405402706466        1.51982951057007
C            1.29579598681319       -0.61662037624203       -0.20616563936402
N            0.89152707530905       -0.22497812025246       -1.54713502344126
H            1.57148275350312        0.42643199725374       -1.93268028571266
H            0.00808076656397        0.27700335650393       -1.48312750550124
H            2.26283108944174       -1.13142260117103       -0.28709312436599
C            1.43031796842380        0.55674089012760        0.78812803176281
H            0.47771438766754        1.08914860881984        0.80585607332710
H            1.61395237245092        0.13772651327655        1.77848880278957
C            2.54339177927378        1.47044571542098        0.37927558433479
C            2.28795261965824        2.61099348049044       -0.37178373505405
H            1.26742523963658        2.86477665848133       -0.62525017800396
C            3.32120991005515        3.43433802676718       -0.78642392375860
H            3.10507898386787        4.31932256348875       -1.36696669263251
C            4.62840345677158        3.12092487613742       -0.45823310884502
H            5.43842173579401        3.75911040914393       -0.78198219330978
C            4.89479971289711        1.98310576599690        0.28542094346474
H            5.91235281450623        1.73159663532525        0.54650623191730
C            3.86009946041911        1.16365190250547        0.69808415662902
H            4.07406057837812        0.27697198201361        1.27540070906604
37
 energy: -61.558964985529 gnorm: 0.003937554421 xtb: 6.7.1-6.fc44.fc44
O           -1.84766632454413        0.73456985182992       -0.18361926364087
C           -2.93475681657008        0.75072261591776        0.31636400527302
O           -3.65009282898442        1.87718657071167        0.39235502274534
H           -4.51903797617725        1.75492506525991        0.79779027181523
C           -3.60259495751535       -0.48969737203069        0.91220380634008
H           -4.49527006691872       -0.72495712627544        0.31903802930768
H           -3.88933470200568       -0.29703760478284        1.95118360902725
N           -2.72344642738314       -1.62575720089500        0.84186553927879
H           -1.87700038537921       -1.60104155078949        1.40811574336050
C           -2.70038314698833       -2.38846644510794       -0.27736568670508
O           -3.58113850543933       -2.39023356232184       -1.10892961568545
C           -1.42505274143942       -3.23085965930869       -0.38062839954494
H           -1.52015819323793       -3.94579821028423       -1.19784807480493
H           -1.25035326616313       -3.75513315963264        0.56290131266866
N           -0.30148238364200       -2.35345959337232       -0.63455745112465
H           -0.11376288989069       -2.05765326673349       -1.58424341783531
C            0.27409628628579       -1.61537477292380        0.32751803552880
O            0.00817041563165       -1.73653287986615        1.51440680330869
C            1.29765644627210       -0.61609470343483       -0.20775772644906
N            0.89431983380704       -0.22140538704276       -1.54890834806701
H            1.57983756038580        0.42073325492582       -1.93819384769166
H            0.01535507252642        0.28758207914563       -1.48348483817923
H            2.26511200336929       -1.13119292742433       -0.28769532816804
C            1.43022272830449        0.55454226241239        0.79052364086279
H            0.47649291081151        1.08600142522032        0.80874112127364
H            1.61322815915115        0.13519090786485        1.78057662982611
C            2.54220112758173        1.47054008209408        0.38336343711861
C            2.28458128711705        2.61065144989489       -0.36876720420094
H            1.26420786523746        2.86466854094881       -0.62057450724305
C            3.31928081041218        3.43061080630253       -0.78742128741786
H            3.10242669080498        4.31482120095060       -1.36944044559119
C            4.62709492076064        3.11772154883909       -0.46222311266314
H            5.43528652936041        3.75656271068067       -0.78393318063107
C            4.89514032134289        1.98128936994263        0.28300812988328
H            5.91276975560094        1.73013324731689        0.54606246164745
C            3.86029279572582        1.16392324517682        0.70056038174069
H            4.07376115337418        0.27845088807743        1.28185894337958
37
 energy: -61.558982425380 gnorm: 0.002863867974 xtb: 6.7.1-6.fc44.fc44
O           -1.84798813039740        0.73696982900887       -0.18200505614100
C           -2.93512563797769        0.75161577619341        0.31832993335327
O           -3.65283179332860        1.87744260252131        0.39258887900759
H           -4.52280556037870        1.74976464710223        0.79501168254241
C           -3.60197228485739       -0.48919622886258        0.91401860451872
H           -4.49451433188995       -0.72325284834672        0.31980365390172
H           -3.88958030708278       -0.29757109936549        1.95279946693324
N           -2.72353332751412       -1.62522306922878        0.84226724788037
H           -1.87665170263960       -1.60042186892520        1.40811489394175
C           -2.70048403045535       -2.38731532276722       -0.27787262252337
O           -3.58159697395250       -2.38923385602526       -1.10909638390153
C           -1.42536195054344       -3.23006261665133       -0.38097812525635
H           -1.51942226309227       -3.94556155354741       -1.19725876599334
H           -1.24820924781546       -3.75270039402009        0.56295597559915
N           -0.30251486865120       -2.35187654294764       -0.63740633267200
H           -0.11401198792899       -2.05696483138356       -1.58678851532056
C            0.27328748525047       -1.61492947698370        0.32593050601784
O            0.00848853726666       -1.73724915308655        1.51304815361731
C            1.29773254472134       -0.61650920595167       -0.20743099783127
N            0.89601378818484       -0.22108076873833       -1.54901507716989
H            1.58482815940228        0.41582850808524       -1.94002854889275
H            0.01867666412998        0.29153544984299       -1.48439777441768
H            2.26449514561717       -1.13346664283228       -0.28575494366949
C            1.43067586046900        0.55369869984677        0.79116876444795
H            0.47733203468708        1.08610547728160        0.80939256951534
H            1.61322547481673        0.13459358755993        1.78149259613195
C            2.54235785576724        1.47061712985785        0.38319501840309
C            2.28335704965226        2.61072443474103       -0.36829069065947
H            1.26259841755514        2.86404286430600       -0.61874949226694
C            3.31836207196219        3.42884578525500       -0.78855022765341
H            3.10165581609500        4.31340227707009       -1.36968216528914
C            4.62644764135298        3.11631795452695       -0.46262834932991
H            5.43557535638478        3.75429625429324       -0.78852478731315
C            4.89512453978060        1.98196813064484        0.28506089423105
H            5.91312699216124        1.73136991194212        0.54667440191681
C            3.86067389622828        1.16400301759556        0.70053532281343
H            4.07257212860485        0.27960484327501        1.28491548027099
37
 energy: -61.558993014319 gnorm: 0.001956199650 xtb: 6.7.1-6.fc44.fc44
O           -1.84823927391638        0.73984022633818       -0.18003470151277
C           -2.93541998607012        0.75203966335200        0.32043524007932
O           -3.65589395104651        1.87738090801917        0.39305874322185
H           -4.52632674846755        1.74666486618342        0.79353275716679
C           -3.60198650938061       -0.48904590290771        0.91550141745996
H           -4.49397128251704       -0.72254192132618        0.32021261829371
H           -3.89007857831371       -0.29838384174531        1.95422631512253
N           -2.72408578870838       -1.62509259853146        0.84232021298674
H           -1.87719170548775       -1.60175999967315        1.40791403746248
C           -2.70108445815063       -2.38657044602979       -0.27861864305685
O           -3.58095813053041       -2.38710937179887       -1.11070423669993
C           -1.42609164512755       -3.22962343352804       -0.38160744115560
H           -1.51986533591032       -3.94510831117456       -1.19786091410439
H           -1.24856738872563       -3.75172910680191        0.56250784618094
N           -0.30295217116906       -2.35168689037017       -0.63799631893051
H           -0.11316035482243       -2.05648320655078       -1.58697349427325
C            0.27253398850078       -1.61462931710056        0.32565332194151
O            0.00746094571408       -1.73836668629089        1.51244777565070
C            1.29755222210495       -0.61682181624675       -0.20689377461741
N            0.89797691390062       -0.22157625214784       -1.54895324875107
H            1.58932405948677        0.41131359996654       -1.94086553968808
H            0.02210922556778        0.29355410938180       -1.48541095573565
H            2.26347000156606       -1.13550192247965       -0.28334775739701
C            1.43088008616050        0.55361866270343        0.79107666159810
H            0.47801316424544        1.08696559382533        0.80914504439775
H            1.61354023040797        0.13480965845231        1.78148598346498
C            2.54286650759251        1.47082619443699        0.38277354993240
C            2.28319710380076        2.61086341094576       -0.36824627649659
H            1.26212865952623        2.86317781755934       -0.61846050737443
C            3.31827136576769        3.42819396210750       -0.78881674907995
H            3.10160314232590        4.31263573757283       -1.37070423342192
C            4.62675479353293        3.11554730903419       -0.46373789921207
H            5.43458785235519        3.75462489456501       -0.78953225619362
C            4.89582449726638        1.98176897762912        0.28474753513515
H            5.91443823815242        1.73272790430078        0.54526829981240
C            3.86105419308158        1.16455628526054        0.70143354167447
H            4.07228917887223        0.28105294435558        1.28786923486205
37
 energy: -61.559001625385 gnorm: 0.001873514557 xtb: 6.7.1-6.fc44.fc44
O           -1.84853860111195        0.74524103378349       -0.17500324752419
C           -2.93658744138492        0.75255411375674        0.32368369946664
O           -3.66168127449586        1.87685849683837        0.39468076205900
H           -4.53236959322126        1.74222528823382        0.79218053173585
C           -3.60287894513965       -0.48936793398738        0.91680109564351
H           -4.49383471243231       -0.72252312693024        0.32024488416756
H           -3.89121548782055       -0.30014560442813        1.95570779731042
N           -2.72500197984345       -1.62507394487854        0.84171164630035
H           -1.87804015249470       -1.60479158796794        1.40703354536732
C           -2.70179211232012       -2.38527059804736       -0.28030708618811
O           -3.58119529768086       -2.38421702157295       -1.11333797825720
C           -1.42695782343108       -3.22856692295751       -0.38318292985312
H           -1.52168944648770       -3.94352166707842       -1.19977454891202
H           -1.25041773101573       -3.75074115089210        0.56104164709824
N           -0.30338073003439       -2.35109396459206       -0.63790510808538
H           -0.11167735477078       -2.05458711140911       -1.58618397318917
C            0.27144121915693       -1.61430426347588        0.32686708171127
O            0.00550309705261       -1.73757296464116        1.51359135941041
C            1.29744813857959       -0.61738950153260       -0.20543159589113
N            0.90189944734433       -0.22348395951856       -1.54847700259146
H            1.59828926355774        0.40224256796046       -1.94203317811437
H            0.02947115257427        0.29731587319072       -1.48764392909650
H            2.26219790707253       -1.13815072585515       -0.27879859083760
C            1.43085894644403        0.55392015242533        0.79107850051455
H            0.47844046894080        1.08802140299951        0.80891249562885
H            1.61431807948127        0.13565771244832        1.78129748651739
C            2.54343303066731        1.47079450102223        0.38250066498731
C            2.28354525437315        2.61028151485828       -0.36917344776492
H            1.26199652486432        2.86160047350545       -0.61906054156068
C            3.31844023419391        3.42731819153773       -0.78981739756921
H            3.10248135994869        4.31173462016931       -1.37163685698043
C            4.62698699967233        3.11521513579200       -0.46491889306744
H            5.43351369068459        3.75485862118389       -0.79193034759130
C            4.89638435626245        1.98194003387406        0.28445700555091
H            5.91584149642188        1.73543772617133        0.54327716557064
C            3.86161555519431        1.16541562866383        0.70251736879927
H            4.07315552278295        0.28230066263637        1.28987710397745
37
 energy: -61.559007304671 gnorm: 0.001682927309 xtb: 6.7.1-6.fc44.fc44
O           -1.84893137857976        0.74826557502316       -0.17056707476605
C           -2.93813696607762        0.75322880539647        0.32551205844827
O           -3.66541007299947        1.87631726724980        0.39588951138045
H           -4.53630235570201        1.73999127910686        0.79166442622354
C           -3.60395886426282       -0.48970569715185        0.91663723928304
H           -4.49476443666480       -0.72327865667635        0.32005147797287
H           -3.89228736127048       -0.30134871932794        1.95577037769917
N           -2.72566495141764       -1.62524225660876        0.84131829168075
H           -1.87866231639976       -1.60547983476038        1.40681253898384
C           -2.70209931039958       -2.38465495356393       -0.28100689110685
O           -3.58048273985688       -2.38233778438976       -1.11472045216239
C           -1.42721882075010       -3.22775729649347       -0.38401238261438
H           -1.52188542197678       -3.94228462860770       -1.20126256685049
H           -1.25196369688407       -3.75095408668933        0.55985733447803
N           -0.30366093879489       -2.35015847338170       -0.63714072515218
H           -0.11141379809386       -2.05293918536616       -1.58533989110784
C            0.27031137389890       -1.61322812434394        0.32757758774120
O            0.00420141695506       -1.73664195045089        1.51411672783831
C            1.29841190846059       -0.61770464828663       -0.20429735504300
N            0.90447591782370       -0.22462282588653       -1.54802994488311
H            1.60407658232094        0.39684050176127       -1.94275112576785
H            0.03443911845177        0.30052783984578       -1.48874130442020
H            2.26285802971032       -1.13904290504938       -0.27652934515502
C            1.43169896047659        0.55409433440016        0.79179067047965
H            0.47908861291682        1.08775883347215        0.80957666905758
H            1.61473672178130        0.13553700477181        1.78223538209805
C            2.54387370126265        1.47068192142422        0.38266469196560
C            2.28401230832802        2.60963184145338       -0.37001287090569
H            1.26247410229097        2.86045286452745       -0.62035634316145
C            3.31838319711927        3.42747239633039       -0.79074855574068
H            3.10176423050317        4.31146437697919       -1.37356119002479
C            4.62708386368176        3.11502447774405       -0.46588580411202
H            5.43372870516098        3.75410670607589       -0.79291253643875
C            4.89612964664981        1.98182643184162        0.28400308837086
H            5.91584092246400        1.73628884469384        0.54314530718048
C            3.86170767022404        1.16526938355830        0.70242940886628
H            4.07354950123455        0.28273304266505        1.28966875840750
37
 energy: -61.559013208115 gnorm: 0.001297731557 xtb: 6.7.1-6.fc44.fc44
O           -1.85024250039255        0.75372238292006       -0.16200241200792
C           -2.94184587595964        0.75491799884825        0.32883268500568
O           -3.67284622094422        1.87522531602599        0.39725945836437
H           -4.54455920494611        1.73621561329692        0.78965141343554
C           -3.60619498417711       -0.49023081680770        0.91654251965880
H           -4.49703266058720       -0.72424241328564        0.32012336539325
H           -3.89467106001981       -0.30386467758136        1.95609693097809
N           -2.72663579566758       -1.62488542643034        0.84035290966171
H           -1.87999865696631       -1.60485253927208        1.40665086289991
C           -2.70234466204601       -2.38261674255256       -0.28258233775429
O           -3.58130346100646       -2.37984668178486       -1.11623261096858
C           -1.42782221948576       -3.22600549118631       -0.38609748477901
H           -1.52189131184836       -3.93888044342482       -1.20502210679182
H           -1.25459203982233       -3.75206106576392        0.55657455738128
N           -0.30397030765723       -2.34860804812597       -0.63631629412178
H           -0.11091901107767       -2.04940995804574       -1.58398471987835
C            0.27098866695411       -1.61373554169788        0.32928060582913
O            0.00135541637033       -1.73500678542384        1.51534152422515
C            1.30099012170608       -0.61887422253563       -0.20187926798096
N            0.90945710782500       -0.22691941863155       -1.54709884953176
H            1.61348459315389        0.38744430340040       -1.94380218085265
H            0.04353859778583        0.30472147572472       -1.48951360306297
H            2.26551288609405       -1.14015483261356       -0.27212811255446
C            1.43266018450334        0.55392662344488        0.79346492738152
H            0.47918456771746        1.08619377399794        0.81080718665723
H            1.61560299824292        0.13654103325215        1.78435142816590
C            2.54421457686308        1.47024526098299        0.38378196509822
C            2.28462807557473        2.60802914239051       -0.37106004931311
H            1.26317087680763        2.85825818450109       -0.62220688197339
C            3.31816745699780        3.42685629943496       -0.79263617479970
H            3.10102097834634        4.31007766946800       -1.37614069460158
C            4.62679812224437        3.11540200756664       -0.46752260389427
H            5.43451646695128        3.75289953270783       -0.79586490938758
C            4.89639262568592        1.98269224933334        0.28284337216108
H            5.91635614840666        1.73794731330659        0.54136725458376
C            3.86270427508737        1.16587269661478        0.70279946913833
H            4.07612829087085        0.28313792923176        1.28881404697793
37
 energy: -61.559015763531 gnorm: 0.001098301852 xtb: 6.7.1-6.fc44.fc44
O           -1.85152693774850        0.75652673787833       -0.15778023574414
C           -2.94419258985308        0.75592978026868        0.33068969761422
O           -3.67745221890656        1.87452047997312        0.39742767067945
H           -4.55004954269564        1.73394667464840        0.78791568881059
C           -3.60710672670900       -0.49059424772542        0.91743992774890
H           -4.49800861558384       -0.72429145762873        0.32098770788372
H           -3.89573370629020       -0.30554786283066        1.95716490959061
N           -2.72681830118170       -1.62456733773569        0.83987029989366
H           -1.88009249140153       -1.60380623456121        1.40620358173111
C           -2.70241055388750       -2.38121664183021       -0.28377743954000
O           -3.58156190145035       -2.37799762567369       -1.11727060035810
C           -1.42803936605033       -3.22488447941758       -0.38789595207820
H           -1.52145494123984       -3.93618755841581       -1.20803638635400
H           -1.25536514041465       -3.75262323030013        0.55403680585498
N           -0.30360852742732       -2.34745651721300       -0.63620863940049
H           -0.10998338817559       -2.04705003697541       -1.58345319778966
C            0.26920880513917       -1.61267137979746        0.33029729861376
O            0.00094318416296       -1.73551794279583        1.51634839711763
C            1.30144426118241       -0.61997975407548       -0.19996185626049
N            0.91179173369483       -0.22817291772586       -1.54599047029157
H            1.61935207572410        0.38183307463494       -1.94386231509805
H            0.04833475587668        0.30760197775027       -1.48908129122081
H            2.26547965367759       -1.14259204918376       -0.26889790790974
C            1.43344003674277        0.55361945177803        0.79450011381107
H            0.47999299893189        1.08583135014154        0.81129206611702
H            1.61657796655024        0.13745719907224        1.78573800315854
C            2.54487516986339        1.46981027465976        0.38376533007211
C            2.28499264779137        2.60697234962013       -0.37180565595267
H            1.26336811805543        2.85689826478212       -0.62279728856666
C            3.31810139354661        3.42566515060481       -0.79453060979363
H            3.10048920588825        4.30837043699576       -1.37817453426498
C            4.62666009886149        3.11516526285228       -0.46916717842662
H            5.43401910132005        3.75295249660234       -0.79716386674361
C            4.89660891180434        1.98326858817905        0.28216666870641
H            5.91681572170947        1.73889961956943        0.54080856701590
C            3.86351679721813        1.16605625098873        0.70259804862345
H            4.07739537285919        0.28396355417204        1.28944983149298
37
 energy: -61.559017566481 gnorm: 0.000875444522 xtb: 6.7.1-6.fc44.fc44
O           -1.85246128217043        0.75759599963551       -0.15505411115268
C           -2.94582815488488        0.75634385725039        0.33204950021562
O           -3.68036348594140        1.87387519652286        0.39707394251447
H           -4.55368776382741        1.73285009869287        0.78625691326929
C           -3.60810302999965       -0.49090056595454        0.91861702085025
H           -4.49906297761218       -0.72408828518887        0.32208161381370
H           -3.89657563646850       -0.30676257904241        1.95848102031892
N           -2.72724843895652       -1.62431424004532        0.83961232300207
H           -1.88076552128211       -1.60358711305662        1.40618382727865
C           -2.70305791814822       -2.38015041923020       -0.28460928614789
O           -3.58122823851776       -2.37563195026931       -1.11849636433707
C           -1.42882510671637       -3.22396883091925       -0.38955693214595
H           -1.52209146154502       -3.93385201589691       -1.21079575059358
H           -1.25630822871079       -3.75309984631397        0.55167742402717
N           -0.30345229275777       -2.34709280101232       -0.63640739480857
H           -0.10906712233875       -2.04576491794580       -1.58322279057798
C            0.27012949800398       -1.61337583041593        0.33101321766154
O            0.00087140459427       -1.73609766248713        1.51695529763411
C            1.30247656565053       -0.62069665305042       -0.19830978562641
N            0.91423302575220       -0.22867934677180       -1.54478851133207
H            1.62308224919959        0.37901607431856       -1.94314600330824
H            0.05156110016641        0.30845623898177       -1.48851281632589
H            2.26620500641077       -1.14401683163667       -0.26617098277579
C            1.43427524080411        0.55346859574906        0.79538235600437
H            0.48077291503202        1.08557039366587        0.81161940651610
H            1.61745405933997        0.13799872948857        1.78708386261595
C            2.54545582372685        1.47009311710284        0.38373433690706
C            2.28484834385555        2.60671071533559       -0.37212268670932
H            1.26312389883495        2.85590546214775       -0.62340069954059
C            3.31763370906927        3.42519507960922       -0.79578437574979
H            3.09912525962692        4.30703511333647       -1.38101271493207
C            4.62669521617161        3.11491944988636       -0.47037361255970
H            5.43380600078836        3.75310079162474       -0.79864538824973
C            4.89707966919703        1.98351536142647        0.28169089209355
H            5.91728589380365        1.73881541923760        0.54026319396176
C            3.86407245787882        1.16649862245802        0.70265633460317
H            4.07794238355562        0.28524727405296        1.29082291232832
