34
 energy: -56.476153472794 gnorm: 0.000075188964 xtb: 6.7.1-6.fc44.fc44
O           -3.63420875780000        2.16125137430000       -0.72788773450000
C           -2.48107186730000        2.62572030330000       -1.16259599150000
O           -2.38353645890000        3.47869319580000       -1.99889817010000
H           -3.51740525070000        1.42792078060000       -0.05917754320000
C           -1.23654539610000        2.00842347550000       -0.48526503980000
H           -1.30791651210000        2.22421953350000        0.58878812250000
H           -0.34543020710000        2.48281007650000       -0.89410557250000
N           -1.13886125380000        0.57255381470000       -0.67483958090000
H           -0.34685850010000        0.22766046060000       -1.19497546200000
C           -1.90976042740000       -0.30260027350000       -0.00582416800000
O           -2.86891136280000        0.06150201820000        0.66570121140000
C           -1.51238247240000       -1.77125669720000       -0.12427785360000
H           -2.43454377530000       -2.35804867240000       -0.03814709470000
N           -0.86284249390000       -2.15729046120000       -1.35721785240000
H            0.07495563430000       -1.78072447060000       -1.42860159370000
H           -1.40369178370000       -1.88470291030000       -2.16861351120000
C           -0.60415689950000       -2.10781455070000        1.08331210950000
H           -0.21957331400000       -3.11669473070000        0.93213059150000
H           -1.21543437880000       -2.09058230860000        1.98609068100000
C            0.52059888690000       -1.13598610100000        1.22825676570000
C            0.51783840570000       -0.00908290560000        1.99960697630000
H           -0.24633619260000        0.34947392570000        2.66285398370000
N            1.68727150370000        0.68197548530000        1.83548734060000
H            1.94146178270000        1.52342342580000        2.32375768680000
C            2.48212779500000        0.00448318380000        0.95679846450000
C            3.75143137980000        0.30046613630000        0.47544793490000
H            4.27481251740000        1.18902362230000        0.79611764890000
C            4.31715056960000       -0.58337279150000       -0.41728042960000
H            5.30274869510000       -0.38551373530000       -0.81085140010000
C            3.64360117800000       -1.74125831680000       -0.81833186200000
H            4.12841486980000       -2.41410174630000       -1.50991439730000
C            2.38575379020000       -2.04077835890000       -0.34684288490000
H            1.88194242740000       -2.94608231980000       -0.65206334090000
C            1.77882940360000       -1.15525368190000        0.54703326440000
