37
 energy: -61.560872140030 gnorm: 0.000259860604 xtb: 6.7.1-6.fc44.fc44
O           -4.44405107910000        0.88917575880000       -2.11098509110000
C           -3.66228754460000        1.03048839460000       -1.21452377360000
O           -3.99913248010000        1.50526308990000       -0.03021472120000
H           -3.23327621150000        1.52426830120000        0.60417359430000
C           -2.16101421360000        0.70866601910000       -1.38755337760000
H           -1.61295129810000        1.64822900660000       -1.24069289940000
H           -2.00336968510000        0.34769423540000       -2.40291978140000
N           -1.66770312230000       -0.28827357490000       -0.45560438420000
H           -1.31935983660000       -1.17251499670000       -0.82411146490000
C           -1.48130767000000       -0.04138271990000        0.84263445350000
O           -1.82464337520000        0.99709833910000        1.39513867270000
C           -0.82405555500000       -1.19256226700000        1.60590205940000
H           -1.38116293370000       -2.11048479410000        1.39127277030000
H           -0.87107997550000       -0.97398949830000        2.67246381220000
N            0.55942240280000       -1.40156811390000        1.22944280430000
H            1.26803439500000       -0.96369432940000        1.79677857100000
C            0.91633600210000       -2.00015194810000        0.07789206210000
O            0.10243098360000       -2.39808943020000       -0.73918412250000
C            2.41797776750000       -2.11283033680000       -0.15047031160000
N            2.68469952850000       -3.35218500950000       -0.84128705630000
H            3.59126106030000       -3.33757463430000       -1.29331259330000
H            1.96887716690000       -3.51129467110000       -1.54372208870000
H            2.93925608100000       -2.13761018000000        0.81455772230000
C            2.86073445230000       -0.83827513150000       -0.92725902930000
H            3.94629166460000       -0.87848369780000       -1.04966913080000
H            2.39842929370000       -0.85961905300000       -1.91678326960000
C            2.46419120180000        0.41005282830000       -0.19659851610000
C            3.08374332800000        0.74749626160000        1.00303515530000
H            3.89624668870000        0.13737631070000        1.37338323140000
C            2.67722986180000        1.85973739350000        1.71850864870000
H            3.16652092810000        2.10821298580000        2.64878917180000
C            1.64956933340000        2.65546672950000        1.24094271830000
H            1.32956381120000        3.52199231550000        1.79835042270000
C            1.03885004160000        2.33791756530000        0.04058824170000
H            0.24986159010000        2.96901816950000       -0.34070669570000
C            1.43948795760000        1.21981689340000       -0.66990076630000
H            0.95995243360000        0.97299462650000       -1.60673688580000
