34
 energy: -56.051689964847 gnorm: 0.776016803676 xtb: 6.7.1-6.fc44.fc44
O           -2.94293543540020        2.29931305673569       -1.94815459407597
C           -3.23104628839128        2.60241329775668       -0.63064525677568
O           -4.26682925454169        3.11483831998191       -0.54357885558270
H           -2.17448573503870        1.84401282208461       -1.80032575973028
C           -2.43933818606093        2.06659242532960        0.46849580628644
H           -3.03130708587218        2.25302718426058        1.37478831813745
H           -1.59736747923099        2.51212766074474        0.39710690549099
N           -2.35777621910996        0.56048237639944        0.40736733822104
H           -2.86706168875600       -0.00283958399309        1.18820214489415
C           -1.55064568554336       -0.25861501966788       -0.17608879182216
O           -1.00911029629978        0.48309965104757       -1.30424335410536
C           -1.45640720924906       -1.80444143380736       -0.10608148826033
H           -2.39875651621435       -1.91601913849238       -0.26758268123500
N           -0.63461739508505       -2.13482004993950       -1.13601551070100
H            0.17173958015361       -1.66044341393342       -1.47624923483852
H           -1.18173567145722       -1.97500953205696       -2.17139209921604
C           -0.46676166965344       -1.80602573402570        1.24457440674330
H           -0.26449812781643       -2.76457075360313        1.19220597431091
H           -1.30326300809582       -1.43240831484323        2.14365360148696
C            0.56747457718325       -0.92957325128532        1.01702914069718
C            0.75475175232222        0.33430041576371        1.52749754147778
H           -0.00351315209873        0.90202522118729        2.41066761652927
N            2.03173743337909        0.70100180784763        1.42319757507119
H            2.40043431033952        1.70267843209103        1.70624058617659
C            2.98521930947952       -0.04244476664924        0.74140167640273
C            4.14021765505137       -0.09359836342480        0.31026323984296
H            4.93165916214639        0.75233489893857        0.65300360052457
C            4.59657346851329       -1.17701567853174       -0.24856885273053
H            5.67809199640488       -1.17573266654298       -0.61626622106599
C            3.75647456327586       -2.27031496897566       -0.44445446290898
H            4.32773365210222       -3.24531235417868       -1.04287485461091
C            2.60960280613037       -2.40058698935091       -0.01785316346637
H            1.86658030801610       -3.18787458847984       -0.16428620954498
C            1.81944365519627       -1.17274027075807        0.57610872451217
34
 energy: -56.322835690346 gnorm: 0.406076496501 xtb: 6.7.1-6.fc44.fc44
O           -2.93435892784959        2.30940998228573       -1.94320051630141
C           -3.26819450909832        2.58085834648357       -0.65007626767356
O           -4.30510753461240        3.14917325539323       -0.52491148891820
H           -2.13865859068029        1.81371064526827       -1.81417301669867
C           -2.46417169276952        2.04210273253100        0.47466179254854
H           -3.02947518597112        2.25726814244426        1.38097186435818
H           -1.54722285310586        2.51829643748503        0.40113280832591
N           -2.37480026303929        0.56093521326864        0.43484561081624
H           -2.86546282288520        0.01454451435089        1.18634374110624
C           -1.54957391019920       -0.20425502709571       -0.23561320322537
O           -1.00915310906502        0.45556033032236       -1.27411853229540
C           -1.41852773918280       -1.73674167505005       -0.12058888276224
H           -2.43142325062717       -1.94459921540995       -0.25017789687785
N           -0.63781346776324       -2.15761582146678       -1.18854183215836
H            0.18505671811943       -1.65743235317123       -1.46957893435595
H           -1.17653811121779       -1.98932409134260       -2.14413429291300
C           -0.51395135931336       -1.79605246823852        1.23398308853544
H           -0.26276274026809       -2.80435871703882        1.21485072494679
H           -1.26421539057297       -1.45226633861289        2.11974250798658
C            0.59990795942740       -0.91622539971283        1.03864542071579
C            0.75530210859799        0.35738820519003        1.56785412067818
H            0.02763802129272        0.88739158450704        2.36828374019936
N            2.02985545634091        0.75623235211270        1.44219664129914
H            2.38677642595595        1.70513990934295        1.71176589548724
C            2.89563584632790       -0.04887988495271        0.76203485571584
C            4.15865888737232       -0.08160568474086        0.33259208159856
H            4.90984182823864        0.74414780930254        0.63989002738533
C            4.63122167509672       -1.18975417766779       -0.26925804650315
H            5.67404488985789       -1.18430141227665       -0.61700417428969
C            3.79596355762973       -2.29507628431459       -0.46566102718368
H            4.30959061853131       -3.21862843357663       -1.02258643207197
C            2.55464842359594       -2.39408018610825       -0.02609697468235
H            1.86063863602930       -3.20297027268970       -0.16266075333014
C            1.87690853158587       -1.20013131919251        0.55573015667250
34
 energy: -56.449110081434 gnorm: 0.111969128560 xtb: 6.7.1-6.fc44.fc44
O           -2.92248821024781        2.30982768660611       -1.92429533980966
C           -3.30367978117565        2.56807304776495       -0.67437693622926
O           -4.32808459990428        3.17472707360069       -0.50435121015656
H           -2.10608471754696        1.78472114295859       -1.83004756070234
C           -2.48641301700210        2.01692469819561        0.47640993176631
H           -3.02175039541317        2.26844588076528        1.38696596940937
H           -1.52455621716931        2.50830674717044        0.40868011149570
N           -2.38405346319778        0.55856292663067        0.46674486728543
H           -2.85850446460928        0.03172652436739        1.18104153856608
C           -1.53924843584070       -0.13368176790616       -0.32252178115404
O           -1.02279045537848        0.43127682787143       -1.23946820358345
C           -1.38470295802224       -1.64771432657740       -0.13284838043657
H           -2.43261975092098       -1.98166957701798       -0.21015673644085
N           -0.65643238539104       -2.17647067120338       -1.24730301970732
H            0.19758501392729       -1.65338785112665       -1.44600097671541
H           -1.16974604408341       -2.01194673515117       -2.10674103208625
C           -0.56437011066096       -1.78210188590288        1.20384567728031
H           -0.26073043256678       -2.81990849531981        1.23960246324908
H           -1.21304045891866       -1.48080308509883        2.06652264377199
C            0.64268675747128       -0.90691034642860        1.07093394711688
C            0.75758889163559        0.36016768714026        1.61761864964734
H            0.07439943607206        0.86327663225369        2.30550668559459
N            2.03814827307907        0.80321556416100        1.44842521253985
H            2.37732523670562        1.69968114177139        1.71273623248894
C            2.81571389767266       -0.08541314738801        0.76856190710013
C            4.15405503480327       -0.07819408960201        0.36286027396387
H            4.86189418178886        0.72119494957159        0.62672125756061
C            4.63889388428299       -1.19682391843482       -0.27876636515803
H            5.65901345108226       -1.19041172662178       -0.61252769891025
C            3.81993103970248       -2.31850006742765       -0.47692645287386
H            4.27314230316077       -3.17360555407092       -0.98697667985508
C            2.51513409155589       -2.35879353891276       -0.03550782426495
H            1.87013600034607       -3.20967714776414       -0.16499800525126
C            1.94392653054220       -1.21625390124499        0.53777964063354
34
 energy: -56.468740875060 gnorm: 0.063445667481 xtb: 6.7.1-6.fc44.fc44
O           -2.90380089888702        2.30379536320881       -1.91026668100129
C           -3.33948746999249        2.55360700440687       -0.67771337892119
O           -4.34753160622381        3.18932026666450       -0.49884276495166
H           -2.08247396232035        1.76705701970974       -1.83730322021536
C           -2.50702494790798        2.01140140849014        0.48398437712333
H           -3.01492273387100        2.29301628769186        1.40598603201663
H           -1.52386843348322        2.48840969908878        0.41438972954874
N           -2.39382249988820        0.56474152405016        0.47090852495393
H           -2.85763025272058        0.04254527987490        1.19100350930209
C           -1.55474257716048       -0.09411775470386       -0.37262508033883
O           -0.95990306322314        0.49444727563119       -1.28552882324008
C           -1.36792491941921       -1.59915808844644       -0.13367155529497
H           -2.41341585566421       -2.01275817075972       -0.15657721681656
N           -0.65728815198516       -2.18065782820452       -1.25546852249294
H            0.21024128448854       -1.66593160871637       -1.42564190296350
H           -1.19873165135597       -2.05368129097353       -2.10266843641447
C           -0.56380876720766       -1.78646016710398        1.17182430543440
H           -0.25730323874425       -2.83120175825893        1.24252642695767
H           -1.17209603709488       -1.50900468754832        2.02122594819264
C            0.67300564328495       -0.91595125038347        1.10901771226646
C            0.77859455538829        0.33813631883958        1.65777179298846
H            0.07505053168710        0.88288817947699        2.25344964787197
N            2.04661450940815        0.82185661485102        1.46060873866484
H            2.37634222534652        1.73055735366872        1.72567520702352
C            2.79193829177697       -0.10059489975466        0.78521837417615
C            4.13690432392720       -0.08681857536884        0.38799247791373
H            4.80624402642551        0.73574574803888        0.60620121303042
C            4.62301449498269       -1.20057192209603       -0.27061034780615
H            5.64796189622097       -1.19973125176384       -0.60502387473919
C            3.81481493341885       -2.32168488642069       -0.49106344792644
H            4.25213947233019       -3.17465720565547       -0.97075201229682
C            2.49703853995294       -2.35271032705721       -0.06833311359701
H            1.87858347601484       -3.23116044130109       -0.19119485175625
C            1.96756698827468       -1.22281253154597        0.55264401944257
34
 energy: -56.473415481595 gnorm: 0.041834444720 xtb: 6.7.1-6.fc44.fc44
O           -2.89449229815630        2.28721914366522       -1.89661388415274
C           -3.36069978952897        2.55375762361571       -0.68168885114547
O           -4.36643955329997        3.18415520622381       -0.50228012251074
H           -2.06344687769391        1.75508093922364       -1.83750678730884
C           -2.51875298321901        2.01665705405316        0.48624911851770
H           -3.00868482339304        2.31436680655177        1.41546517791802
H           -1.52596968106886        2.48505148241543        0.41823016672571
N           -2.37502057245286        0.57368804847218        0.47266303090173
H           -2.84415770217648        0.04570870917078        1.18929713292340
C           -1.52813777493923       -0.06036893246914       -0.37596102293788
O           -1.00228326020619        0.52169944732247       -1.30913224479198
C           -1.34882618827918       -1.56272286941164       -0.14766752299107
H           -2.38363877806443       -2.00537933342301       -0.12562901922628
N           -0.65281476889587       -2.18508172732768       -1.26658069332616
H            0.22311745403588       -1.68962078732862       -1.42640913222546
H           -1.20900073731162       -2.08622698138867       -2.11376222830046
C           -0.55876696553790       -1.78813370525186        1.15000092078209
H           -0.26538049325597       -2.83615089711696        1.21924543750951
H           -1.14676037306152       -1.52982790242885        2.03461958433225
C            0.68989277331034       -0.92665392769394        1.14000090617341
C            0.79686469235320        0.32056430205833        1.68220737400213
H            0.05094502167395        0.91557591841789        2.20644212318141
N            2.05624309737141        0.82353794683250        1.47772881259723
H            2.37691214285544        1.74145695219107        1.74328305305921
C            2.78870379921030       -0.10772631353395        0.80144105122179
C            4.12602485741855       -0.08981386869991        0.39824056872032
H            4.76589836020054        0.76254548418323        0.58458216222648
C            4.61180209421376       -1.20327522713663       -0.25773578122695
H            5.63954949236457       -1.21090894620025       -0.59255984487046
C            3.81012132592787       -2.32560432621009       -0.48586873262106
H            4.23404229163189       -3.18610521528875       -0.98487018311801
C            2.49114145336092       -2.35922900098629       -0.07513505815422
H            1.87875070359497       -3.23508820243047       -0.22619890095382
C            1.97354218679644       -1.23528620244128        0.57304619520401
34
 energy: -56.475021440056 gnorm: 0.027978168411 xtb: 6.7.1-6.fc44.fc44
O           -2.89613904275780        2.27398388282485       -1.88698886515900
C           -3.37247023967110        2.55349657449548       -0.68431724676168
O           -4.37623156490354        3.18111816939957       -0.50277535903323
H           -2.06083266069690        1.73713594657667       -1.83975585316854
C           -2.52109063604490        2.02141540550985        0.48562585161340
H           -2.99553231755005        2.32722819080050        1.42073696018546
H           -1.52485313621786        2.48337125024285        0.41374152143854
N           -2.36370642159824        0.57805845871623        0.47025353159181
H           -2.83560599455816        0.04908329052334        1.18682838605439
C           -1.52448762671462       -0.04919429072648       -0.37891843351879
O           -0.98365640706299        0.54937310784195       -1.29689778185598
C           -1.34116232187629       -1.55099935403213       -0.15104505268382
H           -2.36107143309703       -2.00082109421947       -0.10160119064864
N           -0.65108085773380       -2.19171297821804       -1.26180354635243
H            0.23028439629980       -1.71205809147870       -1.41828041254304
H           -1.20063365895076       -2.10161203004322       -2.11127175385826
C           -0.55043455259541       -1.78554977466036        1.14409071815623
H           -0.26932719479514       -2.83560818630346        1.20458379450968
H           -1.17370794795505       -1.53475963712778        2.00031657022470
C            0.69058550598888       -0.92772476088612        1.15196957396308
C            0.79777801091972        0.32445165193676        1.67514649601949
H            0.07862574434298        0.89066706286963        2.21006662644950
N            2.05516918269521        0.82591546873569        1.47445202808937
H            2.37724856439274        1.73786684610844        1.75743389854533
C            2.79034738912666       -0.10971322615322        0.80729102085093
C            4.11751409072570       -0.08695053365608        0.39279913419339
H            4.74081753304727        0.77843789385190        0.56994517446962
C            4.60340978946833       -1.20147378014668       -0.25444102759498
H            5.63130959057765       -1.21654618008195       -0.58976777203400
C            3.80187691222809       -2.32308631697476       -0.47835872117430
H            4.22156431441497       -3.18012891187659       -0.99188694706728
C            2.48735492477408       -2.35974067118938       -0.06854156737676
H            1.87238581903908       -3.22693171931320       -0.24421647554702
C            1.96603037251716       -1.23913096571680        0.58272952615757
34
 energy: -56.475637793170 gnorm: 0.020639375563 xtb: 6.7.1-6.fc44.fc44
O           -2.89919380581657        2.26933891604302       -1.87902937006720
C           -3.37727582121353        2.54968116677274       -0.68273118928010
O           -4.37924382222913        3.17781930881225       -0.49780129939640
H           -2.06273074669876        1.72569007918781       -1.84075494444621
C           -2.51760976989562        2.02156369980975        0.48707069502439
H           -2.98116694067411        2.32646466594260        1.42595075096821
H           -1.52261925756386        2.48125624856758        0.40924533986683
N           -2.35539597277726        0.57656013608844        0.46902336695161
H           -2.83050728561046        0.04637699642374        1.18236053290733
C           -1.52580366241652       -0.04866164876735       -0.38229185446604
O           -0.95518924922792        0.56250797763269       -1.28501150504501
C           -1.33785508090287       -1.55110771553291       -0.16006546428985
H           -2.34256728038533       -1.99867030606469       -0.09239518259458
N           -0.64970938042850       -2.19220396992680       -1.26277337088434
H            0.23827328517251       -1.72412951630046       -1.41408934075408
H           -1.18572000978145       -2.09950214997718       -2.11594732265526
C           -0.54586799648342       -1.78107536191637        1.14352295216086
H           -0.27584380584790       -2.83284422865638        1.18969448780966
H           -1.17566063700194       -1.54089208054832        2.00500114976737
C            0.68827866576480       -0.92997938245373        1.16645546370770
C            0.79884498438877        0.32681881038810        1.68108480615644
H            0.05071346767118        0.92479190224320        2.18699727047066
N            2.05702589591422        0.81985958446596        1.47890454713384
H            2.38132208526652        1.72711501265156        1.76461985296070
C            2.79486513592745       -0.11694715163863        0.81422094227295
C            4.11226303919006       -0.08791786509389        0.38501018641025
H            4.72859912217037        0.78161657244274        0.55883616079035
C            4.59752408525128       -1.20173113612730       -0.25933901520495
H            5.62297126480392       -1.21917995325065       -0.59911582155293
C            3.79101730930732       -2.32004464890659       -0.47974226264894
H            4.21558234607124       -3.17249886115766       -0.98745787891612
C            2.48175641761413       -2.35801261962267       -0.06555197082441
H            1.86322628910580       -3.22094053734271       -0.25153743725766
C            1.95797525711421       -1.24326124655856        0.59477953105962
34
 energy: -56.475978479230 gnorm: 0.008215737681 xtb: 6.7.1-6.fc44.fc44
O           -2.89433426986212        2.27242263158708       -1.87919619788947
C           -3.37438855722546        2.54628088358052       -0.68267664396389
O           -4.37770659032794        3.17285352508010       -0.49761970778604
H           -2.05682407301932        1.73159547153646       -1.84018085037784
C           -2.51474983338069        2.01872989640576        0.48814828300231
H           -2.97898284935063        2.31881998284719        1.42625414608604
H           -1.52190304529674        2.48124661521218        0.40856972054982
N           -2.35303515808206        0.57360365409950        0.46971632280623
H           -2.83150443125841        0.04117301915456        1.17740188314565
C           -1.52372638948729       -0.04928973312332       -0.38522799757884
O           -0.97140181565721        0.54917869225261       -1.30182280011490
C           -1.33757662149462       -1.55194622181244       -0.16377717778616
H           -2.33892706131930       -2.00286939356821       -0.08674979809786
N           -0.65133257133380       -2.18978689954626       -1.26622796665361
H            0.23997102592864       -1.72487659598365       -1.41526537100402
H           -1.18653011889590       -2.09371985104383       -2.12163668432317
C           -0.54518277986834       -1.77448963042397        1.14232748969520
H           -0.27440720787467       -2.82747863620782        1.18565559963375
H           -1.17044231099208       -1.53802233645559        2.00764656182542
C            0.68594837527556       -0.92430312064035        1.16709222540039
C            0.79597621455445        0.33361334551838        1.68422268558095
H            0.06218831933510        0.91805485941190        2.20619947183097
N            2.05567196640408        0.82243249752353        1.47821674340915
H            2.38467190588472        1.72641820449690        1.76782504814502
C            2.79241333938011       -0.11695095952099        0.81469268502526
C            4.11120245451149       -0.08760635046700        0.38554507377627
H            4.72910972149748        0.78143563008749        0.55675978956187
C            4.59651267826556       -1.20241265267684       -0.25936216762514
H            5.61978891350033       -1.21771216971914       -0.60373239854742
C            3.78726379924938       -2.32036340374003       -0.47894925381254
H            4.20977405340965       -3.17378594149182       -0.98599590486466
C            2.47714657329089       -2.35488743619088       -0.06284691792795
H            1.85876905019664       -3.22047912480434       -0.24440460573754
C            1.95682541982116       -1.23901775374836        0.59654152075144
34
 energy: -56.476073973157 gnorm: 0.006632537113 xtb: 6.7.1-6.fc44.fc44
O           -2.88988107100484        2.27695314652872       -1.87841367287210
C           -3.37020872210538        2.54558900832859       -0.68112451511714
O           -4.37590618340277        3.16874490477660       -0.49528821453415
H           -2.05206925094147        1.73779925589689       -1.83866702701903
C           -2.51135582088279        2.01634493409210        0.48993603786727
H           -2.97636650269915        2.31320966194882        1.42816495850629
H           -1.52026005578934        2.48072635137238        0.40775683288682
N           -2.35207061629386        0.57128608109483        0.46927577682440
H           -2.83345830450392        0.03630725598970        1.17217116063931
C           -1.52705764151708       -0.05111447252943       -0.39168930900083
O           -0.98141637840448        0.54348975984376       -1.31174310837838
C           -1.33831325401107       -1.55325274373033       -0.16496927985862
H           -2.33573485912198       -2.01179648212421       -0.07528029212746
N           -0.65421377085205       -2.19156879015539       -1.26650973847445
H            0.23976720346518       -1.73176134851351       -1.41552438531621
H           -1.18867951000482       -2.08788546787880       -2.12300559046912
C           -0.54183510591357       -1.77169921209559        1.14043276827118
H           -0.26967843157993       -2.82615162728139        1.18289348563950
H           -1.18014231636114       -1.53538561432365        1.99034274727861
C            0.68655189043019       -0.92163997594132        1.16920350494076
C            0.79607507090786        0.33679419773320        1.68910771598827
H            0.06366963834177        0.92332351712917        2.21296052843432
N            2.05655698300921        0.82484963481098        1.48023785575467
H            2.38820406393479        1.72792956406710        1.77151495161824
C            2.79153565163931       -0.11427675594431        0.81573068585418
C            4.11152280865130       -0.08508827866073        0.38568146204630
H            4.73238389836524        0.78214002059534        0.55528912390717
C            4.59571081491229       -1.20144974652366       -0.26019123890026
H            5.61738775342162       -1.21537597113766       -0.60851674553788
C            3.78564501324281       -2.32124799802235       -0.47687333602381
H            4.20258965065030       -3.17544964799682       -0.99177539505933
C            2.47559992077714       -2.35434156583647       -0.05762623009575
H            1.85684060290370       -3.22097191038708       -0.23663147399143
C            1.95888495651556       -1.23716898749611        0.60027276245332
34
 energy: -56.476134939542 gnorm: 0.005175435098 xtb: 6.7.1-6.fc44.fc44
O           -2.88652164600965        2.28270845600305       -1.87814433408551
C           -3.36734678182749        2.54622805963903       -0.67992469108986
O           -4.37502336758903        3.16638926117364       -0.49296225395880
H           -2.04962071890142        1.74236392392075       -1.83842826681243
C           -2.50898953732096        2.01419237766212        0.49046202938086
H           -2.97404861686539        2.30973712592892        1.42950645237195
H           -1.51880427440899        2.47885794322321        0.40612292921540
N           -2.35170875700692        0.56926784559492        0.46689400483344
H           -2.83567292953802        0.03256524410910        1.16677782996180
C           -1.53214151728831       -0.05373761273127       -0.39906168485917
O           -0.98196540607067        0.54332530915816       -1.31613904738435
C           -1.33988984506304       -1.55493391435921       -0.16986948412322
H           -2.33244888103755       -2.01938781852450       -0.06994183176569
N           -0.65677059337687       -2.19555569452518       -1.26940382659723
H            0.24087906163399       -1.74209537088478       -1.41682168970891
H           -1.18799023932323       -2.08505361796839       -2.12726585725491
C           -0.54182841037269       -1.76807501866104        1.13780972536027
H           -0.26785001362258       -2.82313049655350        1.17984115020979
H           -1.17453137064588       -1.53621541017163        1.99816152330499
C            0.68478921553181       -0.91833501643880        1.17075935450744
C            0.79585970442625        0.33961841771519        1.69231189813112
H            0.06754459708975        0.92450211421292        2.21926375745443
N            2.05695336849611        0.82695769476961        1.48264569615030
H            2.39072336138043        1.72934814101632        1.77568709030922
C            2.79089837516287       -0.11204692596757        0.81820254024722
C            4.11090438611143       -0.08347590365263        0.38630884907846
H            4.73426660029480        0.78257639286063        0.55387951637888
C            4.59249864813905       -1.20008592680175       -0.26247705696480
H            5.61370385961846       -1.21419073538428       -0.61270263491975
C            3.78175068048358       -2.32023223173594       -0.47803990072789
H            4.19833529113433       -3.17563441434294       -0.99129777962208
C            2.47263555481338       -2.35311344795922       -0.05566300499600
H            1.85396879243174       -3.22057857398773       -0.23148571157275
C            1.95771953529931       -1.23489947870780        0.60213751568240
34
 energy: -56.476161416614 gnorm: 0.002653222908 xtb: 6.7.1-6.fc44.fc44
O           -2.88443602140891        2.28877497884998       -1.87811576959006
C           -3.36689517124261        2.54754760426186       -0.67884026098981
O           -4.37569340619849        3.16603675960117       -0.49125893326297
H           -2.04900894980054        1.74596018191430       -1.83836564945343
C           -2.50895217312508        2.01299203052613        0.49040301037813
H           -2.97438790560009        2.30835170028135        1.42975434080975
H           -1.51840718695924        2.47710474487079        0.40633952271860
N           -2.35159405007404        0.56834434111470        0.46618184702459
H           -2.83770485763792        0.03183321912454        1.16509146450310
C           -1.53341514207095       -0.05554754881258       -0.39928394798096
O           -0.98343901350735        0.54097038011485       -1.31762509297866
C           -1.34124749123750       -1.55579173354389       -0.17072601116593
H           -2.33138496056323       -2.02077166606838       -0.06764952773933
N           -0.65872623849772       -2.19923571941167       -1.26967284024510
H            0.24186558329582       -1.75042836597327       -1.41510027108403
H           -1.18739342432594       -2.08614814487956       -2.12838837894602
C           -0.54173414363672       -1.76694105161293        1.13692429586573
H           -0.26698873783476       -2.82178166991023        1.17977548335351
H           -1.17595917574944       -1.53548574165441        1.99545581854459
C            0.68483272752150       -0.91674842767512        1.17118976476012
C            0.79709280703211        0.34033848116573        1.69273958425036
H            0.06622717369961        0.92680771428929        2.21728362622312
N            2.05863719729025        0.82711741512386        1.48531472451315
H            2.39234190631742        1.72945446387673        1.77793802755574
C            2.79215027874277       -0.11154601930560        0.82021078700854
C            4.11178077824610       -0.08362129084206        0.38675553090235
H            4.73629166825071        0.78118715046851        0.55490361329855
C            4.59127782425656       -1.19957440958309       -0.26434199699841
H            5.61244903458885       -1.21411425550200       -0.61503684804973
C            3.78064169715027       -2.31887271622560       -0.48021804675175
H            4.19904098934428       -3.17360804588347       -0.98964807692204
C            2.47206297587616       -2.35200614587995       -0.05640818616216
H            1.85328269429100       -3.21923615991714       -0.23044263155493
C            1.95767083934575       -1.23350135527345        0.60200383430004
34
 energy: -56.476157446419 gnorm: 0.004134480915 xtb: 6.7.1-6.fc44.fc44
O           -2.88230239716817        2.29497299255168       -1.87808613801027
C           -3.36643016748563        2.54889936938204       -0.67773563651917
O           -4.37637523328241        3.16567482524267       -0.48952195662124
H           -2.04838225414901        1.74963483859248       -1.83830348994596
C           -2.50891458479625        2.01176518946321        0.49033882125340
H           -2.97473074735779        2.30693669792137        1.43000318751695
H           -1.51799751560146        2.47530727853706        0.40656038045750
N           -2.35148941469573        0.56739765743268        0.46544943388009
H           -2.83978054790689        0.03108276711861        1.16336929333018
C           -1.53473195842320       -0.05739924277332       -0.39953240357396
O           -0.98496618571141        0.53857606010298       -1.31914981149665
C           -1.34262774359982       -1.55667181514899       -0.17159750256536
H           -2.33029771891113       -2.02221077730811       -0.06530061870046
N           -0.66072224571002       -2.20298646967395       -1.26995058131668
H            0.24286063686163       -1.75892146405460       -1.41334789161251
H           -1.18679674760002       -2.08726635616355       -2.12953549395075
C           -0.54163455642223       -1.76578240003399        1.13601864503985
H           -0.26609796835423       -2.82039939313793        1.17971238394944
H           -1.17740231769981       -1.53473333368247        1.99270707037257
C            0.68487537680759       -0.91512035808984        1.17160975298786
C            0.79834744158270        0.34108018873372        1.69316857161740
H            0.06491276802637        0.92913744589110        2.21528717733488
N            2.06035402124676        0.82728450319028        1.48803437460893
H            2.39399397417919        1.72956253548916        1.78024426005313
C            2.79342279098973       -0.11102421954283        0.82223876229229
C            4.11267681460767       -0.08376710521025        0.38720989126421
H            4.73835457509502        0.77977942915228        0.55595534400309
C            4.59004319896421       -1.19905832363875       -0.26621860589899
H            5.61117800733779       -1.21403991600337       -0.61739539559790
C            3.77952277724587       -2.31749666922224       -0.48240426906683
H            4.19972920854811       -3.17155221100805       -0.98802457263796
C            2.47148393942189       -2.35087520365783       -0.05714663780920
H            1.85257970276378       -3.21785751456628       -0.22937479113914
C            1.95762319697549       -1.23206830825555        0.60186125263591
34
 energy: -56.476174237306 gnorm: 0.001861720863 xtb: 6.7.1-6.fc44.fc44
O           -2.88189029603325        2.29618742711209       -1.87815022943136
C           -3.36606919044251        2.54948084849216       -0.67774135237180
O           -4.37627582026305        3.16560706075863       -0.48934575329448
H           -2.04838445342225        1.75039547232701       -1.83846067582544
C           -2.50902912311033        2.01148206130796        0.48996016116490
H           -2.97475925496909        2.30671331775034        1.42957356987201
H           -1.51755700935140        2.47445085886373        0.40678945142653
N           -2.35277128786616        0.56699257151482        0.46494922165852
H           -2.84020136816026        0.03100112820782        1.16345905703994
C           -1.53622382762620       -0.05807429798980       -0.40103616903472
O           -0.98631466932088        0.53907419769866       -1.31942778316315
C           -1.34243706900339       -1.55725646447383       -0.17114826313577
H           -2.33063390526424       -2.02435137661475       -0.06505915828255
N           -0.66084104819319       -2.20277959343774       -1.27013257329988
H            0.24181108542010       -1.75801302248150       -1.41336075376089
H           -1.18782926145735       -2.08736852943690       -2.12944999634172
C           -0.54158242301528       -1.76593307906879        1.13599489513890
H           -0.26504204396185       -2.82007129198814        1.18058852014548
H           -1.17612391740013       -1.53399666427948        1.99376676908607
C            0.68484092419342       -0.91449651599890        1.16979743640815
C            0.79822408857396        0.34131754397718        1.69247295573752
H            0.06579979187497        0.92866215193213        2.21569985950323
N            2.06042337101625        0.82747986878173        1.48789529355819
H            2.39396578794771        1.72951170337603        1.78083764414440
C            2.79307812966008       -0.11018278415337        0.82035660794249
C            4.11309296254749       -0.08375429921524        0.38719090392044
H            4.73846697509122        0.78014699947765        0.55699399386276
C            4.59114937128906       -1.19966321154649       -0.26409428098425
H            5.61211396646954       -1.21433021654871       -0.61560282448030
C            3.78094197348005       -2.31847624675237       -0.47955748354245
H            4.19756168166478       -3.17229638974442       -0.99294166757907
C            2.47216140492350       -2.35085867229728       -0.05555691521443
H            1.85261872631915       -3.21716595625355       -0.22912445802762
C            1.95799385416815       -1.23157390166725        0.60100680329502
34
 energy: -56.476180220268 gnorm: 0.001475965784 xtb: 6.7.1-6.fc44.fc44
O           -2.88011898572059        2.29953517206413       -1.87807820151601
C           -3.36511285976679        2.55036420128622       -0.67769687055369
O           -4.37623542855009        3.16454232057955       -0.48883509605215
H           -2.04772864977664        1.75233088766120       -1.83875546771306
C           -2.50889507875774        2.01071980969021        0.48939200237779
H           -2.97416712749924        2.30598252513550        1.42907548125193
H           -1.51647791435103        2.47231504113846        0.40710159343665
N           -2.35481256324395        0.56588955186370        0.46431049903033
H           -2.84179698738313        0.03045220506348        1.16334309440232
C           -1.53886591329243       -0.05980147369928       -0.40274504263452
O           -0.99077732250396        0.53745194308433       -1.32133700622390
C           -1.34320684506378       -1.55868306921351       -0.17046115475115
H           -2.33104262497551       -2.02766791563504       -0.06363067401312
N           -0.66206785415618       -2.20350274915171       -1.26981480117617
H            0.24083508969243       -1.75986443969159       -1.41130734105212
H           -1.18872455247731       -2.08593011892612       -2.12921800146502
C           -0.54126581820819       -1.76563624748364        1.13598187030376
H           -0.26323803613223       -2.81894979788001        1.18180565363257
H           -1.17565836780802       -1.53213236990191        1.99366414469930
C            0.68472687180278       -0.91293469464688        1.16753339535793
C            0.79815050726698        0.34244995767524        1.69166863898012
H            0.06771374519441        0.92911517419957        2.21671766163146
N            2.06083501615422        0.82833062860964        1.48799999218672
H            2.39441983156554        1.73010472556763        1.78195247062275
C            2.79382961565561       -0.10980300256036        0.82078373683048
C            4.11438608920096       -0.08448454060978        0.38912979175529
H            4.74002336864904        0.77940550687417        0.56021665309299
C            4.59191345670963       -1.19980450220180       -0.26345784095832
H            5.61319163526622       -1.21454640805499       -0.61404712216033
C            3.78099482968170       -2.31782860088661       -0.48118667053275
H            4.19781388373072       -3.17395328571668       -0.99223837540751
C            2.47162107543014       -2.34940171488124       -0.05839033940422
H            1.85180986537170       -3.21598078678776       -0.23194657945770
C            1.95820617407336       -1.23022323493474        0.59961271161402
34
 energy: -56.476185803805 gnorm: 0.001157978100 xtb: 6.7.1-6.fc44.fc44
O           -2.87712906162087        2.30526126210901       -1.87785720253859
C           -3.36436081667185        2.55116121104185       -0.67740773828230
O           -4.37657284938651        3.16340857560284       -0.48776349139247
H           -2.04674239929639        1.75486700824691       -1.83931958105353
C           -2.50883974985817        2.00947872137222        0.48900270932511
H           -2.97317548090918        2.30522552405499        1.42902942765913
H           -1.51514079563576        2.46887384281830        0.40747552990048
N           -2.35709694962064        0.56435449569551        0.46372692751711
H           -2.84439870732980        0.02982118266931        1.16322947020050
C           -1.54199355927332       -0.06214590230667       -0.40364278646619
O           -0.99532138731815        0.53386770555319       -1.32398797534482
C           -1.34517321692705       -1.56040090914659       -0.17048238710617
H           -2.33154659028760       -2.03058767324572       -0.06185790230752
N           -0.66454119539884       -2.20593845225207       -1.26975279846009
H            0.24090656764992       -1.76622113000664       -1.40763952767180
H           -1.18871995449483       -2.08423581998246       -2.12992120106891
C           -0.54125705111595       -1.76439548940907        1.13528381270255
H           -0.26192716159478       -2.81690667274348        1.18294110864159
H           -1.17427303654187       -1.52990235686152        1.99363858473269
C            0.68456989296996       -0.91070962569962        1.16497369085551
C            0.79871863309515        0.34382476545571        1.69074472176817
H            0.06837804177983        0.93062480934839        2.21586014184397
N            2.06208989749558        0.82886288886204        1.48878332588030
H            2.39585682356564        1.73010008361842        1.78419575447609
C            2.79474157802914       -0.10889724508335        0.82046337384248
C            4.11569202971844       -0.08481011296886        0.39017915389714
H            4.74201123039717        0.77741582403418        0.56461588288949
C            4.59273923580491       -1.19995759896341       -0.26255201519245
H            5.61442426746593       -1.21536390576971       -0.61205562886440
C            3.78122305060357       -2.31724752139190       -0.48127927286066
H            4.19672370017222       -3.17173674841452       -0.99486874271564
C            2.47146132072017       -2.34781422464200       -0.05965038985213
H            1.85064810305095       -3.21330617034405       -0.23512290685297
C            1.95830371654164       -1.22870964362182        0.59816073803300
34
 energy: -56.476187369569 gnorm: 0.000930102983 xtb: 6.7.1-6.fc44.fc44
O           -2.87531178782467        2.30779657065427       -1.87754990409114
C           -3.36395202548047        2.55144203586050       -0.67744726732638
O           -4.37683754402135        3.16260051132636       -0.48747508938894
H           -2.04616439889601        1.75535585292748       -1.83968873952830
C           -2.50878575134585        2.00902751479386        0.48909175761331
H           -2.97238653941413        2.30544925729377        1.42924724615358
H           -1.51440927211014        2.46666006611424        0.40761511064722
N           -2.35882036510651        0.56361906997876        0.46350900547104
H           -2.84581707447117        0.02961940482058        1.16373285518090
C           -1.54413722267922       -0.06332340306811       -0.40355328141152
O           -0.99733740470891        0.53200306580965       -1.32465372070263
C           -1.34662109650649       -1.56132884177214       -0.17022532850272
H           -2.33238881435148       -2.03193915298636       -0.06040218273967
N           -0.66633433053727       -2.20739710624612       -1.26957353778895
H            0.24073698918042       -1.77048406658139       -1.40553987751235
H           -1.18859307218367       -2.08262156865736       -2.13054709051187
C           -0.54131147624095       -1.76342410026586        1.13511244472947
H           -0.26165760861990       -2.81572550423327        1.18378871903466
H           -1.17383650215519       -1.52861962061930        1.99353570086162
C            0.68446022437859       -0.90946610498892        1.16340899101744
C            0.79904539279331        0.34472308279692        1.68980478333849
H            0.06763784434022        0.93183955795426        2.21410647847008
N            2.06284904426992        0.82880331237332        1.48907919420365
H            2.39692987078556        1.72963552263807        1.78512588938602
C            2.79566936515011       -0.10926806565859        0.82167365531040
C            4.11687930241911       -0.08577743022585        0.39274138304966
H            4.74337091863187        0.77779130266846        0.56567474028306
C            4.59380867730414       -1.20034544365566       -0.26124565418601
H            5.61577390484992       -1.21631598582905       -0.60983998067594
C            3.78116591230995       -2.31640678768460       -0.48249053795159
H            4.19713036475159       -3.17052305986766       -0.99604513443130
C            2.47129509259045       -2.34641621055128       -0.06192039038535
H            1.85010313956695       -3.21129643484378       -0.23877518312351
C            1.95812436910993       -1.22782654264576        0.59686775164220
