34
 energy: -56.124476760850 gnorm: 0.799969651477 xtb: 6.7.1-6.fc44.fc44
O           -1.99213949303090        2.19023523792603        0.48806081736997
C           -1.03939904391858        2.26498321997689       -0.49005552334778
O           -0.08316964325414        3.02353403854717       -0.45639731953207
H           -2.35264446652255        1.42304626415969        0.41659445192276
C           -1.36746056431125        1.07562329492927       -1.57575100185656
H           -0.50060455886037        1.24044766253893       -2.53915116743858
H           -2.38952625667736        1.47195466480497       -2.08054572917722
N           -1.16724289471778       -0.20705761571632       -1.29666152571861
H           -0.19078146691892       -0.60679977383385       -1.46855105161225
C           -2.01336505331244       -0.76643835741167       -0.51410065875847
O           -2.98645163337545       -0.17266612446190        0.06352513442155
C           -1.73007852537090       -2.21530087722307        0.09594558262679
H           -2.73952386127981       -2.68342953730466        0.36786304177372
N           -0.93149018182557       -3.00613083617597       -0.89013775443707
H           -0.74709974513133       -3.79868265180698       -0.66436678367503
H           -1.50047704112517       -2.85551385609564       -1.69917632437538
C           -0.65723893872246       -2.07779613381508        1.30122610667247
H           -0.20241856457368       -2.92475548316198        1.51519478774265
H           -1.40915734710018       -1.94767742033693        2.20461196703942
C            0.31227082996054       -1.07172005476143        1.41722063565740
C           -0.07231812994626        0.36991425768455        1.85545601185749
H           -0.87983505797618        0.87718560230749        2.61761893231303
N            1.01228363723746        1.19987524048121        1.53920837744783
H            0.84784575437127        2.09872159284858        2.00021903428215
C            1.78614761705550        0.53732191490847        0.80303242126427
C            2.89113738417611        0.98135407866934       -0.03621632809102
H            3.34393703977890        1.97241356371568        0.23197358487870
C            3.64510066508225        0.00448314976115       -0.80022162088606
H            4.54897537221651        0.62237503068965       -1.43654878644624
C            3.11860053514893       -1.08285549291920       -0.91188390738766
H            3.74018188652997       -1.71139399413619       -1.69667575068610
C            1.93383287141370       -1.66887064641211       -0.30047178925093
H            1.69832265511298       -2.56852701897626       -0.61973671255749
C            1.40712558133566       -0.68091009328913        0.40334096088042
34
 energy: -56.364440312113 gnorm: 0.342343004347 xtb: 6.7.1-6.fc44.fc44
O           -1.96445612490960        2.22719454529304        0.48189257727976
C           -1.03037077801822        2.24832290429480       -0.48946108255317
O           -0.10063834573780        3.00713532491386       -0.47299959713925
H           -2.38775267591093        1.38974257603848        0.41922053717540
C           -1.33419998832170        1.12493555879150       -1.62161952325072
H           -0.53021420150700        1.25852936444822       -2.51586838679554
H           -2.36360825277384        1.45144696269385       -2.06223813954394
N           -1.15839154317204       -0.21033652738288       -1.28855208605064
H           -0.21216254899177       -0.61331575080533       -1.46012641703833
C           -2.01658934503509       -0.77841607844145       -0.46612989909094
O           -2.98507188119357       -0.18319301817833        0.04859212313396
C           -1.71173714650324       -2.20426028799420        0.09254569682058
H           -2.70804091878485       -2.67182464553628        0.36902315842640
N           -0.95056396083020       -2.95186347972162       -0.91122880626413
H           -0.72991121983597       -3.86281760299891       -0.64335550599238
H           -1.50712356522902       -2.85787350860218       -1.72993001022159
C           -0.70750644677330       -2.06133645450830        1.32786823283493
H           -0.19628067496382       -2.95952042569917        1.50906680130590
H           -1.40563497451868       -1.94590728095166        2.20938882444068
C            0.26312697968957       -0.99206424105659        1.39677816170624
C           -0.06570705361138        0.35531904249849        1.87992061611195
H           -0.85150984303405        0.83987079252814        2.59224823623455
N            0.98814270352573        1.20820643409552        1.55772905774342
H            0.85642097021345        2.10582299794984        1.99497055823487
C            1.80892765888942        0.55842061036499        0.76814672644723
C            2.91239323408329        1.00233155396101       -0.00777297183938
H            3.34035174918220        1.97769558067736        0.22668707710820
C            3.65018384206503        0.08366456579152       -0.80796875419023
H            4.52584162234565        0.59552180134199       -1.41246059448685
C            3.12865017570185       -1.12420255304585       -0.94882857417258
H            3.72733106260323       -1.73029751245630       -1.68959244374885
C            1.96517681090932       -1.66323298917262       -0.31882905724848
H            1.69261557677995       -2.60647700249034       -0.62605810202900
C            1.39164846513592       -0.71027841052989        0.44338367956799
34
 energy: -56.459773423282 gnorm: 0.102710646191 xtb: 6.7.1-6.fc44.fc44
O           -1.93821563464909        2.22554217458870        0.47006388673211
C           -1.03101693618414        2.22954765887951       -0.50435518290763
O           -0.11044235630671        2.98845982068911       -0.49767057518783
H           -2.42402217729551        1.37562457666178        0.41137815686112
C           -1.29734228934429        1.16589912385695       -1.66084824162235
H           -0.57712734905932        1.29217977961788       -2.46841521238884
H           -2.31836196127810        1.42263133663500       -2.04277647395140
N           -1.15393335261396       -0.21171569608380       -1.27348394600115
H           -0.24153838681709       -0.62241750606416       -1.44742237845644
C           -2.01062263499439       -0.78307722398872       -0.41237826822333
O           -2.97889175457029       -0.18213244089685        0.04104683139009
C           -1.67990826189989       -2.19242456061667        0.09061653600876
H           -2.66311669397275       -2.65514784838411        0.37403237013785
N           -0.95683684021903       -2.92458760866782       -0.92311347879660
H           -0.73690648327242       -3.86309036318830       -0.63942145607987
H           -1.50680287247637       -2.88509669712824       -1.76254914267087
C           -0.75506963154427       -2.05169075563065        1.35889265282141
H           -0.19413815206816       -2.97595702385819        1.49357373814321
H           -1.40694438552338       -1.94388920445329        2.21524542279981
C            0.20055810125805       -0.90792706979962        1.36391260095686
C           -0.05136103479790        0.32987608578574        1.89587901538740
H           -0.81254311074056        0.77020317453483        2.55485808426527
N            0.97117720155741        1.20011177224500        1.57108046169207
H            0.88280894076103        2.11492944991547        1.97320451003813
C            1.82522368232624        0.57421311510247        0.72958513009189
C            2.93702382650680        1.01330792439322        0.02110010316793
H            3.33662507872835        1.99032876095092        0.21571430422241
C            3.63431475546000        0.14040354312404       -0.81088426864119
H            4.47344751633907        0.54840765715498       -1.37065696710196
C            3.14316444820422       -1.14035560559318       -0.98131042860703
H            3.70938412983191       -1.74023758597631       -1.67580097315136
C            2.00460412688771       -1.63736242525202       -0.34288696996690
H            1.69242863198996       -2.61935069955046       -0.61722795807894
C            1.36772122124537       -0.73826279289254        0.49546023003344
34
 energy: -56.478507936005 gnorm: 0.038485913391 xtb: 6.7.1-6.fc44.fc44
O           -1.92041167599992        2.20872656836762        0.45591594402682
C           -1.02514851366908        2.21191485517840       -0.52233244072057
O           -0.10292439779205        2.97593102018456       -0.53892296959211
H           -2.47080270285931        1.37680527629599        0.38479173002624
C           -1.28740992250520        1.18144074812373       -1.65940397255901
H           -0.57035827610466        1.35526590749063       -2.45423872638216
H           -2.30320141448966        1.37975003212809       -2.02714719491254
N           -1.15370238990116       -0.20620856744631       -1.24239301027807
H           -0.26084451433510       -0.63932944013836       -1.42765759366032
C           -2.00261014961333       -0.77501961967815       -0.36634137477222
O           -2.98662550922128       -0.17824260707490        0.05590850559122
C           -1.66278820667746       -2.18402545140346        0.08818958515333
H           -2.62472064679970       -2.65158378258891        0.38712890229530
N           -0.95493806901194       -2.90763516781695       -0.94260273452027
H           -0.73517569576018       -3.85361889427735       -0.64709983458058
H           -1.50657885810786       -2.91335491965027       -1.79315255368993
C           -0.78331377285077       -2.05609674092854        1.36337146125301
H           -0.20312308613602       -2.98412375421374        1.47293263631857
H           -1.42306879024772       -1.94394356725599        2.23282994137622
C            0.15688106214716       -0.88388733423126        1.31673512054008
C           -0.02761671028321        0.32583295867002        1.92374084910976
H           -0.80874497900006        0.68974227456509        2.56057853911661
N            0.97968548789921        1.19573851814723        1.58361530709162
H            0.92801929628085        2.14268678683166        1.92993322275646
C            1.82912476099843        0.57612766152978        0.71553368128815
C            2.95785986560838        1.02805135802243        0.04956969639312
H            3.32916860480442        2.03066242131269        0.20519574132496
C            3.61110372939317        0.16827953251398       -0.81176881584835
H            4.48037279246669        0.51453537053174       -1.34727230204311
C            3.13585351140184       -1.13540058794934       -0.99865612086693
H            3.69298553526412       -1.76591127250869       -1.67303848647979
C            2.01481067790554       -1.61389840754843       -0.35409810822496
H            1.68362333552242       -2.61559923430065       -0.59055606949760
C            1.34795898314189       -0.74666909477169        0.51515355788309
34
 energy: -56.482093512800 gnorm: 0.026862447505 xtb: 6.7.1-6.fc44.fc44
O           -1.91511511097238        2.19641656345852        0.44947405626098
C           -1.02702985159830        2.20702214242439       -0.53140186444073
O           -0.09997449943224        2.96773796937455       -0.55651282710282
H           -2.51602103240078        1.38841376519173        0.35820789200499
C           -1.27658053360628        1.18598998502371       -1.65389553119724
H           -0.56806694780637        1.36485854515722       -2.46269762829067
H           -2.29883425744030        1.34418241263805       -2.02074023146759
N           -1.14967921571038       -0.20071832193913       -1.21874317838149
H           -0.27194662929413       -0.66555522615785       -1.41063812902856
C           -2.00304374301802       -0.76562514886401       -0.34866619277088
O           -2.98684907666847       -0.17121602414693        0.07691918204757
C           -1.65788727038076       -2.17343649370671        0.09318469584305
H           -2.60899794101679       -2.65697925623532        0.38130756913563
N           -0.94861090876982       -2.87882702108835       -0.95626285065696
H           -0.72512635764182       -3.82611875365711       -0.65858235753107
H           -1.51029292229826       -2.91565335241767       -1.80291768893745
C           -0.77800293491557       -2.05136744753898        1.36222221674683
H           -0.20337353559333       -2.97951395662032        1.47205331596388
H           -1.42895773483561       -1.93553484849242        2.22739017124924
C            0.15411933562952       -0.87534935409352        1.30162816197750
C           -0.02049083590713        0.32335079664053        1.92441336990116
H           -0.80981151137739        0.63325302246197        2.58521661434987
N            0.98796451306206        1.18614179422825        1.59293913032176
H            0.96417270285914        2.15314757773467        1.89265138466730
C            1.82673445962438        0.57102467107103        0.70866482594202
C            2.96411170964422        1.03537319457485        0.06036924986395
H            3.31973646079932        2.04357640388396        0.21241748483283
C            3.60584434892917        0.17462256891661       -0.80012574558097
H            4.48710988894331        0.49988089035990       -1.33073369927767
C            3.13546828156824       -1.13317440468027       -1.00129826281167
H            3.67518685645520       -1.77581544520437       -1.68176182615447
C            2.01202161018743       -1.60240247916003       -0.36375915043635
H            1.67054412877775       -2.61217319882770       -0.56867935384716
C            1.33501791567291       -0.74858872419864        0.51279930972126
34
 energy: -56.483203194681 gnorm: 0.019198814445 xtb: 6.7.1-6.fc44.fc44
O           -1.92767946903920        2.19290293724221        0.42920669637200
C           -1.02660727996982        2.20024927856893       -0.53640805562312
O           -0.10904760648494        2.97548554658687       -0.56698762502084
H           -2.53844939530498        1.39420785358642        0.34360113240643
C           -1.27567658376836        1.18016521951283       -1.65593986872778
H           -0.55721963436506        1.35967575952754       -2.45441588275407
H           -2.29659706973430        1.32353962073861       -2.03071558007159
N           -1.15043490530846       -0.19945240627304       -1.20389802614014
H           -0.28491203454267       -0.69086712084632       -1.39474238039055
C           -2.00930506517686       -0.75652921401845       -0.34064936187434
O           -2.99565418238846       -0.16307359560963        0.08872007905603
C           -1.66142232450578       -2.16836062158750        0.08993025705862
H           -2.60406620742975       -2.66784020386403        0.37301153453413
N           -0.93940198237181       -2.85553433976238       -0.96972733209152
H           -0.70933442667873       -3.80012623538435       -0.67291247203347
H           -1.51118077262814       -2.91524094694283       -1.80879381110524
C           -0.78021458338749       -2.04663636761185        1.35989541403307
H           -0.21409399248776       -2.97441437832010        1.47166673423783
H           -1.43340385465124       -1.92814739364329        2.22705599527466
C            0.15075428016114       -0.87741354182014        1.29604538129602
C           -0.00962271905604        0.32197467564290        1.94089727564781
H           -0.78687750847593        0.61616584265342        2.61855794293702
N            0.99604231123888        1.18042805760667        1.60025127295554
H            1.00030301979452        2.15502135468087        1.87120019295247
C            1.82551557009965        0.56472814973527        0.71003739006419
C            2.96227404739135        1.03662635973103        0.06344000164757
H            3.30908515510826        2.04673165062888        0.21803901513890
C            3.60345723192203        0.17523546771565       -0.79746052661271
H            4.49021391867649        0.49857494999723       -1.32167881071653
C            3.13592289967270       -1.13054779222371       -1.00623575970009
H            3.66918942982870       -1.77802759205157       -1.68892951135362
C            2.01354361784546       -1.60106523820930       -0.36599266518835
H            1.66365099408553       -2.60952459662630       -0.55265295907134
C            1.33458848339966       -0.75196829324999        0.51102642577904
34
 energy: -56.483693384527 gnorm: 0.011721083650 xtb: 6.7.1-6.fc44.fc44
O           -1.93140481498704        2.18708222731079        0.42661331485411
C           -1.04401402153822        2.21313847887436       -0.54851016143303
O           -0.11801619322150        2.97658214923672       -0.56956107757261
H           -2.55848357267217        1.40295493213591        0.33223588683661
C           -1.27392322243005        1.17497275272824       -1.66045516841308
H           -0.55247045523466        1.34064415147341       -2.45898774736998
H           -2.28771424628119        1.31909265178417       -2.04482224129124
N           -1.15200060467943       -0.19692180965739       -1.19194191673606
H           -0.30026250423233       -0.71327277209111       -1.38231749138191
C           -2.01702021104527       -0.74806673048812       -0.33642005926815
O           -3.00393011006168       -0.15754347102637        0.09898580929148
C           -1.66039705192156       -2.16025773849293        0.09034413003656
H           -2.59666792436924       -2.67408095005975        0.36578641527394
N           -0.92838953501513       -2.83085819132237       -0.97752768233016
H           -0.69045182338688       -3.77304539340797       -0.68389266113025
H           -1.50882409987833       -2.90836341097740       -1.80826692875329
C           -0.77702225571676       -2.04306362666654        1.36421994099255
H           -0.22067601082057       -2.97306248400119        1.47743286984857
H           -1.43575402630147       -1.92206715292798        2.22709518405158
C            0.15594212261760       -0.88136704785799        1.30418846512800
C           -0.00790063111106        0.31615485067154        1.93880900550211
H           -0.77577981640819        0.60374729604972        2.62851976706916
N            0.99953451168736        1.17292911830819        1.60526301233662
H            1.03233538869321        2.14565220402533        1.86275142736604
C            1.82438447664629        0.55811198711119        0.71304079927265
C            2.95867089677069        1.03372382161271        0.06511055178454
H            3.30167569976866        2.04373014143755        0.22354422740102
C            3.60271569530104        0.17258256543707       -0.79532232399999
H            4.48813661586616        0.50076254091384       -1.31756476968674
C            3.13652328263048       -1.12998904511208       -1.00986336678509
H            3.66858549489484       -1.77766209376922       -1.69230773735673
C            2.01398015250530       -1.60245378589436       -0.36872149551579
H            1.65668522741921       -2.60721568035507       -0.54188821629422
C            1.33527292798071       -0.75562763889240        0.50887235118878
34
 energy: -56.483883023172 gnorm: 0.007020289451 xtb: 6.7.1-6.fc44.fc44
O           -1.94101067945007        2.19629342186719        0.41725969080478
C           -1.04162980884855        2.20838320525786       -0.54665817306863
O           -0.12539171875024        2.98396919891721       -0.57378579133904
H           -2.55967839702451        1.41019874183145        0.33868559318790
C           -1.27587552596360        1.17176169451199       -1.66531845672621
H           -0.54678157703044        1.33444604257647       -2.45874342619715
H           -2.29056409796715        1.31845799601769       -2.05408877984653
N           -1.15490133431131       -0.19555581613323       -1.19121818627892
H           -0.30901128796028       -0.71780223078413       -1.38396185575426
C           -2.02034899982194       -0.74612145782724       -0.33579674128607
O           -3.00664646259885       -0.15821803460252        0.10199477854699
C           -1.66019786527615       -2.15774571019833        0.09127758937932
H           -2.59520900096403       -2.67547032313602        0.36293372147109
N           -0.92486914570421       -2.82292934998431       -0.97660136675341
H           -0.68027417088482       -3.76332634099728       -0.68547640240222
H           -1.50577313675278       -2.90451821680447       -1.80554516457470
C           -0.77658594331631       -2.04428424593596        1.36612336236769
H           -0.22349453828989       -2.97719057765140        1.47775449964403
H           -1.43691278242723       -1.92293227989631        2.22579285481099
C            0.16015889175033       -0.88545841016130        1.31012227906534
C           -0.00482948040259        0.31140897524852        1.94499718452069
H           -0.77773461323231        0.60561276772850        2.62918571485964
N            1.00116493728346        1.17055667218441        1.60923279703915
H            1.04177151943041        2.14196869016477        1.86386208583529
C            1.82459273459381        0.55639566236047        0.71531021932973
C            2.95646527171568        1.03055124231008        0.06413087671076
H            3.30317804101807        2.03858525767022        0.22511847370517
C            3.60295963011265        0.17027663297828       -0.79566261723294
H            4.48592123904913        0.50312687136756       -1.32009779790351
C            3.13725822601879       -1.13080043858046       -1.00970521435463
H            3.67180164185847       -1.77492888685628       -1.69205977498822
C            2.01406650960934       -1.60438003058439       -0.37008030848808
H            1.65522344419705       -2.60667313731322       -0.54236281354566
C            1.33649784180895       -0.75671473943535        0.50782326237760
34
 energy: -56.483951804320 gnorm: 0.005691654007 xtb: 6.7.1-6.fc44.fc44
O           -1.93922634709098        2.20023436420503        0.41607425829683
C           -1.04496336400062        2.21308988603196       -0.55292876054722
O           -0.12625616658207        2.98456332487684       -0.57979904538551
H           -2.55928784844148        1.41642741968870        0.33932907454777
C           -1.27887535745339        1.17027365588927       -1.66662170783430
H           -0.54645667756929        1.33255032528735       -2.45611208414965
H           -2.29143549674140        1.32221860723945       -2.06073697159333
N           -1.15852543879353       -0.19412655576681       -1.18941676001493
H           -0.31638606258849       -0.71880701631119       -1.38800971043915
C           -2.02280584088057       -0.74655177149286       -0.33282465192070
O           -3.00999121471222       -0.16156426422841        0.10467163902192
C           -1.66137708300433       -2.15973036710411        0.09057710195335
H           -2.59615238236711       -2.67857719269768        0.36137021609922
N           -0.92319938902058       -2.82119449960653       -0.97590389206028
H           -0.67019185627705       -3.75976046223918       -0.68649839727776
H           -1.50290767684636       -2.90521302349010       -1.80522058598870
C           -0.77993751301465       -2.04677093668510        1.36542098975954
H           -0.22700348758981       -2.98141236473819        1.47597508222682
H           -1.43822378828701       -1.92526065195682        2.22595766400089
C            0.15953856820694       -0.88792783888980        1.31029557222030
C           -0.00225173665047        0.30977340852725        1.95344329801404
H           -0.77577526302565        0.61114080765297        2.63456891355081
N            1.00187283247827        1.17038461099375        1.61240350218445
H            1.04613621126556        2.14172020577429        1.86764223203485
C            1.82477524660378        0.55633736104386        0.71699257838325
C            2.95625210687695        1.02872616484895        0.06441865420395
H            3.30670157666962        2.03589144864718        0.22611496064070
C            3.60266632762449        0.16974754746670       -0.79726221863265
H            4.48484263734434        0.50547515564760       -1.32298613630537
C            3.13773039368044       -1.13123322245859       -1.00915284515224
H            3.67507374661942       -1.77282307972264       -1.69178648133464
C            2.01514060118074       -1.60611763262515       -0.36957279828559
H            1.65624746725104       -2.60735270369876       -0.54364279615894
C            1.33759163660434       -0.75718786399878        0.50766221885824
34
 energy: -56.483992116673 gnorm: 0.002949591531 xtb: 6.7.1-6.fc44.fc44
O           -1.93886656160829        2.20329671420290        0.41472671859318
C           -1.04525039064598        2.21404575293380       -0.55532864772546
O           -0.12739104990908        2.98651473499386       -0.58451811141794
H           -2.56015251280800        1.42110311830512        0.34099124510703
C           -1.27963933043347        1.17023089177665       -1.66692755747357
H           -0.54786923166295        1.33000043712637       -2.45705600922623
H           -2.29054954638132        1.32542625256498       -2.06344572157546
N           -1.16199984897109       -0.19269277833156       -1.18782296005730
H           -0.32356887902952       -0.72126263814773       -1.39298756384586
C           -2.02529508344179       -0.74656681126724       -0.33004898647526
O           -3.01220513159204       -0.16259228729703        0.10808970248796
C           -1.66052321163024       -2.16016419281645        0.09079892114659
H           -2.59503940740053       -2.68015936631142        0.36100620986597
N           -0.92174682312697       -2.81818019396095       -0.97661614785538
H           -0.65999704965344       -3.75511999232683       -0.68829387895887
H           -1.50187780798422       -2.90599607888890       -1.80565374806138
C           -0.78105518522920       -2.04790908398246        1.36593678685889
H           -0.22851202585907       -2.98345201372296        1.47763049221938
H           -1.43878332975680       -1.92523363943726        2.22689407286439
C            0.15969053755494       -0.88803628178286        1.31099779163466
C           -0.00416552994610        0.30888046479118        1.95008850506282
H           -0.77437763523144        0.60998597395141        2.63438523409616
N            1.00132883462277        1.16907048147088        1.61362195380215
H            1.04926117551104        2.13944873499864        1.87195531898511
C            1.82518899272131        0.55589978881337        0.71793229773019
C            2.95764995671619        1.02771422497573        0.06634291266295
H            3.30948537230730        2.03515218013233        0.22764393264028
C            3.60213458504225        0.16970772294921       -0.79781193924376
H            4.48325708346619        0.50627084709127       -1.32410412363778
C            3.13767690198923       -1.13182338037451       -1.00880020422803
H            3.67618501647922       -1.77291891983271       -1.69173608205816
C            2.01587758332062       -1.60714212401737       -0.36867251927405
H            1.65683577353988       -2.60870902523673       -0.54294257785696
C            1.33763312049947       -0.75784666723232        0.50816679612971
34
 energy: -56.484013612353 gnorm: 0.002721352553 xtb: 6.7.1-6.fc44.fc44
O           -1.93728507378933        2.20402954183820        0.41411257138252
C           -1.04626085793883        2.21510018637252       -0.55877509750290
O           -0.12933620479609        2.98863668037018       -0.59047181681403
H           -2.56092069705379        1.42449965994909        0.34211277527176
C           -1.28010206079156        1.17001817700346       -1.66843041846650
H           -0.54626840496199        1.32657909783965       -2.45821727729114
H           -2.29161694409757        1.32673113013041       -2.06464522619494
N           -1.16616242750924       -0.19150077375746       -1.18653018016643
H           -0.33223501339029       -0.72502015413801       -1.39788198750400
C           -2.02879278385150       -0.74644896603900       -0.32810304726347
O           -3.01445816701081       -0.16256786294792        0.11194679951427
C           -1.66026946741804       -2.15960506944526        0.09127212770874
H           -2.59398550884001       -2.68237461348815        0.36003407496232
N           -0.92104257072771       -2.81300965466395       -0.97828557686176
H           -0.64797763398948       -3.74750752908312       -0.69088435468984
H           -1.50284271348728       -2.90636285395253       -1.80578819113871
C           -0.78148404833667       -2.04823916404925        1.36585801237678
H           -0.23018102329385       -2.98448112223132        1.48001281368066
H           -1.43980835637857       -1.92375659784406        2.22633539054826
C            0.16078030311302       -0.88845280067261        1.31134180659680
C           -0.00320182739955        0.30730214380792        1.95078931421693
H           -0.77435788807640        0.60551659262993        2.63560595690246
N            1.00197749022915        1.16776171456129        1.61502695315806
H            1.05295709299763        2.13776474589801        1.87522550327719
C            1.82635554104719        0.55548959935800        0.71882684598152
C            2.95852877190167        1.02759415459504        0.06722015773534
H            3.31130846628240        2.03460158084504        0.22930605824835
C            3.60169312634876        0.17000322078732       -0.79769599054021
H            4.48254916401397        0.50589601992433       -1.32425034301509
C            3.13770486793261       -1.13215116193101       -1.00830421584643
H            3.67597907971461       -1.77323359188585       -1.69174765252681
C            2.01650718151249       -1.60762299277773       -0.36777146715345
H            1.65776094426274       -2.60997815707970       -0.54161832518102
C            1.33782700525117       -0.75826833381304        0.50881611951077
34
 energy: -56.484025221828 gnorm: 0.002405356495 xtb: 6.7.1-6.fc44.fc44
O           -1.93501569102990        2.20379590062659        0.41412678176109
C           -1.04587864214987        2.21562539900078       -0.56074805815655
O           -0.13078133097225        2.99129955639229       -0.59508085749996
H           -2.56018527144846        1.42637726248000        0.34329028069151
C           -1.28066088570125        1.16958204740520       -1.66886052345989
H           -0.54837560736766        1.32380653075655       -2.46009607493972
H           -2.29039011091868        1.32758473673418       -2.06829206898844
N           -1.16952426054583       -0.19098019947454       -1.18480262397544
H           -0.33902021162227       -0.72786362006496       -1.40003978227777
C           -2.03141626717867       -0.74651102090144       -0.32603494040444
O           -3.01630412396038       -0.16247715624928        0.11578363261530
C           -1.66080132828026       -2.15981413724790        0.09120806576125
H           -2.59340250897016       -2.68529370038002        0.35921210241136
N           -0.92105189824177       -2.80912825988324       -0.98042204703612
H           -0.63728866854798       -3.74072424928860       -0.69341406860385
H           -1.50505702667219       -2.90768885115261       -1.80556322790488
C           -0.78227861032255       -2.04789312885165        1.36536529159145
H           -0.23203325405774       -2.98430791700918        1.48223113355363
H           -1.44126550077382       -1.92160216945774        2.22535779923411
C            0.16112866144022       -0.88886221726840        1.31083923183206
C           -0.00229263237708        0.30641931608237        1.95176298890008
H           -0.77369193324156        0.60258420997698        2.63694457518783
N            1.00266895308595        1.16669873156232        1.61594926601289
H            1.05487051119810        2.13598769178718        1.87866511740617
C            1.82736215451829        0.55492922238009        0.71975298665978
C            2.95938802688479        1.02765685722295        0.06808028702138
H            3.31192490675727        2.03468753869785        0.23062902016183
C            3.60193953095041        0.17022040118790       -0.79732370545213
H            4.48307531329275        0.50529108341271       -1.32422989038912
C            3.13788709061661       -1.13211903737992       -1.00811563273412
H            3.67562369479354       -1.77341233628081       -1.69178548796353
C            2.01689299610735       -1.60774353553772       -0.36741052453062
H            1.65929593807649       -2.61069538940757       -0.54147977412811
C            1.33799734812738       -0.75848671375995        0.50894284055895
34
 energy: -56.484034283208 gnorm: 0.001895822271 xtb: 6.7.1-6.fc44.fc44
O           -1.93095206146891        2.20206257812171        0.41495925264835
C           -1.04535317219525        2.21596533833678       -0.56322907407145
O           -0.13206178969723        2.99352326671026       -0.60058660148550
H           -2.55804273281880        1.42679294511331        0.34436886992952
C           -1.28227661718209        1.16923456183290       -1.67004921894458
H           -0.54642469342210        1.32244779573789       -2.45845337489891
H           -2.29235750919320        1.32831838576680       -2.06919097071316
N           -1.17313186367556       -0.19068540666350       -1.18408184185691
H           -0.34537135655914       -0.73018165125767       -1.40225818631245
C           -2.03384527192650       -0.74640967547511       -0.32463790818053
O           -3.01764645255734       -0.16221299651255        0.11980674601664
C           -1.66156394015299       -2.15993972215485        0.09048883526681
H           -2.59274329543748       -2.68778188920630        0.35852653756359
N           -0.92157615275042       -2.80613373178492       -0.98277427370918
H           -0.62674709761743       -3.73391747742046       -0.69500285724134
H           -1.50856114543246       -2.91099102625984       -1.80474647721152
C           -0.78340172410729       -2.04705880310820        1.36483450924140
H           -0.23413562616478       -2.98350150863463        1.48447926493106
H           -1.44317991474088       -1.91878231509533        2.22409238888826
C            0.16090043524041       -0.88921248262080        1.30998715071166
C           -0.00190573597346        0.30593361771653        1.95180953212589
H           -0.77273330834459        0.60120900980668        2.63737665806016
N            1.00333006102765        1.16561885326206        1.61643153501830
H            1.05507937857634        2.13413846454386        1.88212286418589
C            1.82821969410605        0.55408629423319        0.72056666193391
C            2.96029624726456        1.02753319541994        0.06904939468310
H            3.31191555344392        2.03471743390128        0.23203233761903
C            3.60290716088223        0.17026114388196       -0.79650335298215
H            4.48359835908115        0.50520556884355       -1.32384303691211
C            3.13842111912443       -1.13198199026231       -1.00810470765505
H            3.67566762220658       -1.77345692360335       -1.69175528535170
C            2.01727316529915       -1.60776713146357       -0.36755715050139
H            1.66157389043708       -2.61121830122241       -0.54246659023694
C            1.33816813619717       -0.75887257437253        0.50875048235727
34
 energy: -56.484040887179 gnorm: 0.001786788149 xtb: 6.7.1-6.fc44.fc44
O           -1.92634490927693        2.19958605219771        0.41826479692355
C           -1.04409026057989        2.21552188505232       -0.56266688082201
O           -0.13294703821409        2.99524073434420       -0.60320959053169
H           -2.55454000683261        1.42524735152868        0.34779708469953
C           -1.28237868516970        1.16956931585412       -1.67060535697974
H           -0.54857326784013        1.31956950831236       -2.46128528101267
H           -2.29225278231688        1.33050888283388       -2.06849794456994
N           -1.17506590012494       -0.19090979084121       -1.18478380637862
H           -0.34881412719077       -0.73268798071144       -1.40440562537023
C           -2.03510961062756       -0.74582174898121       -0.32483584076458
O           -3.01721088200590       -0.16116754172238        0.12297520331368
C           -1.66274429849257       -2.15958315717879        0.08918409662354
H           -2.59283983873901       -2.68823085699206        0.35772035238978
N           -0.92272035016311       -2.80516332133094       -0.98425526197523
H           -0.61965838563251       -3.72869757131371       -0.69374586353225
H           -1.51262756622035       -2.91706788122943       -1.80301184251796
C           -0.78459910086766       -2.04625902093495        1.36414298214322
H           -0.23596438668099       -2.98290807295861        1.48494811543965
H           -1.44515103582955       -1.91665432628708        2.22243147970759
C            0.16002066153530       -0.88969983540664        1.30874908667181
C           -0.00139926368198        0.30551221922212        1.95251153766997
H           -0.77299874602742        0.60185210282050        2.63687818721126
N            1.00396367103627        1.16499847754723        1.61662151561524
H            1.05275812710729        2.13376440382459        1.88324983613601
C            1.82834254857765        0.55339645949326        0.72065038133638
C            2.96030446711603        1.02752029699807        0.06945922458934
H            3.31100039552454        2.03451801387125        0.23329859152439
C            3.60399987982457        0.17071272860202       -0.79568132558982
H            4.48548830991825        0.50584569427661       -1.32189203954341
C            3.13916308860653       -1.13123740068052       -1.00858375905001
H            3.67671230911339       -1.77279858762422       -1.69160605862115
C            2.01754897189930       -1.60723050716405       -0.36875260118857
H            1.66396161286771       -2.61098365251459       -0.54479474217386
C            1.33810576085646       -0.75932002679669        0.50817346154280
34
 energy: -56.484045313467 gnorm: 0.001151506929 xtb: 6.7.1-6.fc44.fc44
O           -1.92227581236471        2.19842310620774        0.41993637305451
C           -1.04248386680533        2.21575323930599       -0.56278209232151
O           -0.13177723489825        2.99590766308468       -0.60493661719665
H           -2.55067424838071        1.42374262363118        0.34997671834794
C           -1.28344981696739        1.16965355019039       -1.67010498866548
H           -0.54996498125808        1.32219230068180       -2.46024445770104
H           -2.29322584869136        1.33126111342848       -2.06795116928443
N           -1.17569254681084       -0.19142445687972       -1.18564707072174
H           -0.34956875950482       -0.73330917985892       -1.40533551981576
C           -2.03506569535130       -0.74565301202630       -0.32481963821838
O           -3.01657972881384       -0.16094791999037        0.12437475622769
C           -1.66357294621420       -2.15977791542587        0.08910522985788
H           -2.59402116185300       -2.68781070086506        0.35725712519359
N           -0.92337298146294       -2.80561066517178       -0.98419274520428
H           -0.61742875198691       -3.72701864269620       -0.69154388273943
H           -1.51431714320020       -2.92169394424190       -1.80133646884822
C           -0.78476170799350       -2.04631570761962        1.36389376261223
H           -0.23636430636101       -2.98339113626318        1.48400276693716
H           -1.44549789738945       -1.91682151007245        2.22183882406678
C            0.15971077529128       -0.88982231028688        1.30835503234927
C           -0.00236976623734        0.30511884057827        1.95109557106965
H           -0.77429426409524        0.60246643158562        2.63544468688853
N            1.00329949464873        1.16502051656635        1.61601467266240
H            1.05060129773734        2.13374399416961        1.88262383819431
C            1.82741158103549        0.55339666844010        0.71987754458918
C            2.95998921180750        1.02730324012749        0.06978662604137
H            3.31075288664991        2.03414966869833        0.23427236228363
C            3.60463293075995        0.17094669552396       -0.79507637468050
H            4.48647987391757        0.50671110344808       -1.32049801851107
C            3.13982073373583       -1.13074035374949       -1.00855768363620
H            3.67776730801954       -1.77181593179319       -1.69175280440578
C            2.01757210663915       -1.60674041478770       -0.36977384137371
H            1.66446219207064       -2.61051550703533       -0.54616755010518
C            1.33759843579617       -0.75943860079371        0.50730714596926
34
 energy: -56.484048506635 gnorm: 0.000867387796 xtb: 6.7.1-6.fc44.fc44
O           -1.91908395851388        2.19835262786645        0.42173757826277
C           -1.04142553346962        2.21577684704218       -0.56282271665349
O           -0.13091181986017        2.99612797365971       -0.60690727097162
H           -2.54767897341235        1.42331057260740        0.35338876339584
C           -1.28388646555221        1.17019856154023       -1.67027684645676
H           -0.55122812283123        1.32209153773513       -2.46190078341130
H           -2.29486553994259        1.33258053055812       -2.06574199837946
N           -1.17627502034119       -0.19130377252009       -1.18708276683341
H           -0.35100651723827       -0.73391826576648       -1.40834289605820
C           -2.03477368421824       -0.74497188288538       -0.32476261752282
O           -3.01551993243738       -0.15997579291606        0.12562575124384
C           -1.66396417934332       -2.15971067093300        0.08868344939312
H           -2.59492821319835       -2.68712471353592        0.35685867739601
N           -0.92384800459244       -2.80595585001538       -0.98445526787765
H           -0.61429704724347       -3.72544952927959       -0.68949359613250
H           -1.51559389566202       -2.92704142135692       -1.80033747027068
C           -0.78540671643396       -2.04697615081391        1.36339215306714
H           -0.23719646471533       -2.98448291363521        1.48267195551163
H           -1.44530002840839       -1.91778181852251        2.22210907687290
C            0.15902698170958       -0.88993511780177        1.30759433779985
C           -0.00331510353641        0.30474478300394        1.95023946177699
H           -0.77436055768153        0.60240839355228        2.63496651337822
N            1.00236220050115        1.16505987326114        1.61577185928214
H            1.04967554011551        2.13377583841959        1.88206220912388
C            1.82650493532310        0.55360121671088        0.71938463886413
C            2.95995824522748        1.02722907551796        0.07074298939296
H            3.31109783484276        2.03424148616183        0.23554205372086
C            3.60484566935438        0.17138120403194       -0.79455255343898
H            4.48648735914230        0.50762714504084       -1.31942995573871
C            3.14032710731074       -1.13020133548380       -1.00829339586372
H            3.67877610043474       -1.77091277420686       -1.69164410130790
C            2.01780543758667       -1.60630776468811       -0.37023494037124
H            1.66426082635180       -2.61006578255857       -0.54678827126860
C            1.33707690220074       -0.75944926367964        0.50673809299079
