37
 energy: -60.759782072088 gnorm: 1.546014003952 xtb: 6.7.1-6.fc44.fc44
O           -3.01496561253627        1.88235387664633       -0.73911150118000
C           -3.49806182042575        0.91475525847394       -0.25943331348769
O           -3.28959632180584        1.01025589333925        1.40976378590990
H           -3.53336415339432        0.20049627136780        1.75011899823327
C           -3.82405323881796       -0.45742977350532       -0.76580901863365
H           -4.00314212348424       -0.44052047525873       -1.71782871901752
H           -4.58613313597017       -0.75463106192481       -0.24136875552927
N           -2.85835448385416       -1.27820250717487       -0.49914102441294
H           -2.05116016853664       -1.58782697064460       -1.22981277941789
C           -2.60231652600927       -2.05904824678115        0.70422595544073
O           -3.23811321057758       -1.54018305879152        1.83599543810393
C           -1.28922968664272       -2.90145812923107        0.93693182473195
H           -1.47008194910205       -3.66740510268726       -0.10768948442544
H           -1.49123927569858       -3.54118350142321        1.74021734969504
N           -0.26271151520336       -2.29991280097650        0.63851328401284
H            0.34112459901168       -2.07802366602849        1.56055992099040
C            0.34336378382863       -1.74197183543077       -0.35844071790500
O           -0.41680965181229       -1.77903043160484       -1.58969218248588
C            1.76805036376065       -0.85783531074978       -0.12342256949727
N            2.35163858359391       -1.33207062555847       -1.59062393750368
H            3.18852358608112       -0.54988691997191       -1.35852673878204
H            2.11721973314385       -1.25824758309279       -2.31798219592318
H            2.19382540721891       -1.14238251476408        0.59096473140496
C            1.14887600483714        0.58574171213414       -0.11781342939541
H            0.74514047213873        0.72951089358296       -1.16613181939527
H            0.50528920973149        0.75631043301811        0.61199712298708
C            2.39709707898450        1.40134941623211        0.14447104793321
C            2.96704093152210        2.02848892673192       -1.21408708071989
H            2.66409198469010        1.82667037918417       -2.06449910517447
C            4.17301019614835        2.73638922401151       -1.08491414258682
H            4.53685242841790        3.26875579862388       -1.84451757942189
C            4.69442659943558        3.01573921849437        0.39729970883839
H            5.57890608081436        3.67027147361255        0.25076654828754
C            4.15532250779772        2.38055125090304        1.41293045254728
H            4.45017143998199        2.50671138373293        2.17812080403270
C            2.95925850436622        1.55533339040500        1.47279731851439
H            2.52546015651882        1.08667445319343        1.91960115570283
37
 energy: -61.291402048045 gnorm: 0.557706701037 xtb: 6.7.1-6.fc44.fc44
O           -3.01996253425738        1.88284119431190       -0.74502762974273
C           -3.47706980410193        0.92713637369364       -0.22886970817368
O           -3.29603792734056        1.01760518123878        1.37360889834813
H           -3.53546669449951        0.18872718234518        1.75345308636513
C           -3.81799172667658       -0.44505697316512       -0.75043706449089
H           -4.00906250563119       -0.43264990850224       -1.75095718995180
H           -4.62156900660581       -0.76257101263403       -0.21878982670952
N           -2.81952914376526       -1.31654124930798       -0.48432886313766
H           -2.05012628170234       -1.58577128394463       -1.22185836267134
C           -2.61095232007649       -2.02396004081787        0.72452814307189
O           -3.22651266618350       -1.56308456233434        1.80720195319777
C           -1.33457080092305       -2.92431442608659        0.90902040697621
H           -1.47093054350621       -3.66443701076547       -0.09354522943622
H           -1.49550697920916       -3.54581288348582        1.74814305485384
N           -0.22838848752064       -2.27948351162140        0.64950300025801
H            0.33922260842246       -2.07777927099717        1.55237437299271
C            0.33508544166775       -1.73042023447830       -0.38520310060938
O           -0.39129569520728       -1.77612487403432       -1.55358256837008
C            1.70592634537316       -0.86704052503633       -0.18159772945634
N            2.40373879199455       -1.31638734459721       -1.48972608529686
H            3.19007027820437       -0.56013081584318       -1.36920158790783
H            2.08137280489420       -1.24963805397031       -2.39619426286240
H            2.21708703374122       -1.16188390830342        0.62561404497144
C            1.16939616631674        0.58395918368206       -0.13706643732368
H            0.74591689030692        0.73295735798798       -1.15779472001965
H            0.49057111263069        0.75569308962856        0.62480549914854
C            2.40451207664845        1.41697191219281        0.11610845240709
C            2.98712956199847        2.02855834231480       -1.16173656549027
H            2.64717537932093        1.81854254342969       -2.08945413317268
C            4.16061824118703        2.73651908627311       -1.05173374042825
H            4.54450402848139        3.27304203480970       -1.85397059105242
C            4.69457770810479        3.01579578374391        0.34752777865192
H            5.57468353991400        3.66607536496838        0.25901502838979
C            4.14106235625741        2.37991907949011        1.36089889294653
H            4.48632866058086        2.52193428195448        2.26278694957888
C            2.99501487349299        1.59932169061566        1.38357864839266
H            2.46633599582105        1.02659694533225        1.98733653822437
37
 energy: -61.489233615010 gnorm: 0.250189555636 xtb: 6.7.1-6.fc44.fc44
O           -3.03056606147018        1.88569432728532       -0.75527578296549
C           -3.43439442966184        0.93391818255255       -0.17572974446849
O           -3.31674923150634        1.01646415055456        1.30359708993220
H           -3.53405104709205        0.17943982789824        1.74594744524611
C           -3.80931889436443       -0.43626833924384       -0.72277217909736
H           -4.01051744893858       -0.41755689267859       -1.76868206990807
H           -4.66054820066515       -0.77114837123190       -0.19187004923034
N           -2.78232656762329       -1.36204296867819       -0.46457718675976
H           -2.05099034597730       -1.58326511226811       -1.20006474217215
C           -2.60513918212988       -1.97181356341451        0.74970085033571
O           -3.21377238965724       -1.60016074949413        1.76205230266019
C           -1.38101861246817       -2.94937174155646        0.85760538423126
H           -1.47518382473086       -3.65358468410541       -0.05998176194623
H           -1.49881960162719       -3.54451547443961        1.75033750613516
N           -0.20215629011238       -2.26176204409095        0.66980319411713
H            0.32955570338495       -2.08080000235429        1.53907216815119
C            0.31378791058270       -1.71264480971974       -0.41260873856058
O           -0.33794891660890       -1.76663380411212       -1.49554474554237
C            1.63559147389550       -0.90953864352596       -0.24503442392748
N            2.44324876246305       -1.27465835090497       -1.43806815624142
H            3.19709158739204       -0.58155756293225       -1.39428359835945
H            2.06754057706690       -1.23226217108476       -2.36388636936802
H            2.21292596130197       -1.17825054700014        0.60955681873357
C            1.19229707645436        0.57388404748348       -0.16012155715656
H            0.74386614135202        0.74844811719700       -1.14617987620549
H            0.48298392638490        0.74805952907898        0.62815807061864
C            2.41204206308390        1.42995694311924        0.06631824063401
C            3.00358742153835        2.01336251440000       -1.11216482258388
H            2.63099191444276        1.81585059469452       -2.08653835559207
C            4.14473951510549        2.75325535008929       -1.00630557304570
H            4.55354856375069        3.26798010401443       -1.85483792977600
C            4.69294827170456        3.00810488622554        0.29407922015204
H            5.56670171437529        3.65732230517461        0.27237010887899
C            4.13100539458971        2.38567538735062        1.35560208377961
H            4.50824153002532        2.53092615357396        2.30349633580175
C            2.99793970081172        1.59674017753830        1.31589091949809
H            2.45822261308018        1.03186197269258        1.99536927647254
37
 energy: -61.544342745237 gnorm: 0.084517072198 xtb: 6.7.1-6.fc44.fc44
O           -3.04809376457705        1.88335907190837       -0.76322682995915
C           -3.39191364600452        0.93596508929808       -0.10936004737363
O           -3.33356442413921        1.00462172004329        1.21302475858858
H           -3.53390601403683        0.17207465958905        1.70885143589601
C           -3.80164065378724       -0.42613369150663       -0.68948212683919
H           -4.00612507751131       -0.38915058022218       -1.76167475039102
H           -4.68957967565393       -0.77484314175763       -0.17017743302411
N           -2.75897416783416       -1.39900141167785       -0.45183280049145
H           -2.06280826846597       -1.58120844926045       -1.17962912644076
C           -2.58852537437780       -1.94247978121055        0.76030377380602
O           -3.21902229507729       -1.63137474542513        1.74253162168480
C           -1.41052606885294       -2.96730481822119        0.81024220564654
H           -1.48845116303175       -3.63582210490907       -0.03023709501260
H           -1.49161648272348       -3.53307125730697        1.74421601213299
N           -0.17396601448950       -2.25054110924960        0.69698348670087
H            0.32757712821022       -2.08336826973958        1.54281529830605
C            0.30368492485038       -1.70246365396514       -0.43350970334187
O           -0.28909214963436       -1.75697021092109       -1.47224477717821
C            1.60197400202228       -0.94240403120102       -0.28436020379998
N            2.46438446379176       -1.25327469618446       -1.40076961231516
H            3.21647811375397       -0.58734048696434       -1.41025117280482
H            2.03121436259616       -1.22631536522260       -2.33174986547886
H            2.20143920706685       -1.19508559877542        0.60633882996005
C            1.20419855613569        0.56069515052250       -0.18419137075396
H            0.73034792960681        0.78153784291487       -1.14169927620735
H            0.48331146299959        0.73415907838602        0.62309803386853
C            2.42021832444925        1.42164245429535        0.00858375690286
C            3.00786409657529        1.99533386616919       -1.09494620864061
H            2.61061256210169        1.81754874455158       -2.09140083551533
C            4.13575457152072        2.77551358834980       -0.97897201990536
H            4.56247449127942        3.26016980405745       -1.85598206382067
C            4.68663802411266        3.00141159523507        0.25930122125220
H            5.55914254527655        3.64569693387615        0.30249853856892
C            4.12452111757131        2.39481483242946        1.36384115529102
H            4.53256001531572        2.53884062998132        2.34074830142027
C            3.00161749017460        1.59276272817405        1.25975487290514
H            2.45714862893905        1.05111435202662        2.01699336883457
37
 energy: -61.551796857249 gnorm: 0.051557901949 xtb: 6.7.1-6.fc44.fc44
O           -3.04213775676382        1.88387257306778       -0.78153723846825
C           -3.36374165966682        0.94301320645484       -0.10065304985360
O           -3.35982734834238        0.99342303512386        1.22039423853991
H           -3.54881729400025        0.13960393276342        1.67111841759561
C           -3.80054277897098       -0.41705571247630       -0.67209269027591
H           -4.00361931914598       -0.36156128855418       -1.74539102523285
H           -4.70079103957434       -0.75775069714632       -0.15105089937216
N           -2.75974556539885       -1.40479182638881       -0.44480657218945
H           -2.06376887181176       -1.57797624967789       -1.17053625225643
C           -2.57714802343127       -1.94054287182709        0.76258968942390
O           -3.26256802866606       -1.67148756634488        1.74987321284662
C           -1.41719388465915       -2.95909703049426        0.81055011271385
H           -1.49538638789613       -3.64987552238236       -0.03865994162686
H           -1.48985741401512       -3.51804130579145        1.74662813800691
N           -0.16690825151197       -2.24300169918373        0.71704939705986
H            0.33597696959104       -2.08137540447227        1.57207270894415
C            0.30864263610800       -1.70460836996729       -0.42397444176596
O           -0.27862127332984       -1.78933083261215       -1.50167117590651
C            1.60666105980108       -0.94699529020760       -0.28723031872691
N            2.47776256519663       -1.24886062109678       -1.39140414446700
H            3.26398017132329       -0.59713200318983       -1.43472283214377
H            2.01088260517847       -1.21684702875077       -2.30661838559764
H            2.18123530949051       -1.20943942497893        0.61558419334886
C            1.20334922366339        0.55463514622348       -0.20185595391137
H            0.70752115149354        0.82034778218643       -1.14315055482056
H            0.49141470080002        0.71537838695714        0.61569206722146
C            2.42197663223800        1.41002560154717       -0.02167490324806
C            3.01397821627511        1.99627963857790       -1.12777894521054
H            2.60483948575918        1.83615599296538       -2.12275159815944
C            4.13329761049213        2.79713063028865       -0.98851943636907
H            4.57355765206863        3.26672520394424       -1.86362489218796
C            4.69321009392706        2.99532507817654        0.26518400881768
H            5.56781905842054        3.63285739187466        0.34812461024195
C            4.12226333616527        2.39350605688817        1.37414892031582
H            4.53690272748545        2.53259767417633        2.35831473750244
C            3.00070127486266        1.59337576806723        1.23642926663316
H            2.45005919499736        1.08062638434700        2.02038088504957
37
 energy: -61.554730480485 gnorm: 0.035162573626 xtb: 6.7.1-6.fc44.fc44
O           -3.03372738390495        1.87117797676837       -0.77312672414406
C           -3.36068990028248        0.94456580573384       -0.08914322794235
O           -3.35889250821547        0.99135719248314        1.23219483282952
H           -3.54592164791511        0.11846933550241        1.64191356813754
C           -3.80409396198886       -0.41290018918351       -0.66585696452219
H           -3.99311972691162       -0.33469789272379       -1.74031766416335
H           -4.71968470256907       -0.74564166191610       -0.15361613943574
N           -2.77172760886955       -1.41741388162112       -0.44163043660990
H           -2.06882574704944       -1.57857037453584       -1.16269545521238
C           -2.58521029797966       -1.96197337672067        0.75784167732029
O           -3.23690011381265       -1.66554001591288        1.74429802814837
C           -1.42169308174191       -2.94979179265517        0.80898746303532
H           -1.50881549236872       -3.64577191731468       -0.03732724686561
H           -1.47996624776988       -3.50112306326665        1.74895258853782
N           -0.15597470950059       -2.24463593945538        0.72232062429391
H            0.34948137673249       -2.08316471545091        1.58079986996965
C            0.32508636735036       -1.72997886088881       -0.42971913577192
O           -0.27761118161963       -1.80839542267033       -1.49469270695244
C            1.61143953804078       -0.94363544738724       -0.29647958120301
N            2.49413908582232       -1.26652242476248       -1.39149907682185
H            3.25985437000136       -0.60329325722299       -1.42496474046578
H            2.00580656239611       -1.22122681467515       -2.29300814895870
H            2.15443013105022       -1.21446969467690        0.62295288690817
C            1.20231767315839        0.55709060217222       -0.21732878037738
H            0.68722927506207        0.83173377965996       -1.14464339155539
H            0.49843007959755        0.70327802433169        0.60901016325343
C            2.41836471016222        1.41638335913744       -0.04628518161185
C            3.02121454590783        2.01008379402610       -1.15063054541839
H            2.59935960373686        1.86933446256655       -2.14304680019348
C            4.14824273242746        2.79757504887194       -0.99195361402574
H            4.59646540803920        3.26723069431419       -1.85663836294697
C            4.68951644423024        2.99002551326936        0.26890448321569
H            5.56659422959487        3.61685495028689        0.38557438853972
C            4.11106336962760        2.39067002974213        1.37811243390441
H            4.53054982875198        2.52754569501293        2.36814116906201
C            2.98537899936778        1.60706397492564        1.21685509691555
H            2.44324675959462        1.10741524232314        2.02217400359889
37
 energy: -61.555917993601 gnorm: 0.026138785151 xtb: 6.7.1-6.fc44.fc44
O           -3.04668934754584        1.86892801033779       -0.77001749633025
C           -3.37229653893766        0.94668646187664       -0.08555778021299
O           -3.35069336695221        0.98625181151364        1.24297840324110
H           -3.53258298277399        0.10073448611719        1.63569251243157
C           -3.80961319245961       -0.41027356192693       -0.66810124108160
H           -3.98802001198637       -0.31827403100199       -1.74105353058726
H           -4.73030093852097       -0.73891061349245       -0.16095984828660
N           -2.77879969754228       -1.41446249395773       -0.44353158044896
H           -2.07207772783646       -1.57197893714043       -1.16361422968541
C           -2.57739274673514       -1.95099908950588        0.76490467222805
O           -3.25633159437179       -1.67405860410987        1.75180319759435
C           -1.41947405394520       -2.94531743390059        0.80606266024036
H           -1.49715475282462       -3.63671632223538       -0.03779130693482
H           -1.46473146917215       -3.49978553532907        1.74206417395999
N           -0.14870433257450       -2.24183293915845        0.72571311374662
H            0.35639398958721       -2.08354592134893        1.58425525856587
C            0.32897511469551       -1.72970986886942       -0.42787682954724
O           -0.27408662547139       -1.83617649864148       -1.48084378369774
C            1.62115368383615       -0.93884579500616       -0.29981393660740
N            2.49834466101808       -1.27808195797342       -1.39453187432633
H            3.26930214046271       -0.61906399553624       -1.43113907359058
H            1.99205306792487       -1.22303082840352       -2.28296258968018
H            2.14002112489244       -1.21398257656290        0.63139611365078
C            1.20510740751133        0.55970725600996       -0.23016947048603
H            0.67749704495208        0.81674870781937       -1.14985420647476
H            0.50826323501796        0.69559989896621        0.60192931108066
C            2.41379752156413        1.43014600322959       -0.06182899478571
C            3.02376041301140        2.02378255997922       -1.15989557343529
H            2.59874446187443        1.88943783060677       -2.14819995723718
C            4.15869053655901        2.79674447439878       -0.98924115818252
H            4.61817725616034        3.26330240372244       -1.84664263635294
C            4.68900248277016        2.98371632121858        0.27250291108792
H            5.56876880546192        3.59767426974250        0.40659157364697
C            4.09821819865228        2.38856617359043        1.37769383698903
H            4.51765939683803        2.52536866218908        2.37038127216830
C            2.96710777257864        1.61977522092293        1.20326872980664
H            2.44326784243429        1.12098518994709        2.02081871000567
37
 energy: -61.556439383254 gnorm: 0.017569451365 xtb: 6.7.1-6.fc44.fc44
O           -3.06474544867851        1.87347424797116       -0.77492267423377
C           -3.37514195468809        0.94488855248148       -0.08528094884160
O           -3.34099350219058        0.98471908847921        1.24271041564168
H           -3.51834546862839        0.09644971541452        1.63867994271713
C           -3.81005866513824       -0.41276581966151       -0.66751850030691
H           -3.98501360439685       -0.31372801217824       -1.73819341497102
H           -4.73027031225272       -0.73743630913625       -0.16217980344561
N           -2.78274195206272       -1.41672734815325       -0.44465227663338
H           -2.07886405957554       -1.57941816357672       -1.16659670963164
C           -2.57911238294427       -1.95345221905766        0.76595688786893
O           -3.23641831720861       -1.65951953192075        1.75304737043440
C           -1.41804157990460       -2.94521047838330        0.80724876243574
H           -1.48949257642382       -3.62922790821068       -0.04199683796339
H           -1.45380165708973       -3.50157519179236        1.74277871945855
N           -0.14962146850261       -2.23814375317494        0.72795650485599
H            0.35144133009810       -2.07600017893529        1.58593831530522
C            0.32374573704081       -1.72469915581272       -0.42555106865465
O           -0.27264224494012       -1.85187033133647       -1.48231142631746
C            1.62101807211431       -0.93797867062753       -0.29876905553675
N            2.49504392481662       -1.27864442740101       -1.39634144446808
H            3.28175614837704       -0.63351270282115       -1.43967597506933
H            1.98165865623098       -1.21940534290493       -2.27707160576861
H            2.13125203970837       -1.21139979762861        0.63656864847089
C            1.20361922944171        0.56087469404603       -0.23851794030626
H            0.67232042156318        0.80667087801898       -1.15790746103218
H            0.51293324800672        0.69614555456935        0.59716004168688
C            2.40908130082241        1.43578547847116       -0.06814363852079
C            3.02417677814683        2.02986935777267       -1.16136376629490
H            2.60273878956505        1.89592803429825       -2.14775641493019
C            4.15946586520454        2.80316435014833       -0.98489527288831
H            4.62953207345741        3.26425402513392       -1.84047877018296
C            4.69206159922871        2.97951378515905        0.27893166635033
H            5.57526881034760        3.58396935299340        0.41804974412612
C            4.08835762503059        2.38644918466039        1.37789893098492
H            4.50451333100424        2.52293603438043        2.37093286132550
C            2.95634879852964        1.61939306008546        1.19735602405880
H            2.44432819404344        1.12533868671698        2.02333952274902
37
 energy: -61.556823503636 gnorm: 0.013375612643 xtb: 6.7.1-6.fc44.fc44
O           -3.08576239138451        1.88319183306198       -0.77144020477403
C           -3.37784560926494        0.94427968316672       -0.08389993139115
O           -3.32862427692749        0.97842128843058        1.23937619198518
H           -3.50375291788470        0.09086845926163        1.64388534389523
C           -3.80715101683116       -0.41422455493187       -0.66806812999917
H           -3.97801983820439       -0.30971155249182       -1.73706497468348
H           -4.72631742237598       -0.73702310537583       -0.16622747896895
N           -2.78200845586827       -1.41494080936205       -0.44546352597921
H           -2.08550378015839       -1.58812756442522       -1.17026034804388
C           -2.57453476564464       -1.94825091716506        0.76579147884656
O           -3.22858516114013       -1.65199145572578        1.75551445133768
C           -1.41438256248566       -2.94565396728564        0.80756762163100
H           -1.48316805635233       -3.62702330974149       -0.04579647310204
H           -1.44823199425159       -3.50161460630491        1.74333455477868
N           -0.14602190408713       -2.24092598944986        0.72853357815018
H            0.34545238923542       -2.06664497850316        1.58871871755195
C            0.32834632684500       -1.73297419123677       -0.42556994048114
O           -0.26836501060063       -1.84681342134818       -1.48261690631819
C            1.61833030192338       -0.93772638377569       -0.29821703754687
N            2.49179021687014       -1.28483765341439       -1.39635457494540
H            3.27496428828714       -0.64147509037020       -1.44033071733667
H            1.97606111986540       -1.22521460116254       -2.27082785040968
H            2.12762050393446       -1.20356432100569        0.63824647826200
C            1.19810222770570        0.56168670382327       -0.24600292897314
H            0.66846828066650        0.80269457762099       -1.16871425124447
H            0.51291973485669        0.70157991762792        0.59226223993494
C            2.40299826998937        1.43709321512048       -0.07201674591100
C            3.02539567216376        2.03326117125701       -1.16143083194034
H            2.60611856268129        1.90423410613310       -2.14762567480188
C            4.16310643169607        2.80311819124349       -0.98256664813505
H            4.64019378293143        3.26282729233507       -1.83589669537509
C            4.69313127274141        2.97673548567193        0.28386566998183
H            5.57975550313270        3.57405967812376        0.42398774309394
C            4.07859179111408        2.38395795452671        1.37619242244979
H            4.48993663896265        2.52199717872943        2.36826808336130
C            2.94678990255123        1.61538126257731        1.19420827008300
H            2.44555872346110        1.13245921245222        2.03106837749012
37
 energy: -61.557040653150 gnorm: 0.008560473134 xtb: 6.7.1-6.fc44.fc44
O           -3.09552309114521        1.89068187686780       -0.75658216153090
C           -3.37527365792626        0.94337203340345       -0.07941922515392
O           -3.32278810840436        0.97148458362401        1.24334430057615
H           -3.49520876549319        0.08333009282995        1.64999737751951
C           -3.80029043686072       -0.41439071997230       -0.67164035753313
H           -3.96362500601780       -0.30408629177059       -1.74126751207457
H           -4.72309444490652       -0.73599385884286       -0.17792772890887
N           -2.77966719641971       -1.41651919379506       -0.44613845333664
H           -2.08923867125012       -1.59914678530480       -1.17339738753352
C           -2.57392342500755       -1.94936800601442        0.76264066007191
O           -3.22451879456536       -1.65023688778337        1.75599054769689
C           -1.41233740116315       -2.94481053389458        0.80698253201195
H           -1.48196076558028       -3.62559711944927       -0.04550257264207
H           -1.44712911657331       -3.50332805377920        1.74055176090516
N           -0.14648449517849       -2.23662394056208        0.73074372667679
H            0.33582737665967       -2.05025976775206        1.59434257317574
C            0.32763523825625       -1.72894961510450       -0.42292262070922
O           -0.26385155301421       -1.85213362734870       -1.48412123964145
C            1.61925679996480       -0.93710923420373       -0.29828971745409
N            2.48641728668207       -1.28958694859255       -1.39640762685228
H            3.26855380583156       -0.64477856041523       -1.45083284903639
H            1.96525881648241       -1.23535004627292       -2.26580349807365
H            2.13399103589905       -1.19319391918094        0.63652311494508
C            1.19444150614908        0.56161418422496       -0.25136044829235
H            0.67122177938322        0.80223751327281       -1.17871294026303
H            0.50908601803284        0.70712608003817        0.58554305351636
C            2.39995375167678        1.43538150689433       -0.07242599729708
C            3.02562696386443        2.03287991261590       -1.15966872150905
H            2.60635176797076        1.91105695976063       -2.14732215645101
C            4.16684185356687        2.79635195290118       -0.98125091810710
H            4.64489644750582        3.25838415580656       -1.83253904692220
C            4.69232461025880        2.97404198837662        0.28633541134743
H            5.57984808922938        3.57062029050380        0.42595471351573
C            4.07360226733345        2.38140293592511        1.37525713278682
H            4.48032456225754        2.52361211411619        2.36586716770525
C            2.94002617223562        1.61417013470093        1.19576314987155
H            2.44878555841886        1.14282353226421        2.04212530947287
37
 energy: -61.557164283291 gnorm: 0.005632149521 xtb: 6.7.1-6.fc44.fc44
O           -3.10497984024723        1.89852770408770       -0.74993448419269
C           -3.37284115113243        0.94566643564024       -0.07553306761497
O           -3.31781063121440        0.96624518628683        1.24840830388135
H           -3.48867847699883        0.07655414664559        1.65116199650177
C           -3.79455558349449       -0.41206347279179       -0.67386185922116
H           -3.95173777022845       -0.29867498103534       -1.74501877753379
H           -4.72237382225734       -0.73274374130327       -0.18779316934158
N           -2.77783755110580       -1.41830256983239       -0.44533074923554
H           -2.09222172106123       -1.60763799161316       -1.17556999514833
C           -2.57254251437072       -1.95028004578313        0.76240313073026
O           -3.22228929608511       -1.64997782259231        1.75733968073105
C           -1.41230396159112       -2.94672132088541        0.80654256520735
H           -1.47926432614804       -3.63014119847037       -0.04503204007899
H           -1.45131243084611       -3.50547685871818        1.73990847436505
N           -0.14709110547966       -2.23744953329182        0.73295930099471
H            0.32810334522482       -2.04003941846235        1.59875114747534
C            0.32893187911608       -1.73255714309425       -0.42155357051452
O           -0.26221343028310       -1.85651267175805       -1.48138474304810
C            1.61743750927614       -0.93686727403949       -0.29849211717098
N            2.48493566748604       -1.28830742894538       -1.39824545174710
H            3.26337448530636       -0.63960557841539       -1.46086974430771
H            1.95952904350552       -1.24215148827312       -2.26528565474124
H            2.13857802961831       -1.18420698816642        0.63460365393979
C            1.19184901823463        0.56231044328430       -0.25423747539655
H            0.67648858399459        0.80338398910112       -1.18569793505578
H            0.50043108509960        0.71090867760189        0.57747134965168
C            2.39788837999118        1.43472100748151       -0.07060667292744
C            3.02524028433518        2.02872896494400       -1.15807636485954
H            2.60847884501870        1.90824218043101       -2.14759414833376
C            4.16536545285125        2.79419893353364       -0.98019263132843
H            4.64308470975012        3.25511806112235       -1.83258557161876
C            4.69326684859965        2.97093218246380        0.28762477509835
H            5.58097556368778        3.56901310624639        0.42701943356403
C            4.07339283647286        2.38029543300225        1.37655606729003
H            4.47793928145657        2.52512342675537        2.36630033861071
C            2.93710617344090        1.61525188394951        1.19867005752140
H            2.45301336823078        1.15360450298155        2.05160530032681
37
 energy: -61.557243654418 gnorm: 0.003820518877 xtb: 6.7.1-6.fc44.fc44
O           -3.11634255815090        1.90561370684587       -0.74424062241872
C           -3.37362019122355        0.94902358423662       -0.07125822394304
O           -3.30995275541373        0.96321794879214        1.25046255038624
H           -3.47714924298964        0.07064069172839        1.64705722869407
C           -3.78914571638716       -0.40861822420357       -0.67637125353775
H           -3.93889772290790       -0.29309028082242       -1.74958296831961
H           -4.72348026251901       -0.72942524204781       -0.19971794116439
N           -2.77576261842989       -1.42009228701470       -0.44408833732233
H           -2.09263568210389       -1.61302156929748       -1.17631637856491
C           -2.57043286504028       -1.95231367576344        0.76354869084559
O           -3.22079200171629       -1.65224784560124        1.75849050133477
C           -1.41198237816782       -2.94973759123732        0.80770427170222
H           -1.47716595614185       -3.63114331985616       -0.04553671906210
H           -1.45563557392860       -3.50970998124085        1.74078059842693
N           -0.14791657738944       -2.23796369434653        0.73715547474510
H            0.32252583215003       -2.03250999552768        1.60340083768670
C            0.32929028258498       -1.73493169493099       -0.41895629177385
O           -0.25982831937111       -1.86872009779630       -1.47962071301408
C            1.61601805944101       -0.93655534251339       -0.29906772299211
N            2.48096231753229       -1.28535852085120       -1.40207211910066
H            3.25138697219167       -0.62930772315949       -1.47047591348686
H            1.95108074526066       -1.24880041288372       -2.26790366407822
H            2.14351475238849       -1.17772756805883        0.63186667393155
C            1.18965025457758        0.56260430248107       -0.25436949042345
H            0.68102680648873        0.80581322480201       -1.18934778216280
H            0.48885840783524        0.71099365865510        0.57045965110797
C            2.39590422966312        1.43408027972429       -0.06657966148634
C            3.02516500294436        2.02566375212026       -1.15440612707692
H            2.61153155882589        1.90319600270226       -2.14578471990674
C            4.16564924901321        2.79062930699809       -0.97872194815673
H            4.64159418681534        3.24974023618887       -1.83323882911198
C            4.69284758046128        2.97014765178999        0.28752725263142
H            5.58104841157577        3.56877270894921        0.42533706602893
C            4.07422391173614        2.38196023288166        1.37841599355966
H            4.47950744395634        2.52663727687081        2.36774865490015
C            2.93669125329861        1.61665122853670        1.20178955396020
H            2.45761994129333        1.16499801093716        2.06034177963484
37
 energy: -61.557271317912 gnorm: 0.003057422721 xtb: 6.7.1-6.fc44.fc44
O           -3.12276210262941        1.90962081178308       -0.74344660171102
C           -3.37366019280239        0.95090437953690       -0.07100779963239
O           -3.31058968329834        0.96384243875424        1.25238785463979
H           -3.47277562617686        0.06862282141227        1.64561280394123
C           -3.78561652329069       -0.40636796695551       -0.67845580836782
H           -3.93131310615326       -0.29095645598626       -1.75214477811903
H           -4.72290171156338       -0.72722136510832       -0.20671469878140
N           -2.77379703857223       -1.42000355950012       -0.44377117992360
H           -2.09022839275903       -1.61343192058303       -1.17514493301414
C           -2.56944394718049       -1.95372899445904        0.76425595544170
O           -3.21885231917876       -1.65245572595644        1.75872790960352
C           -1.41141757427776       -2.95134965018710        0.80861002545416
H           -1.47518977040443       -3.63050862968661       -0.04598775625764
H           -1.45739893185874       -3.51340888655976        1.74031426073800
N           -0.14778207770811       -2.23920906505449        0.73944966727731
H            0.32228474799013       -2.03297797866103        1.60547555270036
C            0.33079086538238       -1.73744453540236       -0.41687642593627
O           -0.25750820249049       -1.87220354947569       -1.47690928548217
C            1.61550558913706       -0.93588264048391       -0.29895592857156
N            2.47712296839577       -1.28257119080283       -1.40446139819055
H            3.24617571988419       -0.62320403149642       -1.47726149617656
H            1.94497597135283       -1.25246259618473       -2.26996732230470
H            2.14490514222008       -1.17744332557746        0.63036376089349
C            1.18876266065064        0.56300008475299       -0.25218542976769
H            0.68134667500063        0.80716726759643       -1.18807287358683
H            0.48339836358515        0.70908137047526        0.56940249494441
C            2.39457995144095        1.43474303007670       -0.06312401197196
C            3.02351909582191        2.02458126292200       -1.15237655332173
H            2.61115014613893        1.89842646774734       -2.14381406268498
C            4.16480421846631        2.78865875638611       -0.97900370246151
H            4.63958880838992        3.24584458192720       -1.83502201622670
C            4.69355043292851        2.96941551653324        0.28664888070977
H            5.58225169779528        3.56750388774754        0.42306878998666
C            4.07524142359718        2.38349249647718        1.37902347520290
H            4.48199791639354        2.52664093588999        2.36846467899757
C            2.93613082981836        1.61954733966668        1.20400089985897
H            2.45851075410763        1.17084735652334        2.06332640457313
37
 energy: -61.557289186556 gnorm: 0.002408535992 xtb: 6.7.1-6.fc44.fc44
O           -3.12942304999997        1.91300006815997       -0.74293168716582
C           -3.37550565000245        0.95287035308364       -0.07090364733634
O           -3.30901297732015        0.96347039160357        1.25200773721010
H           -3.46954767004026        0.06747005231006        1.64420465351821
C           -3.78323946360335       -0.40435994960018       -0.67922525743240
H           -3.92543448395931       -0.28936106029913       -1.75298250401705
H           -4.72217222823671       -0.72563795007010       -0.21133853461108
N           -2.77202301737356       -1.41856156416915       -0.44287028426488
H           -2.08746898449727       -1.61146867406069       -1.17321726636908
C           -2.56895694535365       -1.95403645492586        0.76507049946436
O           -3.21778626595520       -1.65242869366014        1.75937236966278
C           -1.41079019609901       -2.95179460081687        0.80833427855235
H           -1.47256013708842       -3.62989993488638       -0.04744745433272
H           -1.45702536098773       -3.51605768143642        1.73887058438139
N           -0.14786772378913       -2.23885168561626        0.74022356909574
H            0.32324506719802       -2.03388344622818        1.60590083539987
C            0.33088392756776       -1.73793648595465       -0.41641125085739
O           -0.25624401069561       -1.87678691860178       -1.47681534009053
C            1.61495378018331       -0.93555863962261       -0.29864506664426
N            2.47745178759527       -1.27935292509675       -1.40579585523045
H            3.24242993948854       -0.61698907179480       -1.47840584280754
H            1.94507177590318       -1.25383905169903       -2.27119564937369
H            2.14404551808475       -1.17982187689563        0.62997745385680
C            1.18760194724193        0.56308201302486       -0.24919464659745
H            0.67951596757144        0.80725348714471       -1.18487165984716
H            0.48050656638308        0.70667368899581        0.57129970706446
C            2.39286624855716        1.43538228118023       -0.06047458087388
C            3.02175228107856        2.02259678202962       -1.15136359656593
H            2.60895561135346        1.89356510778329       -2.14226213648195
C            4.16339490531718        2.78678858425000       -0.98007655055583
H            4.63744917304575        3.24206987360775       -1.83729247023059
C            4.69434654805349        2.96805312981693        0.28498782479897
H            5.58381302286884        3.56494549688710        0.42036628378209
C            4.07578607787079        2.38452149898872        1.37858862007788
H            4.48399963994093        2.52616324091271        2.36836869111194
C            2.93512702744383        1.62233769299378        1.20545173602569
H            2.45721813040751        1.17549166074922        2.06512579015610
37
 energy: -61.557307366502 gnorm: 0.002701792912 xtb: 6.7.1-6.fc44.fc44
O           -3.14010342692201        1.91790587181332       -0.74162880543061
C           -3.37789964370699        0.95466216688801       -0.07044410429797
O           -3.30746935555953        0.96379534917583        1.25144495240226
H           -3.46572856932705        0.06706723375054        1.64365147024973
C           -3.78015105132577       -0.40261282261161       -0.68035649126267
H           -3.91807185256921       -0.28756177498612       -1.75413874927127
H           -4.72039565447809       -0.72485964018439       -0.21698417179895
N           -2.76903488460757       -1.41629181876554       -0.44243845835709
H           -2.08362912832642       -1.60870065026692       -1.17197381152955
C           -2.56726410564727       -1.95343589516758        0.76508897156130
O           -3.21613219256377       -1.65227648881362        1.75933916384998
C           -1.40919246751248       -2.95176938030541        0.80718804203665
H           -1.47103290597417       -3.62708873432629       -0.05077207920405
H           -1.45534561582092       -3.51836675122709        1.73656965136916
N           -0.14668239489847       -2.23842180774761        0.74063912387165
H            0.32525999447860       -2.03496344380475        1.60630943815607
C            0.33258645043394       -1.73931417864782       -0.41639289906729
O           -0.25417106869941       -1.87971051328500       -1.47681411116012
C            1.61561458486508       -0.93508740549335       -0.29751304130982
N            2.47716350446548       -1.27582163335775       -1.40571097083815
H            3.23873550688042       -0.60923339095789       -1.48222759101538
H            1.94262223621837       -1.25738823908093       -2.27012264949512
H            2.14465688153420       -1.18315069692327        0.63022662719537
C            1.18574667457862        0.56257291667340       -0.24461461988233
H            0.67525750508885        0.80673662305630       -1.17916317723369
H            0.47940035430624        0.70312438145283        0.57686430161388
C            2.39022087207346        1.43591174121533       -0.05773358913533
C            3.01950914365046        2.02011062133367       -1.15036888487130
H            2.60491200342951        1.88872828478158       -2.14032093117564
C            4.16244657972271        2.78288493076337       -0.98163429570420
H            4.63641925517114        3.23564825376274       -1.84007902423336
C            4.69435595928705        2.96609475624023        0.28241983831799
H            5.58506728101950        3.56098972887638        0.41621618103681
C            4.07535912825607        2.38591926269670        1.37749763579118
H            4.48485845532500        2.52657173994685        2.36765738015882
C            2.93337096570064        1.62520520398500        1.20702440529430
H            2.45409775960673        1.18123493762817        2.06772462584139
37
 energy: -61.557325434632 gnorm: 0.002200469742 xtb: 6.7.1-6.fc44.fc44
O           -3.15304624162960        1.92479223226944       -0.73726922471836
C           -3.38030224932980        0.95713919763474       -0.06914905671978
O           -3.30573037183843        0.96296884528339        1.25286750546670
H           -3.46235046133148        0.06558714846794        1.64471603475975
C           -3.77576010576816       -0.40029289553600       -0.68258451357833
H           -3.90751249026376       -0.28392147184945       -1.75673948041617
H           -4.71794569544577       -0.72393249413519       -0.22547355669741
N           -2.76493469847223       -1.41307828383967       -0.44241029017685
H           -2.07880347243999       -1.60607113983535       -1.17117164238128
C           -2.56541687452768       -1.95237655136891        0.76432839521154
O           -3.21488877923072       -1.65254555214613        1.75878321483851
C           -1.40767521395554       -2.95135644636818        0.80546957727836
H           -1.46925338045097       -3.62396747503285       -0.05463780063534
H           -1.45385638723769       -3.52087622217411        1.73306169254551
N           -0.14561789859196       -2.23745272157114        0.74145799393887
H            0.32629133050444       -2.03532059281608        1.60754986183119
C            0.33480252590807       -1.74055294501753       -0.41561815830261
O           -0.25061641451343       -1.88158007487216       -1.47691441273366
C            1.61722825938355       -0.93529863250323       -0.29634687326848
N            2.47911066952402       -1.27082620423684       -1.40556346090628
H            3.23380239143013       -0.59769405396663       -1.48608359348279
H            1.94183389654157       -1.26145256592569       -2.26814747696690
H            2.14675599845320       -1.18744243262764        0.63039809144647
C            1.18334258098056        0.56109585444837       -0.23874894067411
H            0.66866379335448        0.80571277535512       -1.17111205757177
H            0.48067739472838        0.69841531111876        0.58615685888325
C            2.38693690976113        1.43591776449071       -0.05514584438501
C            3.01578310953446        2.01656024459791       -1.15001666085359
H            2.59862646971354        1.88280609906887       -2.13861170716445
C            4.16060250547618        2.77708271311557       -0.98449419961605
H            4.63546796988034        3.22586353799503       -1.84465159213880
C            4.69416463399584        2.96251196059535        0.27866136618703
H            5.58645043446453        3.55533962576730        0.40998210981797
C            4.07419117453173        2.38770357852199        1.37582757506740
H            4.48383867317998        2.52932920011029        2.36618017897718
C            2.93066170658352        1.62848535405237        1.20895855921095
H            2.44983508525043        1.18783605101693        2.07092088039987
37
 energy: -61.557336692465 gnorm: 0.001810147849 xtb: 6.7.1-6.fc44.fc44
O           -3.16379821590778        1.93109777238159       -0.73250037895931
C           -3.38217776793338        0.95969965916254       -0.06721796461772
O           -3.30353351941345        0.96148285758688        1.25423344571453
H           -3.45954553130303        0.06344711376863        1.64478073364404
C           -3.77217598877330       -0.39814245559028       -0.68448041669537
H           -3.89893665488940       -0.27937845610734       -1.75928788235923
H           -4.71627645610317       -0.72316117810797       -0.23255423246989
N           -2.76158976910724       -1.41048266412627       -0.44266880818354
H           -2.07570980779283       -1.60498805180874       -1.17140166838824
C           -2.56398791871521       -1.95164655017042        0.76312909435752
O           -3.21449507028878       -1.65349653373507        1.75760670020810
C           -1.40667842314790       -2.95106632691515        0.80348446117790
H           -1.46710273320278       -3.62310999417367       -0.05733662840033
H           -1.45339197863561       -3.52211127465854        1.73002079581841
N           -0.14460359898088       -2.23692524002316        0.74175961482159
H            0.32597137593171       -2.03447476636459        1.60847427665414
C            0.33736979753332       -1.74191524280546       -0.41524058009017
O           -0.24766376390774       -1.88288942275321       -1.47687608173900
C            1.61905968436838       -0.93570858917685       -0.29481196049902
N            2.48014911252379       -1.26726128594188       -1.40512624011985
H            3.22932170050281       -0.58793137477225       -1.49112943939940
H            1.93950162920338       -1.26602206316431       -2.26563730797320
H            2.15006834849286       -1.18932200880837        0.63127150141677
C            1.18154004661330        0.55965050192132       -0.23353868964866
H            0.66285534242758        0.80420995968055       -1.16346769501931
H            0.48338893747528        0.69486485781119        0.59547901074233
C            2.38450510865601        1.43592887994055       -0.05329049521098
C            3.01343234060720        2.01265286431370       -1.15010349754521
H            2.59409417167006        1.87819162216937       -2.13779268746582
C            4.15942240461195        2.77188293823371       -0.98698615830622
H            4.63473347102467        3.21785821783102       -1.84832271168255
C            4.69361128813662        2.95962904161378        0.27559238252148
H            5.58721670179208        3.55127373866146        0.40463330648411
C            4.07306946185189        2.38957057561767        1.37472614323829
H            4.48175011301389        2.53404511155893        2.36486545575818
C            2.92867575344177        1.63107414924670        1.21058159749206
H            2.44728718637676        1.19258235579115        2.07356235719602
37
 energy: -61.557343319412 gnorm: 0.001713400356 xtb: 6.7.1-6.fc44.fc44
O           -3.17508807524462        1.93798003386946       -0.72704795350851
C           -3.38359402608291        0.96232498052889       -0.06457567253377
O           -3.30300409512955        0.96031464180354        1.25713377654943
H           -3.45656757077416        0.06040095299009        1.64479077775025
C           -3.76851241061894       -0.39591942033941       -0.68684000761933
H           -3.89122386716763       -0.27332850591588       -1.76225920660965
H           -4.71444065213547       -0.72262376610518       -0.23953162421171
N           -2.75805053102613       -1.40803732686047       -0.44387193773505
H           -2.07314447809765       -1.60487736922244       -1.17307562120844
C           -2.56290482327560       -1.95179298508741        0.76097456745296
O           -3.21528037036164       -1.65578669063476        1.75524159652508
C           -1.40636939942967       -2.95162696897279        0.80198269402367
H           -1.46714951008963       -3.62202653199135       -0.05970842700423
H           -1.45437971944773       -3.52298490176889        1.72814337059672
N           -0.14407116748895       -2.23752863294340        0.74235101432993
H            0.32405641649339       -2.03331363245072        1.60996384687953
C            0.33993113207796       -1.74366144668313       -0.41422414062723
O           -0.24379904112984       -1.88496039467931       -1.47663268429791
C            1.62094483680992       -0.93722826417455       -0.29364094698689
N            2.48166566600544       -1.26347038368530       -1.40603716946892
H            3.22441748659306       -0.57869895908497       -1.49556495803697
H            1.93801948869815       -1.26913900084424       -2.26403316018851
H            2.15408596527660       -1.19059756704796        0.63179989984867
C            1.18038489784850        0.55755850972743       -0.22771945757345
H            0.65631464945070        0.80305598383137       -1.15407589217699
H            0.48855415146166        0.69077271471250        0.60696662638836
C            2.38337926050812        1.43470146818139       -0.05167706677312
C            3.01115635033222        2.00884931513794       -1.15029207885149
H            2.59062683813422        1.87380158095840       -2.13725132568047
C            4.15843118120915        2.76658086542929       -0.98953701228462
H            4.63463263902631        3.20912697164465       -1.85223916979750
C            4.69259933963966        2.95807730688916        0.27235223374835
H            5.58728041815963        3.54923395584863        0.39841377291918
C            4.07233677193943        2.39249839186741        1.37363857030543
H            4.47941270645168        2.54178550411830        2.36293853210004
C            2.92832750692944        1.63299061752027        1.21176093703137
H            2.44637881260761        1.19665769152062        2.07581264919817
37
 energy: -61.557346976125 gnorm: 0.001800937823 xtb: 6.7.1-6.fc44.fc44
O           -3.17480737392308        1.93796368563181       -0.72585995251062
C           -3.38478191062483        0.96317576857179       -0.06420405106833
O           -3.30262877438547        0.95904777328122        1.25710086690228
H           -3.45721077872593        0.05903615900675        1.64331165186619
C           -3.76855218989863       -0.39515564716872       -0.68741111555002
H           -3.89154335664083       -0.27141927148255       -1.76272923035243
H           -4.71461252584955       -0.72248096481813       -0.24009704254742
N           -2.75773861956930       -1.40719846498768       -0.44442349402875
H           -2.07300199343775       -1.60431954633831       -1.17359337062830
C           -2.56360465016371       -1.95203954312612        0.76026639400960
O           -3.21659323087391       -1.65622133567205        1.75388072995933
C           -1.40722308276604       -2.95208826732607        0.80184327741266
H           -1.46631543329725       -3.62450217769397       -0.05885902085030
H           -1.45604372672792       -3.52245962534207        1.72849218428963
N           -0.14437582581025       -2.23871693244452        0.74216282685885
H            0.32289299712699       -2.03380994435555        1.61002203303232
C            0.34058275303857       -1.74445177415235       -0.41403561268018
O           -0.24265857174858       -1.88575202272240       -1.47660384819721
C            1.62149295206250       -0.93790104253444       -0.29349165365794
N            2.48031157628876       -1.26396343062403       -1.40673873893795
H            3.22342789458086       -0.57890385612643       -1.49782994207815
H            1.93556675991132       -1.26996425033827       -2.26403312253370
H            2.15536837144327       -1.19029582668760        0.63163917226955
C            1.18121037612892        0.55706138073144       -0.22582588033519
H            0.65514577536438        0.80378213238998       -1.15055432999368
H            0.49119157036681        0.68936178942517        0.61054561027413
C            2.38428163814157        1.43446564551069       -0.05103362316079
C            3.01150107298919        2.00800926852059       -1.15023862512829
H            2.59162894423502        1.87259266128079       -2.13724056367394
C            4.15805170425168        2.76711589209271       -0.98988836011556
H            4.63401377681601        3.20905867128287       -1.85297168757762
C            4.69276915804763        2.95929041324555        0.27188559838675
H            5.58704586424726        3.55135185030371        0.39721840125573
C            4.07310837438815        2.39402705955640        1.37378746274936
H            4.48004067509410        2.54527369251156        2.36248762100200
C            2.92962084828797        1.63377796946750        1.21200256195429
H            2.44779573978481        1.19636084921791        2.07544622585601
37
 energy: -61.557349633736 gnorm: 0.000986061924 xtb: 6.7.1-6.fc44.fc44
O           -3.17737116585328        1.93874808919768       -0.72703513616228
C           -3.38551295965130        0.96323940844486       -0.06422570197326
O           -3.30461873706079        0.95993280107051        1.25700658998369
H           -3.45711495487628        0.05911005367126        1.64279055872676
C           -3.76861620413724       -0.39503037154279       -0.68730591095355
H           -3.89302977687715       -0.27116949793910       -1.76211881106475
H           -4.71408156785303       -0.72295296806483       -0.23911572691100
N           -2.75718598065822       -1.40674648160900       -0.44492758698518
H           -2.07287870047174       -1.60351580914434       -1.17431816932938
C           -2.56368828726501       -1.95215945173232        0.75971549969309
O           -3.21700056883183       -1.65606832648236        1.75286246750526
C           -1.40752355393624       -2.95248549646252        0.80181474755943
H           -1.46679261963563       -3.62562222874024       -0.05804545433042
H           -1.45685362902054       -3.52216139253703        1.72895061797245
N           -0.14432436668794       -2.23982242164631        0.74162441816511
H            0.32277793986843       -2.03437572118618        1.60939723254176
C            0.34069651166952       -1.74509848511555       -0.41462693052229
O           -0.24206186839789       -1.88787843402012       -1.47727166908326
C            1.62151316977552       -0.93846345211260       -0.29362282487507
N            2.47934182095488       -1.26475919659517       -1.40780511017615
H            3.22264643086360       -0.58010198754300       -1.49881838436628
H            1.93398622560383       -1.27011157635610       -2.26473374504542
H            2.15541905219367       -1.19066231290087        0.63113931438127
C            1.18210386447012        0.55680370313280       -0.22455159269911
H            0.65544879483071        0.80461454797132       -1.14854176359939
H            0.49182997616274        0.68799991582345        0.61175615741034
C            2.38519949555199        1.43420731211615       -0.04988221550657
C            3.01241185120158        2.00727610298121       -1.14950698311966
H            2.59289902950548        1.87152955084687       -2.13667012168720
C            4.15841723370524        2.76742224774324       -0.98982659045686
H            4.63321176872670        3.20979851006964       -1.85303847431506
C            4.69300765765345        2.96081642620034        0.27170028119590
H            5.58668160378308        3.55370632184384        0.39679398196582
C            4.07406862639793        2.39509152170092        1.37401904037702
H            4.48208129304888        2.54680081977174        2.36227305853518
C            2.93082019078800        1.63452546858179        1.21261501027796
H            2.44944918261148        1.19667154865001        2.07595927934340
