34
 energy: -55.591325709696 gnorm: 1.759521361835 xtb: 6.7.1-6.fc44.fc44
O           -4.57009933544831        2.13114673961514       -1.19703113191683
C           -3.89233908433451        2.45692978083746       -2.05058557075643
O           -4.12135252159567        3.03970151908563       -2.92992236965280
H           -4.06692230485519        1.36330332506528       -0.42755596996767
C           -2.93557555949745        1.39833331254424       -2.36267363600304
H           -2.43750280952943        1.24101137418068       -3.64522915944978
H           -3.47085968445857        0.17561216465154       -2.19439621024828
N           -1.72225751835715        1.19163469484592       -1.62601837478906
H           -0.77751396620288        1.44748982834621       -1.76047792102065
C           -2.01501521140549        0.54963722365985       -0.25162407098986
O           -2.95364685079190        0.32539361323792        0.05565546128229
C           -0.68404588149763        0.44036183433137        0.49753861032847
H            0.09593536262990        0.77815257655000        0.01083093342183
N           -0.78061249829834        0.70217215313317        1.76541670243501
H           -0.12649903957995        0.33837602530141        2.33682878439053
H           -1.72034608302982        0.43212903246515        2.26273941074916
C           -0.22108110880760       -1.16208728741250        0.14254228171951
H           -0.30443610384867       -1.45638764308526       -0.79948379920555
H           -1.03123485564967       -1.90595812204891        0.69492846100543
C            1.03090699296118       -1.34322363589125        1.13463805803493
C            1.00368518287077       -2.07349330128368        2.23661592958946
H            0.43519986308182       -2.30450809927313        2.89869680346309
N            2.38917004923980       -1.95770987232096        2.54705629398560
H            2.99129154384361       -2.42657514505774        3.39628612007783
C            3.04600300379050       -1.53022361147560        1.74373592422860
C            4.71095527780005       -1.57237670372932        1.32872767132895
H            5.24582964014952       -1.72016365419671        2.06169103039734
C            5.12136786455696       -0.97095497594364        0.08040508173501
H            6.30613360695768       -0.64630798405537        0.04234212487174
C            4.26711372382965       -0.40402099783983       -1.04361669160397
H            4.58572068129270       -0.22236009800690       -1.70517440063540
C            2.66785022129925       -0.66343819350470       -0.81101734838700
H            2.10092993318157       -0.46120746049155       -1.44975499749459
C            2.16359449379123       -1.37213586811868        0.40827431156430
34
 energy: -56.187751948680 gnorm: 0.581720342488 xtb: 6.7.1-6.fc44.fc44
O           -4.58948462891925        2.11880589195046       -1.12974579872743
C           -3.88000835481036        2.42105613716318       -2.06837803523536
O           -4.13431914801833        3.09765985083454       -2.97959898711852
H           -4.07986834555413        1.36892916137374       -0.43554810362113
C           -2.90110093462821        1.35079427285468       -2.38533337695509
H           -2.45264589243703        1.24903592789999       -3.62249173250943
H           -3.46730842973088        0.19887323920582       -2.20043209182317
N           -1.71876318858640        1.18402016660391       -1.60529591780310
H           -0.77646782059819        1.45100733918436       -1.76505706290098
C           -1.94953079446349        0.57363005437120       -0.28206865545389
O           -3.03106326613786        0.30951363978966        0.08001208022495
C           -0.68584792299268        0.41303609445925        0.48173709528927
H            0.11894018548462        0.79694336435109       -0.00225168021297
N           -0.80176486766238        0.71005527828319        1.78408481861198
H           -0.11224627133894        0.33401170014889        2.35274452675679
H           -1.71409243894880        0.43373894749434        2.25581849008971
C           -0.24300263401502       -1.16877553510676        0.18074054538206
H           -0.29676777582785       -1.45662328602857       -0.81265225570975
H           -1.02767942000055       -1.89614382841228        0.68926026808018
C            1.00793042641813       -1.35552450025000        1.09124919345266
C            1.02840294177835       -2.06073492784612        2.23040994711988
H            0.40187286056067       -2.31736714602526        2.93593135329459
N            2.38970904453661       -1.98054110944475        2.58043489217691
H            2.97426288805481       -2.42382967211521        3.39496617701291
C            3.10565418720687       -1.52251921364974        1.66899870479704
C            4.67416334522330       -1.55108020082761        1.29907727396269
H            5.26556149049719       -1.72757331577973        2.08775978908196
C            5.11519293321040       -0.96307224411335        0.09470409594460
H            6.28244161975657       -0.65683753953434        0.04049690733303
C            4.20971918603868       -0.45103027742131       -0.93335539654393
H            4.62391047428258       -0.19111075220277       -1.80047488790252
C            2.71644800318197       -0.67924575567284       -0.76588991634232
H            2.07475357243837       -0.44864900381178       -1.48668973070710
C            2.20334600008920       -1.34220021361068        0.41722581344368
34
 energy: -56.398750332808 gnorm: 0.257592979784 xtb: 6.7.1-6.fc44.fc44
O           -4.58056586664044        2.12467140481071       -1.07068911569357
C           -3.88266345465382        2.36012698666817       -2.11203007789799
O           -4.14264039500011        3.13894925823737       -2.98903369180407
H           -4.09683604784572        1.37765822995183       -0.45711279204205
C           -2.87028463182741        1.27885818118353       -2.42691616324839
H           -2.48522145303306        1.26355884821159       -3.55985969212374
H           -3.45108917734081        0.24948493605614       -2.22093969510225
N           -1.72670404727238        1.16477448201294       -1.56404218715375
H           -0.78359052236142        1.45201829103479       -1.76418418786470
C           -1.93137008643116        0.59866404185674       -0.30785181110205
O           -3.04067711649479        0.32120152722412        0.07487999428709
C           -0.69048386325026        0.36877920911379        0.46568767006057
H            0.13959239472061        0.82511826521257       -0.01156703760462
N           -0.82336751293862        0.71387726970394        1.80299578236491
H           -0.09691201657584        0.33286541076967        2.36981728775224
H           -1.70739836952201        0.43544073142347        2.24145060605219
C           -0.27805233843332       -1.18904365135707        0.22644642208089
H           -0.27785100875580       -1.44819472354980       -0.81625070405572
H           -1.03144334567569       -1.87627834156103        0.68299316709368
C            0.98631527157808       -1.39593681844076        1.02716318764787
C            1.06952879917481       -2.03434405306775        2.23385084869468
H            0.39094553299381       -2.31928099664723        2.95951057264118
N            2.42541283356440       -1.99583218863084        2.57808019624488
H            2.94476734275539       -2.41213458616084        3.37653913892410
C            3.16819951914036       -1.54994210806399        1.58572762421976
C            4.61534838617089       -1.50942530316786        1.29769162934633
H            5.26676807735698       -1.73618772992263        2.09594998849457
C            5.08356223951518       -0.93913338542376        0.11459049261705
H            6.21923358268076       -0.68450141216841        0.03532372402203
C            4.17248359993988       -0.49951437245718       -0.89969560910274
H            4.60267899927546       -0.18860869803995       -1.78665807430196
C            2.78057436653374       -0.68528951566264       -0.74104664726783
H            2.08939162763230       -0.44531741016755       -1.49317355279731
C            2.27269570510797       -1.27882923486685        0.44274104910688
34
 energy: -56.461644953689 gnorm: 0.082545783844 xtb: 6.7.1-6.fc44.fc44
O           -4.56099443013337        2.13506185467533       -1.03263492323540
C           -3.88591809207773        2.31708473451311       -2.14809296725349
O           -4.14953382193059        3.15574404155692       -2.98474251827404
H           -4.11848545882498        1.40311243408222       -0.47867769598850
C           -2.86017921226277        1.21858160049881       -2.45525708045403
H           -2.51772105134384        1.26135229750016       -3.46522358249770
H           -3.41007919728730        0.29343965907714       -2.27646690275120
N           -1.73827117991836        1.15390982291226       -1.53179083548968
H           -0.80196148289563        1.45538391325864       -1.77881871634240
C           -1.92282490010775        0.61246042534245       -0.32721555063669
O           -3.04974973522492        0.32757079247057        0.07847707339955
C           -0.68032973918285        0.32037069450243        0.45563894604875
H            0.15821065307462        0.85001247034097       -0.00528986629647
N           -0.83143731784983        0.71816563073014        1.81572595858039
H           -0.08407257667137        0.33610032566474        2.38133276456288
H           -1.70937117719229        0.43051994382953        2.22133926719196
C           -0.29810650436881       -1.20414568936655        0.26071155754244
H           -0.25201815016572       -1.43340388223905       -0.81227639846742
H           -1.05126182743634       -1.85123848762812        0.68639870822855
C            0.97983431568974       -1.43897095764933        0.98135762345671
C            1.11752534999334       -2.00573656206499        2.23245165738708
H            0.39856083486541       -2.31593231379669        2.96009043745526
N            2.46017756838085       -2.00220147863091        2.56477330048711
H            2.91581545307590       -2.40376889652773        3.36230234746760
C            3.21098355990298       -1.56680893247509        1.51007538698646
C            4.56964900831600       -1.47233558294794        1.31612694241616
H            5.26711482947891       -1.74596031794658        2.10386075928128
C            5.05676220774620       -0.93045352077594        0.13706167627673
H            6.13564665684739       -0.71489561648117        0.03439483848175
C            4.15917193547939       -0.53695820438474       -0.87717555266695
H            4.60068599483464       -0.17023244957425       -1.78207731292740
C            2.81219634377336       -0.69819370803327       -0.72687209668333
H            2.09541182970379       -0.44302460640100       -1.49702402219924
C            2.31491633779985       -1.23635688991686        0.46790511940139
34
 energy: -56.469957616541 gnorm: 0.049938724417 xtb: 6.7.1-6.fc44.fc44
O           -4.54948715581060        2.16102226938336       -1.01372619193690
C           -3.89196125947370        2.29821852566968       -2.16102882016754
O           -4.14889870428031        3.14553331087686       -2.98187871812776
H           -4.14250909974845        1.40599432916645       -0.48380521978467
C           -2.87064578183673        1.18126971520621       -2.44930320711018
H           -2.50497132368405        1.32945717172174       -3.49527498139560
H           -3.43261466911470        0.24642839095822       -2.34627501386306
N           -1.74640145821419        1.13854105333239       -1.52826810596230
H           -0.82345591690197        1.45242515608052       -1.80650724220530
C           -1.91594589593673        0.61103862732822       -0.30813305684312
O           -3.04044628365376        0.32852109623183        0.11195602108780
C           -0.65784238870670        0.31474763523451        0.46518160350875
H            0.17936661138096        0.87484133310319        0.01543902571922
N           -0.82328448517692        0.72942394843917        1.82915569935663
H           -0.07643557096113        0.35111502673187        2.40217294956673
H           -1.71390695168938        0.41666217251265        2.20389213652843
C           -0.30886883659679       -1.20128081953811        0.27989395549201
H           -0.24135766011435       -1.41673087589763       -0.79651025751524
H           -1.11462497675982       -1.81076871190305        0.70072388144729
C            0.98418008498486       -1.46627107322585        0.96611377842944
C            1.13646841662976       -2.00254250623721        2.22401237145284
H            0.40823057930671       -2.31041420056247        2.95190369542271
N            2.47085703472681       -2.03983549253678        2.54405724255350
H            2.89135530075195       -2.41979327279796        3.37737521891793
C            3.21830131119617       -1.60849903054827        1.47984578381050
C            4.60427996363726       -1.43636327192363        1.35072916280061
H            5.30801634723096       -1.71339499135766        2.13151284274390
C            5.04626658248582       -0.90617392733122        0.16082163988192
H            6.10533684623371       -0.76365405329083        0.00902249875256
C            4.16504625532566       -0.55661006822443       -0.87460247530602
H            4.60655521448558       -0.17392251655588       -1.78122287736598
C            2.80184194693516       -0.69107251894308       -0.73348493337592
H            2.09558606222744       -0.43143622531161       -1.51442027003313
C            2.31231688520951       -1.21822366167610        0.46102020600806
34
 energy: -56.472489963751 gnorm: 0.034549812726 xtb: 6.7.1-6.fc44.fc44
O           -4.54991192286861        2.16818864906322       -1.01585438343290
C           -3.90233487282520        2.30267611158624       -2.16736213880162
O           -4.15584564129481        3.15634787815117       -2.97454983285661
H           -4.16036564466242        1.41457208658621       -0.48597320660393
C           -2.87013184868828        1.19080632969939       -2.45362738630820
H           -2.49906187665817        1.27653294936477       -3.46209173660209
H           -3.41050215133852        0.22541489233096       -2.42542697629637
N           -1.75567860568732        1.13670488049827       -1.52922933467833
H           -0.84339180794666        1.45089646021558       -1.82572226346494
C           -1.91138859995479        0.60810588757436       -0.29701307058321
O           -3.03111818908401        0.32463165097301        0.13346455756752
C           -0.64149895391235        0.32519772541609        0.47227072348330
H            0.19388686102968        0.90612153322768        0.03650394292170
N           -0.82047046623631        0.73980079243570        1.84040466596102
H           -0.07628711396262        0.36178635606641        2.41865077784400
H           -1.71725519288517        0.39626328330054        2.18751133063287
C           -0.30081113972387       -1.18383068773650        0.28922455772612
H           -0.22923519505700       -1.40046118617079       -0.78228707462534
H           -1.11600823923983       -1.78160691059511        0.71646154046096
C            0.99587568288076       -1.48909763901812        0.96258077683295
C            1.15351062393631       -2.00583977866594        2.21983335808848
H            0.41672349549009       -2.31884150294266        2.94066979276535
N            2.47951147482121       -2.05687086293927        2.54252123415251
H            2.87482656777322       -2.43296380257044        3.39264916615875
C            3.22004373592401       -1.60689225711552        1.48339007620594
C            4.58922537635805       -1.43796985679775        1.34052111376520
H            5.28247998787751       -1.72063836391416        2.12372564872312
C            5.03507980403178       -0.90652926091665        0.15511358166954
H            6.08870823661232       -0.78479756809178       -0.00196491050292
C            4.16398346583533       -0.54597212933666       -0.87185385498516
H            4.59862489248933       -0.14976687643584       -1.78212130644812
C            2.80340829825822       -0.69596829650129       -0.73320466306508
H            2.10842656746879       -0.42934507303953       -1.52143303262473
C            2.31732941532729       -1.21840286958662        0.46460666940806
34
 energy: -56.473547183952 gnorm: 0.030968287238 xtb: 6.7.1-6.fc44.fc44
O           -4.54831485539928        2.15120348877558       -1.02777029867277
C           -3.90837431138567        2.28294524123975       -2.18019999678608
O           -4.15591292499672        3.14703662636901       -2.97460819130445
H           -4.17310463732827        1.41059974329411       -0.48580648648194
C           -2.87088656551839        1.17526755827517       -2.47086269139967
H           -2.45307218509420        1.35054473797867       -3.46694220131971
H           -3.40187562348988        0.21933433576283       -2.40000323413292
N           -1.76823473306633        1.11870514368058       -1.53209980354812
H           -0.86485417224692        1.43904119530447       -1.83724952986944
C           -1.91120557719728        0.60251635885514       -0.29282339896052
O           -3.02384413596789        0.31436041071391        0.14628282102478
C           -0.63219157240315        0.33787721459402        0.47345525873240
H            0.19996615005372        0.92893677400570        0.04799993939062
N           -0.81824067332554        0.74908745811959        1.84558209014665
H           -0.07626487960204        0.36942817837363        2.42606093052542
H           -1.71266520463008        0.39009689546742        2.17857395111285
C           -0.29435627220918       -1.16982942508869        0.29262401165941
H           -0.22396306145834       -1.39442723457125       -0.77261144636681
H           -1.09492720635773       -1.76766001458938        0.72869723511870
C            0.99685226962080       -1.49650253126557        0.96585822942239
C            1.15938733018541       -2.00043846976138        2.22261063952754
H            0.41790670821627       -2.32098102032616        2.93623215371735
N            2.48407505503827       -2.06229912913703        2.54305377774737
H            2.86436969244328       -2.44177820462953        3.39316308969680
C            3.21639640206022       -1.59335058214213        1.48865652764573
C            4.57307438944581       -1.44600963710088        1.32830595365719
H            5.25527178886170       -1.73330962819465        2.11545922808801
C            5.03582798209785       -0.91668004838745        0.14422568070746
H            6.09314813442404       -0.79243509005998       -0.00866412496884
C            4.15703464906205       -0.54740172398494       -0.87245253463522
H            4.58024595643197       -0.14114070090201       -1.78734656134649
C            2.80116612470354       -0.70073099523936       -0.72776355107592
H            2.11646370931890       -0.42295079386591       -1.52004243233376
C            2.31144927380104       -1.22080358744845        0.47079330776950
34
 energy: -56.474322977882 gnorm: 0.015161978339 xtb: 6.7.1-6.fc44.fc44
O           -4.54362005306977        2.14378264859581       -1.03125665783725
C           -3.90343787515777        2.27981500790716       -2.17719296689566
O           -4.14439168798752        3.15210325740330       -2.96572333161444
H           -4.17719694164520        1.39634598636092       -0.48650223898178
C           -2.86199529133383        1.17816626682985       -2.47276808476292
H           -2.47379307890756        1.34398038649129       -3.47524316502070
H           -3.40384714554003        0.22676951142121       -2.43454168286114
N           -1.76538060209962        1.11477713125537       -1.52340611808870
H           -0.86318894324164        1.43736138611350       -1.82435009860548
C           -1.91086609577979        0.60021810331930       -0.29027480628528
O           -3.01865235088041        0.30794518851547        0.14931849085108
C           -0.63016091954239        0.34302100700930        0.47460535737975
H            0.19925232434507        0.93036054818601        0.05208035612416
N           -0.81605058042956        0.74866866262862        1.84799749410066
H           -0.07632966992409        0.36622744159660        2.42826609191702
H           -1.70607681081628        0.39558975981545        2.18303695786607
C           -0.29683479515673       -1.16977476191783        0.29095924219997
H           -0.22756359189896       -1.39737219112465       -0.77263510646997
H           -1.10244878146142       -1.76054535223517        0.72599131552326
C            0.98830969966588       -1.48803175829080        0.97086753230287
C            1.15206613953611       -1.99440910981961        2.22589408167933
H            0.41243678510255       -2.31837823531107        2.93670543919157
N            2.48250760366849       -2.06861284164506        2.53805023730710
H            2.86201171605514       -2.44691848511812        3.38644187591616
C            3.21123804314777       -1.59513202891138        1.48581504156459
C            4.58979265289039       -1.44250154455565        1.33504604994989
H            5.27038318612898       -1.72527010809314        2.12285397117462
C            5.04753374552605       -0.92044875685462        0.14252315734746
H            6.11115020355700       -0.78912753252878       -0.01381641707100
C            4.15372450365239       -0.55912776187753       -0.87489322537919
H            4.56811267997671       -0.15569900438813       -1.79247643932206
C            2.79233226783310       -0.69161406642257       -0.72390430688352
H            2.11417059594041       -0.40776688554706       -1.51723437716906
C            2.29716009193448       -1.21614932469318        0.47015467333995
34
 energy: -56.474539770227 gnorm: 0.010545890192 xtb: 6.7.1-6.fc44.fc44
O           -4.53913191940439        2.14505568932855       -1.02299934883297
C           -3.90228010586120        2.27942573524381       -2.17051552248752
O           -4.14223763484252        3.15417196020317       -2.95595818402785
H           -4.17614127487974        1.38805592959198       -0.48384639010803
C           -2.86317591717384        1.17705332011667       -2.47186423995454
H           -2.46277746419898        1.34549771296783       -3.47557909359850
H           -3.40389827642307        0.21775228432046       -2.46193767778815
N           -1.76499880363780        1.11198380340477       -1.52498273832615
H           -0.86280951561948        1.43857212234810       -1.82752294316315
C           -1.91170226703068        0.59852828571978       -0.29131512659512
O           -3.01647777201452        0.30230073785960        0.15015780675212
C           -0.63048961020192        0.34368642769133        0.47352855538024
H            0.19684893066865        0.93075734059384        0.05292762774100
N           -0.81737073845008        0.74720518681451        1.84742437827126
H           -0.07801553392599        0.36514202689160        2.42808410177473
H           -1.70752475596606        0.39566960441004        2.18386732322917
C           -0.29473442252846       -1.17034193444070        0.29218573152632
H           -0.22446309435774       -1.39600283159838       -0.77288767834052
H           -1.11758878448197       -1.75163967876549        0.72074190981582
C            0.99123542685866       -1.48419048502469        0.97323325378347
C            1.15518044363756       -1.99036473633988        2.23001944816337
H            0.41519012735501       -2.31667284595621        2.93807241159107
N            2.48627578356082       -2.06243349147263        2.54101359848542
H            2.86569138578219       -2.43530967934434        3.39471046902726
C            3.21415535261259       -1.58967960694805        1.48845082642616
C            4.58675504885943       -1.45490760875506        1.33000764235930
H            5.26953698046021       -1.74135626620119        2.11574419416371
C            5.03861657340334       -0.92878250590746        0.13955063113410
H            6.09875000094278       -0.79168020726288       -0.01079287476302
C            4.15300375973696       -0.55159704437539       -0.87438185340097
H            4.56489640752094       -0.15316374986479       -1.79300561976576
C            2.79261929773593       -0.68775597618118       -0.72492760429394
H            2.11603910689390       -0.40695730679202       -1.51948919629871
C            2.30137028905744       -1.20976966816090        0.47267452460765
34
 energy: -56.474661591448 gnorm: 0.006803725699 xtb: 6.7.1-6.fc44.fc44
O           -4.53217076311740        2.14558025184049       -1.01742237276029
C           -3.90228188929531        2.27750972812084       -2.17026575260334
O           -4.14486756987198        3.15209309687782       -2.95283848387475
H           -4.16986317933679        1.38978399797911       -0.48016789610661
C           -2.86382719854711        1.17550999739459       -2.47687885151317
H           -2.45660181926485        1.34322443930143       -3.47280634785680
H           -3.39444766861701        0.21570613401287       -2.45927340291523
N           -1.76622773415491        1.10931761448826       -1.52954066664509
H           -0.86460656777606        1.43849635542035       -1.83418134628115
C           -1.91297202077668        0.59886728415634       -0.29349811560355
O           -3.01516967897658        0.29839155707614        0.15030390263724
C           -0.63133453331629        0.34710918500942        0.47300297159823
H            0.19432772485717        0.93773436356874        0.05582382731775
N           -0.82104089919968        0.74815965829179        1.84798000374765
H           -0.08158918253911        0.36642528950743        2.42906786328538
H           -1.71219709813014        0.39300610681550        2.18254053956552
C           -0.29454469359612       -1.16609193371901        0.29309285972360
H           -0.22192319760309       -1.39006051258305       -0.77332190757800
H           -1.11034798819216       -1.75555049485081        0.71880553101481
C            0.99057580967494       -1.48429800250671        0.97460352770788
C            1.15465577113851       -1.99230517646922        2.23079498600457
H            0.41304866676951       -2.32252397014973        2.93529500940934
N            2.48528142949052       -2.06445749608146        2.54180794983673
H            2.86323325198213       -2.43061969544981        3.40023680343305
C            3.21233661330297       -1.58920428201388        1.48962819005542
C            4.58508385545731       -1.45100644598458        1.33011365418959
H            5.26960988166390       -1.74612751214345        2.11309277655103
C            5.03610057494094       -0.92520948672130        0.14036428187851
H            6.09945101505637       -0.80686731643071       -0.02065926627344
C            4.15250752997528       -0.54884103539590       -0.87418115273247
H            4.56068921251239       -0.15324671567335       -1.79464607261590
C            2.79141011907755       -0.68432769052574       -0.72320230099933
H            2.11611136615347       -0.40211505490676       -1.51825145476419
C            2.30193788434631       -1.20580969414092        0.47496905565419
34
 energy: -56.474733356728 gnorm: 0.005216134539 xtb: 6.7.1-6.fc44.fc44
O           -4.52336872855772        2.14192910452173       -1.01401183738455
C           -3.89909814150946        2.27456599216999       -2.16908372673016
O           -4.14159240625934        3.15349912396777       -2.94694340978822
H           -4.16350394777399        1.38559776032143       -0.47876700687786
C           -2.86147843929235        1.17362015536463       -2.48269627404323
H           -2.45973795142830        1.35236591283551       -3.47807639201902
H           -3.39525575457347        0.21519902185986       -2.46804971666944
N           -1.76629717944050        1.10367888217966       -1.53128576464905
H           -0.86553565786517        1.43607548311027       -1.83344663121149
C           -1.91416001598832        0.59575744041383       -0.29505470730330
O           -3.01383014944099        0.29053719559307        0.15033104766543
C           -0.63277455899684        0.34952149942248        0.47433644757730
H            0.19105827439915        0.94419421469420        0.06069113133304
N           -0.82637176277145        0.74977872961374        1.84983326064584
H           -0.08690944278536        0.36952771465312        2.43203594616500
H           -1.71762903366454        0.39161477526302        2.18234986146882
C           -0.29265570690016       -1.16147516167096        0.29390170539498
H           -0.21837995359231       -1.38638275691931       -0.77259373337271
H           -1.10443075554837       -1.75269232724241        0.72002824971542
C            0.99061132403055       -1.48025270117905        0.97734365258836
C            1.15474438884651       -1.98981608384630        2.23299603285457
H            0.41191561465870       -2.32357348541532        2.93414131867654
N            2.48600167354820       -2.06431198375299        2.54205067946539
H            2.86321452767360       -2.42585194420526        3.40119630601252
C            3.21203130401676       -1.58854230417316        1.48896292004143
C            4.58477206597413       -1.45372088290117        1.32684553392578
H            5.26847830137357       -1.75120675057239        2.10938547566465
C            5.03901937321833       -0.93094157071220        0.13647231774527
H            6.09766385110659       -0.80624163342640       -0.02059795544053
C            4.15197185910320       -0.55479271083262       -0.87589997293094
H            4.55476148180534       -0.15658214568628       -1.79734901546642
C            2.79039925595115       -0.68404469492131       -0.72124281023105
H            2.11565207203369       -0.39468007195058       -1.51425796866923
C            2.30106124273717       -1.20410125246187        0.47684337833395
34
 energy: -56.474772807001 gnorm: 0.004778843475 xtb: 6.7.1-6.fc44.fc44
O           -4.51467714088026        2.13870608320549       -1.00907780526705
C           -3.89605838824543        2.27342422958590       -2.16526257512377
O           -4.13765984625217        3.15738817562570       -2.93843510810710
H           -4.15741105859620        1.37599027152415       -0.47855872664031
C           -2.86071740520666        1.17303422053348       -2.48735503838693
H           -2.45797111613124        1.36203420394255       -3.48193240410298
H           -3.39713288017432        0.21462312255544       -2.48234537812007
N           -1.76694872726472        1.09753451993704       -1.53378585719306
H           -0.86646334138358        1.43354480234776       -1.83109731455209
C           -1.91619983970235        0.59070157667416       -0.29832046526502
O           -3.01334657488992        0.28003983346843        0.14808918846250
C           -0.63570612499361        0.35116878555803        0.47491086093210
H            0.18639412306098        0.94884672566256        0.06457997045307
N           -0.83394639621026        0.75107493779760        1.85008088353314
H           -0.09494969814957        0.37290072251724        2.43394939280511
H           -1.72465087009399        0.39199508638154        2.18157541886254
C           -0.29048399050008       -1.15854230766922        0.29504894613503
H           -0.21441307995212       -1.38473440945257       -0.77116865039095
H           -1.10617252698524       -1.74669205852629        0.72014206679086
C            0.99157715049704       -1.47273358540981        0.98160630957521
C            1.15502691391458       -1.98578918645206        2.23614628856039
H            0.41149030381713       -2.32329290300465        2.93366300880860
N            2.48733151260142       -2.06293930252766        2.54334060214944
H            2.86546752309571       -2.42066333334949        3.40234140195599
C            3.21306294828128       -1.58748348274613        1.49006051909175
C            4.58576549089230       -1.45619351144263        1.32567030579551
H            5.26964731222161       -1.75608443585877        2.10658408213158
C            5.04028971043798       -0.93397492928246        0.13437375559928
H            6.10341447549198       -0.82169827032550       -0.03030213227238
C            4.15078972232828       -0.55469374708859       -0.87577928544753
H            4.54823868402523       -0.15681137650595       -1.79828994901880
C            2.79011615337611       -0.68274086505265       -0.71931099629122
H            2.11546901387940       -0.38878238144907       -1.51024827735204
C            2.30117499177877       -1.20090466705887        0.47949530437606
34
 energy: -56.474799311738 gnorm: 0.003846707290 xtb: 6.7.1-6.fc44.fc44
O           -4.50978926881371        2.13885426300016       -1.00442395905704
C           -3.89600653770347        2.27450655890951       -2.16282609798818
O           -4.13849187200936        3.15898032588905       -2.93443904117241
H           -4.15251252812025        1.37222984047403       -0.47762865377868
C           -2.86236359965431        1.17385200222256       -2.48931281940426
H           -2.45551203867158        1.36301246917923       -3.48196863052508
H           -3.39599472141919        0.21543245691490       -2.48792454183288
N           -1.76822654190690        1.09531849231760       -1.53666741404855
H           -0.86735705297534        1.43345523214485       -1.83113517609867
C           -1.91797164409930        0.58867831493695       -0.30148740280494
O           -3.01422368574169        0.27463164700556        0.14510123987772
C           -0.63823484612603        0.35242630563314        0.47426351350006
H            0.18328164552754        0.95198619346228        0.06574839487470
N           -0.84020833649530        0.75239523604690        1.84871289989918
H           -0.10182250414619        0.37547161679251        2.43398725968701
H           -1.73073601300710        0.39289049124699        2.17914801522131
C           -0.29069923704766       -1.15758727420065        0.29678819446342
H           -0.21307128489551       -1.38382968652827       -0.76931002104901
H           -1.10630083603830       -1.74818038030436        0.72024267320551
C            0.99244508683869       -1.46869494840462        0.98357947265793
C            1.15612292507423       -1.98390278629610        2.23778382145615
H            0.41252590788444       -2.32296188126144        2.93385444551583
N            2.48867735769919       -2.06234261706685        2.54378190964642
H            2.86804161202386       -2.41756424063226        3.40395376263099
C            3.21507024243202       -1.58912138335280        1.48983098258626
C            4.58893037227517       -1.46121439986830        1.32502286838971
H            5.27366236134650       -1.75935585814315        2.10503785574735
C            5.04118144807230       -0.94096200793709        0.13186382654749
H            6.10190310280045       -0.82422977934076       -0.03043023585594
C            4.15231161200429       -0.55724057687852       -0.87677146636672
H            4.54752004766483       -0.15890788248856       -1.79920430260769
C            2.79069891746414       -0.67901042384556       -0.71795223106041
H            2.11530667112488       -0.38263414943840       -1.50721227611076
C            2.30219026272674       -1.19812862607383        0.48038147634101
34
 energy: -56.474814785919 gnorm: 0.002526516531 xtb: 6.7.1-6.fc44.fc44
O           -4.50711622169146        2.13922432591752       -1.00210920397141
C           -3.89649762827236        2.27606072039967       -2.16213080346639
O           -4.13979425050249        3.16016437494083       -2.93334132256929
H           -4.14900957984625        1.37253356364947       -0.47697071056092
C           -2.86352922949319        1.17502983737902       -2.49016646939559
H           -2.45921865578110        1.36392857781804       -3.48404153723306
H           -3.39867122707646        0.21694836655110       -2.49191076852908
N           -1.76908055422397        1.09476683419349       -1.53810838049916
H           -0.86777808288226        1.43415539289732       -1.83070036420029
C           -1.91922730598104        0.58756436114047       -0.30330398615676
O           -3.01598099245291        0.27206296836360        0.14242543568058
C           -0.64016073068480        0.35213975632290        0.47405185220634
H            0.18144934426363        0.95326049530031        0.06637023062061
N           -0.84544393959231        0.75328787550597        1.84753395499364
H           -0.10764731973986        0.37751284037521        2.43428993917830
H           -1.73635735797027        0.39257560061743        2.17607344733641
C           -0.28982068392639       -1.15715620681928        0.29809604583894
H           -0.21129768996496       -1.38362961467421       -0.76760843069223
H           -1.10263674166496       -1.75066339302189        0.72202847700397
C            0.99398076460801       -1.46783720452933        0.98455054766762
C            1.15784920492085       -1.98317978709472        2.23895077687750
H            0.41397983365157       -2.32248462245145        2.93471834037323
N            2.48959787754922       -2.06141419471395        2.54523801122218
H            2.86987145805961       -2.41701939395051        3.40548093032680
C            3.21663262912384       -1.58898763795189        1.49115636805536
C            4.58980282749074       -1.46313257304884        1.32430285866157
H            5.27567206527328       -1.76331178050799        2.10289597460639
C            5.04156732114328       -0.94286381240756        0.13113246039761
H            6.10263672740661       -0.82986957745160       -0.03226225417208
C            4.15426453647029       -0.55711123208253       -0.87716058134868
H            4.54935234517019       -0.15811209802638       -1.79919190325283
C            2.79248800614227       -0.67762644829247       -0.71674597563886
H            2.11573045091741       -0.38096166738432       -1.50486665409720
C            2.30473982364437       -1.19760210284877        0.48171203722357
34
 energy: -56.474827641274 gnorm: 0.002244167400 xtb: 6.7.1-6.fc44.fc44
O           -4.50378061522956        2.14113990865974       -0.99911199155506
C           -3.89747774816839        2.27876470514103       -2.16150035249475
O           -4.14081681238739        3.16437866740937       -2.93125425847580
H           -4.14639443699038        1.37084059040741       -0.47792012240779
C           -2.86605443223690        1.17657064069182       -2.49206928959896
H           -2.46170981586945        1.36560280254689       -3.48508121204919
H           -3.40270891822605        0.21946642465075       -2.49282707275678
N           -1.77142853261859        1.09315546563364       -1.54076504268437
H           -0.86980050171885        1.43393851708538       -1.83160871520915
C           -1.92115383591314        0.58444304404469       -0.30631504362145
O           -3.01868606661535        0.26742670228855        0.13818548697114
C           -0.64284965120025        0.35101577348697        0.47336714439008
H            0.17888514199162        0.95371289133458        0.06662308994680
N           -0.85294722732492        0.75448158457781        1.84539261575186
H           -0.11616378511615        0.38055676528399        2.43467037905896
H           -1.74437468965787        0.39199684342592        2.17096960063591
C           -0.28783106320751       -1.15678271162279        0.29976451266610
H           -0.20811274649002       -1.38435905839379       -0.76512919170286
H           -1.10035047351555       -1.75021079643144        0.72499850060380
C            0.99633343791368       -1.46528113473601        0.98652876421886
C            1.16038983887565       -1.98026462520770        2.24094517777644
H            0.41626512301513       -2.31916264941507        2.93686125066487
N            2.49167152847525       -2.06102106053051        2.54663284796737
H            2.87263606400359       -2.41940512487010        3.40541331984005
C            3.21932894194080       -1.58962337023364        1.49227688830059
C            4.59235987835410       -1.46606400459299        1.32330125878922
H            5.27913186417900       -1.76843311165807        2.10037693616757
C            5.04406055802844       -0.94548961899137        0.13027974387516
H            6.10528868973560       -0.83602840543498       -0.03409765710184
C            4.15648637194930       -0.55755546227902       -0.87676866694739
H            4.55145685174465       -0.15619892159533       -1.79804918235795
C            2.79482772669290       -0.67710531304543       -0.71534512131622
H            2.11643767286095       -0.37905431984100       -1.50178264115323
C            2.30742868681385       -1.19719909367461        0.48342638629480
34
 energy: -56.474834393408 gnorm: 0.001720606226 xtb: 6.7.1-6.fc44.fc44
O           -4.50166190755389        2.14222088493532       -0.99727900354400
C           -3.89833630327655        2.28091663491137       -2.16067951204227
O           -4.14102739829654        3.16769153608792       -2.92928171322354
H           -4.14535435328196        1.37005589308807       -0.47819729637592
C           -2.86809544070408        1.17765842006214       -2.49322318096324
H           -2.46302933698867        1.36849616010386       -3.48630771146330
H           -3.40579304580843        0.22077285546470       -2.49527058101771
N           -1.77325169946688        1.09211989144603       -1.54236070992486
H           -0.87185948014275        1.43445530894546       -1.83234824584748
C           -1.92243651684176        0.58166604125736       -0.30866709507707
O           -3.02045996875794        0.26345085778974        0.13448470654456
C           -0.64455092065908        0.35068156924896        0.47251491295125
H            0.17690239965374        0.95392448906129        0.06615560345361
N           -0.85832504236039        0.75545479596569        1.84348220685122
H           -0.12261058301069        0.38278068330190        2.43492788390708
H           -1.74998284441729        0.39201706976727        2.16693701756814
C           -0.28695438465458       -1.15683661615702        0.30150596364746
H           -0.20620935216926       -1.38532927139478       -0.76292118390440
H           -1.09713363944003       -1.75275515486990        0.72694271961414
C            0.99771857188462       -1.46288834459947        0.98875034767238
C            1.16240581988560       -1.97740894563160        2.24302949516925
H            0.41852209214908       -2.31528588491709        2.93975273512845
N            2.49380253562053       -2.06075181764984        2.54742050007833
H            2.87508072063760       -2.42176213980522        3.40481188799647
C            3.22137675948366       -1.59010271057785        1.49267661537444
C            4.59448017644194       -1.46885307985061        1.32283508129658
H            5.28148614896965       -1.77251954744935        2.09898997120937
C            5.04610571922197       -0.94812347553863        0.12976132919382
H            6.10770595803490       -0.84047811184516       -0.03622530914306
C            4.15751695054049       -0.55803386308622       -0.87606948970161
H            4.55257638075429       -0.15538786170550       -1.79690336189238
C            2.79609777089589       -0.67603617494805       -0.71395402277023
H            2.11710623169085       -0.37719466044788       -1.49958319749359
C            2.30853500605421       -1.19636288684824        0.48468097921486
34
 energy: -56.474839677859 gnorm: 0.001295913028 xtb: 6.7.1-6.fc44.fc44
O           -4.49816182436544        2.14548348138211       -0.99463864664170
C           -3.89833637187503        2.28392631393454       -2.15960617011772
O           -4.13946080281838        3.17222993049634       -2.92663166843202
H           -4.14490917909419        1.36997953873801       -0.47832096663800
C           -2.87042797885631        1.17853395296801       -2.49477479817881
H           -2.46691334151175        1.36958304570470       -3.48831916116482
H           -3.40939425367558        0.22325533803044       -2.49540520918215
N           -1.77521284145017        1.09071087863042       -1.54416660110508
H           -0.87467945915629        1.43514758424350       -1.83405847380027
C           -1.92417876506144        0.57771839209271       -0.31158726634936
O           -3.02252373298661        0.25775712055014        0.12933099657667
C           -0.64686654965744        0.34936749063010        0.47128786524509
H            0.17355669074675        0.95312169143078        0.06499793499881
N           -0.86471322547125        0.75526174204243        1.84121082938690
H           -0.13029522234304        0.38440470588189        2.43547672650293
H           -1.75653992356240        0.39120406193456        2.16278043788488
C           -0.28508403416101       -1.15748118272575        0.30282700277114
H           -0.20316518539651       -1.38718345251880       -0.76142643282051
H           -1.09638309787865       -1.75300234352100        0.72787304496878
C            0.99963781594426       -1.46108978644482        0.99147659698217
C            1.16501136244645       -1.97506975619045        2.24556772658375
H            0.42151753768270       -2.31081698507507        2.94383656200177
N            2.49655021601161       -2.06001544067855        2.54867658182085
H            2.87782500656716       -2.42287649921136        3.40547700525527
C            3.22336384283499       -1.59004938304979        1.49328743500802
C            4.59692884112027       -1.47146628007134        1.32226977720762
H            5.28392889352198       -1.77770194066537        2.09733017932293
C            5.04857750918735       -0.95100210793569        0.12901116104582
H            6.11009834059321       -0.84419830813227       -0.03857759380342
C            4.15916494391863       -0.55806907632451       -0.87549516862131
H            4.55472731721013       -0.15532227596940       -1.79610140898944
C            2.79773550939746       -0.67405375083009       -0.71205077509391
H            2.11869325921747       -0.37462706443229       -1.49728301260927
C            2.31027572700939       -1.19540709079944        0.48611383247117
34
 energy: -56.474843455530 gnorm: 0.001162903232 xtb: 6.7.1-6.fc44.fc44
O           -4.49566293720456        2.14893059421809       -0.99219479943457
C           -3.89693089877052        2.28578913044555       -2.15797167416124
O           -4.13606507149879        3.17613127753333       -2.92362216390277
H           -4.14557487947714        1.37039994081456       -0.47812480463268
C           -2.87182881161670        1.17813380459605       -2.49515571650268
H           -2.46763070643479        1.36835603244139       -3.48830400450958
H           -3.41317026833102        0.22336797919410       -2.49632144613023
N           -1.77574012024807        1.08954605148935       -1.54548365444934
H           -0.87625795500351        1.43577171966779       -1.83622769083030
C           -1.92471046335866        0.57538100794325       -0.31322740747533
O           -3.02284616085531        0.25381905132538        0.12633762754744
C           -0.64761532973862        0.34848768629937        0.47031999596765
H            0.17165213033082        0.95321737647966        0.06372536198991
N           -0.86698477827508        0.75431667085041        1.84006390179247
H           -0.13295588112936        0.38472355213377        2.43562204497870
H           -1.75890506974564        0.38959144136572        2.16122058872052
C           -0.28449016765850       -1.15813819076084        0.30308467803645
H           -0.20179661521666       -1.38896450177840       -0.76124820181930
H           -1.09409304591275       -1.75511879712316        0.72814015114290
C            0.99992547863377       -1.46004488039413        0.99274362031104
C            1.16586822026988       -1.97385310001370        2.24687517925178
H            0.42279185838323       -2.30769194372147        2.94662654612123
N            2.49782749307282       -2.05878206551706        2.54930232160405
H            2.87882628781333       -2.42137308831904        3.40618666287643
C            3.22377071243812       -1.58976373016674        1.49296030917909
C            4.59748371662603       -1.47229869373768        1.32183801057802
H            5.28409048634327       -1.77977839296454        2.09670960120147
C            5.04881499731964       -0.95123572170565        0.12901346514518
H            6.11004760005636       -0.84499628292444       -0.03825896075133
C            4.15929371622409       -0.55770966389729       -0.87515913973494
H            4.55576256592235       -0.15560544279188       -1.79569430219834
C            2.79780595786757       -0.67399188788583       -0.71224278674359
H            2.11928183792408       -0.37371864188135       -1.49757015368405
C            2.31036312533863       -1.19464574709985        0.48642518300267
34
 energy: -56.474845512300 gnorm: 0.000777613124 xtb: 6.7.1-6.fc44.fc44
O           -4.49460985186972        2.15050897505922       -0.99146008829098
C           -3.89531795393755        2.28674719290979       -2.15692845162167
O           -4.13341834153628        3.17710250547771       -2.92252569477337
H           -4.14542142025521        1.37352971649444       -0.47675681806676
C           -2.87226253066849        1.17770305548977       -2.49464331311527
H           -2.46984177390272        1.36673914451333       -3.48902686486566
H           -3.41271432398896        0.22296183385941       -2.49458035238753
N           -1.77537048343568        1.08889520331247       -1.54602748545426
H           -0.87656858560377        1.43621620725692       -1.83700523055781
C           -1.92477666600743        0.57439674826578       -0.31389358037441
O           -3.02276835483080        0.25194217698379        0.12495474129135
C           -0.64777806643261        0.34749740705744        0.46985226154406
H            0.17097654784483        0.95306816464238        0.06303599765686
N           -0.86696885147446        0.75291242042418        1.83975519674279
H           -0.13276878920122        0.38391763619507        2.43538035724799
H           -1.75873164377784        0.38780492583281        2.16128041915597
C           -0.28470894045252       -1.15898703709600        0.30273291299668
H           -0.20192650180107       -1.39026177825769       -0.76162175103768
H           -1.09491477861412       -1.75566859701226        0.72756801319936
C            0.99989857144167       -1.46025875017207        0.99239989161990
C            1.16583298316371       -1.97437493556413        2.24649871467389
H            0.42288720418591       -2.30708574783083        2.94708592026051
N            2.49791946563010       -2.05780856207435        2.54962359350774
H            2.87875008443462       -2.41913503566385        3.40699007370753
C            3.22360920845732       -1.58944398512575        1.49286571623136
C            4.59703242680814       -1.47114961164584        1.32216976608056
H            5.28318653621039       -1.77831378500100        2.09744136296774
C            5.04835903647675       -0.95055384748875        0.12918967146788
H            6.10958985642491       -0.84411533082316       -0.03778308175645
C            4.15908807464871       -0.55780272700524       -0.87527222214490
H            4.55634793609678       -0.15666971667637       -1.79593852685438
C            2.79769594693019       -0.67415170398871       -0.71273611585181
H            2.11958205939478       -0.37330315249908       -1.49825793003790
C            2.31045894372997       -1.19460646573471        0.48602123932541
